01-09 03:41:49.973   641 24047 E MtkV4L2Device: [0xecb26f5c] [dequeueFrameBuffer] ioctl failed. error = Broken pipe
01-09 03:41:49.978   641 24047 E MtkV4L2Device: [0xecb26f5c] [dequeueFrameBuffer] ioctl failed. error = Broken pipe
01-09 03:41:49.978   641 24047 E MtkV4L2Device: [0xecb26f5c] [dequeueFrameBuffer] ioctl failed. error = Broken pipe
01-09 03:41:50.000   641 24047 E MtkV4L2Device: [0xecb26f5c] [dequeueFrameBuffer] ioctl failed. error = Broken pipe
01-09 03:41:50.033   641 24047 E MtkV4L2Device: [0xecb26f5c] [dequeueFrameBuffer] ioctl failed. error = Broken pipe
01-09 03:41:50.165   641 24047 E MtkV4L2Device: [0xecb26f5c] [dequeueFrameBuffer] ioctl failed. error = Broken pipe
01-09 03:41:50.199   641 24047 E MtkV4L2Device: [0xecb26f5c] [dequeueFrameBuffer] ioctl failed. error = Broken pipe
01-09 03:41:50.566   641 24047 E MtkV4L2Device: [0xecb26f5c] [dequeueFrameBuffer] ioctl failed. error = Broken pipe
01-09 03:41:50.599   641 24047 E MtkV4L2Device: [0xecb26f5c] [dequeueFrameBuffer] ioctl failed. error = Broken pipe
01-09 03:41:51.166   641 24047 E MtkV4L2Device: [0xecb26f5c] [dequeueFrameBuffer] ioctl failed. error = Broken pipe
01-09 03:41:51.199   641 24047 E MtkV4L2Device: [0xecb26f5c] [dequeueFrameBuffer] ioctl failed. error = Broken pipe
01-09 03:41:51.467   641 24047 E MtkV4L2Device: [0xecb26f5c] [dequeueFrameBuffer] ioctl failed. error = Broken pipe
01-09 03:41:51.500   641 24047 E MtkV4L2Device: [0xecb26f5c] [dequeueFrameBuffer] ioctl failed. error = Broken pipe
01-09 03:41:52.734   641 24047 E MtkV4L2Device: [0xecb26f5c] [dequeueFrameBuffer] ioctl failed. error = Broken pipe
01-09 03:41:52.767   641 24047 E MtkV4L2Device: [0xecb26f5c] [dequeueFrameBuffer] ioctl failed. error = Broken pipe
01-09 03:41:52.834   641 24047 E MtkV4L2Device: [0xecb26f5c] [dequeueFrameBuffer] ioctl failed. error = Broken pipe
01-09 03:41:52.868   641 24047 E MtkV4L2Device: [0xecb26f5c] [dequeueFrameBuffer] ioctl failed. error = Broken pipe
01-09 03:41:53.033   641 24047 E MtkV4L2Device: [0xecb26f5c] [dequeueFrameBuffer] ioctl failed. error = Broken pipe
01-09 03:41:53.066   641 24047 E MtkV4L2Device: [0xecb26f5c] [dequeueFrameBuffer] ioctl failed. error = Broken pipe
01-09 03:41:53.901   641 24047 E MtkV4L2Device: [0xecb26f5c] [dequeueFrameBuffer] ioctl failed. error = Broken pipe
01-09 03:41:53.935   641 24047 E MtkV4L2Device: [0xecb26f5c] [dequeueFrameBuffer] ioctl failed. error = Broken pipe
01-09 03:41:54.965   641 24047 E MtkV4L2Device: [0xecb26f5c] [dequeueFrameBuffer] ioctl failed. error = Broken pipe
01-09 03:41:54.999   641 24047 E MtkV4L2Device: [0xecb26f5c] [dequeueFrameBuffer] ioctl failed. error = Broken pipe
01-09 03:41:55.333   641 24047 E MtkV4L2Device: [0xecb26f5c] [dequeueFrameBuffer] ioctl failed. error = Broken pipe
01-09 03:41:55.366   641 24047 E MtkV4L2Device: [0xecb26f5c] [dequeueFrameBuffer] ioctl failed. error = Broken pipe
01-09 03:41:56.033   641 24047 E MtkV4L2Device: [0xecb26f5c] [dequeueFrameBuffer] ioctl failed. error = Broken pipe
01-09 03:41:56.066   641 24047 E MtkV4L2Device: [0xecb26f5c] [dequeueFrameBuffer] ioctl failed. error = Broken pipe
01-09 03:41:56.569   641 24047 E MtkV4L2Device: [0xecb26f5c] [dequeueFrameBuffer] ioctl failed. error = Broken pipe
01-09 03:41:56.602   641 24047 E MtkV4L2Device: [0xecb26f5c] [dequeueFrameBuffer] ioctl failed. error = Broken pipe
01-09 03:41:56.703   641 24047 E MtkV4L2Device: [0xecb26f5c] [dequeueFrameBuffer] ioctl failed. error = Broken pipe
01-09 03:41:56.736   641 24047 E MtkV4L2Device: [0xecb26f5c] [dequeueFrameBuffer] ioctl failed. error = Broken pipe
01-09 03:41:56.769   641 24047 E MtkV4L2Device: [0xecb26f5c] [dequeueFrameBuffer] ioctl failed. error = Broken pipe
01-09 03:41:56.803   641 24047 E MtkV4L2Device: [0xecb26f5c] [dequeueFrameBuffer] ioctl failed. error = Broken pipe
01-09 03:41:57.934   641 24047 E MtkV4L2Device: [0xecb26f5c] [dequeueFrameBuffer] ioctl failed. error = Broken pipe
01-09 03:41:57.967   641 24047 E MtkV4L2Device: [0xecb26f5c] [dequeueFrameBuffer] ioctl failed. error = Broken pipe
01-09 03:41:58.033   641 24047 E MtkV4L2Device: [0xecb26f5c] [dequeueFrameBuffer] ioctl failed. error = Broken pipe
01-09 03:41:58.066   641 24047 E MtkV4L2Device: [0xecb26f5c] [dequeueFrameBuffer] ioctl failed. error = Broken pipe
01-09 03:41:58.466   641 24047 E MtkV4L2Device: [0xecb26f5c] [dequeueFrameBuffer] ioctl failed. error = Broken pipe
01-09 03:41:58.499   641 24047 E MtkV4L2Device: [0xecb26f5c] [dequeueFrameBuffer] ioctl failed. error = Broken pipe
01-09 03:41:59.000   641 24047 E MtkV4L2Device: [0xecb26f5c] [dequeueFrameBuffer] ioctl failed. error = Broken pipe
01-09 03:41:59.033   641 24047 E MtkV4L2Device: [0xecb26f5c] [dequeueFrameBuffer] ioctl failed. error = Broken pipe
01-09 03:41:59.999   641 24047 E MtkV4L2Device: [0xecb26f5c] [dequeueFrameBuffer] ioctl failed. error = Broken pipe
01-09 03:42:00.033   641 24047 E MtkV4L2Device: [0xecb26f5c] [dequeueFrameBuffer] ioctl failed. error = Broken pipe
01-09 03:42:00.066   641 24047 E MtkV4L2Device: [0xecb26f5c] [dequeueFrameBuffer] ioctl failed. error = Broken pipe
01-09 03:42:00.565   641 24047 E MtkV4L2Device: [0xecb26f5c] [dequeueFrameBuffer] ioctl failed. error = Broken pipe
01-09 03:42:00.599   641 24047 E MtkV4L2Device: [0xecb26f5c] [dequeueFrameBuffer] ioctl failed. error = Broken pipe
01-09 03:42:01.166   641 24047 E MtkV4L2Device: [0xecb26f5c] [dequeueFrameBuffer] ioctl failed. error = Broken pipe
01-09 03:42:01.199   641 24047 E MtkV4L2Device: [0xecb26f5c] [dequeueFrameBuffer] ioctl failed. error = Broken pipe
01-09 03:42:01.973   641 24047 E MtkV4L2Device: [0xecb26f5c] [dequeueFrameBuffer] ioctl failed. error = Broken pipe
01-09 03:42:01.975   641 24047 E MtkV4L2Device: [0xecb26f5c] [dequeueFrameBuffer] ioctl failed. error = Broken pipe
01-09 03:42:01.980   641 24047 E MtkV4L2Device: [0xecb26f5c] [dequeueFrameBuffer] ioctl failed. error = Broken pipe
01-09 03:42:01.980   641 24047 E MtkV4L2Device: [0xecb26f5c] [dequeueFrameBuffer] ioctl failed. error = Broken pipe
01-09 03:42:01.980   641 24047 E MtkV4L2Device: [0xecb26f5c] [dequeueFrameBuffer] ioctl failed. error = Broken pipe
01-09 03:42:01.981   641 24047 E MtkV4L2Device: [0xecb26f5c] [dequeueFrameBuffer] ioctl failed. error = Broken pipe
01-09 03:42:01.983   641 24047 E MtkV4L2Device: [0xecb26f5c] [dequeueFrameBuffer] ioctl failed. error = Broken pipe
01-09 03:42:01.985   641 24047 E MtkV4L2Device: [0xecb26f5c] [dequeueFrameBuffer] ioctl failed. error = Broken pipe
01-09 03:42:01.986   641 24047 E MtkV4L2Device: [0xecb26f5c] [dequeueFrameBuffer] ioctl failed. error = Broken pipe
01-09 03:42:01.986   641 24047 E MtkV4L2Device: [0xecb26f5c] [dequeueFrameBuffer] ioctl failed. error = Broken pipe
01-09 03:42:01.989   641 24047 E MtkV4L2Device: [0xecb26f5c] [dequeueFrameBuffer] ioctl failed. error = Broken pipe
01-09 03:42:01.989   641 24047 E MtkV4L2Device: [0xecb26f5c] [dequeueFrameBuffer] ioctl failed. error = Broken pipe
01-09 03:42:02.400   641 24047 E MtkV4L2Device: [0xecb26f5c] [dequeueFrameBuffer] ioctl failed. error = Broken pipe
01-09 03:42:02.434   641 24047 E MtkV4L2Device: [0xecb26f5c] [dequeueFrameBuffer] ioctl failed. error = Broken pipe
01-09 03:42:02.768   641 24047 E MtkV4L2Device: [0xecb26f5c] [dequeueFrameBuffer] ioctl failed. error = Broken pipe
01-09 03:42:02.801   641 24047 E MtkV4L2Device: [0xecb26f5c] [dequeueFrameBuffer] ioctl failed. error = Broken pipe
01-09 03:42:03.133   641 24047 E MtkV4L2Device: [0xecb26f5c] [dequeueFrameBuffer] ioctl failed. error = Broken pipe
01-09 03:42:03.166   641 24047 E MtkV4L2Device: [0xecb26f5c] [dequeueFrameBuffer] ioctl failed. error = Broken pipe
01-09 03:42:03.399   641 24047 E MtkV4L2Device: [0xecb26f5c] [dequeueFrameBuffer] ioctl failed. error = Broken pipe
01-09 03:42:03.433   641 24047 E MtkV4L2Device: [0xecb26f5c] [dequeueFrameBuffer] ioctl failed. error = Broken pipe
01-09 03:42:03.567   641 24047 E MtkV4L2Device: [0xecb26f5c] [dequeueFrameBuffer] ioctl failed. error = Broken pipe
01-09 03:42:03.600   641 24047 E MtkV4L2Device: [0xecb26f5c] [dequeueFrameBuffer] ioctl failed. error = Broken pipe
01-09 03:42:04.133   641 24047 E MtkV4L2Device: [0xecb26f5c] [dequeueFrameBuffer] ioctl failed. error = Broken pipe
01-09 03:42:04.166   641 24047 E MtkV4L2Device: [0xecb26f5c] [dequeueFrameBuffer] ioctl failed. error = Broken pipe
01-09 03:42:04.400   641 24047 E MtkV4L2Device: [0xecb26f5c] [dequeueFrameBuffer] ioctl failed. error = Broken pipe
01-09 03:42:04.433   641 24047 E MtkV4L2Device: [0xecb26f5c] [dequeueFrameBuffer] ioctl failed. error = Broken pipe
01-09 03:42:04.533   641 24047 E MtkV4L2Device: [0xecb26f5c] [dequeueFrameBuffer] ioctl failed. error = Broken pipe
01-09 03:42:04.566   641 24047 E MtkV4L2Device: [0xecb26f5c] [dequeueFrameBuffer] ioctl failed. error = Broken pipe
01-09 03:42:04.733   641 24047 E MtkV4L2Device: [0xecb26f5c] [dequeueFrameBuffer] ioctl failed. error = Broken pipe
01-09 03:42:04.766   641 24047 E MtkV4L2Device: [0xecb26f5c] [dequeueFrameBuffer] ioctl failed. error = Broken pipe
01-09 03:42:05.400   641 24047 E MtkV4L2Device: [0xecb26f5c] [dequeueFrameBuffer] ioctl failed. error = Broken pipe
01-09 03:42:05.433   641 24047 E MtkV4L2Device: [0xecb26f5c] [dequeueFrameBuffer] ioctl failed. error = Broken pipe
01-09 03:42:05.467   641 24047 E MtkV4L2Device: [0xecb26f5c] [dequeueFrameBuffer] ioctl failed. error = Broken pipe
01-09 03:42:05.500   641 24047 E MtkV4L2Device: [0xecb26f5c] [dequeueFrameBuffer] ioctl failed. error = Broken pipe
01-09 03:42:05.733   641 24047 E MtkV4L2Device: [0xecb26f5c] [dequeueFrameBuffer] ioctl failed. error = Broken pipe
01-09 03:42:05.767   641 24047 E MtkV4L2Device: [0xecb26f5c] [dequeueFrameBuffer] ioctl failed. error = Broken pipe
01-09 03:42:06.066   641 24047 E MtkV4L2Device: [0xecb26f5c] [dequeueFrameBuffer] ioctl failed. error = Broken pipe
01-09 03:42:06.099   641 24047 E MtkV4L2Device: [0xecb26f5c] [dequeueFrameBuffer] ioctl failed. error = Broken pipe
01-09 03:42:06.432   641 24047 E MtkV4L2Device: [0xecb26f5c] [dequeueFrameBuffer] ioctl failed. error = Broken pipe
01-09 03:42:06.466   641 24047 E MtkV4L2Device: [0xecb26f5c] [dequeueFrameBuffer] ioctl failed. error = Broken pipe
01-09 03:42:06.698   641 24047 E MtkV4L2Device: [0xecb26f5c] [dequeueFrameBuffer] ioctl failed. error = Broken pipe
01-09 03:42:06.732   641 24047 E MtkV4L2Device: [0xecb26f5c] [dequeueFrameBuffer] ioctl failed. error = Broken pipe
01-09 03:42:06.765   641 24047 E MtkV4L2Device: [0xecb26f5c] [dequeueFrameBuffer] ioctl failed. error = Broken pipe
01-09 03:42:06.932   641 24047 E MtkV4L2Device: [0xecb26f5c] [dequeueFrameBuffer] ioctl failed. error = Broken pipe
01-09 03:42:06.942 26309 26552 E msys    : E[N WA]WCCXMPPStreamDisconnectImmediately(756)=>[WARNING] xmpp/disconnect/immediate in state=2 reason=xmpp/idle/timeout
01-09 03:42:06.944 26309 26552 E msys    : E[N WA]_WCCXMPPStreamDisconnectHandler(322)=>xmpp/disconnect - WCIStreamStateErrorCode: 1, domain: WCIStreamState, subdomain: happyeyeballs: Error Domain=WCIStreamState Code=1 UserInfo=0x75c383b0c0 {MCFErrorDirectUnderlyingErrorKey=0x7655221780 "Error Domain=happyeyeballs Code=1"}
01-09 03:42:06.944 26309 26552 E msys    : E[N WA]_WCCConnectionDefaultLifecycleEventHandler(2067)=>[INFO] connection/xmpp/lifecycle_event/not-connected, [190.6581s]
01-09 03:42:06.944 26309 26552 E msys    : E[N WA]_WCCXMPPStreamDoDisconnect(1136)=>xmpp/disconnect - flags: 0
01-09 03:42:06.944 26309 26552 E msys    : E[N WA]_WCCConnectionDefaultEmitStateChange(3039)=>[INFO] connection/new_state/not-connected [connection_id=741776058, wcc_source=1, wcc_reason=0]
01-09 03:42:06.947 26309 26552 E msys    : E[N WA]_WCCConnectionDefaultDisconnectHandler(2190)=>[INFO] connection/disconnected/[did-connect, did-read-bytes]
01-09 03:42:06.948 26309 26552 E msys    : E[N WA]_WCCConnectionDefaultEmitStateChange(3039)=>[INFO] connection/new_state/connecting [connection_id=741776059, wcc_source=1, wcc_reason=0]
01-09 03:42:06.954 26309 26577 E msys    : E[C mem.context]_NetworkStateChangedCallbackOnExecutionContext(7773)=>[INFO]skip the network state change source=4
01-09 03:42:06.965   641 24047 E MtkV4L2Device: [0xecb26f5c] [dequeueFrameBuffer] ioctl failed. error = Broken pipe
01-09 03:42:06.970 26309 26552 E msys    : E[N WA]_WCCConnectionDefaultDoConnectWithAuthKeys(1491)=>[INFO] connection/connect/start/[host=chat-e2ee.facebook.com port=5222]/[102.132.101.2:5222]
01-09 03:42:06.971 26309 26552 E msys    : E[N WA]_WCCConnectionDefaultLifecycleEventHandler(2059)=>[INFO] connection/xmpp/lifecycle_event/will-connect
01-09 03:42:06.998   641 24047 E MtkV4L2Device: [0xecb26f5c] [dequeueFrameBuffer] ioctl failed. error = Broken pipe
01-09 03:42:06.999   641 24047 E MtkV4L2Device: [0xecb26f5c] [dequeueFrameBuffer] ioctl failed. error = Broken pipe
01-09 03:42:07.016   488 28278 E ResolverController: No valid NAT64 prefix (101, <unspecified>/0)
01-09 03:42:07.027 26309 26552 E msys    : E[N WA]_WCCConnectionDefaultLifecycleEventHandler(2067)=>[INFO] connection/xmpp/lifecycle_event/did-connect, [0.0560s]
01-09 03:42:07.032 26309 26552 E msys    : E[N WA]_WCCConnectionDefaultLifecycleEventHandler(2067)=>[INFO] connection/xmpp/lifecycle_event/did-send-initial-payload, [0.0039s]
01-09 03:42:07.033   641 24047 E MtkV4L2Device: [0xecb26f5c] [dequeueFrameBuffer] ioctl failed. error = Broken pipe
01-09 03:42:07.166   641 24047 E MtkV4L2Device: [0xecb26f5c] [dequeueFrameBuffer] ioctl failed. error = Broken pipe
01-09 03:42:07.193 26309 26552 E msys    : E[N WA]_WCCConnectionDefaultLifecycleEventHandler(2067)=>[INFO] connection/xmpp/lifecycle_event/will-handshake, [0.1612s]
01-09 03:42:07.197 26309 26552 E msys    : E[N WA]_WCCConnectionDefaultLifecycleEventHandler(2067)=>[INFO] connection/xmpp/lifecycle_event/did-handshake, [0.0035s]
01-09 03:42:07.199   641 24047 E MtkV4L2Device: [0xecb26f5c] [dequeueFrameBuffer] ioctl failed. error = Broken pipe
01-09 03:42:07.202 26309 26552 E msys    : E[N WA]_WCCConnectionDefaultReceiveHandler(2219)=>[INFO] connection/receive/login-success
01-09 03:42:07.203 26309 26552 E msys    : E[N WA]_WCCConnectionDefaultEmitStateChange(3039)=>[INFO] connection/new_state/connected [connection_id=741776059, wcc_source=1, wcc_reason=0]
01-09 03:42:07.206 26309 26577 E msys    : E[C mem.context]_ScheduleBackgroundDisconnectionTaskIfNeededOnExecutionContext(3632)=>[INFO] background/disconnect_schedule/duration/600
01-09 03:42:07.210 26309 26552 E msys    : E[N WA]_WCCConnectionDefaultReconnectFromWeakRef(1358)=>[INFO] connection/reconnect reconnection aborted, already logged in
01-09 03:42:07.211 26309 26577 E msys    : E[C mem.context]_NetworkStateChangedCallbackOnExecutionContext(7773)=>[INFO]skip the network state change source=4
01-09 03:42:07.232   641 24047 E MtkV4L2Device: [0xecb26f5c] [dequeueFrameBuffer] ioctl failed. error = Broken pipe
01-09 03:42:07.532   641 24047 E MtkV4L2Device: [0xecb26f5c] [dequeueFrameBuffer] ioctl failed. error = Broken pipe
01-09 03:42:07.561 26309 26552 E msys    : E[N WA]_WCCConnectionDefaultReconnectFromWeakRef(1358)=>[INFO] connection/reconnect reconnection aborted, already logged in
01-09 03:42:07.565   641 24047 E MtkV4L2Device: [0xecb26f5c] [dequeueFrameBuffer] ioctl failed. error = Broken pipe
01-09 03:42:07.598   641 24047 E MtkV4L2Device: [0xecb26f5c] [dequeueFrameBuffer] ioctl failed. error = Broken pipe
01-09 03:42:07.632   641 24047 E MtkV4L2Device: [0xecb26f5c] [dequeueFrameBuffer] ioctl failed. error = Broken pipe
01-09 03:42:07.665   641 24047 E MtkV4L2Device: [0xecb26f5c] [dequeueFrameBuffer] ioctl failed. error = Broken pipe
01-09 03:42:07.698   641 24047 E MtkV4L2Device: [0xecb26f5c] [dequeueFrameBuffer] ioctl failed. error = Broken pipe
01-09 03:42:07.798   641 24047 E MtkV4L2Device: [0xecb26f5c] [dequeueFrameBuffer] ioctl failed. error = Broken pipe
01-09 03:42:07.831   641 24047 E MtkV4L2Device: [0xecb26f5c] [dequeueFrameBuffer] ioctl failed. error = Broken pipe
01-09 03:42:08.033   641 24047 E MtkV4L2Device: [0xecb26f5c] [dequeueFrameBuffer] ioctl failed. error = Broken pipe
01-09 03:42:08.066   641 24047 E MtkV4L2Device: [0xecb26f5c] [dequeueFrameBuffer] ioctl failed. error = Broken pipe
01-09 03:42:08.332   641 24047 E MtkV4L2Device: [0xecb26f5c] [dequeueFrameBuffer] ioctl failed. error = Broken pipe
01-09 03:42:08.365   641 24047 E MtkV4L2Device: [0xecb26f5c] [dequeueFrameBuffer] ioctl failed. error = Broken pipe
01-09 03:42:08.465   641 24047 E MtkV4L2Device: [0xecb26f5c] [dequeueFrameBuffer] ioctl failed. error = Broken pipe
01-09 03:42:08.498   641 24047 E MtkV4L2Device: [0xecb26f5c] [dequeueFrameBuffer] ioctl failed. error = Broken pipe
01-09 03:42:08.531   641 24047 E MtkV4L2Device: [0xecb26f5c] [dequeueFrameBuffer] ioctl failed. error = Broken pipe
01-09 03:42:08.964   641 24047 E MtkV4L2Device: [0xecb26f5c] [dequeueFrameBuffer] ioctl failed. error = Broken pipe
01-09 03:42:08.997   641 24047 E MtkV4L2Device: [0xecb26f5c] [dequeueFrameBuffer] ioctl failed. error = Broken pipe
01-09 03:42:09.233   641 24047 E MtkV4L2Device: [0xecb26f5c] [dequeueFrameBuffer] ioctl failed. error = Broken pipe
01-09 03:42:09.266   641 24047 E MtkV4L2Device: [0xecb26f5c] [dequeueFrameBuffer] ioctl failed. error = Broken pipe
01-09 03:42:11.000   641 24047 E MtkV4L2Device: [0xecb26f5c] [dequeueFrameBuffer] ioctl failed. error = Broken pipe
01-09 03:42:11.033   641 24047 E MtkV4L2Device: [0xecb26f5c] [dequeueFrameBuffer] ioctl failed. error = Broken pipe
01-09 03:42:11.200   641 24047 E MtkV4L2Device: [0xecb26f5c] [dequeueFrameBuffer] ioctl failed. error = Broken pipe
01-09 03:42:11.233   641 24047 E MtkV4L2Device: [0xecb26f5c] [dequeueFrameBuffer] ioctl failed. error = Broken pipe
01-09 03:42:12.433   641 24047 E MtkV4L2Device: [0xecb26f5c] [dequeueFrameBuffer] ioctl failed. error = Broken pipe
01-09 03:42:12.466   641 24047 E MtkV4L2Device: [0xecb26f5c] [dequeueFrameBuffer] ioctl failed. error = Broken pipe
01-09 03:42:12.500   641 24047 E MtkV4L2Device: [0xecb26f5c] [dequeueFrameBuffer] ioctl failed. error = Broken pipe
01-09 03:42:13.600   641 24047 E MtkV4L2Device: [0xecb26f5c] [dequeueFrameBuffer] ioctl failed. error = Broken pipe
01-09 03:42:13.633   641 24047 E MtkV4L2Device: [0xecb26f5c] [dequeueFrameBuffer] ioctl failed. error = Broken pipe
01-09 03:42:14.366   641 24047 E MtkV4L2Device: [0xecb26f5c] [dequeueFrameBuffer] ioctl failed. error = Broken pipe
01-09 03:42:14.400   641 24047 E MtkV4L2Device: [0xecb26f5c] [dequeueFrameBuffer] ioctl failed. error = Broken pipe
01-09 03:42:15.434   641 24047 E MtkV4L2Device: [0xecb26f5c] [dequeueFrameBuffer] ioctl failed. error = Broken pipe
01-09 03:42:15.467   641 24047 E MtkV4L2Device: [0xecb26f5c] [dequeueFrameBuffer] ioctl failed. error = Broken pipe
01-09 03:42:15.868   641 24047 E MtkV4L2Device: [0xecb26f5c] [dequeueFrameBuffer] ioctl failed. error = Broken pipe
01-09 03:42:15.901   641 24047 E MtkV4L2Device: [0xecb26f5c] [dequeueFrameBuffer] ioctl failed. error = Broken pipe
01-09 03:42:16.066   641 24047 E MtkV4L2Device: [0xecb26f5c] [dequeueFrameBuffer] ioctl failed. error = Broken pipe
01-09 03:42:16.100   641 24047 E MtkV4L2Device: [0xecb26f5c] [dequeueFrameBuffer] ioctl failed. error = Broken pipe
01-09 03:42:18.033   641 24047 E MtkV4L2Device: [0xecb26f5c] [dequeueFrameBuffer] ioctl failed. error = Broken pipe
01-09 03:42:18.066   641 24047 E MtkV4L2Device: [0xecb26f5c] [dequeueFrameBuffer] ioctl failed. error = Broken pipe
01-09 03:42:18.100   641 24047 E MtkV4L2Device: [0xecb26f5c] [dequeueFrameBuffer] ioctl failed. error = Broken pipe
01-09 03:42:18.977   641 24047 E MtkV4L2Device: [0xecb26f5c] [dequeueFrameBuffer] ioctl failed. error = Broken pipe
01-09 03:42:18.977  1671  1671 E Athena  : ------------------------------------------------------------
01-09 03:42:18.977  1671  1671 E Athena  :
01-09 03:42:18.977  1671  1671 E Athena  : Athena is in DEBUG or TEST mode，should not release this APK
01-09 03:42:18.977  1671  1671 E Athena  :
01-09 03:42:18.977  1671  1671 E Athena  : ------------------------------------------------------------
01-09 03:42:18.977   641 24047 E MtkV4L2Device: [0xecb26f5c] [dequeueFrameBuffer] ioctl failed. error = Broken pipe
01-09 03:42:19.502   641 24047 E MtkV4L2Device: [0xecb26f5c] [dequeueFrameBuffer] ioctl failed. error = Broken pipe
01-09 03:42:19.535   641 24047 E MtkV4L2Device: [0xecb26f5c] [dequeueFrameBuffer] ioctl failed. error = Broken pipe
01-09 03:42:19.937   641 24047 E MtkV4L2Device: [0xecb26f5c] [dequeueFrameBuffer] ioctl failed. error = Broken pipe
01-09 03:42:19.971   641 24047 E MtkV4L2Device: [0xecb26f5c] [dequeueFrameBuffer] ioctl failed. error = Broken pipe
01-09 03:42:21.200   641 24047 E MtkV4L2Device: [0xecb26f5c] [dequeueFrameBuffer] ioctl failed. error = Broken pipe
01-09 03:42:21.234   641 24047 E MtkV4L2Device: [0xecb26f5c] [dequeueFrameBuffer] ioctl failed. error = Broken pipe
01-09 03:42:22.536   641 24047 E MtkV4L2Device: [0xecb26f5c] [dequeueFrameBuffer] ioctl failed. error = Broken pipe
01-09 03:42:22.569   641 24047 E MtkV4L2Device: [0xecb26f5c] [dequeueFrameBuffer] ioctl failed. error = Broken pipe
01-09 03:42:23.033   641 24047 E MtkV4L2Device: [0xecb26f5c] [dequeueFrameBuffer] ioctl failed. error = Broken pipe
01-09 03:42:23.066   641 24047 E MtkV4L2Device: [0xecb26f5c] [dequeueFrameBuffer] ioctl failed. error = Broken pipe
01-09 03:42:23.267   641 24047 E MtkV4L2Device: [0xecb26f5c] [dequeueFrameBuffer] ioctl failed. error = Broken pipe
01-09 03:42:23.300   641 24047 E MtkV4L2Device: [0xecb26f5c] [dequeueFrameBuffer] ioctl failed. error = Broken pipe
01-09 03:42:23.334   641 24047 E MtkV4L2Device: [0xecb26f5c] [dequeueFrameBuffer] ioctl failed. error = Broken pipe
01-09 03:42:23.368   641 24047 E MtkV4L2Device: [0xecb26f5c] [dequeueFrameBuffer] ioctl failed. error = Broken pipe
01-09 03:42:23.401   641 24047 E MtkV4L2Device: [0xecb26f5c] [dequeueFrameBuffer] ioctl failed. error = Broken pipe
01-09 03:42:24.602   641 24047 E MtkV4L2Device: [0xecb26f5c] [dequeueFrameBuffer] ioctl failed. error = Broken pipe
01-09 03:42:24.635   641 24047 E MtkV4L2Device: [0xecb26f5c] [dequeueFrameBuffer] ioctl failed. error = Broken pipe
01-09 03:42:25.166   641 24047 E MtkV4L2Device: [0xecb26f5c] [dequeueFrameBuffer] ioctl failed. error = Broken pipe
01-09 03:42:25.200   641 24047 E MtkV4L2Device: [0xecb26f5c] [dequeueFrameBuffer] ioctl failed. error = Broken pipe
01-09 03:42:26.066   641 24047 E MtkV4L2Device: [0xecb26f5c] [dequeueFrameBuffer] ioctl failed. error = Broken pipe
01-09 03:42:26.100   641 24047 E MtkV4L2Device: [0xecb26f5c] [dequeueFrameBuffer] ioctl failed. error = Broken pipe
01-09 03:42:26.367   641 24047 E MtkV4L2Device: [0xecb26f5c] [dequeueFrameBuffer] ioctl failed. error = Broken pipe
01-09 03:42:26.400   641 24047 E MtkV4L2Device: [0xecb26f5c] [dequeueFrameBuffer] ioctl failed. error = Broken pipe
01-09 03:42:26.766   641 24047 E MtkV4L2Device: [0xecb26f5c] [dequeueFrameBuffer] ioctl failed. error = Broken pipe
01-09 03:42:26.799   641 24047 E MtkV4L2Device: [0xecb26f5c] [dequeueFrameBuffer] ioctl failed. error = Broken pipe
01-09 03:42:26.832   641 24047 E MtkV4L2Device: [0xecb26f5c] [dequeueFrameBuffer] ioctl failed. error = Broken pipe
01-09 03:42:27.867   641 24047 E MtkV4L2Device: [0xecb26f5c] [dequeueFrameBuffer] ioctl failed. error = Broken pipe
01-09 03:42:27.901   641 24047 E MtkV4L2Device: [0xecb26f5c] [dequeueFrameBuffer] ioctl failed. error = Broken pipe
01-09 03:42:28.033   641 24047 E MtkV4L2Device: [0xecb26f5c] [dequeueFrameBuffer] ioctl failed. error = Broken pipe
01-09 03:42:28.066   641 24047 E MtkV4L2Device: [0xecb26f5c] [dequeueFrameBuffer] ioctl failed. error = Broken pipe
01-09 03:42:29.735   641 24047 E MtkV4L2Device: [0xecb26f5c] [dequeueFrameBuffer] ioctl failed. error = Broken pipe
01-09 03:42:29.768   641 24047 E MtkV4L2Device: [0xecb26f5c] [dequeueFrameBuffer] ioctl failed. error = Broken pipe
01-09 03:42:30.535   641 24047 E MtkV4L2Device: [0xecb26f5c] [dequeueFrameBuffer] ioctl failed. error = Broken pipe
01-09 03:42:30.569   641 24047 E MtkV4L2Device: [0xecb26f5c] [dequeueFrameBuffer] ioctl failed. error = Broken pipe
01-09 03:42:31.200   641 24047 E MtkV4L2Device: [0xecb26f5c] [dequeueFrameBuffer] ioctl failed. error = Broken pipe
01-09 03:42:31.234   641 24047 E MtkV4L2Device: [0xecb26f5c] [dequeueFrameBuffer] ioctl failed. error = Broken pipe
01-09 03:42:31.999   641 24047 E MtkV4L2Device: [0xecb26f5c] [dequeueFrameBuffer] ioctl failed. error = Broken pipe
01-09 03:42:32.033   641 24047 E MtkV4L2Device: [0xecb26f5c] [dequeueFrameBuffer] ioctl failed. error = Broken pipe
01-09 03:42:33.033   641 24047 E MtkV4L2Device: [0xecb26f5c] [dequeueFrameBuffer] ioctl failed. error = Broken pipe
01-09 03:42:33.066   641 24047 E MtkV4L2Device: [0xecb26f5c] [dequeueFrameBuffer] ioctl failed. error = Broken pipe
01-09 03:42:33.500   641 24047 E MtkV4L2Device: [0xecb26f5c] [dequeueFrameBuffer] ioctl failed. error = Broken pipe
01-09 03:42:33.534   641 24047 E MtkV4L2Device: [0xecb26f5c] [dequeueFrameBuffer] ioctl failed. error = Broken pipe
01-09 03:42:34.705   641 24047 E MtkV4L2Device: [0xecb26f5c] [dequeueFrameBuffer] ioctl failed. error = Broken pipe
01-09 03:42:34.738   641 24047 E MtkV4L2Device: [0xecb26f5c] [dequeueFrameBuffer] ioctl failed. error = Broken pipe
01-09 03:42:34.839   641 24047 E MtkV4L2Device: [0xecb26f5c] [dequeueFrameBuffer] ioctl failed. error = Broken pipe
01-09 03:42:34.872   641 24047 E MtkV4L2Device: [0xecb26f5c] [dequeueFrameBuffer] ioctl failed. error = Broken pipe
01-09 03:42:36.066   641 24047 E MtkV4L2Device: [0xecb26f5c] [dequeueFrameBuffer] ioctl failed. error = Broken pipe
01-09 03:42:36.100   641 24047 E MtkV4L2Device: [0xecb26f5c] [dequeueFrameBuffer] ioctl failed. error = Broken pipe
01-09 03:42:36.167   641 24047 E MtkV4L2Device: [0xecb26f5c] [dequeueFrameBuffer] ioctl failed. error = Broken pipe
01-09 03:42:36.202   641 24047 E MtkV4L2Device: [0xecb26f5c] [dequeueFrameBuffer] ioctl failed. error = Broken pipe
01-09 03:42:37.502   641 24047 E MtkV4L2Device: [0xecb26f5c] [dequeueFrameBuffer] ioctl failed. error = Broken pipe
01-09 03:42:37.535   641 24047 E MtkV4L2Device: [0xecb26f5c] [dequeueFrameBuffer] ioctl failed. error = Broken pipe
01-09 03:42:37.868   641 24047 E MtkV4L2Device: [0xecb26f5c] [dequeueFrameBuffer] ioctl failed. error = Broken pipe
01-09 03:42:37.902   641 24047 E MtkV4L2Device: [0xecb26f5c] [dequeueFrameBuffer] ioctl failed. error = Broken pipe
01-09 03:42:38.266   641 24047 E MtkV4L2Device: [0xecb26f5c] [dequeueFrameBuffer] ioctl failed. error = Broken pipe
01-09 03:42:38.299   641 24047 E MtkV4L2Device: [0xecb26f5c] [dequeueFrameBuffer] ioctl failed. error = Broken pipe
01-09 03:42:38.499   641 24047 E MtkV4L2Device: [0xecb26f5c] [dequeueFrameBuffer] ioctl failed. error = Broken pipe
01-09 03:42:38.532   641 24047 E MtkV4L2Device: [0xecb26f5c] [dequeueFrameBuffer] ioctl failed. error = Broken pipe
01-09 03:42:38.566   641 24047 E MtkV4L2Device: [0xecb26f5c] [dequeueFrameBuffer] ioctl failed. error = Broken pipe
01-09 03:42:38.766   641 24047 E MtkV4L2Device: [0xecb26f5c] [dequeueFrameBuffer] ioctl failed. error = Broken pipe
01-09 03:42:38.799   641 24047 E MtkV4L2Device: [0xecb26f5c] [dequeueFrameBuffer] ioctl failed. error = Broken pipe
01-09 03:42:39.979   641 24047 E MtkV4L2Device: [0xecb26f5c] [dequeueFrameBuffer] ioctl failed. error = Broken pipe
01-09 03:42:39.979   641 24047 E MtkV4L2Device: [0xecb26f5c] [dequeueFrameBuffer] ioctl failed. error = Broken pipe
01-09 03:42:40.200   641 24047 E MtkV4L2Device: [0xecb26f5c] [dequeueFrameBuffer] ioctl failed. error = Broken pipe
01-09 03:42:40.233   641 24047 E MtkV4L2Device: [0xecb26f5c] [dequeueFrameBuffer] ioctl failed. error = Broken pipe
01-09 03:42:40.266   641 24047 E MtkV4L2Device: [0xecb26f5c] [dequeueFrameBuffer] ioctl failed. error = Broken pipe
01-09 03:42:40.867   641 24047 E MtkV4L2Device: [0xecb26f5c] [dequeueFrameBuffer] ioctl failed. error = Broken pipe
01-09 03:42:40.900   641 24047 E MtkV4L2Device: [0xecb26f5c] [dequeueFrameBuffer] ioctl failed. error = Broken pipe
01-09 03:42:41.200   641 24047 E MtkV4L2Device: [0xecb26f5c] [dequeueFrameBuffer] ioctl failed. error = Broken pipe
01-09 03:42:41.233   641 24047 E MtkV4L2Device: [0xecb26f5c] [dequeueFrameBuffer] ioctl failed. error = Broken pipe
01-09 03:42:41.267   641 24047 E MtkV4L2Device: [0xecb26f5c] [dequeueFrameBuffer] ioctl failed. error = Broken pipe
01-09 03:42:41.400   641 24047 E MtkV4L2Device: [0xecb26f5c] [dequeueFrameBuffer] ioctl failed. error = Broken pipe
01-09 03:42:41.434   641 24047 E MtkV4L2Device: [0xecb26f5c] [dequeueFrameBuffer] ioctl failed. error = Broken pipe
01-09 03:42:42.300   641 24047 E MtkV4L2Device: [0xecb26f5c] [dequeueFrameBuffer] ioctl failed. error = Broken pipe
01-09 03:42:42.334   641 24047 E MtkV4L2Device: [0xecb26f5c] [dequeueFrameBuffer] ioctl failed. error = Broken pipe
01-09 03:42:43.033   641 24047 E MtkV4L2Device: [0xecb26f5c] [dequeueFrameBuffer] ioctl failed. error = Broken pipe
01-09 03:42:43.066   641 24047 E MtkV4L2Device: [0xecb26f5c] [dequeueFrameBuffer] ioctl failed. error = Broken pipe
01-09 03:42:44.033   641 24047 E MtkV4L2Device: [0xecb26f5c] [dequeueFrameBuffer] ioctl failed. error = Broken pipe
01-09 03:42:44.066   641 24047 E MtkV4L2Device: [0xecb26f5c] [dequeueFrameBuffer] ioctl failed. error = Broken pipe
01-09 03:42:45.099   641 24047 E MtkV4L2Device: [0xecb26f5c] [dequeueFrameBuffer] ioctl failed. error = Broken pipe
01-09 03:42:45.132   641 24047 E MtkV4L2Device: [0xecb26f5c] [dequeueFrameBuffer] ioctl failed. error = Broken pipe
01-09 03:42:46.066   641 24047 E MtkV4L2Device: [0xecb26f5c] [dequeueFrameBuffer] ioctl failed. error = Broken pipe
01-09 03:42:46.100   641 24047 E MtkV4L2Device: [0xecb26f5c] [dequeueFrameBuffer] ioctl failed. error = Broken pipe
01-09 03:42:46.670   641 24047 E MtkV4L2Device: [0xecb26f5c] [dequeueFrameBuffer] ioctl failed. error = Broken pipe
01-09 03:42:46.704   641 24047 E MtkV4L2Device: [0xecb26f5c] [dequeueFrameBuffer] ioctl failed. error = Broken pipe
01-09 03:42:47.770   641 24047 E MtkV4L2Device: [0xecb26f5c] [dequeueFrameBuffer] ioctl failed. error = Broken pipe
01-09 03:42:47.803   641 24047 E MtkV4L2Device: [0xecb26f5c] [dequeueFrameBuffer] ioctl failed. error = Broken pipe
01-09 03:42:48.033   641 24047 E MtkV4L2Device: [0xecb26f5c] [dequeueFrameBuffer] ioctl failed. error = Broken pipe
01-09 03:42:48.066   641 24047 E MtkV4L2Device: [0xecb26f5c] [dequeueFrameBuffer] ioctl failed. error = Broken pipe
01-09 03:42:49.300   641 24047 E MtkV4L2Device: [0xecb26f5c] [dequeueFrameBuffer] ioctl failed. error = Broken pipe
01-09 03:42:49.333   641 24047 E MtkV4L2Device: [0xecb26f5c] [dequeueFrameBuffer] ioctl failed. error = Broken pipe
01-09 03:42:49.367   641 24047 E MtkV4L2Device: [0xecb26f5c] [dequeueFrameBuffer] ioctl failed. error = Broken pipe
01-09 03:42:49.400   641 24047 E MtkV4L2Device: [0xecb26f5c] [dequeueFrameBuffer] ioctl failed. error = Broken pipe
01-09 03:42:50.200   641 24047 E MtkV4L2Device: [0xecb26f5c] [dequeueFrameBuffer] ioctl failed. error = Broken pipe
01-09 03:42:50.234   641 24047 E MtkV4L2Device: [0xecb26f5c] [dequeueFrameBuffer] ioctl failed. error = Broken pipe
01-09 03:42:51.233   641 24047 E MtkV4L2Device: [0xecb26f5c] [dequeueFrameBuffer] ioctl failed. error = Broken pipe
01-09 03:42:51.267   641 24047 E MtkV4L2Device: [0xecb26f5c] [dequeueFrameBuffer] ioctl failed. error = Broken pipe
01-09 03:42:51.999   641 24047 E MtkV4L2Device: [0xecb26f5c] [dequeueFrameBuffer] ioctl failed. error = Broken pipe
01-09 03:42:52.033   641 24047 E MtkV4L2Device: [0xecb26f5c] [dequeueFrameBuffer] ioctl failed. error = Broken pipe
01-09 03:42:53.033   641 24047 E MtkV4L2Device: [0xecb26f5c] [dequeueFrameBuffer] ioctl failed. error = Broken pipe
01-09 03:42:53.066   641 24047 E MtkV4L2Device: [0xecb26f5c] [dequeueFrameBuffer] ioctl failed. error = Broken pipe
01-09 03:42:54.634   641 24047 E MtkV4L2Device: [0xecb26f5c] [dequeueFrameBuffer] ioctl failed. error = Broken pipe
01-09 03:42:54.668   641 24047 E MtkV4L2Device: [0xecb26f5c] [dequeueFrameBuffer] ioctl failed. error = Broken pipe
01-09 03:42:55.334   641 24047 E MtkV4L2Device: [0xecb26f5c] [dequeueFrameBuffer] ioctl failed. error = Broken pipe
01-09 03:42:55.368   641 24047 E MtkV4L2Device: [0xecb26f5c] [dequeueFrameBuffer] ioctl failed. error = Broken pipe
01-09 03:42:56.066   641 24047 E MtkV4L2Device: [0xecb26f5c] [dequeueFrameBuffer] ioctl failed. error = Broken pipe
01-09 03:42:56.100   641 24047 E MtkV4L2Device: [0xecb26f5c] [dequeueFrameBuffer] ioctl failed. error = Broken pipe
01-09 03:42:57.267   641 24047 E MtkV4L2Device: [0xecb26f5c] [dequeueFrameBuffer] ioctl failed. error = Broken pipe
01-09 03:42:57.301   641 24047 E MtkV4L2Device: [0xecb26f5c] [dequeueFrameBuffer] ioctl failed. error = Broken pipe
01-09 03:42:58.033   641 24047 E MtkV4L2Device: [0xecb26f5c] [dequeueFrameBuffer] ioctl failed. error = Broken pipe
01-09 03:42:58.066   641 24047 E MtkV4L2Device: [0xecb26f5c] [dequeueFrameBuffer] ioctl failed. error = Broken pipe
01-09 03:42:58.871   641 24047 E MtkV4L2Device: [0xecb26f5c] [dequeueFrameBuffer] ioctl failed. error = Broken pipe
01-09 03:42:58.904   641 24047 E MtkV4L2Device: [0xecb26f5c] [dequeueFrameBuffer] ioctl failed. error = Broken pipe
01-09 03:42:59.033   641 24047 E MtkV4L2Device: [0xecb26f5c] [dequeueFrameBuffer] ioctl failed. error = Broken pipe
01-09 03:42:59.034 27940 27962 E chromium: [ERROR:base/android/self_compaction_manager.cc:71] Unexpected return from madvise: Invalid argument (22)
01-09 03:42:59.066   641 24047 E MtkV4L2Device: [0xecb26f5c] [dequeueFrameBuffer] ioctl failed. error = Broken pipe
01-09 03:42:59.904   641 24047 E MtkV4L2Device: [0xecb26f5c] [dequeueFrameBuffer] ioctl failed. error = Broken pipe
01-09 03:42:59.938   641 24047 E MtkV4L2Device: [0xecb26f5c] [dequeueFrameBuffer] ioctl failed. error = Broken pipe
01-09 03:42:59.999   641 24047 E MtkV4L2Device: [0xecb26f5c] [dequeueFrameBuffer] ioctl failed. error = Broken pipe
01-09 03:43:00.036   641 24047 E MtkV4L2Device: [0xecb26f5c] [dequeueFrameBuffer] ioctl failed. error = Broken pipe
01-09 03:43:00.069   641 24047 E MtkV4L2Device: [0xecb26f5c] [dequeueFrameBuffer] ioctl failed. error = Broken pipe
01-09 03:43:00.437   641 24047 E MtkV4L2Device: [0xecb26f5c] [dequeueFrameBuffer] ioctl failed. error = Broken pipe
01-09 03:43:00.470   641 24047 E MtkV4L2Device: [0xecb26f5c] [dequeueFrameBuffer] ioctl failed. error = Broken pipe
01-09 03:43:01.234   641 24047 E MtkV4L2Device: [0xecb26f5c] [dequeueFrameBuffer] ioctl failed. error = Broken pipe
01-09 03:43:01.267   641 24047 E MtkV4L2Device: [0xecb26f5c] [dequeueFrameBuffer] ioctl failed. error = Broken pipe
01-09 03:43:01.867   641 24047 E MtkV4L2Device: [0xecb26f5c] [dequeueFrameBuffer] ioctl failed. error = Broken pipe
01-09 03:43:01.900   641 24047 E MtkV4L2Device: [0xecb26f5c] [dequeueFrameBuffer] ioctl failed. error = Broken pipe
01-09 03:43:01.934   641 24047 E MtkV4L2Device: [0xecb26f5c] [dequeueFrameBuffer] ioctl failed. error = Broken pipe
01-09 03:43:01.967   641 24047 E MtkV4L2Device: [0xecb26f5c] [dequeueFrameBuffer] ioctl failed. error = Broken pipe
01-09 03:43:02.536   641 24047 E MtkV4L2Device: [0xecb26f5c] [dequeueFrameBuffer] ioctl failed. error = Broken pipe
01-09 03:43:02.570   641 24047 E MtkV4L2Device: [0xecb26f5c] [dequeueFrameBuffer] ioctl failed. error = Broken pipe
01-09 03:43:02.604   641 24047 E MtkV4L2Device: [0xecb26f5c] [dequeueFrameBuffer] ioctl failed. error = Broken pipe
01-09 03:43:02.637   641 24047 E MtkV4L2Device: [0xecb26f5c] [dequeueFrameBuffer] ioctl failed. error = Broken pipe
01-09 03:43:03.033   641 24047 E MtkV4L2Device: [0xecb26f5c] [dequeueFrameBuffer] ioctl failed. error = Broken pipe
01-09 03:43:03.066   641 24047 E MtkV4L2Device: [0xecb26f5c] [dequeueFrameBuffer] ioctl failed. error = Broken pipe
01-09 03:43:04.735   641 24047 E MtkV4L2Device: [0xecb26f5c] [dequeueFrameBuffer] ioctl failed. error = Broken pipe
01-09 03:43:04.769   641 24047 E MtkV4L2Device: [0xecb26f5c] [dequeueFrameBuffer] ioctl failed. error = Broken pipe
01-09 03:43:05.200   641 24047 E MtkV4L2Device: [0xecb26f5c] [dequeueFrameBuffer] ioctl failed. error = Broken pipe
01-09 03:43:05.233   641 24047 E MtkV4L2Device: [0xecb26f5c] [dequeueFrameBuffer] ioctl failed. error = Broken pipe
01-09 03:43:05.567   641 24047 E MtkV4L2Device: [0xecb26f5c] [dequeueFrameBuffer] ioctl failed. error = Broken pipe
01-09 03:43:05.600   641 24047 E MtkV4L2Device: [0xecb26f5c] [dequeueFrameBuffer] ioctl failed. error = Broken pipe
01-09 03:43:06.066   641 24047 E MtkV4L2Device: [0xecb26f5c] [dequeueFrameBuffer] ioctl failed. error = Broken pipe
01-09 03:43:06.100   641 24047 E MtkV4L2Device: [0xecb26f5c] [dequeueFrameBuffer] ioctl failed. error = Broken pipe
01-09 03:43:07.769   641 24047 E MtkV4L2Device: [0xecb26f5c] [dequeueFrameBuffer] ioctl failed. error = Broken pipe
01-09 03:43:07.803   641 24047 E MtkV4L2Device: [0xecb26f5c] [dequeueFrameBuffer] ioctl failed. error = Broken pipe
01-09 03:43:08.033   641 24047 E MtkV4L2Device: [0xecb26f5c] [dequeueFrameBuffer] ioctl failed. error = Broken pipe
01-09 03:43:08.066   641 24047 E MtkV4L2Device: [0xecb26f5c] [dequeueFrameBuffer] ioctl failed. error = Broken pipe
01-09 03:43:08.100   641 24047 E MtkV4L2Device: [0xecb26f5c] [dequeueFrameBuffer] ioctl failed. error = Broken pipe
01-09 03:43:10.433   641 24047 E MtkV4L2Device: [0xecb26f5c] [dequeueFrameBuffer] ioctl failed. error = Broken pipe
01-09 03:43:10.466   641 24047 E MtkV4L2Device: [0xecb26f5c] [dequeueFrameBuffer] ioctl failed. error = Broken pipe
01-09 03:43:10.700   641 24047 E MtkV4L2Device: [0xecb26f5c] [dequeueFrameBuffer] ioctl failed. error = Broken pipe
01-09 03:43:10.733   641 24047 E MtkV4L2Device: [0xecb26f5c] [dequeueFrameBuffer] ioctl failed. error = Broken pipe
01-09 03:43:11.267   641 24047 E MtkV4L2Device: [0xecb26f5c] [dequeueFrameBuffer] ioctl failed. error = Broken pipe
01-09 03:43:11.301   641 24047 E MtkV4L2Device: [0xecb26f5c] [dequeueFrameBuffer] ioctl failed. error = Broken pipe
01-09 03:43:13.033   641 24047 E MtkV4L2Device: [0xecb26f5c] [dequeueFrameBuffer] ioctl failed. error = Broken pipe
01-09 03:43:13.066   641 24047 E MtkV4L2Device: [0xecb26f5c] [dequeueFrameBuffer] ioctl failed. error = Broken pipe
01-09 03:43:13.100   641 24047 E MtkV4L2Device: [0xecb26f5c] [dequeueFrameBuffer] ioctl failed. error = Broken pipe
01-09 03:43:14.401   641 24047 E MtkV4L2Device: [0xecb26f5c] [dequeueFrameBuffer] ioctl failed. error = Broken pipe
01-09 03:43:14.435   641 24047 E MtkV4L2Device: [0xecb26f5c] [dequeueFrameBuffer] ioctl failed. error = Broken pipe
01-09 03:43:15.167   641 24047 E MtkV4L2Device: [0xecb26f5c] [dequeueFrameBuffer] ioctl failed. error = Broken pipe
01-09 03:43:15.200   641 24047 E MtkV4L2Device: [0xecb26f5c] [dequeueFrameBuffer] ioctl failed. error = Broken pipe
01-09 03:43:15.669   641 24047 E MtkV4L2Device: [0xecb26f5c] [dequeueFrameBuffer] ioctl failed. error = Broken pipe
01-09 03:43:15.703   641 24047 E MtkV4L2Device: [0xecb26f5c] [dequeueFrameBuffer] ioctl failed. error = Broken pipe
01-09 03:43:15.804   641 24047 E MtkV4L2Device: [0xecb26f5c] [dequeueFrameBuffer] ioctl failed. error = Broken pipe
01-09 03:43:15.837   641 24047 E MtkV4L2Device: [0xecb26f5c] [dequeueFrameBuffer] ioctl failed. error = Broken pipe
01-09 03:43:16.066   641 24047 E MtkV4L2Device: [0xecb26f5c] [dequeueFrameBuffer] ioctl failed. error = Broken pipe
01-09 03:43:16.100   641 24047 E MtkV4L2Device: [0xecb26f5c] [dequeueFrameBuffer] ioctl failed. error = Broken pipe
01-09 03:43:18.033   641 24047 E MtkV4L2Device: [0xecb26f5c] [dequeueFrameBuffer] ioctl failed. error = Broken pipe
01-09 03:43:18.066   641 24047 E MtkV4L2Device: [0xecb26f5c] [dequeueFrameBuffer] ioctl failed. error = Broken pipe
01-09 03:43:18.100   641 24047 E MtkV4L2Device: [0xecb26f5c] [dequeueFrameBuffer] ioctl failed. error = Broken pipe
01-09 03:43:18.334   641 24047 E MtkV4L2Device: [0xecb26f5c] [dequeueFrameBuffer] ioctl failed. error = Broken pipe
01-09 03:43:18.368   641 24047 E MtkV4L2Device: [0xecb26f5c] [dequeueFrameBuffer] ioctl failed. error = Broken pipe
01-09 03:43:19.033   641 24047 E MtkV4L2Device: [0xecb26f5c] [dequeueFrameBuffer] ioctl failed. error = Broken pipe
01-09 03:43:19.035  1671  1671 E Athena  : ------------------------------------------------------------
01-09 03:43:19.035  1671  1671 E Athena  :
01-09 03:43:19.035  1671  1671 E Athena  : Athena is in DEBUG or TEST mode，should not release this APK
01-09 03:43:19.035  1671  1671 E Athena  :
01-09 03:43:19.035  1671  1671 E Athena  : ------------------------------------------------------------
01-09 03:43:19.066   641 24047 E MtkV4L2Device: [0xecb26f5c] [dequeueFrameBuffer] ioctl failed. error = Broken pipe
01-09 03:43:19.099   641 24047 E MtkV4L2Device: [0xecb26f5c] [dequeueFrameBuffer] ioctl failed. error = Broken pipe
01-09 03:43:19.133   641 24047 E MtkV4L2Device: [0xecb26f5c] [dequeueFrameBuffer] ioctl failed. error = Broken pipe
01-09 03:43:19.166   641 24047 E MtkV4L2Device: [0xecb26f5c] [dequeueFrameBuffer] ioctl failed. error = Broken pipe
01-09 03:43:19.199   641 24047 E MtkV4L2Device: [0xecb26f5c] [dequeueFrameBuffer] ioctl failed. error = Broken pipe
01-09 03:43:19.266   641 24047 E MtkV4L2Device: [0xecb26f5c] [dequeueFrameBuffer] ioctl failed. error = Broken pipe
01-09 03:43:19.299   641 24047 E MtkV4L2Device: [0xecb26f5c] [dequeueFrameBuffer] ioctl failed. error = Broken pipe
01-09 03:43:19.665   641 24047 E MtkV4L2Device: [0xecb26f5c] [dequeueFrameBuffer] ioctl failed. error = Broken pipe
01-09 03:43:19.699   641 24047 E MtkV4L2Device: [0xecb26f5c] [dequeueFrameBuffer] ioctl failed. error = Broken pipe
01-09 03:43:20.667   641 24047 E MtkV4L2Device: [0xecb26f5c] [dequeueFrameBuffer] ioctl failed. error = Broken pipe
01-09 03:43:20.700   641 24047 E MtkV4L2Device: [0xecb26f5c] [dequeueFrameBuffer] ioctl failed. error = Broken pipe
01-09 03:43:20.933   641 24047 E MtkV4L2Device: [0xecb26f5c] [dequeueFrameBuffer] ioctl failed. error = Broken pipe
01-09 03:43:20.967   641 24047 E MtkV4L2Device: [0xecb26f5c] [dequeueFrameBuffer] ioctl failed. error = Broken pipe
01-09 03:43:20.994   641 24047 E MtkV4L2Device: [0xecb26f5c] [dequeueFrameBuffer] ioctl failed. error = Broken pipe
01-09 03:43:20.994   641 24047 E MtkV4L2Device: [0xecb26f5c] [dequeueFrameBuffer] ioctl failed. error = Broken pipe
01-09 03:43:21.265   641 24047 E MtkV4L2Device: [0xecb26f5c] [dequeueFrameBuffer] ioctl failed. error = Broken pipe
01-09 03:43:21.299   641 24047 E MtkV4L2Device: [0xecb26f5c] [dequeueFrameBuffer] ioctl failed. error = Broken pipe
01-09 03:43:23.033   641 24047 E MtkV4L2Device: [0xecb26f5c] [dequeueFrameBuffer] ioctl failed. error = Broken pipe
01-09 03:43:23.066   641 24047 E MtkV4L2Device: [0xecb26f5c] [dequeueFrameBuffer] ioctl failed. error = Broken pipe
01-09 03:43:23.099   641 24047 E MtkV4L2Device: [0xecb26f5c] [dequeueFrameBuffer] ioctl failed. error = Broken pipe
01-09 03:43:23.633   641 24047 E MtkV4L2Device: [0xecb26f5c] [dequeueFrameBuffer] ioctl failed. error = Broken pipe
01-09 03:43:23.666   641 24047 E MtkV4L2Device: [0xecb26f5c] [dequeueFrameBuffer] ioctl failed. error = Broken pipe
01-09 03:43:26.033   641 24047 E MtkV4L2Device: [0xecb26f5c] [dequeueFrameBuffer] ioctl failed. error = Broken pipe
01-09 03:43:26.066   641 24047 E MtkV4L2Device: [0xecb26f5c] [dequeueFrameBuffer] ioctl failed. error = Broken pipe
01-09 03:43:26.100   641 24047 E MtkV4L2Device: [0xecb26f5c] [dequeueFrameBuffer] ioctl failed. error = Broken pipe
01-09 03:43:26.133   641 24047 E MtkV4L2Device: [0xecb26f5c] [dequeueFrameBuffer] ioctl failed. error = Broken pipe
01-09 03:43:26.167   641 24047 E MtkV4L2Device: [0xecb26f5c] [dequeueFrameBuffer] ioctl failed. error = Broken pipe
01-09 03:43:26.234   641 24047 E MtkV4L2Device: [0xecb26f5c] [dequeueFrameBuffer] ioctl failed. error = Broken pipe
01-09 03:43:26.267   641 24047 E MtkV4L2Device: [0xecb26f5c] [dequeueFrameBuffer] ioctl failed. error = Broken pipe
01-09 03:43:26.300   641 24047 E MtkV4L2Device: [0xecb26f5c] [dequeueFrameBuffer] ioctl failed. error = Broken pipe
01-09 03:43:26.334   641 24047 E MtkV4L2Device: [0xecb26f5c] [dequeueFrameBuffer] ioctl failed. error = Broken pipe
01-09 03:43:26.345 28351 28351 E keyguardgestur: Not starting debugger since process cannot load the jdwp agent.
01-09 03:43:26.367   641 24047 E MtkV4L2Device: [0xecb26f5c] [dequeueFrameBuffer] ioctl failed. error = Broken pipe
01-09 03:43:26.401   641 24047 E MtkV4L2Device: [0xecb26f5c] [dequeueFrameBuffer] ioctl failed. error = Broken pipe
01-09 03:43:26.434   641 24047 E MtkV4L2Device: [0xecb26f5c] [dequeueFrameBuffer] ioctl failed. error = Broken pipe
01-09 03:43:26.467   641 24047 E MtkV4L2Device: [0xecb26f5c] [dequeueFrameBuffer] ioctl failed. error = Broken pipe
01-09 03:43:26.470  1225  1253 E NotificationService: Suppressing notification from package by user request.
01-09 03:43:26.480 28351 28351 E libc    : Access denied finding property "sys.boot.reason"
01-09 03:43:26.500   641 24047 E MtkV4L2Device: [0xecb26f5c] [dequeueFrameBuffer] ioctl failed. error = Broken pipe
01-09 03:43:26.533   641 24047 E MtkV4L2Device: [0xecb26f5c] [dequeueFrameBuffer] ioctl failed. error = Broken pipe
01-09 03:43:26.567   641 24047 E MtkV4L2Device: [0xecb26f5c] [dequeueFrameBuffer] ioctl failed. error = Broken pipe
01-09 03:43:26.600   641 24047 E MtkV4L2Device: [0xecb26f5c] [dequeueFrameBuffer] ioctl failed. error = Broken pipe
01-09 03:43:26.605   613  1369 E flp     : flp_screen_monitor_thread: Screen off
01-09 03:43:26.618  1225  1381 E WifiClientModeImpl: getWifiLinkLayerStats called without an interface
01-09 03:43:26.633   641 24047 E MtkV4L2Device: [0xecb26f5c] [dequeueFrameBuffer] ioctl failed. error = Broken pipe
01-09 03:43:26.667   641 24047 E MtkV4L2Device: [0xecb26f5c] [dequeueFrameBuffer] ioctl failed. error = Broken pipe
01-09 03:43:26.700   641 24047 E MtkV4L2Device: [0xecb26f5c] [dequeueFrameBuffer] ioctl failed. error = Broken pipe
01-09 03:43:26.734   641 24047 E MtkV4L2Device: [0xecb26f5c] [dequeueFrameBuffer] ioctl failed. error = Broken pipe
01-09 03:43:26.769   641 24047 E MtkV4L2Device: [0xecb26f5c] [dequeueFrameBuffer] ioctl failed. error = Broken pipe
01-09 03:43:26.802   641 24047 E MtkV4L2Device: [0xecb26f5c] [dequeueFrameBuffer] ioctl failed. error = Broken pipe
01-09 03:43:26.835   641 24047 E MtkV4L2Device: [0xecb26f5c] [dequeueFrameBuffer] ioctl failed. error = Broken pipe
01-09 03:43:26.869   641 24047 E MtkV4L2Device: [0xecb26f5c] [dequeueFrameBuffer] ioctl failed. error = Broken pipe
01-09 03:43:26.883 28378 28378 E at.appupdate.u: Not starting debugger since process cannot load the jdwp agent.
01-09 03:43:26.902   641 24047 E MtkV4L2Device: [0xecb26f5c] [dequeueFrameBuffer] ioctl failed. error = Broken pipe
01-09 03:43:26.935   641 24047 E MtkV4L2Device: [0xecb26f5c] [dequeueFrameBuffer] ioctl failed. error = Broken pipe
01-09 03:43:26.969   641 24047 E MtkV4L2Device: [0xecb26f5c] [dequeueFrameBuffer] ioctl failed. error = Broken pipe
01-09 03:43:26.971   641 24047 E MtkV4L2Device: [0xecb26f5c] [dequeueFrameBuffer] ioctl failed. error = Broken pipe
01-09 03:43:26.971   641 24047 E MtkV4L2Device: [0xecb26f5c] [dequeueFrameBuffer] ioctl failed. error = Broken pipe
01-09 03:43:26.974   641 24047 E MtkV4L2Device: [0xecb26f5c] [dequeueFrameBuffer] ioctl failed. error = Broken pipe
01-09 03:43:26.977   641 24047 E MtkV4L2Device: [0xecb26f5c] [dequeueFrameBuffer] ioctl failed. error = Broken pipe
01-09 03:43:27.000   641 24047 E MtkV4L2Device: [0xecb26f5c] [dequeueFrameBuffer] ioctl failed. error = Broken pipe
01-09 03:43:27.033   641 24047 E MtkV4L2Device: [0xecb26f5c] [dequeueFrameBuffer] ioctl failed. error = Broken pipe
01-09 03:43:27.037 28378 28404 E TMS_Athena: ReportExceptionJob
01-09 03:43:27.044 28378 28404 E TMS_Athena: ReportExceptionJob start work
01-09 03:43:27.066   641 24047 E MtkV4L2Device: [0xecb26f5c] [dequeueFrameBuffer] ioctl failed. error = Broken pipe
01-09 03:43:27.099   641 24047 E MtkV4L2Device: [0xecb26f5c] [dequeueFrameBuffer] ioctl failed. error = Broken pipe
01-09 03:43:27.132   641 24047 E MtkV4L2Device: [0xecb26f5c] [dequeueFrameBuffer] ioctl failed. error = Broken pipe
01-09 03:43:27.166   641 24047 E MtkV4L2Device: [0xecb26f5c] [dequeueFrameBuffer] ioctl failed. error = Broken pipe
01-09 03:43:27.265   641 24047 E MtkV4L2Device: [0xecb26f5c] [dequeueFrameBuffer] ioctl failed. error = Broken pipe
01-09 03:43:27.299   641 24047 E MtkV4L2Device: [0xecb26f5c] [dequeueFrameBuffer] ioctl failed. error = Broken pipe
01-09 03:43:27.366   641 24047 E MtkV4L2Device: [0xecb26f5c] [dequeueFrameBuffer] ioctl failed. error = Broken pipe
01-09 03:43:27.399   641 24047 E MtkV4L2Device: [0xecb26f5c] [dequeueFrameBuffer] ioctl failed. error = Broken pipe
01-09 03:43:27.661  1225  1275 E PowerManagerService: start VideoActivity failed: android.content.ActivityNotFoundException: Unable to find explicit activity class {com.transsion.demomode/com.transsion.demomode.activity.VideoActivity}; have you declared this activity in your AndroidManifest.xml?
01-09 03:43:30.033   641 24047 E MtkV4L2Device: [0xecb26f5c] [dequeueFrameBuffer] ioctl failed. error = Broken pipe
01-09 03:43:30.066   641 24047 E MtkV4L2Device: [0xecb26f5c] [dequeueFrameBuffer] ioctl failed. error = Broken pipe
01-09 03:43:30.100   641 24047 E MtkV4L2Device: [0xecb26f5c] [dequeueFrameBuffer] ioctl failed. error = Broken pipe
01-09 03:43:31.100   641 24047 E MtkV4L2Device: [0xecb26f5c] [dequeueFrameBuffer] ioctl failed. error = Broken pipe
01-09 03:43:31.134   641 24047 E MtkV4L2Device: [0xecb26f5c] [dequeueFrameBuffer] ioctl failed. error = Broken pipe
01-09 03:43:31.167   641 24047 E MtkV4L2Device: [0xecb26f5c] [dequeueFrameBuffer] ioctl failed. error = Broken pipe
01-09 03:43:31.201   641 24047 E MtkV4L2Device: [0xecb26f5c] [dequeueFrameBuffer] ioctl failed. error = Broken pipe
