
C:\Users\KSA>adb logcat *:E
--------- beginning of system
01-09 03:34:21.250  1225  2620 E WindowManager: App trying to use insecure INPUT_FEATURE_NO_INPUT_CHANNEL flag. Ignoring
01-09 03:34:29.515  1225  1331 E WindowManager: App trying to use insecure INPUT_FEATURE_NO_INPUT_CHANNEL flag. Ignoring
01-09 03:34:33.833  1225  1238 E WindowManager: App trying to use insecure INPUT_FEATURE_NO_INPUT_CHANNEL flag. Ignoring
01-09 03:34:57.851  1225  1238 E WindowManager: App trying to use insecure INPUT_FEATURE_NO_INPUT_CHANNEL flag. Ignoring
01-09 03:34:59.426  1225  1331 E WindowManager: App trying to use insecure INPUT_FEATURE_NO_INPUT_CHANNEL flag. Ignoring
01-09 03:35:38.850  1225  1761 E WindowManager: App trying to use insecure INPUT_FEATURE_NO_INPUT_CHANNEL flag. Ignoring
01-09 03:35:39.122 26408 26474 E ActivityThread: Failed to find provider info for com.facebook.appmanager.nekodirect
01-09 03:35:46.802 26309 26625 E ActivityThread: Failed to find provider info for com.facebook.appmanager.install.api
01-09 03:37:39.080  1225  1238 E WindowManager: App trying to use insecure INPUT_FEATURE_NO_INPUT_CHANNEL flag. Ignoring
01-09 03:38:12.615  1225  2620 E WindowManager: App trying to use insecure INPUT_FEATURE_NO_INPUT_CHANNEL flag. Ignoring
01-09 03:38:15.018  1225  3547 E WindowManager: App trying to use insecure INPUT_FEATURE_NO_INPUT_CHANNEL flag. Ignoring
01-09 03:38:17.845  1225  3104 E WindowManager: App trying to use insecure INPUT_FEATURE_NO_INPUT_CHANNEL flag. Ignoring
01-09 03:38:18.589 26309 26363 E ActivityThread: Failed to find provider info for com.whatsapp.provider.phoneid
01-09 03:38:18.593 26309 26363 E ActivityThread: Failed to find provider info for com.instagram.android.provider.phoneid
01-09 03:38:18.597 26309 26363 E ActivityThread: Failed to find provider info for com.facebook.orca.provider.phoneid
01-09 03:38:22.821  1225  3097 E WindowManager: App trying to use insecure INPUT_FEATURE_NO_INPUT_CHANNEL flag. Ignoring
01-09 03:38:54.849  1225  1250 E AppIdleHistory: Error writing app idle file for user 0
01-09 03:38:54.864  1225  1250 E AppIdleHistory: Error writing app idle file for user 999
01-09 03:40:48.921  1225  3605 E WindowManager: App trying to use insecure INPUT_FEATURE_NO_INPUT_CHANNEL flag. Ignoring
01-09 03:40:54.324  1225  2869 E WindowManager: App trying to use insecure INPUT_FEATURE_NO_INPUT_CHANNEL flag. Ignoring
01-09 03:40:54.455  1225  1756 E WindowManager: App trying to use insecure INPUT_FEATURE_NO_INPUT_CHANNEL flag. Ignoring
01-09 03:40:56.394  1225  3605 E WindowManager: App trying to use insecure INPUT_FEATURE_NO_INPUT_CHANNEL flag. Ignoring
01-09 03:41:00.436  1225  1756 E WindowManager: App trying to use insecure INPUT_FEATURE_NO_INPUT_CHANNEL flag. Ignoring
01-09 03:41:01.533  1225  1237 E WindowManager: App trying to use insecure INPUT_FEATURE_NO_INPUT_CHANNEL flag. Ignoring
01-09 03:41:07.397  1225  3536 E WindowManager: App trying to use insecure INPUT_FEATURE_NO_INPUT_CHANNEL flag. Ignoring
01-09 03:41:11.545  1225  3536 E ProcessStats: Executing service ServiceState{9da7fd2 org.chromium.content.app.SandboxedProcessService0 pkg=com.android.chrome proc=36698a3} without owner
01-09 03:41:11.575  1225  3536 E ProcessStats: Binding service ServiceState{9da7fd2 org.chromium.content.app.SandboxedProcessService0 pkg=com.android.chrome proc=36698a3} without owner
01-09 03:41:11.576  1225  3536 E ProcessStats: Starting service ServiceState{9da7fd2 org.chromium.content.app.SandboxedProcessService0 pkg=com.android.chrome proc=36698a3} without owner
01-09 03:41:11.576  1225  3536 E ProcessStats: Binding service ServiceState{9da7fd2 org.chromium.content.app.SandboxedProcessService0 pkg=com.android.chrome proc=36698a3} without owner
01-09 03:41:11.776  1225  1259 E KernelCpuUidUserSysTimeReader: Negative user/sys time delta for UID=10121
01-09 03:41:11.776  1225  1259 E KernelCpuUidUserSysTimeReader: Prev times: u=26776 s=10592 Curr times: u=26401 s=10249
01-09 03:41:18.516  1225  1237 E WindowManager: App trying to use insecure INPUT_FEATURE_NO_INPUT_CHANNEL flag. Ignoring
01-09 03:41:24.940  1225  1259 E KernelCpuUidUserSysTimeReader: Negative user/sys time delta for UID=90001
01-09 03:41:24.940  1225  1259 E KernelCpuUidUserSysTimeReader: Prev times: u=2788 s=859 Curr times: u=2763 s=783
--------- beginning of main
01-09 03:41:25.864   641 24047 E MtkV4L2Device: [0xecb26f5c] [dequeueFrameBuffer] ioctl failed. error = Broken pipe
01-09 03:41:25.898   641 24047 E MtkV4L2Device: [0xecb26f5c] [dequeueFrameBuffer] ioctl failed. error = Broken pipe
01-09 03:41:25.931   641 24047 E MtkV4L2Device: [0xecb26f5c] [dequeueFrameBuffer] ioctl failed. error = Broken pipe
01-09 03:41:25.964   641 24047 E MtkV4L2Device: [0xecb26f5c] [dequeueFrameBuffer] ioctl failed. error = Broken pipe
01-09 03:41:26.033   641 24047 E MtkV4L2Device: [0xecb26f5c] [dequeueFrameBuffer] ioctl failed. error = Broken pipe
01-09 03:41:26.066   641 24047 E MtkV4L2Device: [0xecb26f5c] [dequeueFrameBuffer] ioctl failed. error = Broken pipe
01-09 03:41:26.099   641 24047 E MtkV4L2Device: [0xecb26f5c] [dequeueFrameBuffer] ioctl failed. error = Broken pipe
01-09 03:41:26.132   641 24047 E MtkV4L2Device: [0xecb26f5c] [dequeueFrameBuffer] ioctl failed. error = Broken pipe
01-09 03:41:26.165   641 24047 E MtkV4L2Device: [0xecb26f5c] [dequeueFrameBuffer] ioctl failed. error = Broken pipe
01-09 03:41:26.232   641 24047 E MtkV4L2Device: [0xecb26f5c] [dequeueFrameBuffer] ioctl failed. error = Broken pipe
01-09 03:41:26.265   641 24047 E MtkV4L2Device: [0xecb26f5c] [dequeueFrameBuffer] ioctl failed. error = Broken pipe
01-09 03:41:26.331   641 24047 E MtkV4L2Device: [0xecb26f5c] [dequeueFrameBuffer] ioctl failed. error = Broken pipe
01-09 03:41:26.365   641 24047 E MtkV4L2Device: [0xecb26f5c] [dequeueFrameBuffer] ioctl failed. error = Broken pipe
01-09 03:41:26.431   641 24047 E MtkV4L2Device: [0xecb26f5c] [dequeueFrameBuffer] ioctl failed. error = Broken pipe
01-09 03:41:26.464   641 24047 E MtkV4L2Device: [0xecb26f5c] [dequeueFrameBuffer] ioctl failed. error = Broken pipe
01-09 03:41:26.564   641 24047 E MtkV4L2Device: [0xecb26f5c] [dequeueFrameBuffer] ioctl failed. error = Broken pipe
01-09 03:41:26.597   641 24047 E MtkV4L2Device: [0xecb26f5c] [dequeueFrameBuffer] ioctl failed. error = Broken pipe
01-09 03:41:27.066   641 24047 E MtkV4L2Device: [0xecb26f5c] [dequeueFrameBuffer] ioctl failed. error = Broken pipe
01-09 03:41:27.100   641 24047 E MtkV4L2Device: [0xecb26f5c] [dequeueFrameBuffer] ioctl failed. error = Broken pipe
01-09 03:41:27.266   641 24047 E MtkV4L2Device: [0xecb26f5c] [dequeueFrameBuffer] ioctl failed. error = Broken pipe
01-09 03:41:27.299   641 24047 E MtkV4L2Device: [0xecb26f5c] [dequeueFrameBuffer] ioctl failed. error = Broken pipe
01-09 03:41:27.315 15038 15191 E libc    : Access denied finding property "ro.vendor.transsion.xml.support"
01-09 03:41:27.332   641 24047 E MtkV4L2Device: [0xecb26f5c] [dequeueFrameBuffer] ioctl failed. error = Broken pipe
01-09 03:41:27.366   641 24047 E MtkV4L2Device: [0xecb26f5c] [dequeueFrameBuffer] ioctl failed. error = Broken pipe
01-09 03:41:27.399   641 24047 E MtkV4L2Device: [0xecb26f5c] [dequeueFrameBuffer] ioctl failed. error = Broken pipe
01-09 03:41:27.404  1225  1761 E WindowManager: App trying to use insecure INPUT_FEATURE_NO_INPUT_CHANNEL flag. Ignoring
01-09 03:41:27.433   641 24047 E MtkV4L2Device: [0xecb26f5c] [dequeueFrameBuffer] ioctl failed. error = Broken pipe
01-09 03:41:27.466   641 24047 E MtkV4L2Device: [0xecb26f5c] [dequeueFrameBuffer] ioctl failed. error = Broken pipe
01-09 03:41:27.499   641 24047 E MtkV4L2Device: [0xecb26f5c] [dequeueFrameBuffer] ioctl failed. error = Broken pipe
01-09 03:41:27.532   641 24047 E MtkV4L2Device: [0xecb26f5c] [dequeueFrameBuffer] ioctl failed. error = Broken pipe
01-09 03:41:27.566   641 24047 E MtkV4L2Device: [0xecb26f5c] [dequeueFrameBuffer] ioctl failed. error = Broken pipe
01-09 03:41:27.599   641 24047 E MtkV4L2Device: [0xecb26f5c] [dequeueFrameBuffer] ioctl failed. error = Broken pipe
01-09 03:41:27.632   641 24047 E MtkV4L2Device: [0xecb26f5c] [dequeueFrameBuffer] ioctl failed. error = Broken pipe
01-09 03:41:27.733   641 24047 E MtkV4L2Device: [0xecb26f5c] [dequeueFrameBuffer] ioctl failed. error = Broken pipe
01-09 03:41:27.748 15038 15038 E cr_CompositorSurfaceMgr: surfaceDestroyed format : -3
01-09 03:41:27.766   641 24047 E MtkV4L2Device: [0xecb26f5c] [dequeueFrameBuffer] ioctl failed. error = Broken pipe
01-09 03:41:27.799   641 24047 E MtkV4L2Device: [0xecb26f5c] [dequeueFrameBuffer] ioctl failed. error = Broken pipe
01-09 03:41:27.833   641 24047 E MtkV4L2Device: [0xecb26f5c] [dequeueFrameBuffer] ioctl failed. error = Broken pipe
01-09 03:41:27.866   641 24047 E MtkV4L2Device: [0xecb26f5c] [dequeueFrameBuffer] ioctl failed. error = Broken pipe
01-09 03:41:27.899   641 24047 E MtkV4L2Device: [0xecb26f5c] [dequeueFrameBuffer] ioctl failed. error = Broken pipe
01-09 03:41:27.933   641 24047 E MtkV4L2Device: [0xecb26f5c] [dequeueFrameBuffer] ioctl failed. error = Broken pipe
01-09 03:41:28.000   641 24047 E MtkV4L2Device: [0xecb26f5c] [dequeueFrameBuffer] ioctl failed. error = Broken pipe
01-09 03:41:28.033   641 24047 E MtkV4L2Device: [0xecb26f5c] [dequeueFrameBuffer] ioctl failed. error = Broken pipe
01-09 03:41:28.066   641 24047 E MtkV4L2Device: [0xecb26f5c] [dequeueFrameBuffer] ioctl failed. error = Broken pipe
01-09 03:41:28.099   641 24047 E MtkV4L2Device: [0xecb26f5c] [dequeueFrameBuffer] ioctl failed. error = Broken pipe
01-09 03:41:28.266   641 24047 E MtkV4L2Device: [0xecb26f5c] [dequeueFrameBuffer] ioctl failed. error = Broken pipe
01-09 03:41:28.299   641 24047 E MtkV4L2Device: [0xecb26f5c] [dequeueFrameBuffer] ioctl failed. error = Broken pipe
01-09 03:41:28.333   641 24047 E MtkV4L2Device: [0xecb26f5c] [dequeueFrameBuffer] ioctl failed. error = Broken pipe
01-09 03:41:28.466   641 24047 E MtkV4L2Device: [0xecb26f5c] [dequeueFrameBuffer] ioctl failed. error = Broken pipe
01-09 03:41:28.500   641 24047 E MtkV4L2Device: [0xecb26f5c] [dequeueFrameBuffer] ioctl failed. error = Broken pipe
01-09 03:41:29.000   641 24047 E MtkV4L2Device: [0xecb26f5c] [dequeueFrameBuffer] ioctl failed. error = Broken pipe
01-09 03:41:29.020 27528 27651 E UserRepository: User profile not found for userId: 69606ad8b8879584b196
01-09 03:41:29.033   641 24047 E MtkV4L2Device: [0xecb26f5c] [dequeueFrameBuffer] ioctl failed. error = Broken pipe
01-09 03:41:29.100   641 24047 E MtkV4L2Device: [0xecb26f5c] [dequeueFrameBuffer] ioctl failed. error = Broken pipe
01-09 03:41:29.133   641 24047 E MtkV4L2Device: [0xecb26f5c] [dequeueFrameBuffer] ioctl failed. error = Broken pipe
01-09 03:41:29.434   641 24047 E MtkV4L2Device: [0xecb26f5c] [dequeueFrameBuffer] ioctl failed. error = Broken pipe
01-09 03:41:29.457 27528 27651 E UserRepository: Appwrite exception while creating profile: Invalid document structure: Attribute "miningReward" has invalid format. Value must be a valid integer
01-09 03:41:29.457 27528 27651 E UserRepository: io.appwrite.exceptions.AppwriteException: Invalid document structure: Attribute "miningReward" has invalid format. Value must be a valid integer
01-09 03:41:29.457 27528 27651 E UserRepository:        at io.appwrite.Client$awaitResponse$2$1.onResponse(Client.kt:544)
01-09 03:41:29.457 27528 27651 E UserRepository:        at okhttp3.internal.connection.RealCall$AsyncCall.run(RealCall.kt:519)
01-09 03:41:29.457 27528 27651 E UserRepository:        at java.util.concurrent.ThreadPoolExecutor.runWorker(ThreadPoolExecutor.java:1167)
01-09 03:41:29.457 27528 27651 E UserRepository:        at java.util.concurrent.ThreadPoolExecutor$Worker.run(ThreadPoolExecutor.java:641)
01-09 03:41:29.457 27528 27651 E UserRepository:        at java.lang.Thread.run(Thread.java:919)
01-09 03:41:29.458 27528 27651 E UserRepository: Appwrite error details - Code: 400, Message: Invalid document structure: Attribute "miningReward" has invalid format. Value must be a valid integer, Type: document_invalid_structure
01-09 03:41:29.458 27528 27651 E OAuthService: ❌ Failed to create user profile: Invalid document structure: Attribute "miningReward" has invalid format. Value must be a valid integer
01-09 03:41:29.458 27528 27528 E OAuthCallbackActivity: ❌ Failed to process OAuth callback: Invalid document structure: Attribute "miningReward" has invalid format. Value must be a valid integer
01-09 03:41:29.458 27528 27528 E OAuthCallbackActivity: OAuth error: Invalid document structure: Attribute "miningReward" has invalid format. Value must be a valid integer
01-09 03:41:29.467   641 24047 E MtkV4L2Device: [0xecb26f5c] [dequeueFrameBuffer] ioctl failed. error = Broken pipe
01-09 03:41:29.500   641 24047 E MtkV4L2Device: [0xecb26f5c] [dequeueFrameBuffer] ioctl failed. error = Broken pipe
01-09 03:41:29.533   641 24047 E MtkV4L2Device: [0xecb26f5c] [dequeueFrameBuffer] ioctl failed. error = Broken pipe
01-09 03:41:29.547 27528 27528 E MainActivity: ❌ OAuth login failed: Invalid document structure: Attribute "miningReward" has invalid format. Value must be a valid integer
01-09 03:41:29.567   641 24047 E MtkV4L2Device: [0xecb26f5c] [dequeueFrameBuffer] ioctl failed. error = Broken pipe
01-09 03:41:29.569  1225  3583 E WindowManager: App trying to use insecure INPUT_FEATURE_NO_INPUT_CHANNEL flag. Ignoring
01-09 03:41:29.600   641 24047 E MtkV4L2Device: [0xecb26f5c] [dequeueFrameBuffer] ioctl failed. error = Broken pipe
01-09 03:41:29.633   641 24047 E MtkV4L2Device: [0xecb26f5c] [dequeueFrameBuffer] ioctl failed. error = Broken pipe
01-09 03:41:29.666   641 24047 E MtkV4L2Device: [0xecb26f5c] [dequeueFrameBuffer] ioctl failed. error = Broken pipe
01-09 03:41:29.700   641 24047 E MtkV4L2Device: [0xecb26f5c] [dequeueFrameBuffer] ioctl failed. error = Broken pipe
01-09 03:41:29.733   641 24047 E MtkV4L2Device: [0xecb26f5c] [dequeueFrameBuffer] ioctl failed. error = Broken pipe
01-09 03:41:29.766   641 24047 E MtkV4L2Device: [0xecb26f5c] [dequeueFrameBuffer] ioctl failed. error = Broken pipe
01-09 03:41:29.833   641 24047 E MtkV4L2Device: [0xecb26f5c] [dequeueFrameBuffer] ioctl failed. error = Broken pipe
01-09 03:41:29.866   641 24047 E MtkV4L2Device: [0xecb26f5c] [dequeueFrameBuffer] ioctl failed. error = Broken pipe
01-09 03:41:29.933   641 24047 E MtkV4L2Device: [0xecb26f5c] [dequeueFrameBuffer] ioctl failed. error = Broken pipe
01-09 03:41:29.966   641 24047 E MtkV4L2Device: [0xecb26f5c] [dequeueFrameBuffer] ioctl failed. error = Broken pipe
01-09 03:41:29.999   641 24047 E MtkV4L2Device: [0xecb26f5c] [dequeueFrameBuffer] ioctl failed. error = Broken pipe
01-09 03:41:30.466   641 24047 E MtkV4L2Device: [0xecb26f5c] [dequeueFrameBuffer] ioctl failed. error = Broken pipe
01-09 03:41:30.499   641 24047 E MtkV4L2Device: [0xecb26f5c] [dequeueFrameBuffer] ioctl failed. error = Broken pipe
01-09 03:41:30.566   641 24047 E MtkV4L2Device: [0xecb26f5c] [dequeueFrameBuffer] ioctl failed. error = Broken pipe
01-09 03:41:30.599   641 24047 E MtkV4L2Device: [0xecb26f5c] [dequeueFrameBuffer] ioctl failed. error = Broken pipe
01-09 03:41:31.132   641 24047 E MtkV4L2Device: [0xecb26f5c] [dequeueFrameBuffer] ioctl failed. error = Broken pipe
01-09 03:41:31.166   641 24047 E MtkV4L2Device: [0xecb26f5c] [dequeueFrameBuffer] ioctl failed. error = Broken pipe
01-09 03:41:31.332   641 24047 E MtkV4L2Device: [0xecb26f5c] [dequeueFrameBuffer] ioctl failed. error = Broken pipe
01-09 03:41:31.365   641 24047 E MtkV4L2Device: [0xecb26f5c] [dequeueFrameBuffer] ioctl failed. error = Broken pipe
01-09 03:41:31.731   641 24047 E MtkV4L2Device: [0xecb26f5c] [dequeueFrameBuffer] ioctl failed. error = Broken pipe
01-09 03:41:31.764   641 24047 E MtkV4L2Device: [0xecb26f5c] [dequeueFrameBuffer] ioctl failed. error = Broken pipe
01-09 03:41:31.930   641 24047 E MtkV4L2Device: [0xecb26f5c] [dequeueFrameBuffer] ioctl failed. error = Broken pipe
01-09 03:41:31.963   641 24047 E MtkV4L2Device: [0xecb26f5c] [dequeueFrameBuffer] ioctl failed. error = Broken pipe
01-09 03:41:32.867   641 24047 E MtkV4L2Device: [0xecb26f5c] [dequeueFrameBuffer] ioctl failed. error = Broken pipe
01-09 03:41:32.900   641 24047 E MtkV4L2Device: [0xecb26f5c] [dequeueFrameBuffer] ioctl failed. error = Broken pipe
01-09 03:41:33.033   641 24047 E MtkV4L2Device: [0xecb26f5c] [dequeueFrameBuffer] ioctl failed. error = Broken pipe
01-09 03:41:33.066   641 24047 E MtkV4L2Device: [0xecb26f5c] [dequeueFrameBuffer] ioctl failed. error = Broken pipe
01-09 03:41:33.099   641 24047 E MtkV4L2Device: [0xecb26f5c] [dequeueFrameBuffer] ioctl failed. error = Broken pipe
01-09 03:41:33.133   641 24047 E MtkV4L2Device: [0xecb26f5c] [dequeueFrameBuffer] ioctl failed. error = Broken pipe
01-09 03:41:33.400   641 24047 E MtkV4L2Device: [0xecb26f5c] [dequeueFrameBuffer] ioctl failed. error = Broken pipe
01-09 03:41:33.433   641 24047 E MtkV4L2Device: [0xecb26f5c] [dequeueFrameBuffer] ioctl failed. error = Broken pipe
01-09 03:41:33.466   641 24047 E MtkV4L2Device: [0xecb26f5c] [dequeueFrameBuffer] ioctl failed. error = Broken pipe
01-09 03:41:33.600   641 24047 E MtkV4L2Device: [0xecb26f5c] [dequeueFrameBuffer] ioctl failed. error = Broken pipe
01-09 03:41:33.633   641 24047 E MtkV4L2Device: [0xecb26f5c] [dequeueFrameBuffer] ioctl failed. error = Broken pipe
01-09 03:41:34.234   641 24047 E MtkV4L2Device: [0xecb26f5c] [dequeueFrameBuffer] ioctl failed. error = Broken pipe
01-09 03:41:34.267   641 24047 E MtkV4L2Device: [0xecb26f5c] [dequeueFrameBuffer] ioctl failed. error = Broken pipe
01-09 03:41:34.467   641 24047 E MtkV4L2Device: [0xecb26f5c] [dequeueFrameBuffer] ioctl failed. error = Broken pipe
01-09 03:41:34.500   641 24047 E MtkV4L2Device: [0xecb26f5c] [dequeueFrameBuffer] ioctl failed. error = Broken pipe
01-09 03:41:34.567   641 24047 E MtkV4L2Device: [0xecb26f5c] [dequeueFrameBuffer] ioctl failed. error = Broken pipe
01-09 03:41:34.600   641 24047 E MtkV4L2Device: [0xecb26f5c] [dequeueFrameBuffer] ioctl failed. error = Broken pipe
01-09 03:41:34.634   641 24047 E MtkV4L2Device: [0xecb26f5c] [dequeueFrameBuffer] ioctl failed. error = Broken pipe
01-09 03:41:34.667   641 24047 E MtkV4L2Device: [0xecb26f5c] [dequeueFrameBuffer] ioctl failed. error = Broken pipe
01-09 03:41:34.700   641 24047 E MtkV4L2Device: [0xecb26f5c] [dequeueFrameBuffer] ioctl failed. error = Broken pipe
01-09 03:41:34.734   641 24047 E MtkV4L2Device: [0xecb26f5c] [dequeueFrameBuffer] ioctl failed. error = Broken pipe
01-09 03:41:34.834   641 24047 E MtkV4L2Device: [0xecb26f5c] [dequeueFrameBuffer] ioctl failed. error = Broken pipe
01-09 03:41:34.867   641 24047 E MtkV4L2Device: [0xecb26f5c] [dequeueFrameBuffer] ioctl failed. error = Broken pipe
01-09 03:41:35.233   641 24047 E MtkV4L2Device: [0xecb26f5c] [dequeueFrameBuffer] ioctl failed. error = Broken pipe
01-09 03:41:35.266   641 24047 E MtkV4L2Device: [0xecb26f5c] [dequeueFrameBuffer] ioctl failed. error = Broken pipe
01-09 03:41:35.299   641 24047 E MtkV4L2Device: [0xecb26f5c] [dequeueFrameBuffer] ioctl failed. error = Broken pipe
01-09 03:41:35.633   641 24047 E MtkV4L2Device: [0xecb26f5c] [dequeueFrameBuffer] ioctl failed. error = Broken pipe
01-09 03:41:35.666   641 24047 E MtkV4L2Device: [0xecb26f5c] [dequeueFrameBuffer] ioctl failed. error = Broken pipe
01-09 03:41:36.033   641 24047 E MtkV4L2Device: [0xecb26f5c] [dequeueFrameBuffer] ioctl failed. error = Broken pipe
01-09 03:41:36.066   641 24047 E MtkV4L2Device: [0xecb26f5c] [dequeueFrameBuffer] ioctl failed. error = Broken pipe
01-09 03:41:37.166   641 24047 E MtkV4L2Device: [0xecb26f5c] [dequeueFrameBuffer] ioctl failed. error = Broken pipe
01-09 03:41:37.200   641 24047 E MtkV4L2Device: [0xecb26f5c] [dequeueFrameBuffer] ioctl failed. error = Broken pipe
01-09 03:41:37.233   641 24047 E MtkV4L2Device: [0xecb26f5c] [dequeueFrameBuffer] ioctl failed. error = Broken pipe
01-09 03:41:37.266   641 24047 E MtkV4L2Device: [0xecb26f5c] [dequeueFrameBuffer] ioctl failed. error = Broken pipe
01-09 03:41:37.299   641 24047 E MtkV4L2Device: [0xecb26f5c] [dequeueFrameBuffer] ioctl failed. error = Broken pipe
01-09 03:41:37.866   641 24047 E MtkV4L2Device: [0xecb26f5c] [dequeueFrameBuffer] ioctl failed. error = Broken pipe
01-09 03:41:37.899   641 24047 E MtkV4L2Device: [0xecb26f5c] [dequeueFrameBuffer] ioctl failed. error = Broken pipe
01-09 03:41:37.966   641 24047 E MtkV4L2Device: [0xecb26f5c] [dequeueFrameBuffer] ioctl failed. error = Broken pipe
01-09 03:41:37.999   641 24047 E MtkV4L2Device: [0xecb26f5c] [dequeueFrameBuffer] ioctl failed. error = Broken pipe
01-09 03:41:38.233   641 24047 E MtkV4L2Device: [0xecb26f5c] [dequeueFrameBuffer] ioctl failed. error = Broken pipe
01-09 03:41:38.267   641 24047 E MtkV4L2Device: [0xecb26f5c] [dequeueFrameBuffer] ioctl failed. error = Broken pipe
01-09 03:41:38.300   641 24047 E MtkV4L2Device: [0xecb26f5c] [dequeueFrameBuffer] ioctl failed. error = Broken pipe
01-09 03:41:38.533   641 24047 E MtkV4L2Device: [0xecb26f5c] [dequeueFrameBuffer] ioctl failed. error = Broken pipe
01-09 03:41:38.567   641 24047 E MtkV4L2Device: [0xecb26f5c] [dequeueFrameBuffer] ioctl failed. error = Broken pipe
01-09 03:41:39.534   641 24047 E MtkV4L2Device: [0xecb26f5c] [dequeueFrameBuffer] ioctl failed. error = Broken pipe
01-09 03:41:39.567   641 24047 E MtkV4L2Device: [0xecb26f5c] [dequeueFrameBuffer] ioctl failed. error = Broken pipe
01-09 03:41:39.586 25803 25803 E adbd    : failed to send command to abb: Success
01-09 03:41:39.601   641 24047 E MtkV4L2Device: [0xecb26f5c] [dequeueFrameBuffer] ioctl failed. error = Broken pipe
01-09 03:41:39.634   641 24047 E MtkV4L2Device: [0xecb26f5c] [dequeueFrameBuffer] ioctl failed. error = Broken pipe
01-09 03:41:39.667   641 24047 E MtkV4L2Device: [0xecb26f5c] [dequeueFrameBuffer] ioctl failed. error = Broken pipe
01-09 03:41:39.767   641 24047 E MtkV4L2Device: [0xecb26f5c] [dequeueFrameBuffer] ioctl failed. error = Broken pipe
01-09 03:41:39.800   641 24047 E MtkV4L2Device: [0xecb26f5c] [dequeueFrameBuffer] ioctl failed. error = Broken pipe
01-09 03:41:40.033   641 24047 E MtkV4L2Device: [0xecb26f5c] [dequeueFrameBuffer] ioctl failed. error = Broken pipe
01-09 03:41:40.066   641 24047 E MtkV4L2Device: [0xecb26f5c] [dequeueFrameBuffer] ioctl failed. error = Broken pipe
01-09 03:41:40.199   641 24047 E MtkV4L2Device: [0xecb26f5c] [dequeueFrameBuffer] ioctl failed. error = Broken pipe
01-09 03:41:40.232   641 24047 E MtkV4L2Device: [0xecb26f5c] [dequeueFrameBuffer] ioctl failed. error = Broken pipe
01-09 03:41:40.265   641 24047 E MtkV4L2Device: [0xecb26f5c] [dequeueFrameBuffer] ioctl failed. error = Broken pipe
01-09 03:41:40.962   641 24047 E MtkV4L2Device: [0xecb26f5c] [dequeueFrameBuffer] ioctl failed. error = Broken pipe
01-09 03:41:40.995   641 24047 E MtkV4L2Device: [0xecb26f5c] [dequeueFrameBuffer] ioctl failed. error = Broken pipe
01-09 03:41:41.165   641 24047 E MtkV4L2Device: [0xecb26f5c] [dequeueFrameBuffer] ioctl failed. error = Broken pipe
01-09 03:41:41.199   641 24047 E MtkV4L2Device: [0xecb26f5c] [dequeueFrameBuffer] ioctl failed. error = Broken pipe
01-09 03:41:41.232   641 24047 E MtkV4L2Device: [0xecb26f5c] [dequeueFrameBuffer] ioctl failed. error = Broken pipe
01-09 03:41:42.198   641 24047 E MtkV4L2Device: [0xecb26f5c] [dequeueFrameBuffer] ioctl failed. error = Broken pipe
01-09 03:41:42.232   641 24047 E MtkV4L2Device: [0xecb26f5c] [dequeueFrameBuffer] ioctl failed. error = Broken pipe
01-09 03:41:42.265   641 24047 E MtkV4L2Device: [0xecb26f5c] [dequeueFrameBuffer] ioctl failed. error = Broken pipe
01-09 03:41:42.298   641 24047 E MtkV4L2Device: [0xecb26f5c] [dequeueFrameBuffer] ioctl failed. error = Broken pipe
01-09 03:41:42.331   641 24047 E MtkV4L2Device: [0xecb26f5c] [dequeueFrameBuffer] ioctl failed. error = Broken pipe
01-09 03:41:42.364   641 24047 E MtkV4L2Device: [0xecb26f5c] [dequeueFrameBuffer] ioctl failed. error = Broken pipe
01-09 03:41:42.378  7570 28125 E AbstractLogEventBuilder: The provided ProductIdOrigin 3 is not one of the process-level expected values: 1 or 2
01-09 03:41:42.398   641 24047 E MtkV4L2Device: [0xecb26f5c] [dequeueFrameBuffer] ioctl failed. error = Broken pipe
01-09 03:41:42.431   641 24047 E MtkV4L2Device: [0xecb26f5c] [dequeueFrameBuffer] ioctl failed. error = Broken pipe
01-09 03:41:42.436  7570  7676 E AbstractLogEventBuilder: The provided ProductIdOrigin 3 is not one of the process-level expected values: 1 or 2
01-09 03:41:42.464   641 24047 E MtkV4L2Device: [0xecb26f5c] [dequeueFrameBuffer] ioctl failed. error = Broken pipe
01-09 03:41:42.663   641 24047 E MtkV4L2Device: [0xecb26f5c] [dequeueFrameBuffer] ioctl failed. error = Broken pipe
01-09 03:41:42.696   641 24047 E MtkV4L2Device: [0xecb26f5c] [dequeueFrameBuffer] ioctl failed. error = Broken pipe
01-09 03:41:42.708   427   427 E beanpodkeymaster: Received 4 byte response
01-09 03:41:42.709   427   427 E beanpodkeymaster: Received 48 byte response
01-09 03:41:42.711   427   427 E beanpodkeymaster: Received 34 byte response
01-09 03:41:42.712   427   427 E beanpodkeymaster: Received 36 byte response
01-09 03:41:42.715   427   427 E beanpodkeymaster: Received 24 byte response
01-09 03:41:42.716   427   427 E beanpodkeymaster: Received 34 byte response
01-09 03:41:42.717   427   427 E beanpodkeymaster: Received 20 byte response
01-09 03:41:42.720   427   427 E beanpodkeymaster: Received 24 byte response
01-09 03:41:42.722   427   427 E beanpodkeymaster: Received 132 byte response
01-09 03:41:42.723   427   427 E beanpodkeymaster: Received 20 byte response
01-09 03:41:42.729   641 24047 E MtkV4L2Device: [0xecb26f5c] [dequeueFrameBuffer] ioctl failed. error = Broken pipe
01-09 03:41:42.736  7570  7670 E AbstractLogEventBuilder: The provided ProductIdOrigin 3 is not one of the process-level expected values: 1 or 2
01-09 03:41:42.761 28144 28144 E entsScanServic: Not starting debugger since process cannot load the jdwp agent.
01-09 03:41:42.763   641 24047 E MtkV4L2Device: [0xecb26f5c] [dequeueFrameBuffer] ioctl failed. error = Broken pipe
01-09 03:41:42.779 28144 28144 E libc    : Access denied finding property "persist.vendor.sys.os.typeface.defaultfont.hash"
01-09 03:41:42.780   427   427 E beanpodkeymaster: Received 4 byte response
01-09 03:41:42.781 28144 28144 E libc    : Access denied finding property "persist.vendor.sys.os.typeface.defaultfont.hash"
01-09 03:41:42.781   427   427 E beanpodkeymaster: Received 48 byte response
01-09 03:41:42.784   427   427 E beanpodkeymaster: Received 34 byte response
01-09 03:41:42.787   427   427 E beanpodkeymaster: Received 36 byte response
01-09 03:41:42.791   427   427 E beanpodkeymaster: Received 24 byte response
01-09 03:41:42.792   427   427 E beanpodkeymaster: Received 34 byte response
01-09 03:41:42.795   427   427 E beanpodkeymaster: Received 20 byte response
01-09 03:41:42.796   641 24047 E MtkV4L2Device: [0xecb26f5c] [dequeueFrameBuffer] ioctl failed. error = Broken pipe
01-09 03:41:42.804   427   427 E beanpodkeymaster: Received 24 byte response
01-09 03:41:42.805   427   427 E beanpodkeymaster: Received 130 byte response
01-09 03:41:42.807   427   427 E beanpodkeymaster: Received 20 byte response
01-09 03:41:42.829   641 24047 E MtkV4L2Device: [0xecb26f5c] [dequeueFrameBuffer] ioctl failed. error = Broken pipe
01-09 03:41:42.830 28144 28144 E libc    : Access denied finding property "persist.vendor.sys.os.typeface.defaultfont.hash"
01-09 03:41:42.863   641 24047 E MtkV4L2Device: [0xecb26f5c] [dequeueFrameBuffer] ioctl failed. error = Broken pipe
01-09 03:41:42.896   641 24047 E MtkV4L2Device: [0xecb26f5c] [dequeueFrameBuffer] ioctl failed. error = Broken pipe
01-09 03:41:42.908  7570  7570 E AbstractLogEventBuilder: The provided ProductIdOrigin 3 is not one of the process-level expected values: 1 or 2
01-09 03:41:42.929   641 24047 E MtkV4L2Device: [0xecb26f5c] [dequeueFrameBuffer] ioctl failed. error = Broken pipe
01-09 03:41:43.265   641 24047 E MtkV4L2Device: [0xecb26f5c] [dequeueFrameBuffer] ioctl failed. error = Broken pipe
01-09 03:41:43.299   641 24047 E MtkV4L2Device: [0xecb26f5c] [dequeueFrameBuffer] ioctl failed. error = Broken pipe
01-09 03:41:43.631   641 24047 E MtkV4L2Device: [0xecb26f5c] [dequeueFrameBuffer] ioctl failed. error = Broken pipe
01-09 03:41:43.664   641 24047 E MtkV4L2Device: [0xecb26f5c] [dequeueFrameBuffer] ioctl failed. error = Broken pipe
01-09 03:41:44.132   641 24047 E MtkV4L2Device: [0xecb26f5c] [dequeueFrameBuffer] ioctl failed. error = Broken pipe
01-09 03:41:44.166   641 24047 E MtkV4L2Device: [0xecb26f5c] [dequeueFrameBuffer] ioctl failed. error = Broken pipe
01-09 03:41:44.172  7570  7678 E AbstractLogEventBuilder: The provided ProductIdOrigin 3 is not one of the process-level expected values: 1 or 2
01-09 03:41:44.199   641 24047 E MtkV4L2Device: [0xecb26f5c] [dequeueFrameBuffer] ioctl failed. error = Broken pipe
01-09 03:41:44.232   641 24047 E MtkV4L2Device: [0xecb26f5c] [dequeueFrameBuffer] ioctl failed. error = Broken pipe
01-09 03:41:44.265   641 24047 E MtkV4L2Device: [0xecb26f5c] [dequeueFrameBuffer] ioctl failed. error = Broken pipe
01-09 03:41:44.298   641 24047 E MtkV4L2Device: [0xecb26f5c] [dequeueFrameBuffer] ioctl failed. error = Broken pipe
01-09 03:41:44.331   641 24047 E MtkV4L2Device: [0xecb26f5c] [dequeueFrameBuffer] ioctl failed. error = Broken pipe
01-09 03:41:44.465   641 24047 E MtkV4L2Device: [0xecb26f5c] [dequeueFrameBuffer] ioctl failed. error = Broken pipe
01-09 03:41:44.498   641 24047 E MtkV4L2Device: [0xecb26f5c] [dequeueFrameBuffer] ioctl failed. error = Broken pipe
01-09 03:41:44.963   641 24047 E MtkV4L2Device: [0xecb26f5c] [dequeueFrameBuffer] ioctl failed. error = Broken pipe
01-09 03:41:44.996   641 24047 E MtkV4L2Device: [0xecb26f5c] [dequeueFrameBuffer] ioctl failed. error = Broken pipe
01-09 03:41:45.265   641 24047 E MtkV4L2Device: [0xecb26f5c] [dequeueFrameBuffer] ioctl failed. error = Broken pipe
01-09 03:41:45.299   641 24047 E MtkV4L2Device: [0xecb26f5c] [dequeueFrameBuffer] ioctl failed. error = Broken pipe
01-09 03:41:45.864   641 24047 E MtkV4L2Device: [0xecb26f5c] [dequeueFrameBuffer] ioctl failed. error = Broken pipe
01-09 03:41:45.897   641 24047 E MtkV4L2Device: [0xecb26f5c] [dequeueFrameBuffer] ioctl failed. error = Broken pipe
01-09 03:41:45.931   641 24047 E MtkV4L2Device: [0xecb26f5c] [dequeueFrameBuffer] ioctl failed. error = Broken pipe
01-09 03:41:45.964   641 24047 E MtkV4L2Device: [0xecb26f5c] [dequeueFrameBuffer] ioctl failed. error = Broken pipe
01-09 03:41:46.033   641 24047 E MtkV4L2Device: [0xecb26f5c] [dequeueFrameBuffer] ioctl failed. error = Broken pipe
01-09 03:41:46.066   641 24047 E MtkV4L2Device: [0xecb26f5c] [dequeueFrameBuffer] ioctl failed. error = Broken pipe
01-09 03:41:46.465   641 24047 E MtkV4L2Device: [0xecb26f5c] [dequeueFrameBuffer] ioctl failed. error = Broken pipe
01-09 03:41:46.499   641 24047 E MtkV4L2Device: [0xecb26f5c] [dequeueFrameBuffer] ioctl failed. error = Broken pipe
01-09 03:41:46.765   641 24047 E MtkV4L2Device: [0xecb26f5c] [dequeueFrameBuffer] ioctl failed. error = Broken pipe
01-09 03:41:46.798   641 24047 E MtkV4L2Device: [0xecb26f5c] [dequeueFrameBuffer] ioctl failed. error = Broken pipe
01-09 03:41:47.000   641 24047 E MtkV4L2Device: [0xecb26f5c] [dequeueFrameBuffer] ioctl failed. error = Broken pipe
01-09 03:41:47.033   641 24047 E MtkV4L2Device: [0xecb26f5c] [dequeueFrameBuffer] ioctl failed. error = Broken pipe
01-09 03:41:47.564   641 24047 E MtkV4L2Device: [0xecb26f5c] [dequeueFrameBuffer] ioctl failed. error = Broken pipe
01-09 03:41:47.597   641 24047 E MtkV4L2Device: [0xecb26f5c] [dequeueFrameBuffer] ioctl failed. error = Broken pipe
01-09 03:41:47.763   641 24047 E MtkV4L2Device: [0xecb26f5c] [dequeueFrameBuffer] ioctl failed. error = Broken pipe
01-09 03:41:47.796   641 24047 E MtkV4L2Device: [0xecb26f5c] [dequeueFrameBuffer] ioctl failed. error = Broken pipe
01-09 03:41:47.830   641 24047 E MtkV4L2Device: [0xecb26f5c] [dequeueFrameBuffer] ioctl failed. error = Broken pipe
01-09 03:41:47.863   641 24047 E MtkV4L2Device: [0xecb26f5c] [dequeueFrameBuffer] ioctl failed. error = Broken pipe
01-09 03:41:47.896   641 24047 E MtkV4L2Device: [0xecb26f5c] [dequeueFrameBuffer] ioctl failed. error = Broken pipe
01-09 03:41:47.929   641 24047 E MtkV4L2Device: [0xecb26f5c] [dequeueFrameBuffer] ioctl failed. error = Broken pipe
01-09 03:41:47.962   641 24047 E MtkV4L2Device: [0xecb26f5c] [dequeueFrameBuffer] ioctl failed. error = Broken pipe
01-09 03:41:47.996   641 24047 E MtkV4L2Device: [0xecb26f5c] [dequeueFrameBuffer] ioctl failed. error = Broken pipe
01-09 03:41:48.033   641 24047 E MtkV4L2Device: [0xecb26f5c] [dequeueFrameBuffer] ioctl failed. error = Broken pipe
01-09 03:41:48.066   641 24047 E MtkV4L2Device: [0xecb26f5c] [dequeueFrameBuffer] ioctl failed. error = Broken pipe
01-09 03:41:48.132   641 24047 E MtkV4L2Device: [0xecb26f5c] [dequeueFrameBuffer] ioctl failed. error = Broken pipe
01-09 03:41:48.165   641 24047 E MtkV4L2Device: [0xecb26f5c] [dequeueFrameBuffer] ioctl failed. error = Broken pipe
01-09 03:41:48.198   641 24047 E MtkV4L2Device: [0xecb26f5c] [dequeueFrameBuffer] ioctl failed. error = Broken pipe
01-09 03:41:48.265   641 24047 E MtkV4L2Device: [0xecb26f5c] [dequeueFrameBuffer] ioctl failed. error = Broken pipe
01-09 03:41:48.298   641 24047 E MtkV4L2Device: [0xecb26f5c] [dequeueFrameBuffer] ioctl failed. error = Broken pipe
01-09 03:41:48.464   641 24047 E MtkV4L2Device: [0xecb26f5c] [dequeueFrameBuffer] ioctl failed. error = Broken pipe
01-09 03:41:48.483  7570  7670 E bjbj    : Input Future failed with Error
01-09 03:41:48.483  7570  7670 E bjbj    : java.lang.OutOfMemoryError: Failed to allocate a 356515848 byte allocation with 100663296 free bytes and 142MB until OOM, target footprint 354264624, growth limit 402653184
01-09 03:41:48.483  7570  7670 E bjbj    :      at java.util.Arrays.copyOf(Arrays.java:3257)
01-09 03:41:48.483  7570  7670 E bjbj    :      at java.lang.AbstractStringBuilder.ensureCapacityInternal(AbstractStringBuilder.java:124)
01-09 03:41:48.483  7570  7670 E bjbj    :      at java.lang.AbstractStringBuilder.append(AbstractStringBuilder.java:448)
01-09 03:41:48.483  7570  7670 E bjbj    :      at java.lang.StringBuilder.append(StringBuilder.java:137)
01-09 03:41:48.483  7570  7670 E bjbj    :      at java.util.Arrays.deepToString(Arrays.java:4578)
01-09 03:41:48.483  7570  7670 E bjbj    :      at java.util.Arrays.deepToString(Arrays.java:4597)
01-09 03:41:48.483  7570  7670 E bjbj    :      at java.util.Arrays.deepToString(Arrays.java:4550)
01-09 03:41:48.483  7570  7670 E bjbj    :      at aynr.a(PG:275)
01-09 03:41:48.483  7570  7670 E bjbj    :      at uhw.apply(PG:162)
01-09 03:41:48.483  7570  7670 E bjbj    :      at bjbf.d(PG:3)
01-09 03:41:48.483  7570  7670 E bjbj    :      at bjbg.run(PG:38)
01-09 03:41:48.483  7570  7670 E bjbj    :      at po.execute(PG:8)
01-09 03:41:48.483  7570  7670 E bjbj    :      at bioe.aO(PG:1)
01-09 03:41:48.483  7570  7670 E bjbj    :      at bjdj.execute(PG:5)
01-09 03:41:48.483  7570  7670 E bjbj    :      at bjau.f(PG:1)
01-09 03:41:48.483  7570  7670 E bjbj    :      at bjau.k(PG:93)
01-09 03:41:48.483  7570  7670 E bjbj    :      at bjau.o(PG:13)
01-09 03:41:48.483  7570  7670 E bjbj    :      at bjbx.g(PG:43)
01-09 03:41:48.483  7570  7670 E bjbj    :      at bjbj.f(PG:53)
01-09 03:41:48.483  7570  7670 E bjbj    :      at bjbj.w(PG:18)
01-09 03:41:48.483  7570  7670 E bjbj    :      at bjbh.run(PG:7)
01-09 03:41:48.483  7570  7670 E bjbj    :      at a.az(PG:1)
01-09 03:41:48.483  7570  7670 E bjbj    :      at bjcc.execute(PG:1)
01-09 03:41:48.483  7570  7670 E bjbj    :      at bjau.f(PG:1)
01-09 03:41:48.483  7570  7670 E bjbj    :      at bjau.k(PG:93)
01-09 03:41:48.483  7570  7670 E bjbj    :      at bjau.o(PG:13)
01-09 03:41:48.483  7570  7670 E bjbj    :      at bjbf.e(PG:1)
01-09 03:41:48.483  7570  7670 E bjbj    :      at bjbg.run(PG:44)
01-09 03:41:48.483  7570  7670 E bjbj    :      at po.execute(PG:8)
01-09 03:41:48.483  7570  7670 E bjbj    :      at bioe.aO(PG:1)
01-09 03:41:48.483  7570  7670 E bjbj    :      at bjdj.execute(PG:5)
01-09 03:41:48.483  7570  7670 E bjbj    :      at bjau.f(PG:1)
01-09 03:41:48.483  7570  7670 E bjbj    :      at bjau.k(PG:93)
01-09 03:41:48.483  7570  7670 E bjbj    :      at bjau.o(PG:13)
01-09 03:41:48.483  7570  7670 E bjbj    :      at bjbx.g(PG:43)
01-09 03:41:48.483  7570  7670 E bjbj    :      at bjbj.f(PG:53)
01-09 03:41:48.483  7570  7670 E bjbj    :      at bjbj.w(PG:18)
01-09 03:41:48.483  7570  7670 E bjbj    :      at bjbh.run(PG:7)
01-09 03:41:48.483  7570  7670 E bjbj    :      at a.az(PG:1)
01-09 03:41:48.483  7570  7670 E bjbj    :      at bjcc.execute(PG:1)
01-09 03:41:48.483  7570  7670 E bjbj    :      at bjau.f(PG:1)
01-09 03:41:48.483  7570  7670 E bjbj    :      at bjau.k(PG:93)
01-09 03:41:48.483  7570  7670 E bjbj    :      at bjau.o(PG:13)
01-09 03:41:48.483  7570  7670 E bjbj    :      at bjbf.e(PG:1)
01-09 03:41:48.483  7570  7670 E bjbj    :      at bjbg.run(PG:44)
01-09 03:41:48.483  7570  7670 E bjbj    :      at po.execute(PG:8)
01-09 03:41:48.483  7570  7670 E bjbj    :      at bioe.aO(PG:1)
01-09 03:41:48.483  7570  7670 E bjbj    :      at bjdj.execute(PG:5)
01-09 03:41:48.483  7570  7670 E bjbj    :      at bjau.f(PG:1)
01-09 03:41:48.483  7570  7670 E bjbj    :      at bjau.k(PG:93)
01-09 03:41:48.483  7570  7670 E bjbj    :      at bjau.o(PG:13)
01-09 03:41:48.483  7570  7670 E bjbj    :      at bjbx.g(PG:43)
01-09 03:41:48.483  7570  7670 E bjbj    :      at bjbj.f(PG:53)
01-09 03:41:48.483  7570  7670 E bjbj    :      at bjbj.w(PG:18)
01-09 03:41:48.483  7570  7670 E bjbj    :      at bjbh.run(PG:7)
01-09 03:41:48.483  7570  7670 E bjbj    :      at a.az(PG:1)
01-09 03:41:48.483  7570  7670 E bjbj    :      at bjcc.execute(PG:1)
01-09 03:41:48.483  7570  7670 E bjbj    :      at bjau.f(PG:1)
01-09 03:41:48.483  7570  7670 E bjbj    :      at bjau.k(PG:93)
01-09 03:41:48.483  7570  7670 E bjbj    :      at bjau.o(PG:13)
01-09 03:41:48.483  7570  7670 E bjbj    :      at bjbf.e(PG:1)
01-09 03:41:48.483  7570  7670 E bjbj    :      at bjbg.run(PG:44)
01-09 03:41:48.483  7570  7670 E bjbj    :      at po.execute(PG:8)
01-09 03:41:48.483  7570  7670 E bjbj    :      at bioe.aO(PG:1)
01-09 03:41:48.483  7570  7670 E bjbj    :      at bjdj.execute(PG:5)
01-09 03:41:48.483  7570  7670 E bjbj    :      at bjau.f(PG:1)
01-09 03:41:48.483  7570  7670 E bjbj    :      at bjau.k(PG:93)
01-09 03:41:48.483  7570  7670 E bjbj    :      at bjau.o(PG:13)
01-09 03:41:48.483  7570  7670 E bjbj    :      at bjbf.e(PG:1)
01-09 03:41:48.483  7570  7670 E bjbj    :      at bjbg.run(PG:44)
01-09 03:41:48.483  7570  7670 E bjbj    :      at po.execute(PG:8)
01-09 03:41:48.483  7570  7670 E bjbj    :      at bioe.aO(PG:1)
01-09 03:41:48.483  7570  7670 E bjbj    :      at bjdj.execute(PG:5)
01-09 03:41:48.483  7570  7670 E bjbj    :      at bjau.f(PG:1)
01-09 03:41:48.483  7570  7670 E bjbj    :      at bjau.k(PG:93)
01-09 03:41:48.483  7570  7670 E bjbj    :      at bjau.o(PG:13)
01-09 03:41:48.483  7570  7670 E bjbj    :      at ayoa.a(PG:38)
01-09 03:41:48.483  7570  7670 E bjbj    :      at aymz.a(PG:14)
01-09 03:41:48.483  7570  7670 E bjbj    :      at bcco.a(PG:166)
01-09 03:41:48.483  7570  7670 E bjbj    :      at ayhs.c(PG:308)
01-09 03:41:48.483  7570  7670 E bjbj    :      at ayhn.b(PG:366)
01-09 03:41:48.483  7570  7670 E bjbj    :      at bwox.os(PG:6)
01-09 03:41:48.483  7570  7670 E bjbj    :      at bwvz.run(PG:109)
01-09 03:41:48.483  7570  7670 E bjbj    :      at java.util.concurrent.ThreadPoolExecutor.runWorker(ThreadPoolExecutor.java:1167)
01-09 03:41:48.483  7570  7670 E bjbj    :      at java.util.concurrent.ThreadPoolExecutor$Worker.run(ThreadPoolExecutor.java:641)
01-09 03:41:48.483  7570  7670 E bjbj    :      at usp.run(PG:615)
01-09 03:41:48.483  7570  7670 E bjbj    :      at java.lang.Thread.run(Thread.java:919)
01-09 03:41:48.487  7570  7670 E AbstractLogEventBuilder: The provided ProductIdOrigin 3 is not one of the process-level expected values: 1 or 2
01-09 03:41:48.491  7570 28125 E AbstractLogEventBuilder: The provided ProductIdOrigin 3 is not one of the process-level expected values: 1 or 2
01-09 03:41:48.495  7570 28125 E Finsky  : [754] Package name null is not an installed package
01-09 03:41:48.496  7570  7678 E AbstractLogEventBuilder: The provided ProductIdOrigin 3 is not one of the process-level expected values: 1 or 2
01-09 03:41:48.500   641 24047 E MtkV4L2Device: [0xecb26f5c] [dequeueFrameBuffer] ioctl failed. error = Broken pipe
01-09 03:41:48.533   641 24047 E MtkV4L2Device: [0xecb26f5c] [dequeueFrameBuffer] ioctl failed. error = Broken pipe
01-09 03:41:48.566   641 24047 E MtkV4L2Device: [0xecb26f5c] [dequeueFrameBuffer] ioctl failed. error = Broken pipe
01-09 03:41:48.599   641 24047 E MtkV4L2Device: [0xecb26f5c] [dequeueFrameBuffer] ioctl failed. error = Broken pipe
01-09 03:41:48.732   641 24047 E MtkV4L2Device: [0xecb26f5c] [dequeueFrameBuffer] ioctl failed. error = Broken pipe
01-09 03:41:48.736  7570  7676 E AbstractLogEventBuilder: The provided ProductIdOrigin 3 is not one of the process-level expected values: 1 or 2
01-09 03:41:48.754   629   663 E         : Couldn't opendir /data/app/vmdl1340040329.tmp: No such file or directory
01-09 03:41:48.754   629   663 E installd: Failed to delete /data/app/vmdl1340040329.tmp: No such file or directory
01-09 03:41:48.765   641 24047 E MtkV4L2Device: [0xecb26f5c] [dequeueFrameBuffer] ioctl failed. error = Broken pipe
01-09 03:41:48.792   488 28194 E ResolverController: No valid NAT64 prefix (101, <unspecified>/0)
01-09 03:41:48.793   488 28196 E ResolverController: No valid NAT64 prefix (101, <unspecified>/0)
01-09 03:41:48.793   488 28197 E ResolverController: No valid NAT64 prefix (101, <unspecified>/0)
01-09 03:41:48.793   488 28195 E ResolverController: No valid NAT64 prefix (101, <unspecified>/0)
01-09 03:41:48.794   488 28198 E ResolverController: No valid NAT64 prefix (101, <unspecified>/0)
01-09 03:41:48.795   488 28199 E ResolverController: No valid NAT64 prefix (101, <unspecified>/0)
01-09 03:41:48.799   641 24047 E MtkV4L2Device: [0xecb26f5c] [dequeueFrameBuffer] ioctl failed. error = Broken pipe
01-09 03:41:48.832   641 24047 E MtkV4L2Device: [0xecb26f5c] [dequeueFrameBuffer] ioctl failed. error = Broken pipe
01-09 03:41:48.865   641 24047 E MtkV4L2Device: [0xecb26f5c] [dequeueFrameBuffer] ioctl failed. error = Broken pipe
01-09 03:41:48.877  7570  7678 E Finsky  : [604] [Counters] attempted to use a non-positive increment for: 4752
01-09 03:41:48.877  7570  7678 E Finsky  : [604] [Counters] attempted to use a non-positive increment for: 4753
01-09 03:41:48.898   641 24047 E MtkV4L2Device: [0xecb26f5c] [dequeueFrameBuffer] ioctl failed. error = Broken pipe
01-09 03:41:48.909  7570  7670 E Finsky  : [596] [Counters] attempted to use a non-positive increment for: 4752
01-09 03:41:48.918  7570  7676 E Finsky  : [601] [Counters] attempted to use a non-positive increment for: 4753
01-09 03:41:48.932   641 24047 E MtkV4L2Device: [0xecb26f5c] [dequeueFrameBuffer] ioctl failed. error = Broken pipe
01-09 03:41:48.966   641 24047 E MtkV4L2Device: [0xecb26f5c] [dequeueFrameBuffer] ioctl failed. error = Broken pipe
01-09 03:41:48.968   641 24047 E MtkV4L2Device: [0xecb26f5c] [dequeueFrameBuffer] ioctl failed. error = Broken pipe
01-09 03:41:48.968   641 24047 E MtkV4L2Device: [0xecb26f5c] [dequeueFrameBuffer] ioctl failed. error = Broken pipe
01-09 03:41:48.968   641 24047 E MtkV4L2Device: [0xecb26f5c] [dequeueFrameBuffer] ioctl failed. error = Broken pipe
01-09 03:41:48.968   641 24047 E MtkV4L2Device: [0xecb26f5c] [dequeueFrameBuffer] ioctl failed. error = Broken pipe
01-09 03:41:48.990   641 24047 E MtkV4L2Device: [0xecb26f5c] [dequeueFrameBuffer] ioctl failed. error = Broken pipe
01-09 03:41:48.991   641 24047 E MtkV4L2Device: [0xecb26f5c] [dequeueFrameBuffer] ioctl failed. error = Broken pipe
01-09 03:41:48.995   641 24047 E MtkV4L2Device: [0xecb26f5c] [dequeueFrameBuffer] ioctl failed. error = Broken pipe
01-09 03:41:48.995   641 24047 E MtkV4L2Device: [0xecb26f5c] [dequeueFrameBuffer] ioctl failed. error = Broken pipe
01-09 03:41:48.999   641 24047 E MtkV4L2Device: [0xecb26f5c] [dequeueFrameBuffer] ioctl failed. error = Broken pipe
01-09 03:41:49.033   641 24047 E MtkV4L2Device: [0xecb26f5c] [dequeueFrameBuffer] ioctl failed. error = Broken pipe
01-09 03:41:49.066   641 24047 E MtkV4L2Device: [0xecb26f5c] [dequeueFrameBuffer] ioctl failed. error = Broken pipe
01-09 03:41:49.103   641 24047 E MtkV4L2Device: [0xecb26f5c] [dequeueFrameBuffer] ioctl failed. error = Broken pipe
01-09 03:41:49.136   641 24047 E MtkV4L2Device: [0xecb26f5c] [dequeueFrameBuffer] ioctl failed. error = Broken pipe
01-09 03:41:49.170   641 24047 E MtkV4L2Device: [0xecb26f5c] [dequeueFrameBuffer] ioctl failed. error = Broken pipe
01-09 03:41:49.174  7570  7678 E Finsky  : [604] [Counters] attempted to use a non-positive increment for: 4752
01-09 03:41:49.182  7570  7676 E Finsky  : [601] [Counters] attempted to use a non-positive increment for: 4753
01-09 03:41:49.203   641 24047 E MtkV4L2Device: [0xecb26f5c] [dequeueFrameBuffer] ioctl failed. error = Broken pipe
01-09 03:41:49.210  7570  7673 E Finsky  : [599] [Counters] attempted to use a non-positive increment for: 4752
01-09 03:41:49.216  7570  7673 E Finsky  : [599] [Counters] attempted to use a non-positive increment for: 4753
01-09 03:41:49.236   641 24047 E MtkV4L2Device: [0xecb26f5c] [dequeueFrameBuffer] ioctl failed. error = Broken pipe
01-09 03:41:49.243  1225  3690 E ActivityManager: Sending non-protected broadcast refresh_beeline from system 3225:com.transsion.smartpanel/1000 pkg com.transsion.smartpanel
01-09 03:41:49.243  1225  3690 E ActivityManager: java.lang.Throwable
01-09 03:41:49.243  1225  3690 E ActivityManager:       at com.android.server.am.ActivityManagerService.checkBroadcastFromSystem(ActivityManagerService.java:16570)
01-09 03:41:49.243  1225  3690 E ActivityManager:       at com.android.server.am.ActivityManagerService.broadcastIntentLocked(ActivityManagerService.java:17244)
01-09 03:41:49.243  1225  3690 E ActivityManager:       at com.android.server.am.ActivityManagerService.broadcastIntentLocked(ActivityManagerService.java:16587)
01-09 03:41:49.243  1225  3690 E ActivityManager:       at com.android.server.am.ActivityManagerService.broadcastIntent(ActivityManagerService.java:17427)
01-09 03:41:49.243  1225  3690 E ActivityManager:       at android.app.IActivityManager$Stub.onTransact(IActivityManager.java:2189)
01-09 03:41:49.243  1225  3690 E ActivityManager:       at com.android.server.am.ActivityManagerService.onTransact(ActivityManagerService.java:3151)
01-09 03:41:49.243  1225  3690 E ActivityManager:       at android.os.Binder.execTransactInternal(Binder.java:1046)
01-09 03:41:49.243  1225  3690 E ActivityManager:       at android.os.Binder.execTransact(Binder.java:997)
01-09 03:41:49.270   641 24047 E MtkV4L2Device: [0xecb26f5c] [dequeueFrameBuffer] ioctl failed. error = Broken pipe
01-09 03:41:49.287  1569  1569 E PhoneInterfaceManager: [PhoneIntfMgr] getCarrierPackageNamesForIntent: No UICC
01-09 03:41:49.299  1569  1569 E PhoneInterfaceManager: [PhoneIntfMgr] getCarrierPackageNamesForIntent: No UICC
01-09 03:41:49.303   641 24047 E MtkV4L2Device: [0xecb26f5c] [dequeueFrameBuffer] ioctl failed. error = Broken pipe
01-09 03:41:49.336   641 24047 E MtkV4L2Device: [0xecb26f5c] [dequeueFrameBuffer] ioctl failed. error = Broken pipe
01-09 03:41:49.371   641 24047 E MtkV4L2Device: [0xecb26f5c] [dequeueFrameBuffer] ioctl failed. error = Broken pipe
01-09 03:41:49.404   641 24047 E MtkV4L2Device: [0xecb26f5c] [dequeueFrameBuffer] ioctl failed. error = Broken pipe
01-09 03:41:49.437   641 24047 E MtkV4L2Device: [0xecb26f5c] [dequeueFrameBuffer] ioctl failed. error = Broken pipe
01-09 03:41:49.470   641 24047 E MtkV4L2Device: [0xecb26f5c] [dequeueFrameBuffer] ioctl failed. error = Broken pipe
01-09 03:41:49.504   641 24047 E MtkV4L2Device: [0xecb26f5c] [dequeueFrameBuffer] ioctl failed. error = Broken pipe
01-09 03:41:49.537   641 24047 E MtkV4L2Device: [0xecb26f5c] [dequeueFrameBuffer] ioctl failed. error = Broken pipe
01-09 03:41:49.570   641 24047 E MtkV4L2Device: [0xecb26f5c] [dequeueFrameBuffer] ioctl failed. error = Broken pipe
01-09 03:41:49.604   641 24047 E MtkV4L2Device: [0xecb26f5c] [dequeueFrameBuffer] ioctl failed. error = Broken pipe
01-09 03:41:49.637   641 24047 E MtkV4L2Device: [0xecb26f5c] [dequeueFrameBuffer] ioctl failed. error = Broken pipe
01-09 03:41:49.670   641 24047 E MtkV4L2Device: [0xecb26f5c] [dequeueFrameBuffer] ioctl failed. error = Broken pipe
01-09 03:41:49.703   641 24047 E MtkV4L2Device: [0xecb26f5c] [dequeueFrameBuffer] ioctl failed. error = Broken pipe
01-09 03:41:49.736   641 24047 E MtkV4L2Device: [0xecb26f5c] [dequeueFrameBuffer] ioctl failed. error = Broken pipe
01-09 03:41:49.770   641 24047 E MtkV4L2Device: [0xecb26f5c] [dequeueFrameBuffer] ioctl failed. error = Broken pipe
01-09 03:41:49.803   641 24047 E MtkV4L2Device: [0xecb26f5c] [dequeueFrameBuffer] ioctl failed. error = Broken pipe
01-09 03:41:49.836   641 24047 E MtkV4L2Device: [0xecb26f5c] [dequeueFrameBuffer] ioctl failed. error = Broken pipe
01-09 03:41:49.869   641 24047 E MtkV4L2Device: [0xecb26f5c] [dequeueFrameBuffer] ioctl failed. error = Broken pipe
01-09 03:41:49.903   641 24047 E MtkV4L2Device: [0xecb26f5c] [dequeueFrameBuffer] ioctl failed. error = Broken pipe
01-09 03:41:49.936   641 24047 E MtkV4L2Device: [0xecb26f5c] [dequeueFrameBuffer] ioctl failed. error = Broken pipe
01-09 03:41:49.969   641 24047 E MtkV4L2Device: [0xecb26f5c] [dequeueFrameBuffer] ioctl failed. error = Broken pipe
01-09 03:41:49.969   641 24047 E MtkV4L2Device: [0xecb26f5c] [dequeueFrameBuffer] ioctl failed. error = Broken pipe
01-09 03:41:49.973   641 24047 E MtkV4L2Device: [0xecb26f5c] [dequeueFrameBuffer] ioctl failed. error = Broken pipe
