01-07 07:31:50.139  1223  1223 W UsageStatsService: Event reported without a package name, eventType:16
01-07 07:31:50.140  1223  1273 I PowerManagerService: Sleeping (uid 1000)...
01-07 07:31:50.142   537  1997 I BufferQueue: [unnamed-537-29559](this:0x72ba602000,id:29559,api:0,p:-1,c:-1) BufferQueue core=(537:/system/bin/surfaceflinger)
01-07 07:31:50.143   537  1997 I BufferQueueConsumer: [unnamed-537-29559](this:0x72ba602000,id:29559,api:0,p:-1,c:537) connect(C): consumer=(537:/system/bin/surfaceflinger) controlledByApp=false
01-07 07:31:50.143   537  1997 I BufferQueueConsumer: [unnamed-537-29559](this:0x72ba602000,id:29559,api:0,p:-1,c:537) setConsumerName: unnamed-537-29559
01-07 07:31:50.143   537  1997 I BufferQueueConsumer: [ColorFade#0](this:0x72ba602000,id:29559,api:0,p:-1,c:537) setConsumerName: ColorFade#0
01-07 07:31:50.143   537  1997 I BufferQueueConsumer: [ColorFade#0](this:0x72ba602000,id:29559,api:0,p:-1,c:537) setDefaultBufferSize: width=720 height=1640
01-07 07:31:50.148  1223  1273 D Surface : Surface::connect(this=0x7aa60f0000,api=1)
01-07 07:31:50.150   537  1997 I BufferQueueProducer: [ColorFade#0](this:0x72ba602000,id:29559,api:1,p:1223,c:537) connect(P): api=1 producer=(1223:system_server) producerControlledByApp=false
01-07 07:31:50.152  1223  1273 D mali_winsys: EGLint new_window_surface(egl_winsys_display *, void *, EGLSurface, EGLConfig, egl_winsys_surface **, EGLBoolean) returns 0x3000
01-07 07:31:50.154  1223  1273 I BufferQueue: [unnamed-1223-2107](this:0x79f89f3000,id:2107,api:0,p:-1,c:-1) BufferQueue core=(1223:system_server)
01-07 07:31:50.155  1223  1273 I BufferQueueConsumer: [unnamed-1223-2107](this:0x79f89f3000,id:2107,api:0,p:-1,c:1223) connect(C): consumer=(1223:system_server) controlledByApp=true
01-07 07:31:50.155  1223  1273 I BufferQueueConsumer: [unnamed-1223-2107](this:0x79f89f3000,id:2107,api:0,p:-1,c:1223) setConsumerName: unnamed-1223-2107
01-07 07:31:50.155  1223  1273 I BufferQueueConsumer: [SurfaceTexture-1-1223-2080](this:0x79f89f3000,id:2107,api:0,p:-1,c:1223) setConsumerName: SurfaceTexture-1-1223-2080
01-07 07:31:50.156  1430 17877 D KeyguardViewMediator10.0.1.157: onStartedGoingToSleep(3)
01-07 07:31:50.161  1430 17877 D KeyguardViewMediator10.0.1.157: setting alarm to turn off keyguard, seq = 2082
01-07 07:31:50.162  1430 17877 D KeyguardViewMediator10.0.1.157: notifyStartedGoingToSleep
01-07 07:31:50.163  1430  1430 D FaceUnlockView: onStartedGoingToSleep why 3
01-07 07:31:50.163  1430  1430 D FaceUnlockView: onStartedGoingToSleep topActivity com.ekehi.network.MainActivity, hasCameraBackground = false
01-07 07:31:50.164  1430  1430 D FaceUnlockView: onStartedGoingToSleep
01-07 07:31:50.164  1223  2744 V SettingsState: addHistoricalOperationLocked type updatesetting: Setting{name=face_unlock_keep_living value=0 default=0 packageName=com.android.systemui tag=null defaultFromSystem=true}
01-07 07:31:50.165  1430  1430 D FaceUnlockView: isSuccess is false
01-07 07:31:50.165  1223  1223 V SettingsProvider: Notifying for 0: content://settings/global/face_unlock_keep_living
01-07 07:31:50.166  1430  1430 I FaceUnlockView: closeCameraAndRemoveMsg needBlock = false
01-07 07:31:50.166  1430  1430 D FaceUnlockView: closeCameraAndRemoveMsg mCameraOpened is not open
01-07 07:31:50.166  1430  1430 D FaceIdFallback: start 4 hours alarm
01-07 07:31:50.166  1430  1430 W AlarmManager: Unrecognized alarm listener com.transsion.faceid.FaceUnlockView$char@11a18c8
01-07 07:31:50.166  1223  1223 D Griffin/StateProvider: settings-->face_unlock_keep_living
01-07 07:31:50.166  1223  1223 D Griffin/StateProvider: face unlock working off
01-07 07:31:50.171  1430  1430 V KeyguardUpdateMonitor: startListeningForFingerprint()
01-07 07:31:50.175  1430  1430 D KeyguardViewMediator10.0.1.157: handleNotifyStartedGoingToSleep
01-07 07:31:50.179  1430  1430 D TrPunchedAC: stopMoveCircleAnimaion:mUpAniamtionRunning = false 
01-07 07:31:50.179  1430  1430 D TranssionCharging18: forceEndDraw: stop animation because of scrren off
01-07 07:31:50.180  1430  1430 D BiometricUnlockController: onStartedGoingToSleep reset fp fail
01-07 07:31:50.181  1430  1430 I vol.Events: writeEvent dismiss_dialog volume_controller
01-07 07:31:50.183   506 16050 I hwcomposer: [HWCDisplay] [Display_0 (type:1)] fps:0.242072,dur:4131.01,max:4131.01,min:4131.01  
01-07 07:31:50.185   537   537 I SurfaceFlinger: screenshot (com.ekehi.network/com.ekehi.network.MainActivity#0)
01-07 07:31:50.185   537   537 I SurfaceFlinger: screenshot (StatusBar#0)
01-07 07:31:50.185   537   537 I SurfaceFlinger: screenshot (NavigationBar0#0)
01-07 07:31:50.199  1223  1273 D Surface : Surface::connect(this=0x7aa610c000,api=2)
01-07 07:31:50.200  1223  1273 I BufferQueueProducer: [SurfaceTexture-1-1223-2080](this:0x79f89f3000,id:2107,api:2,p:1223,c:1223) connect(P): api=2 producer=(1223:system_server) producerControlledByApp=true
01-07 07:31:50.200  1223  1273 D Surface : Surface::disconnect(this=0x7aa610c000,api=2)
01-07 07:31:50.200  1223  1273 I BufferQueueProducer: [SurfaceTexture-1-1223-2080](this:0x79f89f3000,id:2107,api:2,p:1223,c:1223) disconnect(P): api 2
01-07 07:31:50.246  1223  1273 V DisplayPowerController: Brightness [37] reason changing to: 'automatic', previous reason: 'automatic [ dim ]'.
01-07 07:31:50.364  1223  1273 I DisplayPowerController: Blocking screen off
01-07 07:31:50.365  1223  1419 D LightsService: setLight_native before lucid change brightness=0
01-07 07:31:50.365  1223  1273 I DisplayPowerController: Unblocked screen off after 0 ms
01-07 07:31:50.365  1223  1273 I PowerMonitorHookServer: noteScreenState state:1
01-07 07:31:50.369   508   508 D lights  : write_int open fd=7 val=0
01-07 07:31:50.373  2064  2142 I PowerMonitorNew: a whole scenario, scenario:com.ekehi.network, start-stop:623302122-623411428,duration:109306, current:0, currentconvert4V:0,currentWoBL:0,consumecoul:0,batterytime:0, conpower:0,avgsignal:400,avgDatatype:400
01-07 07:31:50.373  2064  2142 I PowerMonitorNew: exitScenario not save scenario true
01-07 07:31:50.373   658   844 D PQ      : ccorr table index=0
01-07 07:31:50.373   658   844 D PQ      : [PQ_SERVICE] setPQParamWithFilter configFlag: 1
01-07 07:31:50.376   537   537 I SurfaceFlinger: screenshot (com.ekehi.network/com.ekehi.network.MainActivity#0)
01-07 07:31:50.376  2064  2142 I PowerMonitorNew: enter scenario: screenoff,start coul:-5059
01-07 07:31:50.383  1223  1258 E KernelCpuUidUserSysTimeReader: Negative user/sys time delta for UID=10121
01-07 07:31:50.383  1223  1258 E KernelCpuUidUserSysTimeReader: Prev times: u=1464656 s=604053 Curr times: u=1463903 s=603680
01-07 07:31:50.383  2064  2142 D PowerMonitorNew: startCheckKernelWakelock
01-07 07:31:50.383   658   845 D AAL     : onBacklightChanged: 161/1023 -> 0/1023(phy:0/4095)
01-07 07:31:50.383   658   845 D AAL     : onBacklightChanged: change screen state 3(On) -> 0(Off)
01-07 07:31:50.383   658   845 D AALLightSensor: AALLightSensor setEnabled 0-->0
01-07 07:31:50.384  1223  1273 D ActivityTaskManager: Top Process State changed to PROCESS_STATE_TOP_SLEEPING
01-07 07:31:50.388  1223  1348 V SettingsState: addHistoricalOperationLocked type persistsetting: null
01-07 07:31:50.393  1223  5243 I GED     : ged_boost_gpu_freq, level 100, eOrigin 2, final_idx 29, oppidx_max 29, oppidx_min 0
01-07 07:31:50.414  1430 17877 D KeyguardViewMediator10.0.1.157: notifyScreenTurnedOff
01-07 07:31:50.414  1430  1430 D KeyguardViewMediator10.0.1.157: handleNotifyScreenTurnedOff
01-07 07:31:50.417  1223  1273 D WindowOrientationListener: WindowOrientationListener disabled
01-07 07:31:50.417   644   644 I Accelerometer: batch: handle:0, flag:0,samplingPeriodNs:10000000 maxBatchReportLatencyNs:5000000000
01-07 07:31:50.421  1223  1273 D Surface : Surface::disconnect(this=0x7aa60f0000,api=1)
01-07 07:31:50.422   537  1277 I BufferQueueProducer: [ColorFade#0](this:0x72ba602000,id:29559,api:1,p:1223,c:537) disconnect(P): api 1
01-07 07:31:50.425   644   644 I Light   : enable: handle:4, en:0 
01-07 07:31:50.427  1223  1273 D DisplayPowerController: animateScreenBrightness: target=0, rate=0    mShouldUpdateBrightnessSettingLater=false
01-07 07:31:50.427  1223  1273 V DisplayPowerController: Brightness [0] reason changing to: 'screen_off', previous reason: 'automatic'.
01-07 07:31:50.428   537   537 D SurfaceFlinger: Setting power mode 0 on display 0
01-07 07:31:50.438  3024  5121 I SmartPanel_SmartPanelService: ASP pkgName: com.ekehi.network  screenState=true
01-07 07:31:50.441  1223  1244 I DisplayManagerService: Display device changed state: "Built-in Screen", OFF
01-07 07:31:50.442  3024  5121 I SmartPanel_SmartPanelService: exitGameMode
01-07 07:31:50.442  3024  3024 D SmartPanelService: exitParentalControl
01-07 07:31:50.445  3024  5121 D BarrageWindowManager: closeFloatWindow
01-07 07:31:50.445  3024  5121 I SmartPanel_SmartPanelService: exitVideoMode
01-07 07:31:50.448   506 16050 I hwcomposer: [HWCDisplay] Display(0) SetPowerMode(0)  
01-07 07:31:50.451   492   492 D Zygote  : Forked child process 25909
01-07 07:31:50.459  3024  3024 D MagicButton_App: isEnterGamefalse
01-07 07:31:50.459  3024  3024 D MagicButton_App: exit game just close inject, don't need clear panel switch state
01-07 07:31:50.461  1430  1430 D TranssionCharging18: forceEndDraw: stop animation because of scrren off
01-07 07:31:50.461 21337 21337 D TrapReceiverService: isDisplayOn: false
01-07 07:31:50.461 21337 21337 D CommandProxyAsyncTask: onPreExecute() : sid = 8766496048332269532
01-07 07:31:50.462  3024  3024 D MagicButton_App: switchMagicMode: close magic modesys.os_volume_up_inject
01-07 07:31:50.463  3024  3024 D MagicButton_App: switchMagicMode: close magic modesys.os_volume_down_inject
01-07 07:31:50.463  3024  3024 I SmartPanel_TouchView: onRotationChange rotation=0mIsPortrait = true
01-07 07:31:50.464 21337 21361 D CommandProxyAsyncTask: DoCommandProxyOperation() : Do ACTION_TYPE_DISABLE_TRAP , sid :8766496048332269532
01-07 07:31:50.465  4093  4093 I NearbyDiscovery: (REDACTED) FastPairDisplayObserver: %s -> %s
01-07 07:31:50.466  1430  1430 D BiometricUnlockController: reset Fp Failed Attempts on Screen Turned Off
01-07 07:31:50.471  1223  1253 I ActivityManager: Start proc 25909:com.transsion.keyguardgesture/1000 for service {com.transsion.microintelligence/com.transsion.keyguardgesture.service.KeyguardGestureService}
01-07 07:31:50.475  4093  4164 I NearbySharing: Screen is locked
01-07 07:31:50.477 25909 25909 E keyguardgestur: Not starting debugger since process cannot load the jdwp agent.
01-07 07:31:50.483  1223  2744 V ActivityManager: New death recipient com.android.server.am.ActivityManagerService$AppDeathRecipient@349787 for thread android.os.BinderProxy@5f9d6b4, pid:25909,mApp:null
01-07 07:31:50.485  1223  2744 D os.ActivityManagerServiceLice: make process active com.transsion.keyguardgesture(25909)
01-07 07:31:50.486  4093  4164 I NearbySharing: Stopping scanning because the screen is locked.
01-07 07:31:50.488 21337 21361 D MDML/HIDLMCPTransmitter: Send HIDL MCP CMD start ...
01-07 07:31:50.488 21337 21361 D MDML/MCPHandler: WriteToHIDLService start
01-07 07:31:50.488 21337 21361 D MDML/MCPHandler: Write MCP Payload to HIDL connection.
01-07 07:31:50.491 25909 25909 D os.typeface: Already set agent. fontPath:null fontHash:
01-07 07:31:50.491 25273 25359 I GED     : ged_boost_gpu_freq, level 100, eOrigin 2, final_idx 29, oppidx_max 29, oppidx_min 0
01-07 07:31:50.493 25909 25909 D os.typeface: Already set agent. fontPath:null fontHash:
01-07 07:31:50.507  1223  2774 W ProcessStats: Tracking association SourceState{1c95fd9 com.ekehi.network/10259 Top #1842140} whose proc state 1 is better than process ProcessState{8b18bee com.google.android.gms/10131 pkg=com.google.android.gms} proc state 5 (39 skipped)
01-07 07:31:50.509  4093  4304 I NearbyDiscovery: (REDACTED) ApFastPairScanner: isScreenOn=%s, isLocationEnabled=%s, disableLocationRequirement=%s, isDiscoveryScanningEnabled=%s, during24GhzWifiWarmingUpPeriod=%s
01-07 07:31:50.509  4285  4285 D BoundBrokerSvc: onBind: Intent { act=com.google.android.gms.measurement.START pkg=com.google.android.gms }
01-07 07:31:50.509  4285  4285 D BoundBrokerSvc: Loading bound service for intent: Intent { act=com.google.android.gms.measurement.START pkg=com.google.android.gms }
01-07 07:31:50.515  4093  4304 D BluetoothAdapter: isLeEnabled(): OFF
01-07 07:31:50.516  4093  4304 I NearbyDiscovery: (REDACTED) ApFastPairScanner: eventType=%s, intReq=%s, scanning=%s, scanAllowed=%s, bleEnabled=%s, lockScanRate=%s, startScanningByLowPowerMode=%s
01-07 07:31:50.519 21337 21361 D MDML/MCPHandler: WriteToHIDLService send done
01-07 07:31:50.519 21337 21361 D MDML/MCPHandler: WriteToHIDLService wait reply start
01-07 07:31:50.519 21337 21361 D MDML/MCPHandler: Header is found! Type = [MCP_TYPE_JSON_CMD_RESP] Payload length = [65]
01-07 07:31:50.519  4093  4164 I NearbySharing: Stopping Fast Init advertisement because Bluetooth is off.
01-07 07:31:50.519 21337 21361 D MDML/MCPHandler: WriteToHIDLService wait reply done
01-07 07:31:50.519 21337 21361 D MDML/HIDLMCPTransmitter: Send HIDL MCP CMD ok
01-07 07:31:50.520 21337 21361 D MDML/JsonCmdEncoder: Receive reply [{"api":"MDMonitor.Trap","method":"disable","ret":0,"version":1}
01-07 07:31:50.520 21337 21361 D MDML/JsonCmdEncoder: ]
01-07 07:31:50.520 21337 21361 D CommandProxyAsyncTask: DoCommandProxyOperation() : Do ACTION_TYPE_DISABLE_TRAP Done
01-07 07:31:50.521  4093  4164 I NearbySharing: Stopping advertising because Bluetooth is disabled.
01-07 07:31:50.521  4093  4164 I NearbySharing: Stopping FastInitiation scanning because the screen is locked.
01-07 07:31:50.522 21337 21337 D TrapReceiverService: onCommandFinishUpdate commandResult: 0 mInitMDM: true
01-07 07:31:50.523  1430  1430 D LockscreenUserManager: updatePublicMode updateNotifications now
01-07 07:31:50.529  1430  1709 V SwitchDataSimTile: ready sim count = 2
01-07 07:31:50.533  1430  1709 D GameModeTile: state.value = true
01-07 07:31:50.535  4093  4164 I NearbySharing: Fast Initiation Scanning has stopped
01-07 07:31:50.535  4093  4164 I NearbySharing: Dismissing HUN as there's no device nearby.
01-07 07:31:50.540  1430  1709 D Tile.ScreenRecordTile.ScreenRecordTile: mScreenRecordMsg = 1
01-07 07:31:50.551  4285 25931 D AdvertisingIdClient: AdvertisingIdClient already created.
01-07 07:31:50.551  4285 25931 D AdvertisingIdClient: AdvertisingIdClient is not bounded. Starting to bind it...
01-07 07:31:50.559  4285 25931 D AdvertisingIdClient: AdvertisingIdClient is bounded
01-07 07:31:50.561  1430  1430 D DRM/DcfDecoder: decodeDrmImageIfNeeded with stream left [0]
01-07 07:31:50.564  4285 25931 I AdvertisingIdClient: shouldSendLog 622153928
01-07 07:31:50.564  4285 25931 I AdvertisingIdClient: GetInfoInternal elapse 13ms
01-07 07:31:50.571 25909 25909 D os.typeface: Already set agent. fontPath:null fontHash:
01-07 07:31:50.574  4093  4093 D BoundBrokerSvc: onRebind: Intent { act=com.google.android.gms.presencemanager.service.START dat=chimera-action: cmp=com.google.android.gms/.chimera.PersistentApiService }
01-07 07:31:50.579  4093  4093 D BoundBrokerSvc: onRebind: Intent { act=com.google.android.gms.presencemanager.service.INTERNAL_IDENTITY dat=chimera-action: cmp=com.google.android.gms/.chimera.PersistentApiService }
01-07 07:31:50.584 25909 25909 I LoadedApk: No resource references to update in package com.transsion.theme.icon
01-07 07:31:50.590  1607  1607 D ServiceStateProvider: subId=-1
01-07 07:31:50.600  1223  1252 E NotificationService: Suppressing notification from package by user request.
01-07 07:31:50.600 25909 25909 D KeyguardGestureService: onCreate startForeground
01-07 07:31:50.601 25909 25909 D KeyguardGestureService: onStartCommand method=onScreenTurnedOff
01-07 07:31:50.607 25909 25909 E libc    : Access denied finding property "sys.boot.reason"
01-07 07:31:50.605 25909 25909 W keyguardgesture: type=1400 audit(0.0:203553): avc: denied { read } for name="u:object_r:system_boot_reason_prop:s0" dev="tmpfs" ino=366 scontext=u:r:system_app:s0 tcontext=u:object_r:system_boot_reason_prop:s0 tclass=file permissive=0
01-07 07:31:50.622  1430  1430 D NotificationListener: onRankingUpdate
01-07 07:31:50.621 25935 25935 W mount   : type=1400 audit(0.0:203554): avc: denied { search } for name="vendor" dev="tmpfs" ino=14275 scontext=u:r:untrusted_app:s0:c3,c257,c512,c768 tcontext=u:object_r:mnt_vendor_file:s0 tclass=dir permissive=0
01-07 07:31:50.634 25909 25909 V KeyguardGestureManager: registerReceiver
01-07 07:31:50.636 25909 25909 D KeyguardGestureManager: handlePhoneStateChanged() - mPhoneState = 0
01-07 07:31:50.638  4093 25843 I NetworkScheduler: (REDACTED) Error inserting %s
01-07 07:31:50.638  1223  2744 W RemoteCallbackList: Size=4192 remote callbacks registered.
01-07 07:31:50.640  2856  8415 I BoxJoinService: call acquireCategory sbn:StatusBarNotification(pkg=com.facebook.lite user=UserHandle{0} id=0 tag=c3Rvcnk6MTAwMDc4NzY4NzY5Njc3OjE3Njc3NjM0NzI0MjIzNTk6NDUxNzYxNzExNTI2Njg3 key=0|com.facebook.lite|0|c3Rvcnk6MTAwMDc4NzY4NzY5Njc3OjE3Njc3NjM0NzI0MjIzNTk6NDUxNzYxNzExNTI2Njg3|10221: Notification(channel=comments_SV pri=2 contentView=com.facebook.lite/0x7f0b0004 vibrate=default sound=default tick defaults=0x3 flags=0x19 color=0xff0866ff groupKey=elevated_notif_group vis=PUBLIC))
01-07 07:31:50.657  1607  1607 D ServiceStateProvider: subId=1
01-07 07:31:50.664  2856  8415 I BoxJoinService: call acquireCategory sbn:StatusBarNotification(pkg=com.facebook.lite user=UserHandle{0} id=0 tag=c3Rvcnk6MTAwMDc4NzY4NzY5Njc3OjE3Njc3NjM0NzI0MjIzNTk6NDUxNzYxNzExNTI2Njg3 key=0|com.facebook.lite|0|c3Rvcnk6MTAwMDc4NzY4NzY5Njc3OjE3Njc3NjM0NzI0MjIzNTk6NDUxNzYxNzExNTI2Njg3|10221: Notification(channel=comments_SV pri=2 contentView=com.facebook.lite/0x7f0b0004 vibrate=default sound=default tick defaults=0x3 flags=0x19 color=0xff0866ff groupKey=elevated_notif_group vis=PUBLIC))
01-07 07:31:50.672  2856  8415 I BoxJoinService: call acquireCategory sbn:StatusBarNotification(pkg=com.facebook.lite user=UserHandle{0} id=0 tag=c3Rvcnk6MTAwMDc4NzY4NzY5Njc3OjE3Njc3MjUzMTcxNjI1ODE6NDUxNzYxNzExNTI2Njg3 key=0|com.facebook.lite|0|c3Rvcnk6MTAwMDc4NzY4NzY5Njc3OjE3Njc3MjUzMTcxNjI1ODE6NDUxNzYxNzExNTI2Njg3|10221: Notification(channel=comments_SV pri=2 contentView=com.facebook.lite/0x7f0b0004 vibrate=default sound=default tick defaults=0x3 flags=0x19 color=0xff0866ff groupKey=elevated_notif_group vis=PUBLIC))
01-07 07:31:50.682  1607  1607 D ServiceStateProvider: subId=2
01-07 07:31:50.683 25273 25929 I System.out: [okhttp]:check permission begin!
01-07 07:31:50.683 25273 25929 I System.out: [okhttp]:not MMS!
01-07 07:31:50.683 25273 25929 I System.out: [okhttp]:not Email!
01-07 07:31:50.689  2856  8415 I BoxJoinService: call acquireCategory sbn:StatusBarNotification(pkg=com.facebook.lite user=UserHandle{0} id=0 tag=c3Rvcnk6MTAwMDc4NzY4NzY5Njc3OjE3Njc3MjUzMTcxNjI1ODE6NDUxNzYxNzExNTI2Njg3 key=0|com.facebook.lite|0|c3Rvcnk6MTAwMDc4NzY4NzY5Njc3OjE3Njc3MjUzMTcxNjI1ODE6NDUxNzYxNzExNTI2Njg3|10221: Notification(channel=comments_SV pri=2 contentView=com.facebook.lite/0x7f0b0004 vibrate=default sound=default tick defaults=0x3 flags=0x19 color=0xff0866ff groupKey=elevated_notif_group vis=PUBLIC))
01-07 07:31:50.696  2856  8415 I BoxJoinService: call acquireCategory sbn:StatusBarNotification(pkg=com.facebook.lite user=UserHandle{0} id=0 tag=c3Rvcnk6MTAwMDc4NzY4NzY5Njc3OjE3Njc3Mjc5NDgyMzU2NDg6NDUxNzYxNzExNTI2Njg3 key=0|com.facebook.lite|0|c3Rvcnk6MTAwMDc4NzY4NzY5Njc3OjE3Njc3Mjc5NDgyMzU2NDg6NDUxNzYxNzExNTI2Njg3|10221: Notification(channel=comments_SV pri=2 contentView=com.facebook.lite/0x7f0b0004 vibrate=default sound=default tick defaults=0x3 flags=0x19 color=0xff0866ff groupKey=elevated_notif_group vis=PUBLIC))
01-07 07:31:50.708   537   537 D SurfaceFlinger: Finished setting power mode 0 on display 0
01-07 07:31:50.708  1223  1419 D SurfaceControl: Excessive delay in setPowerMode()
01-07 07:31:50.709   523   564 I power@1.3-impl: setInteractive Disable All 2849 623411
01-07 07:31:50.710   523   563 I powerd  : [powerd_req] POWER_MSG_SCN_DISABLE_ALL
01-07 07:31:50.713  1223  1223 D WindowManager: setEnableTSensor isEnable:false, mTSensor:{Sensor name="TILT_DETECTOR", vendor="MTK", version=1, type=22, maxRange=1.0, resolution=1.0, power=0.001, minDelay=0}
01-07 07:31:50.713  2856  8415 I BoxJoinService: call acquireCategory sbn:StatusBarNotification(pkg=com.facebook.lite user=UserHandle{0} id=0 tag=c3Rvcnk6MTAwMDc4NzY4NzY5Njc3OjE3Njc3Mjc5NDgyMzU2NDg6NDUxNzYxNzExNTI2Njg3 key=0|com.facebook.lite|0|c3Rvcnk6MTAwMDc4NzY4NzY5Njc3OjE3Njc3Mjc5NDgyMzU2NDg6NDUxNzYxNzExNTI2Njg3|10221: Notification(channel=comments_SV pri=2 contentView=com.facebook.lite/0x7f0b0004 vibrate=default sound=default tick defaults=0x3 flags=0x19 color=0xff0866ff groupKey=elevated_notif_group vis=PUBLIC))
01-07 07:31:50.716   644   644 I Situation: batch: handle:22, flag:0,samplingPeriodNs:1000000 maxBatchReportLatencyNs:0
01-07 07:31:50.716   599  1369 E flp     : flp_screen_monitor_thread: Screen off
01-07 07:31:50.717   599  1367 D MNLD    : mnld_main_thread: n=3
01-07 07:31:50.717   599  1367 D MNLD    : mnld_main_thread: flp2mnl_hdlr msg
01-07 07:31:50.717   599  1367 D MNLD    : mnld_main_thread: gfc2mnl_hdlr msg
01-07 07:31:50.717   599  1367 D MNLD    : main_event_hdlr: SCREEN2MAIN_EVENT_SCREEN = 0
01-07 07:31:50.719   644   644 I Situation: enable: handle:22, en:1 
01-07 07:31:50.721  1430 17877 D KeyguardViewMediator10.0.1.157: onFinishedGoingToSleep(3)
01-07 07:31:50.721  1430 17877 D KeyguardViewMediator10.0.1.157: notifyFinishedGoingToSleep
01-07 07:31:50.723  1223  1223 V AlarmManager: wmy: ACTION_SCREEN_OFF 1767767510723
01-07 07:31:50.725   491 25940 E ResolverController: No valid NAT64 prefix (189, <unspecified>/0)
01-07 07:31:50.729 25273 25929 I System.out: [socket]:check permission begin!
01-07 07:31:50.732  1223  1382 E WifiClientModeImpl: getWifiLinkLayerStats called without an interface
01-07 07:31:50.733  1223  1382 D WifiConnectivityManager: handleScreenStateChanged: screenOn=false
01-07 07:31:50.733  1223  1382 D WifiConnectivityManager: startConnectivityScan: screenOn=false wifiState=transitioning scanImmediately=false wifiEnabled=false wifiConnectivityManagerEnabled=true
01-07 07:31:50.735  1223  1223 D AudioSystem: +setParameters(): screen_state=off 
01-07 07:31:50.745   496   581 D AudioALSAHardware: +setParameters(): screen_state=off
01-07 07:31:50.747   496   581 D AudioALSAStreamOut: +setScreenState(), flag 6, mode 0
01-07 07:31:50.747   496   581 D AudioALSAStreamOut: +setScreenState(), flag 8, mode 0
01-07 07:31:50.747   496   581 D AudioALSAStreamOut: +setScreenState(), flag 32768, mode 0
01-07 07:31:50.747   496   581 D AudioALSAStreamOut: +setScreenState(), flag 65536, mode 0
01-07 07:31:50.748   496   581 D AudioALSAHardware: -setParameters(): screen_state=off 
01-07 07:31:50.751  1430  1430 D KeyguardViewMediator10.0.1.157: handleNotifyFinishedGoingToSleep
01-07 07:31:50.751  1430  1430 D FaceUnlockView: onFinishedGoingToSleep...
01-07 07:31:50.753  1223  1223 D DeviceIdleController: updateInteractivityLocked: screenOn=false
01-07 07:31:50.754  1223  1223 D DeviceIdleController: becomeInactiveIfAppropriateLocked(): isScreenBlockingInactive=false (mScreenOn=false, WAIT_FOR_UNLOCK=true, mScreenLocked=false) mCharging=true mForceIdle=false
01-07 07:31:50.755  1430  1430 V KeyguardUpdateMonitor: startListeningForFingerprint()
01-07 07:31:50.760  1223  1273 D PowerManagerService: DemoModeScreenStateReceiver->ACTION_SCREEN_OFF
01-07 07:31:50.760  1430  1430 D TranssionCharging18: forceEndDraw: stop animation because of scrren off
01-07 07:31:50.761  1430  1430 D StatusBar: updateQsExpansionEnabled - QS Expand enabled: true
01-07 07:31:50.761  1430  1430 D NavigationBarController: navBar 32792 on displayId = 0
01-07 07:31:50.761  1430  1430 D NotificationMediaManager: finishUpdateMediaMetaData-533------------ null <--> lockWallpaper
01-07 07:31:50.761  1223  1273 D PowerManagerService: scheduleShowVideo->nPowerData:86,mIsPowered:true
01-07 07:31:50.761  1223  1273 D PowerManagerService: scheduleShowVideo->timeMs:1000
01-07 07:31:50.766  1223  1223 D Griffin/StateProvider: screen state changed:off
01-07 07:31:50.766  1430  1430 D os.typeface: Already set agent. fontPath:null fontHash:
01-07 07:31:50.768  1223  1223 D Griffin/PMReceiver: receive action:android.intent.action.SCREEN_OFF
01-07 07:31:50.773  1430  1430 D QS      : setKeyguardState 0, onKeyguard = false
01-07 07:31:50.774  1430  1430 D QS      : setExpanded false
01-07 07:31:50.793  1430  1709 V SwitchDataSimTile: ready sim count = 2
01-07 07:31:50.795  1731  1731 I Athena  : 
01-07 07:31:50.795  1731  1731 I Athena  : main, onReceive(b.java:23)
01-07 07:31:50.795  1731  1731 I Athena  : Athena receive action = android.intent.action.SCREEN_OFF
01-07 07:31:50.798  1430  1430 I vol.Events: writeEvent dismiss_dialog screen_off
01-07 07:31:50.799  1430  1709 D GameModeTile: state.value = true
01-07 07:31:50.805  1430  1709 D Tile.ScreenRecordTile.ScreenRecordTile: mScreenRecordMsg = 1
01-07 07:31:50.812  1870  1870 I DeviceStatusMonitor: onReceive() : Action = android.intent.action.SCREEN_OFF
01-07 07:31:50.813  1870  1870 I VoiceImeUtils: S3 recognizer enabled.
01-07 07:31:50.833  1430  1430 D LockscreenUserManager: updatePublicMode updateNotifications now
01-07 07:31:50.841  1607  1607 I TranPhoneInterfaceManagerEx: intent.getAction() = android.intent.action.SCREEN_OFF
01-07 07:31:50.841  1607  1607 I TranPhoneInterfaceManagerEx: ACTION_SCREEN_OFF, mIsFirstEnable = falsemIsSecondEnable = false
01-07 07:31:50.842  1430  1430 D StackScroller: onStatePostChange updateNotifications now
01-07 07:31:50.859  2889  2889 D HealthStepService: screen off
01-07 07:31:50.867  3024  3024 D View    : [Warning] assignParent to null: this = com.transsion.smartpanel.view.fling.TranNavigationBarEdgePanel{2528bb1 G.ED..... ......I. 0,0-100,200}
01-07 07:31:50.867  3024  3024 I SmartPanel_TouchView: changeCanGestureStatus mCanGesture = false
01-07 07:31:50.868  3024  3024 I InputTransport: Destroy ARC handle: 0x7af1164aa0
01-07 07:31:50.868  2856  2856 I Hoffnung: onReceive Intent { act=android.intent.action.SCREEN_OFF flg=0x50200010 }
01-07 07:31:50.908  1430  1443 I ndroid.systemu: NativeAlloc concurrent copying GC freed 281890(10MB) AllocSpace objects, 0(0B) LOS objects, 50% free, 27MB/54MB, paused 137us total 263.765ms
01-07 07:31:50.916  6091  6091 I XPC_ScreenOffModelImp: screenOffClean isSupportSleepOffAceelerateFeature: 
01-07 07:31:50.917  6091  6091 D XPC_PowerSaveUtils: isUltraPowerOn(context) isOn=false
01-07 07:31:50.920  6091  6091 D XPC_ScreenStatusReceiver: screenOffClean: false
01-07 07:31:50.983   644   644 I Accelerometer: enable: handle:0, en:0
01-07 07:31:51.039  4093  4304 I NearbyDiscovery: (REDACTED) FastPairHandler: Received action %s
01-07 07:31:51.042  4093  4304 I NearbyDiscovery: (REDACTED) ApFastPairScanner: isScreenOn=%s, isLocationEnabled=%s, disableLocationRequirement=%s, isDiscoveryScanningEnabled=%s, during24GhzWifiWarmingUpPeriod=%s
01-07 07:31:51.043  4093  4304 D BluetoothAdapter: isLeEnabled(): OFF
01-07 07:31:51.044  4093  4304 I NearbyDiscovery: (REDACTED) ApFastPairScanner: eventType=%s, intReq=%s, scanning=%s, scanAllowed=%s, bleEnabled=%s, lockScanRate=%s, startScanningByLowPowerMode=%s
01-07 07:31:51.045  4093  4304 I NearbyDiscovery: FastPairController: onSystemStateChanged: skip due to flag disabled [CONTEXT service_id=265 ]
01-07 07:31:51.050  4093  4093 D BoundBrokerSvc: onRebind: Intent { act=com.google.android.gms.clearcut.bootcount.service.START dat=chimera-action: cmp=com.google.android.gms/.chimera.PersistentBoundBrokerService }
01-07 07:31:51.117 25273 25273 D MiningManager: App moved to background
01-07 07:31:51.509   506 16050 I hwcomposer: [HWC] (0) displayGetActiveConfig config:0  
01-07 07:31:51.533  4093  4093 D BoundBrokerSvc: onRebind: Intent { act=com.google.android.gms.libs.gmscorelogger.service.START dat=chimera-action: cmp=com.google.android.gms/.chimera.PersistentDirectBootAwareApiService }
01-07 07:31:51.629   492   492 D Zygote  : Forked child process 25948
01-07 07:31:51.635  1223  1253 I ActivityManager: Start proc 25948:android.process.acore/u0a47 for content provider {com.android.providers.contacts/com.android.providers.contacts.ContactsProvider2}
01-07 07:31:51.643 25948 25948 E d.process.acor: Not starting debugger since process cannot load the jdwp agent.
01-07 07:31:51.651  1223  2774 V ActivityManager: New death recipient com.android.server.am.ActivityManagerService$AppDeathRecipient@70d8bf1 for thread android.os.BinderProxy@ece33d6, pid:25948,mApp:null
01-07 07:31:51.653  1223  2774 D os.ActivityManagerServiceLice: make process active android.process.acore(25948)
01-07 07:31:51.660 25948 25948 D os.typeface: Already set agent. fontPath:null fontHash:
01-07 07:31:51.662 25948 25948 I chatty  : uid=10047(com.android.calllogbackup) android.process.acore identical 1 line
01-07 07:31:51.687 25948 25948 D os.typeface: Already set agent. fontPath:null fontHash:
01-07 07:31:51.692 25948 25948 I LoadedApk: No resource references to update in package com.transsion.theme.icon
01-07 07:31:51.696 25948 25948 D os.typeface: Already set agent. fontPath:null fontHash:
01-07 07:31:51.713 25948 25948 D os.typeface: Already set agent. fontPath:null fontHash:
01-07 07:31:51.740 25948 25948 I ContactsPerf: VoicemailContentProvider.onCreate start
01-07 07:31:51.749 25948 25948 I ContactsPerf: VoicemailContentProvider.onCreate finish
01-07 07:31:51.762 25948 25948 I ContactsDatabaseHelper: updateUseStrictPhoneNumberComparison: NG
01-07 07:31:51.764  1223  1273 W ContextImpl: Calling a method in the system process without a qualified user: android.app.ContextImpl.startActivity:944 com.android.server.power.PowerManagerService$PowerManagerHandler.handleMessage:4959 android.os.Handler.dispatchMessage:107 android.os.Looper.loop:264 android.os.HandlerThread.run:67 
01-07 07:31:51.764 25948 25948 D ActivityThread: Loading provider contacts;com.android.contacts: com.android.providers.contacts.ContactsProvider2
01-07 07:31:51.765  1223  1273 W ContextImpl: Calling a method in the system process without a qualified user: android.app.ContextImpl.startActivity:956 android.app.ContextImpl.startActivity:945 com.android.server.power.PowerManagerService$PowerManagerHandler.handleMessage:4959 android.os.Handler.dispatchMessage:107 android.os.Looper.loop:264 
01-07 07:31:51.765  1223  1273 D os.activity: on start activity Intent { act=android.intent.action.VIDEO flg=0x10008000 cmp=com.transsion.demomode/.activity.VideoActivity (has extras) }
01-07 07:31:51.766  1223  1273 W ActivityTaskManager: checkDualprofileControl, from:android, to:com.transsion.demomode, with act:android.intent.action.VIDEO, callingUserId:0, toUserId:0, aInfo:null
01-07 07:31:51.766  1223  1273 I ActivityTaskManager: START u0 {act=android.intent.action.VIDEO flg=0x10008000 cmp=com.transsion.demomode/.activity.VideoActivity (has extras)} from uid 1000
01-07 07:31:51.767  1223  1273 D HolaSettings: getComponentEnabledSetting() cn=ComponentInfo{com.transsion.demomode/com.transsion.demomode.activity.VideoActivity}, ps=null
01-07 07:31:51.768  1223  1273 E PowerManagerService: start VideoActivity failed: android.content.ActivityNotFoundException: Unable to find explicit activity class {com.transsion.demomode/com.transsion.demomode.activity.VideoActivity}; have you declared this activity in your AndroidManifest.xml?
01-07 07:31:51.781 25948 25965 W System  : ClassLoader referenced unknown path: /system/framework/mediatek-cta.jar
01-07 07:31:51.782 25948 25965 W CtaManagerFactory: CtaManagerFactoryImpl not found
01-07 07:31:51.811 25948 25971 D ContactsDatabaseHelper: WAL enabled for contacts2.db: true
01-07 07:31:51.893 25948 25971 I ContactLocale: AddressBook Labels [[en_US]]: [, A, B, C, D, E, F, G, H, I, J, K, L, M, N, O, P, Q, R, S, T, U, V, W, X, Y, Z, , , , , , , , , , , , , , , , , , , , , , , , , , , , , , , , , , , , , , , , , , , , , , , , , , , , , , , , , , , , , , , , , , , , , , , , , , , , , , , , , , , , , , , , , , , , , , , , , , , , , , , , , , , , , , , , , , , , , , , , , , , , , , , , , , , , , , , , , , , , , , , , , , , , , , , , , , , , , , , , , , , , , , , , , , , , , , , , , , , , , , , , , , , #, ]
01-07 07:31:51.935 25948 25970 D ContactsDatabaseHelper: WAL enabled for profile.db: false
01-07 07:31:51.988 25948 25971 D ContactsProvider: loadLocalPhoneAccounts()+ 
01-07 07:31:51.988 25948 25970 D ContactsProvider: loadLocalPhoneAccounts()+ 
01-07 07:31:51.990 25948 25970 I ContactsProvider: loadLocal Phone Accounts -cursor.count:1
01-07 07:31:51.992 25948 25971 I ContactsProvider: loadLocal Phone Accounts -cursor.count:1
01-07 07:31:52.028   506 16050 I hwcomposer: [HWC] (0) displayGetActiveConfig config:0  
01-07 07:31:52.030  1430  1430 D NotificationListener: onRankingUpdate
01-07 07:31:52.517 25273 25908 I FA      : Application backgrounded at: timestamp_millis: 1767767510512
01-07 07:31:53.583   506 16050 I hwcomposer: [HWC] (0) displayGetActiveConfig config:0  
01-07 07:31:54.103   506 16050 I chatty  : uid=1000(system) HwBinder:506_3 identical 1 line
01-07 07:31:54.621   506 16050 I hwcomposer: [HWC] (0) displayGetActiveConfig config:0  
01-07 07:31:55.005 25273 25929 I System.out: [OkHttp] sendRequest<<
01-07 07:31:55.140   506 16050 I hwcomposer: [HWC] (0) displayGetActiveConfig config:0  
01-07 07:31:55.143  1223  1249 W ActivityManager: Invalid packageName: com.openrate.goodmorni
01-07 07:31:55.163  1430  1430 D KeyguardViewMediator10.0.1.157: received DELAYED_KEYGUARD_ACTION with seq = 2082, mDelayedShowingSequence = 2082
01-07 07:31:55.171  1430  1430 D KeyguardViewMediator10.0.1.157: lockedOrMissing is false, requireSim=true, antiTheftLocked=false
01-07 07:31:55.174  1430  1430 D KeyguardViewMediator10.0.1.157: doKeyguard: showing the lock screen
01-07 07:31:55.175  1430  1430 D KeyguardViewMediator10.0.1.157: showLocked
01-07 07:31:55.182  1430  1430 D KeyguardViewMediator10.0.1.157: handleShow
01-07 07:31:55.189  1430  1430 V KeyguardUpdateMonitor: startListeningForFingerprint()
01-07 07:31:55.194  1223  1244 W UsageStatsService: Event reported without a package name, eventType:17
01-07 07:31:55.202  1223  2774 D os.typeface: Already set agent. fontPath:null fontHash:
01-07 07:31:55.205  1223  1223 W Binder:1223_16: type=1400 audit(0.0:203610): avc: denied { read } for name="capacity" dev="sysfs" ino=30947 scontext=u:r:system_server:s0 tcontext=u:object_r:sysfs_batteryinfo:s0 tclass=file permissive=0
01-07 07:31:55.215  3024  3024 D MagicButton_App: isEnterGamefalse
01-07 07:31:55.217  3024  3024 D MagicButton_App: exit game just close inject, don't need clear panel switch state
01-07 07:31:55.221  3024  3024 D MagicButton_App: switchMagicMode: close magic modesys.os_volume_up_inject
01-07 07:31:55.225  3024  3024 D MagicButton_App: switchMagicMode: close magic modesys.os_volume_down_inject
01-07 07:31:55.225  3024  3024 I SmartPanel_TouchView: onRotationChange rotation=0mIsPortrait = true
01-07 07:31:55.234  1430  1430 V KeyguardUpdateMonitor: *** register callback for com.android.keyguard.KeyguardHostView$1@3608efc
01-07 07:31:55.234  1430  1430 V KeyguardUpdateMonitor: *** unregister callback for null
01-07 07:31:55.236  1430  1430 D AntiTheftManager: getInstance(...) is called.
01-07 07:31:55.237  1223  1244 I DeviceIdleController: keyguardShowing=true
01-07 07:31:55.238 25273 25359 D Surface : Surface::disconnect(this=0x7a975a6000,api=1)
01-07 07:31:55.240   537  1997 I BufferQueueProducer: [com.ekehi.network/com.ekehi.network.MainActivity#0](this:0x72d48a3000,id:29558,api:1,p:25273,c:537) disconnect(P): api 1
01-07 07:31:55.242  1430  1430 D KeyguardSecurityView: showSecurityScreen() - get oldView forInvalid, get newView forPIN
01-07 07:31:55.255  1430  1430 V KeyguardUpdateMonitor: *** register callback for com.android.keyguard.KeyguardMessageArea$1@45f8901
01-07 07:31:55.255  1430  1430 V KeyguardUpdateMonitor: *** unregister callback for null
01-07 07:31:55.256  1430  1430 D AntiTheftManager: getInstance(...) is called.
01-07 07:31:55.257  1223  2744 I TranWmsFloatExt: getTbFloatWMExt sFloatWindowManagerExt: com.transsion.server.wm.TranWmsTbFloatWindowManagerExtImpl@4387ca6
01-07 07:31:55.263 25273 25273 V PhoneWindow: DecorView setVisiblity: visibility = 4, Parent = android.view.ViewRootImpl@1701643, this = DecorView@3b6d754[MainActivity]
01-07 07:31:55.309  1430  1430 D KeyguardMessage: resetState, displayDefaultSecurityMessage
01-07 07:31:55.310  1430  1430 D KeyguardSecurityView: showSecurityScreen() - newView.setKeyguardCallback(mCallback)
01-07 07:31:55.311  1430  1430 D KeyguardSecurityView: Before update, mCurrentSecuritySelection = PIN, After update, mCurrentSecuritySelection = Invalid
01-07 07:31:55.314  1430  1430 D AntiTheftManager: getInstance(...) is called.
01-07 07:31:55.320  1430  1430 V KeyguardUpdateMonitor: *** register callback for com.android.keyguard.CarrierTextController$2@85bb471
01-07 07:31:55.321  1430  1430 V KeyguardUpdateMonitor: *** unregister callback for null
01-07 07:31:55.321  1430  1430 D CarrierTextController: getCarrierTextForSimState:MTN NG
01-07 07:31:55.321  1430  1430 D CarrierTextController: getCarrierTextForSimState:Airtel NG
01-07 07:31:55.322  1430  1430 D CarrierTextController: getCarrierTextForSimState:Invalid Card.
01-07 07:31:55.322  1430  1430 D CarrierTextController: before displayText:null
01-07 07:31:55.322  1430  1430 D CarrierTextController: show displayText:MTN NG  Airtel NG
01-07 07:31:55.322  1430  1430 D CarrierTextController: getCarrierTextForSimState:MTN NG
01-07 07:31:55.323  1430  1430 D CarrierTextController: getCarrierTextForSimState:Airtel NG
01-07 07:31:55.323  1430  1430 D CarrierTextController: getCarrierTextForSimState:Invalid Card.
01-07 07:31:55.323  1430  1430 D CarrierTextController: before displayText:null
01-07 07:31:55.323  1430  1430 D CarrierTextController: show displayText:MTN NG  Airtel NG
01-07 07:31:55.328  1430  1430 V KeyguardUpdateMonitor: *** register callback for com.android.keyguard.EmergencyButton$1@6c7256
01-07 07:31:55.328  1430  1430 V KeyguardUpdateMonitor: *** unregister callback for null
01-07 07:31:55.347  1430  1430 D AntiTheftManager: getInstance(...) is called.
01-07 07:31:55.355  1430  1430 D AntiTheftManager: getInstance(...) is called.
01-07 07:31:55.358  1430  1430 D TrPunchedAC: isCameraVisible = true
01-07 07:31:55.361  1430  1430 D StatusBar: updateQsExpansionEnabled - QS Expand enabled: true
01-07 07:31:55.361  1430  1430 D NavigationBarController: navBar 32792 on displayId = 0
01-07 07:31:55.361  1430  1430 D NotificationMediaManager: finishUpdateMediaMetaData-533------------ null <--> lockWallpaper
01-07 07:31:55.361  1430  1430 D NotificationMediaManager: wallpaperShowing : false
01-07 07:31:55.361  1430  1430 D LockscreenHost: onVisibilityAggregated(isVisible):true
01-07 07:31:55.361  1430  1430 D StatusBarWindowController: setShowWallpaper-676------------ false <--> showWallpaper
01-07 07:31:55.361  1430  1430 D StatusBar: resetPanelView
01-07 07:31:55.361  1430  1430 D QS      : setExpanded false
01-07 07:31:55.390  1430  1430 D QS      : setKeyguardState 1, onKeyguard = true
01-07 07:31:55.398  1430  1430 D AntiTheftManager: getInstance(...) is called.
01-07 07:31:55.401  1430  1430 D TrPunchedAC: isCameraVisible = true
01-07 07:31:55.403  1430  1430 D QS      : setExpanded false
01-07 07:31:55.412  1430  1430 D StatusBar: updateScrimBehind state = 1
01-07 07:31:55.412  1430  1430 D StatusBar: disable<e i a s b h r c s > disable2<q i n >
01-07 07:31:55.412  1430  1430 D NavigationBarController: navBar 32792 on displayId = 0
01-07 07:31:55.419  1430  1430 D StatusBar: disable<e i a s b h r c s > disable2<q i n >
01-07 07:31:55.419  1430  1430 D StatusBar: set statusLayoutShowing to true
01-07 07:31:55.420  1430  1430 D KeyguardViewMediator10.0.1.157: adjustStatusBarLocked: mShowing=true mOccluded=false isSecure=true force=false --> flags=0x1200000
01-07 07:31:55.420  2999  2999 I SpeechToTextAccessibili: accessibilityEvent: EventType: TYPE_WINDOW_STATE_CHANGED; EventTime: 498334339; PackageName: com.android.systemui; MovementGranularity: 0; Action: 0; ContentChangeTypes: [CONTENT_CHANGE_TYPE_PANE_APPEARED]; WindowChangeTypes: [] [ ClassName: android.widget.FrameLayout; Text: [Notification shade.]; ContentDescription: null; ItemCount: -1; CurrentItemIndex: -1; Enabled: true; Password: false; Checked: false; FullScreen: false; Scrollable: false; BeforeText: null; FromIndex: -1; ToIndex: -1; ScrollX: -1; ScrollY: -1; MaxScrollX: -1; MaxScrollY: -1; AddedCount: -1; RemovedCount: -1; ParcelableData: null ]; recordCount: 0
01-07 07:31:55.420  1223  2774 I StatusBarManagerService: disable1: 0x01200000 -> 0x00000000,com.android.systemui,whichFlag=1
01-07 07:31:55.423  1223  2774 E StatusBarManagerService: Disable StatusBar & NavigationBar!!!java.lang.Throwable
01-07 07:31:55.423  1223  2774 E StatusBarManagerService: 	at com.android.server.statusbar.StatusBarManagerService.disableLocked(StatusBarManagerService.java:758)
01-07 07:31:55.423  1223  2774 E StatusBarManagerService: 	at com.android.server.statusbar.StatusBarManagerService.disableForUser(StatusBarManagerService.java:706)
01-07 07:31:55.423  1223  2774 E StatusBarManagerService: 	at com.android.internal.statusbar.IStatusBarService$Stub.onTransact(IStatusBarService.java:469)
01-07 07:31:55.423  1223  2774 E StatusBarManagerService: 	at android.os.Binder.execTransactInternal(Binder.java:1046)
01-07 07:31:55.423  1223  2774 E StatusBarManagerService: 	at android.os.Binder.execTransact(Binder.java:997)
01-07 07:31:55.425  1430  1430 D KeyguardMessage: resetState, displayDefaultSecurityMessage
01-07 07:31:55.425  1430  1430 D AntiTheftManager: getInstance(...) is called.
01-07 07:31:55.430  1430  1430 D KeyguardUpdateMonitor: onKeyguardVisibilityChanged(true)
01-07 07:31:55.433  1430  1430 D Aron    : onKeyguardVisibilityChanged-140------------true
01-07 07:31:55.433  1430  1430 D FaceUnlockView: onKeyguardVisibilityChanged... showing = true
01-07 07:31:55.434  1430  1430 D TrRoamTimeZoneObserver: mRoamTimeZone : Africa/Lagos,showRoam : true,currentTimeZone : Africa/Lagos
01-07 07:31:55.435  1430  1430 D TrRoamTimeZoneObserver: doubleClockShow: false
01-07 07:31:55.435  1430  1430 W KeyguardStatusView: single clock is showing
01-07 07:31:55.435  1430  1430 D TrClockView: onKeyguardVisibilityChanged updateTime
01-07 07:31:55.437  1430  1430 D TrClockView: onKeyguardVisibilityChanged updateTime
01-07 07:31:55.440  1430  1430 V KeyguardUpdateMonitor: startListeningForFingerprint()
01-07 07:31:55.444  1430  1430 D KeyguardViewMediator10.0.1.157: adjustStatusBarLocked: mShowing=true mOccluded=false isSecure=true force=false --> flags=0x1200000
01-07 07:31:55.446  1430  1430 V KeyguardUpdateMonitor: startListeningForFingerprint()
01-07 07:31:55.465  1430  1430 D PhoneStatusBarView: cornerCutoutMargins left = 177
01-07 07:31:55.475   537   648 I BufferQueueConsumer: [StatusBar#0](this:0x72b7896800,id:6,api:1,p:1430,c:537) setDefaultBufferSize: width=720 height=1640
01-07 07:31:55.485  1430  1430 D PhoneStatusBarView: cornerCutoutMargins left = 177
01-07 07:31:55.489  1430  1804 D Surface : Surface::disconnect(this=0x7b875f7000,api=1)
01-07 07:31:55.490   537   648 I BufferQueueProducer: [StatusBar#0](this:0x72b7896800,id:6,api:1,p:1430,c:537) disconnect(P): api 1
01-07 07:31:55.493  1430  1804 D Surface : Surface::connect(this=0x7b875f7000,api=1)
01-07 07:31:55.494   537   648 I BufferQueueProducer: [StatusBar#0](this:0x72b7896800,id:6,api:1,p:1430,c:537) connect(P): api=1 producer=(1430:com.android.systemui) producerControlledByApp=false
01-07 07:31:55.495  1430  1804 D mali_winsys: EGLint new_window_surface(egl_winsys_display *, void *, EGLSurface, EGLConfig, egl_winsys_surface **, EGLBoolean) returns 0x3000
01-07 07:31:55.495  1430  1804 D Surface : Surface::setBufferCount(this=0x7b875f7000,bufferCount=3)
01-07 07:31:55.499  2999  2999 I SpeechToTextAccessibili: accessibilityEvent: EventType: TYPE_WINDOW_STATE_CHANGED; EventTime: 498334419; PackageName: com.android.systemui; MovementGranularity: 0; Action: 0; ContentChangeTypes: [CONTENT_CHANGE_TYPE_PANE_TITLE]; WindowChangeTypes: [] [ ClassName: android.widget.FrameLayout; Text: [Lock screen.]; ContentDescription: null; ItemCount: -1; CurrentItemIndex: -1; Enabled: true; Password: false; Checked: false; FullScreen: false; Scrollable: false; BeforeText: null; FromIndex: -1; ToIndex: -1; ScrollX: -1; ScrollY: -1; MaxScrollX: -1; MaxScrollY: -1; AddedCount: -1; RemovedCount: -1; ParcelableData: null ]; recordCount: 0
01-07 07:31:55.503  2999  2999 I SpeechToTextAccessibili: accessibilityEvent: EventType: TYPE_WINDOW_CONTENT_CHANGED; EventTime: 498334422; PackageName: com.android.systemui; MovementGranularity: 0; Action: 0; ContentChangeTypes: []; WindowChangeTypes: [] [ ClassName: android.view.ViewGroup; Text: []; ContentDescription: null; ItemCount: -1; CurrentItemIndex: -1; Enabled: true; Password: false; Checked: false; FullScreen: false; Scrollable: false; BeforeText: null; FromIndex: -1; ToIndex: -1; ScrollX: 0; ScrollY: 0; MaxScrollX: 0; MaxScrollY: 0; AddedCount: -1; RemovedCount: -1; ParcelableData: null ]; recordCount: 0
01-07 07:31:55.508  1430  1430 D StatusBar: disable<e i a s b H!R!c s > disable2<q i n >
01-07 07:31:55.513  1430  1430 D StackScroller: setIsExpanded: update
01-07 07:31:55.533  2999  2999 I SpeechToTextAccessibili: accessibilityEvent: EventType: TYPE_WINDOW_CONTENT_CHANGED; EventTime: 498334453; PackageName: com.android.systemui; MovementGranularity: 0; Action: 0; ContentChangeTypes: [CONTENT_CHANGE_TYPE_SUBTREE]; WindowChangeTypes: [] [ ClassName: android.widget.FrameLayout; Text: []; ContentDescription: null; ItemCount: -1; CurrentItemIndex: -1; Enabled: true; Password: false; Checked: false; FullScreen: false; Scrollable: false; BeforeText: null; FromIndex: -1; ToIndex: -1; ScrollX: -1; ScrollY: -1; MaxScrollX: -1; MaxScrollY: -1; AddedCount: -1; RemovedCount: -1; ParcelableData: null ]; recordCount: 0
01-07 07:31:55.536  2999  2999 I SpeechToTextAccessibili: accessibilityEvent: EventType: TYPE_WINDOW_STATE_CHANGED; EventTime: 498334455; PackageName: com.android.systemui; MovementGranularity: 0; Action: 0; ContentChangeTypes: []; WindowChangeTypes: [] [ ClassName: android.widget.FrameLayout; Text: [Lock screen., Wi-Fi, Mobile data, Bluetooth, Ring, Flashlight, Switch data SIM card, Airplane mode, Hotspot, 1 device, Ultra Power, Auto-rotate, Dark theme, Screenshot, Game Mode, Screen Cast, WiFi not connected, Location, Do Not Disturb, MTN NG
01-07 07:31:55.536  2999  2999 I SpeechToTextAccessibili: Airtel NG, Alarm set for Sat 5:34 AM., Hotspot, 4G, 3.1
01-07 07:31:55.536  2999  2999 I SpeechToTextAccessibili: K/s, Safe charging on, Camera, 07:31, Wed, Jan 7 , AM]; ContentDescription: null; ItemCount: -1; CurrentItemIndex: -1; Enabled: true; Password: false; Checked: false; FullScreen: false; Scrollable: false; BeforeText: null; FromIndex: -1; ToIndex: -1; ScrollX: -1; ScrollY: -1; MaxScrollX: -1; MaxScrollY: -1; AddedCount: -1; RemovedCount: -1; ParcelableData: null ]; recordCount: 0
01-07 07:31:55.602   537   648 I BufferQueueProducer: [StatusBar#0](this:0x72b7896800,id:6,api:1,p:1430,c:537) queueBuffer: fps=0.10 dur=9556.05 max=9556.05 min=9556.05
01-07 07:31:55.613  1430  1804 D Surface : Surface::disconnect(this=0x7a6218a000,api=1)
01-07 07:31:55.614   537   648 I BufferQueueProducer: [NavigationBar0#0](this:0x72b88e5000,id:29383,api:1,p:1430,c:537) disconnect(P): api 1
01-07 07:31:55.623   537   537 I BufferQueue: [NavigationBar0#0](this:0x72b88e5000,id:29383,api:1,p:-1,c:-1) ~BufferQueueCore
01-07 07:31:55.636  1430  1430 D CarrierTextController: getCarrierTextForSimState:MTN NG
01-07 07:31:55.637  1430  1430 D CarrierTextController: getCarrierTextForSimState:Airtel NG
01-07 07:31:55.637  1430  1430 D CarrierTextController: getCarrierTextForSimState:Invalid Card.
01-07 07:31:55.637  1430  1430 D CarrierTextController: before displayText:null
01-07 07:31:55.637  1430  1430 D CarrierTextController: show displayText:MTN NG  Airtel NG
01-07 07:31:55.637  1430  1430 D AntiTheftManager: getInstance(...) is called.
01-07 07:31:55.640  1430  1430 D KeyguardMessage: getUnlockMsg: mode = PIN
01-07 07:31:55.643  1430  1430 D AntiTheftManager: getInstance(...) is called.
01-07 07:31:55.649  1430  1430 D KeyguardUpdateMonitor: handleKeyguardReset
01-07 07:31:55.652  1430  1430 V KeyguardUpdateMonitor: startListeningForFingerprint()
01-07 07:31:55.665  1430  1430 D AntiTheftManager: getInstance(...) is called.
01-07 07:31:55.669  1430  1430 D KeyguardMessage: getUnlockMsg: mode = PIN
01-07 07:31:55.671  1430  1430 D AntiTheftManager: getInstance(...) is called.
01-07 07:31:55.714  2999  2999 I SpeechToTextAccessibili: accessibilityEvent: EventType: TYPE_WINDOW_CONTENT_CHANGED; EventTime: 498334633; PackageName: com.android.systemui; MovementGranularity: 0; Action: 0; ContentChangeTypes: [CONTENT_CHANGE_TYPE_SUBTREE, CONTENT_CHANGE_TYPE_TEXT]; WindowChangeTypes: [] [ ClassName: android.widget.FrameLayout; Text: []; ContentDescription: null; ItemCount: -1; CurrentItemIndex: -1; Enabled: true; Password: false; Checked: false; FullScreen: false; Scrollable: false; BeforeText: null; FromIndex: -1; ToIndex: -1; ScrollX: -1; ScrollY: -1; MaxScrollX: -1; MaxScrollY: -1; AddedCount: -1; RemovedCount: -1; ParcelableData: null ]; recordCount: 0
01-07 07:31:55.719  1430  1430 D KeyguardMessage: resetState, displayDefaultSecurityMessage
