01-07 08:49:05.691 W/DevicePolicyManager( 1223): Package com.transsion.phonemaster (uid=10080, pid=5472) cannot access Device IDs
01-07 08:49:05.692 W/TelephonyPermissions( 1607): reportAccessDeniedToReadIdentifiers:com.transsion.phonemaster:getSubscriptionInfoList:isPreinstalled=true:isPrivApp=false
01-07 08:49:05.692 V/SettingsProvider( 1223): Notifying for 0: content://settings/system/tran_animate_brightness_update
01-07 08:49:05.701 W/DevicePolicyManager( 1223): Package com.transsion.phonemaster (uid=10080, pid=5472) cannot access Device IDs
01-07 08:49:05.701 W/TelephonyPermissions( 1607): reportAccessDeniedToReadIdentifiers:com.transsion.phonemaster:getSubscriptionInfoList:isPreinstalled=true:isPrivApp=false
01-07 08:49:05.705 W/DevicePolicyManager( 1223): Package com.transsion.phonemaster (uid=10080, pid=5472) cannot access Device IDs
01-07 08:49:05.706 W/TelephonyPermissions( 1607): reportAccessDeniedToReadIdentifiers:com.transsion.phonemaster:getSubscriptionInfoList:isPreinstalled=true:isPrivApp=false
01-07 08:49:05.709 D/AppOps  ( 1223): checkOperation: reject #3 for code 24 uid 10080 package com.transsion.phonemaster
01-07 08:49:05.712 W/DevicePolicyManager( 1223): Package com.transsion.phonemaster (uid=10080, pid=5472) cannot access Device IDs
01-07 08:49:05.712 W/TelephonyPermissions( 1607): reportAccessDeniedToReadIdentifiers:com.transsion.phonemaster:getSubscriptionInfoList:isPreinstalled=true:isPrivApp=false
01-07 08:49:05.718 W/DevicePolicyManager( 1223): Package com.transsion.phonemaster (uid=10080, pid=5472) cannot access Device IDs
01-07 08:49:05.718 W/TelephonyPermissions( 1607): reportAccessDeniedToReadIdentifiers:com.transsion.phonemaster:getSubscriptionInfoList:isPreinstalled=true:isPrivApp=false
01-07 08:49:05.722 D/LightsService( 1223): setLight_native before lucid change brightness=208
01-07 08:49:05.723 W/DevicePolicyManager( 1223): Package com.transsion.phonemaster (uid=10080, pid=5472) cannot access Device IDs
01-07 08:49:05.723 W/TelephonyPermissions( 1607): reportAccessDeniedToReadIdentifiers:com.transsion.phonemaster:getSubscriptionInfoList:isPreinstalled=true:isPrivApp=false
01-07 08:49:05.725 D/lights  (  508): write_int open fd=7 val=947
01-07 08:49:05.729 W/DevicePolicyManager( 1223): Package com.transsion.phonemaster (uid=10080, pid=5472) cannot access Device IDs
01-07 08:49:05.730 W/TelephonyPermissions( 1607): reportAccessDeniedToReadIdentifiers:com.transsion.phonemaster:getSubscriptionInfoList:isPreinstalled=true:isPrivApp=false
01-07 08:49:05.734 W/DevicePolicyManager( 1223): Package com.transsion.phonemaster (uid=10080, pid=5472) cannot access Device IDs
01-07 08:49:05.734 W/TelephonyPermissions( 1607): reportAccessDeniedToReadIdentifiers:com.transsion.phonemaster:getSubscriptionInfoList:isPreinstalled=true:isPrivApp=false
01-07 08:49:05.739 W/DevicePolicyManager( 1223): Package com.transsion.phonemaster (uid=10080, pid=5472) cannot access Device IDs
01-07 08:49:05.740 W/TelephonyPermissions( 1607): reportAccessDeniedToReadIdentifiers:com.transsion.phonemaster:getSubscriptionInfoList:isPreinstalled=true:isPrivApp=false
01-07 08:49:05.744 W/DevicePolicyManager( 1223): Package com.transsion.phonemaster (uid=10080, pid=5472) cannot access Device IDs
01-07 08:49:05.744 W/TelephonyPermissions( 1607): reportAccessDeniedToReadIdentifiers:com.transsion.phonemaster:getSubscriptionInfoList:isPreinstalled=true:isPrivApp=false
01-07 08:49:05.750 W/DevicePolicyManager( 1223): Package com.transsion.phonemaster (uid=10080, pid=5472) cannot access Device IDs
01-07 08:49:05.750 W/TelephonyPermissions( 1607): reportAccessDeniedToReadIdentifiers:com.transsion.phonemaster:getSubscriptionInfoList:isPreinstalled=true:isPrivApp=false
01-07 08:49:05.756 D/LightsService( 1223): setLight_native before lucid change brightness=204
01-07 08:49:05.756 W/DevicePolicyManager( 1223): Package com.transsion.phonemaster (uid=10080, pid=5472) cannot access Device IDs
01-07 08:49:05.756 W/TelephonyPermissions( 1607): reportAccessDeniedToReadIdentifiers:com.transsion.phonemaster:getSubscriptionInfoList:isPreinstalled=true:isPrivApp=false
01-07 08:49:05.758 D/lights  (  508): write_int open fd=7 val=947
01-07 08:49:05.762 W/DevicePolicyManager( 1223): Package com.transsion.phonemaster (uid=10080, pid=5472) cannot access Device IDs
01-07 08:49:05.762 W/TelephonyPermissions( 1607): reportAccessDeniedToReadIdentifiers:com.transsion.phonemaster:getSubscriptionInfoList:isPreinstalled=true:isPrivApp=false
01-07 08:49:05.768 W/DevicePolicyManager( 1223): Package com.transsion.phonemaster (uid=10080, pid=5472) cannot access Device IDs
01-07 08:49:05.768 W/TelephonyPermissions( 1607): reportAccessDeniedToReadIdentifiers:com.transsion.phonemaster:getSubscriptionInfoList:isPreinstalled=true:isPrivApp=false
01-07 08:49:05.773 W/DevicePolicyManager( 1223): Package com.transsion.phonemaster (uid=10080, pid=5472) cannot access Device IDs
01-07 08:49:05.774 W/TelephonyPermissions( 1607): reportAccessDeniedToReadIdentifiers:com.transsion.phonemaster:getSubscriptionInfoList:isPreinstalled=true:isPrivApp=false
01-07 08:49:05.779 W/DevicePolicyManager( 1223): Package com.transsion.phonemaster (uid=10080, pid=5472) cannot access Device IDs
01-07 08:49:05.779 W/TelephonyPermissions( 1607): reportAccessDeniedToReadIdentifiers:com.transsion.phonemaster:getSubscriptionInfoList:isPreinstalled=true:isPrivApp=false
01-07 08:49:05.785 W/DevicePolicyManager( 1223): Package com.transsion.phonemaster (uid=10080, pid=5472) cannot access Device IDs
01-07 08:49:05.785 W/TelephonyPermissions( 1607): reportAccessDeniedToReadIdentifiers:com.transsion.phonemaster:getSubscriptionInfoList:isPreinstalled=true:isPrivApp=false
01-07 08:49:05.790 D/LightsService( 1223): setLight_native before lucid change brightness=200
01-07 08:49:05.791 W/DevicePolicyManager( 1223): Package com.transsion.phonemaster (uid=10080, pid=5472) cannot access Device IDs
01-07 08:49:05.792 D/lights  (  508): write_int open fd=7 val=947
01-07 08:49:05.792 W/TelephonyPermissions( 1607): reportAccessDeniedToReadIdentifiers:com.transsion.phonemaster:getSubscriptionInfoList:isPreinstalled=true:isPrivApp=false
01-07 08:49:05.797 W/DevicePolicyManager( 1223): Package com.transsion.phonemaster (uid=10080, pid=5472) cannot access Device IDs
01-07 08:49:05.797 W/TelephonyPermissions( 1607): reportAccessDeniedToReadIdentifiers:com.transsion.phonemaster:getSubscriptionInfoList:isPreinstalled=true:isPrivApp=false
01-07 08:49:05.801 W/DevicePolicyManager( 1223): Package com.transsion.phonemaster (uid=10080, pid=5472) cannot access Device IDs
01-07 08:49:05.802 W/TelephonyPermissions( 1607): reportAccessDeniedToReadIdentifiers:com.transsion.phonemaster:getSubscriptionInfoList:isPreinstalled=true:isPrivApp=false
01-07 08:49:05.805 W/DevicePolicyManager( 1223): Package com.transsion.phonemaster (uid=10080, pid=5472) cannot access Device IDs
01-07 08:49:05.806 W/TelephonyPermissions( 1607): reportAccessDeniedToReadIdentifiers:com.transsion.phonemaster:getSubscriptionInfoList:isPreinstalled=true:isPrivApp=false
01-07 08:49:05.809 W/DevicePolicyManager( 1223): Package com.transsion.phonemaster (uid=10080, pid=5472) cannot access Device IDs
01-07 08:49:05.809 W/TelephonyPermissions( 1607): reportAccessDeniedToReadIdentifiers:com.transsion.phonemaster:getSubscriptionInfoList:isPreinstalled=true:isPrivApp=false
01-07 08:49:05.813 W/DevicePolicyManager( 1223): Package com.transsion.phonemaster (uid=10080, pid=5472) cannot access Device IDs
01-07 08:49:05.814 W/TelephonyPermissions( 1607): reportAccessDeniedToReadIdentifiers:com.transsion.phonemaster:getSubscriptionInfoList:isPreinstalled=true:isPrivApp=false
01-07 08:49:05.818 W/DevicePolicyManager( 1223): Package com.transsion.phonemaster (uid=10080, pid=5472) cannot access Device IDs
01-07 08:49:05.818 W/TelephonyPermissions( 1607): reportAccessDeniedToReadIdentifiers:com.transsion.phonemaster:getSubscriptionInfoList:isPreinstalled=true:isPrivApp=false
01-07 08:49:05.823 W/DevicePolicyManager( 1223): Package com.transsion.phonemaster (uid=10080, pid=5472) cannot access Device IDs
01-07 08:49:05.823 W/TelephonyPermissions( 1607): reportAccessDeniedToReadIdentifiers:com.transsion.phonemaster:getSubscriptionInfoList:isPreinstalled=true:isPrivApp=false
01-07 08:49:05.824 D/LightsService( 1223): setLight_native before lucid change brightness=195
01-07 08:49:05.826 D/lights  (  508): write_int open fd=7 val=947
01-07 08:49:05.829 W/DevicePolicyManager( 1223): Package com.transsion.phonemaster (uid=10080, pid=5472) cannot access Device IDs
01-07 08:49:05.830 W/TelephonyPermissions( 1607): reportAccessDeniedToReadIdentifiers:com.transsion.phonemaster:getSubscriptionInfoList:isPreinstalled=true:isPrivApp=false
01-07 08:49:05.835 W/DevicePolicyManager( 1223): Package com.transsion.phonemaster (uid=10080, pid=5472) cannot access Device IDs
01-07 08:49:05.836 W/TelephonyPermissions( 1607): reportAccessDeniedToReadIdentifiers:com.transsion.phonemaster:getSubscriptionInfoList:isPreinstalled=true:isPrivApp=false
01-07 08:49:05.841 W/DevicePolicyManager( 1223): Package com.transsion.phonemaster (uid=10080, pid=5472) cannot access Device IDs
01-07 08:49:05.842 W/TelephonyPermissions( 1607): reportAccessDeniedToReadIdentifiers:com.transsion.phonemaster:getSubscriptionInfoList:isPreinstalled=true:isPrivApp=false
01-07 08:49:05.848 W/DevicePolicyManager( 1223): Package com.transsion.phonemaster (uid=10080, pid=5472) cannot access Device IDs
01-07 08:49:05.848 W/TelephonyPermissions( 1607): reportAccessDeniedToReadIdentifiers:com.transsion.phonemaster:getSubscriptionInfoList:isPreinstalled=true:isPrivApp=false
01-07 08:49:05.851 W/DevicePolicyManager( 1223): Package com.transsion.phonemaster (uid=10080, pid=5472) cannot access Device IDs
01-07 08:49:05.852 W/TelephonyPermissions( 1607): reportAccessDeniedToReadIdentifiers:com.transsion.phonemaster:getSubscriptionInfoList:isPreinstalled=true:isPrivApp=false
01-07 08:49:05.857 D/LightsService( 1223): setLight_native before lucid change brightness=191
01-07 08:49:05.859 D/lights  (  508): write_int open fd=7 val=947
01-07 08:49:05.861 W/DevicePolicyManager( 1223): Package com.transsion.phonemaster (uid=10080, pid=5472) cannot access Device IDs
01-07 08:49:05.861 W/DevicePolicyManager( 1223): Package com.transsion.phonemaster (uid=10080, pid=5472) cannot access Device IDs
01-07 08:49:05.862 W/TelephonyPermissions( 1607): reportAccessDeniedToReadIdentifiers:com.transsion.phonemaster:getSubscriptionInfoList:isPreinstalled=true:isPrivApp=false
01-07 08:49:05.862 W/TelephonyPermissions( 1607): reportAccessDeniedToReadIdentifiers:com.transsion.phonemaster:getSubscriptionInfoList:isPreinstalled=true:isPrivApp=false
01-07 08:49:05.869 W/DevicePolicyManager( 1223): Package com.transsion.phonemaster (uid=10080, pid=5472) cannot access Device IDs
01-07 08:49:05.869 W/DevicePolicyManager( 1223): Package com.transsion.phonemaster (uid=10080, pid=5472) cannot access Device IDs
01-07 08:49:05.870 W/TelephonyPermissions( 1607): reportAccessDeniedToReadIdentifiers:com.transsion.phonemaster:getSubscriptionInfoList:isPreinstalled=true:isPrivApp=false
01-07 08:49:05.870 W/TelephonyPermissions( 1607): reportAccessDeniedToReadIdentifiers:com.transsion.phonemaster:getSubscriptionInfoList:isPreinstalled=true:isPrivApp=false
01-07 08:49:05.876 W/DevicePolicyManager( 1223): Package com.transsion.phonemaster (uid=10080, pid=5472) cannot access Device IDs
01-07 08:49:05.876 W/DevicePolicyManager( 1223): Package com.transsion.phonemaster (uid=10080, pid=5472) cannot access Device IDs
01-07 08:49:05.876 W/TelephonyPermissions( 1607): reportAccessDeniedToReadIdentifiers:com.transsion.phonemaster:getSubscriptionInfoList:isPreinstalled=true:isPrivApp=false
01-07 08:49:05.876 W/TelephonyPermissions( 1607): reportAccessDeniedToReadIdentifiers:com.transsion.phonemaster:getSubscriptionInfoList:isPreinstalled=true:isPrivApp=false
01-07 08:49:05.881 W/DevicePolicyManager( 1223): Package com.transsion.phonemaster (uid=10080, pid=5472) cannot access Device IDs
01-07 08:49:05.882 W/TelephonyPermissions( 1607): reportAccessDeniedToReadIdentifiers:com.transsion.phonemaster:getSubscriptionInfoList:isPreinstalled=true:isPrivApp=false
01-07 08:49:05.885 W/DevicePolicyManager( 1223): Package com.transsion.phonemaster (uid=10080, pid=5472) cannot access Device IDs
01-07 08:49:05.886 W/TelephonyPermissions( 1607): reportAccessDeniedToReadIdentifiers:com.transsion.phonemaster:getSubscriptionInfoList:isPreinstalled=true:isPrivApp=false
01-07 08:49:05.891 D/LightsService( 1223): setLight_native before lucid change brightness=187
01-07 08:49:05.891 V/SettingsState( 1223): addHistoricalOperationLocked type persistsetting: null
01-07 08:49:05.891 W/DevicePolicyManager( 1223): Package com.transsion.phonemaster (uid=10080, pid=5472) cannot access Device IDs
01-07 08:49:05.891 W/TelephonyPermissions( 1607): reportAccessDeniedToReadIdentifiers:com.transsion.phonemaster:getSubscriptionInfoList:isPreinstalled=true:isPrivApp=false
01-07 08:49:05.893 D/lights  (  508): write_int open fd=7 val=947
01-07 08:49:05.898 W/DevicePolicyManager( 1223): Package com.transsion.phonemaster (uid=10080, pid=5472) cannot access Device IDs
01-07 08:49:05.899 W/TelephonyPermissions( 1607): reportAccessDeniedToReadIdentifiers:com.transsion.phonemaster:getSubscriptionInfoList:isPreinstalled=true:isPrivApp=false
01-07 08:49:05.905 W/DevicePolicyManager( 1223): Package com.transsion.phonemaster (uid=10080, pid=5472) cannot access Device IDs
01-07 08:49:05.905 W/TelephonyPermissions( 1607): reportAccessDeniedToReadIdentifiers:com.transsion.phonemaster:getSubscriptionInfoList:isPreinstalled=true:isPrivApp=false
01-07 08:49:05.925 D/LightsService( 1223): setLight_native before lucid change brightness=182
01-07 08:49:05.928 D/lights  (  508): write_int open fd=7 val=947
01-07 08:49:05.942 D/Griffin/ResMonitorProxy( 1223): handleResChanged item=10
01-07 08:49:05.943 D/Griffin/ResMonitorProxy( 1223): visible mem gap 254015Kb
01-07 08:49:05.943 D/Griffin/ResMonitorProxy( 1223): perceptible mem gap 393083Kb
01-07 08:49:05.943 D/Griffin/ResMonitorProxy( 1223): cached mem gap 352344Kb
01-07 08:49:05.943 D/Griffin/AdjClean( 1223): item=2
01-07 08:49:05.943 D/Griffin/AdjClean( 1223): item=3
01-07 08:49:05.943 D/Griffin/AdjClean( 1223): item=7
01-07 08:49:05.943 D/Griffin/CleanManager( 1223): dispatch clean index=9
01-07 08:49:05.943 D/Griffin/AdjClean( 1223): clean code: visible(2) begin:
01-07 08:49:05.945 D/Griffin/AdjClean( 1223): clean code:visible(2) finish: coast 1ms
01-07 08:49:05.945 D/Griffin/CleanManager( 1223): dispatch clean index=9
01-07 08:49:05.945 D/Griffin/AdjClean( 1223): clean code: perceptible(3) begin:
01-07 08:49:05.946 D/Griffin/AdjClean( 1223): clean code:perceptible(3) finish: coast 2ms
01-07 08:49:05.946 D/Griffin/CleanManager( 1223): dispatch clean index=9
01-07 08:49:05.946 D/Griffin/AdjClean( 1223): clean code: cached(7) begin:
01-07 08:49:05.959 D/LightsService( 1223): setLight_native before lucid change brightness=178
01-07 08:49:05.960 D/lights  (  508): write_int open fd=7 val=915
01-07 08:49:05.961 D/AAL     (  658): onBacklightChanged: 947/1023 -> 915/1023(phy:915/4095)
01-07 08:49:05.967 D/Griffin/AdjClean( 1223): clean code:cached(7) finish: coast 20ms
01-07 08:49:05.993 D/LightsService( 1223): setLight_native before lucid change brightness=174
01-07 08:49:05.996 D/lights  (  508): write_int open fd=7 val=915
01-07 08:49:06.026 D/LightsService( 1223): setLight_native before lucid change brightness=169
01-07 08:49:06.029 D/lights  (  508): write_int open fd=7 val=915
01-07 08:49:06.060 D/LightsService( 1223): setLight_native before lucid change brightness=165
01-07 08:49:06.064 D/lights  (  508): write_int open fd=7 val=915
01-07 08:49:06.094 D/LightsService( 1223): setLight_native before lucid change brightness=161
01-07 08:49:06.097 D/lights  (  508): write_int open fd=7 val=915
01-07 08:49:06.125 I/BufferQueueProducer(  537): [StatusBar#0](this:0x72b7896800,id:6,api:1,p:1430,c:537) queueBuffer: fps=0.22 dur=4500.81 max=4500.81 min=4500.81
01-07 08:49:06.128 D/LightsService( 1223): setLight_native before lucid change brightness=156
01-07 08:49:06.131 D/lights  (  508): write_int open fd=7 val=915
01-07 08:49:06.132 I/hwcomposer(  506): [HWCDisplay] [Display_0 (type:1)] fps:0.222467,dur:4495.06,max:4495.06,min:4495.06  
01-07 08:49:06.162 D/LightsService( 1223): setLight_native before lucid change brightness=152
01-07 08:49:06.165 D/lights  (  508): write_int open fd=7 val=915
01-07 08:49:06.187 D/AAL     (  658): 01-07 08:49:05.984 BL= 943,ESS= 256, 01-07 08:49:06.035 BL= 939,ESS= 256, 01-07 08:49:06.085 BL= 935,ESS= 256, 01-07 08:49:06.136 BL= 931,ESS= 256, 01-07 08:49:06.187 BL= 927,ESS= 256, 
01-07 08:49:06.195 D/LightsService( 1223): setLight_native before lucid change brightness=148
01-07 08:49:06.199 D/lights  (  508): write_int open fd=7 val=899
01-07 08:49:06.220 D/NetworkMonitor(14200): isNetworkConnected : true,  isFakeNetwork : false
01-07 08:49:06.221 D/AAL     (  658): onBacklightChanged: 915/1023 -> 899/1023(phy:899/4095)
01-07 08:49:06.225 I/CarrierServices( 2192): [100] csk.onConnectivityChange: FiST: Wifi connectivity status false
01-07 08:49:06.226 I/CarrierServices( 2192): [177] dag.c: (PEv2-SM): DisabledState: event Connectivity event [null]
01-07 08:49:06.227 I/CarrierServices( 2192): [100] ctc.d: Connected state: [1], networkType: [MOBILE]
01-07 08:49:06.231 D/WM-NetworkStateTracker(10285): Network capabilities changed: [ Transports: CELLULAR Capabilities: SUPL&INTERNET&NOT_RESTRICTED&TRUSTED&NOT_VPN&VALIDATED&NOT_ROAMING&FOREGROUND&NOT_CONGESTED&NOT_SUSPENDED&VSIM LinkUpBandwidth>=4325Kbps LinkDnBandwidth>=14550Kbps Specifier: <1>]
01-07 08:49:06.232 D/LightsService( 1223): setLight_native before lucid change brightness=143
01-07 08:49:06.235 D/lights  (  508): write_int open fd=7 val=899
01-07 08:49:06.239 I/CarrierServices( 2192): [128] dfx.d: RCS Configuration storage in Bugle is disabled by p/h flag, using ProvisioningEngineStateCacheUtil.getProvisioningConfigurationForGivenSim()
01-07 08:49:06.263 D/LightsService( 1223): setLight_native before lucid change brightness=139
01-07 08:49:06.267 D/lights  (  508): write_int open fd=7 val=899
01-07 08:49:06.297 D/LightsService( 1223): setLight_native before lucid change brightness=135
01-07 08:49:06.300 D/lights  (  508): write_int open fd=7 val=899
01-07 08:49:06.331 D/LightsService( 1223): setLight_native before lucid change brightness=130
01-07 08:49:06.334 D/lights  (  508): write_int open fd=7 val=899
01-07 08:49:06.364 D/LightsService( 1223): setLight_native before lucid change brightness=126
01-07 08:49:06.368 D/lights  (  508): write_int open fd=7 val=899
01-07 08:49:06.398 D/LightsService( 1223): setLight_native before lucid change brightness=122
01-07 08:49:06.401 D/lights  (  508): write_int open fd=7 val=899
01-07 08:49:06.432 D/LightsService( 1223): setLight_native before lucid change brightness=117
01-07 08:49:06.435 D/lights  (  508): write_int open fd=7 val=899
01-07 08:49:06.466 D/LightsService( 1223): setLight_native before lucid change brightness=113
01-07 08:49:06.469 D/lights  (  508): write_int open fd=7 val=899
01-07 08:49:06.474 D/AAL     (  658): 01-07 08:49:06.254 BL= 923,ESS= 256, 01-07 08:49:06.305 BL= 919,ESS= 256, 01-07 08:49:06.373 BL= 915,ESS= 256, 01-07 08:49:06.424 BL= 911,ESS= 256, 01-07 08:49:06.474 BL= 907,ESS= 256, 
01-07 08:49:06.500 D/LightsService( 1223): setLight_native before lucid change brightness=109
01-07 08:49:06.504 D/lights  (  508): write_int open fd=7 val=899
01-07 08:49:06.534 D/LightsService( 1223): setLight_native before lucid change brightness=104
01-07 08:49:06.537 D/lights  (  508): write_int open fd=7 val=899
01-07 08:49:06.567 D/LightsService( 1223): setLight_native before lucid change brightness=100
01-07 08:49:06.571 D/lights  (  508): write_int open fd=7 val=867
01-07 08:49:06.575 D/AAL     (  658): onBacklightChanged: 899/1023 -> 867/1023(phy:867/4095)
01-07 08:49:06.601 D/LightsService( 1223): setLight_native before lucid change brightness=96
01-07 08:49:06.604 D/lights  (  508): write_int open fd=7 val=867
01-07 08:49:06.635 D/LightsService( 1223): setLight_native before lucid change brightness=91
01-07 08:49:06.638 D/lights  (  508): write_int open fd=7 val=867
01-07 08:49:06.669 D/LightsService( 1223): setLight_native before lucid change brightness=87
01-07 08:49:06.672 D/lights  (  508): write_int open fd=7 val=867
01-07 08:49:06.696 D/XPC_PowerSaveUtils( 6091): isUltraPowerOn(context) isOn=false
01-07 08:49:06.697 D/XPC_PowerSaveUtils( 6091): getConfigCurrent isUltraModeOn:false
01-07 08:49:06.697 D/XPC_PowerSaveUtils( 6091): config details is : bright->37wifiEnable-> falsewifiApEnable->truebtEnable->falsedataEnable->truegpsEnable->falsethreeGEnable->trueautoSyncEnable->trueisScreenModeOn->falseisUltraModeOn->falseisBatterySaverOn->false
01-07 08:49:06.697 D/XPC_PowerSaveUtils( 6091): getConfigCurrent current:26.2
01-07 08:49:06.699 V/SettingsState( 1223): addHistoricalOperationLocked type updatesetting: Setting{name=battery_remaining_time value=13.620885357548241 default=13.620885357548241 packageName=com.transsion.powercenter tag=null defaultFromSystem=true}
01-07 08:49:06.700 D/XPC_PowerSaveUtils( 6091): hours:13,min:37
01-07 08:49:06.701 W/ContextImpl( 6091): Calling a method in the system process without a qualified user: android.app.ContextImpl.sendBroadcast:1062 android.content.ContextWrapper.sendBroadcast:448 com.transsion.powercenter.receiver.BatteryChangedReceiver.d:315 com.transsion.powercenter.receiver.BatteryChangedReceiver.c:307 com.transsion.powercenter.receiver.BatteryChangedReceiver.a:43 
01-07 08:49:06.702 V/SettingsProvider( 1223): Notifying for 0: content://settings/system/battery_remaining_time
01-07 08:49:06.704 D/LightsService( 1223): setLight_native before lucid change brightness=83
01-07 08:49:06.705 D/TAG     ( 6091): Power Widget test:13-----37
01-07 08:49:06.705 D/XPC_PowerWidgetProvider( 6091): updateValues mBatteryPercentage:80
01-07 08:49:06.706 D/XPC_PowerWidgetProvider( 6091): hasInstances number is 0
01-07 08:49:06.709 D/lights  (  508): write_int open fd=7 val=867
01-07 08:49:06.711 D/AAL     (  658): 01-07 08:49:06.525 BL= 903,ESS= 256, 01-07 08:49:06.576 BL= 899,ESS= 256, 01-07 08:49:06.609 BL= 895,ESS= 256, 01-07 08:49:06.660 BL= 891,ESS= 256, 01-07 08:49:06.711 BL= 887,ESS= 256, 
01-07 08:49:06.718 I/OtherSimPSListener( 1607): mOthersign:4subid :2
01-07 08:49:06.736 D/LightsService( 1223): setLight_native before lucid change brightness=79
01-07 08:49:06.740 D/lights  (  508): write_int open fd=7 val=867
01-07 08:49:06.770 D/LightsService( 1223): setLight_native before lucid change brightness=74
01-07 08:49:06.774 D/lights  (  508): write_int open fd=7 val=867
01-07 08:49:06.804 D/LightsService( 1223): setLight_native before lucid change brightness=70
01-07 08:49:06.807 D/lights  (  508): write_int open fd=7 val=867
01-07 08:49:06.837 D/LightsService( 1223): setLight_native before lucid change brightness=66
01-07 08:49:06.841 D/lights  (  508): write_int open fd=7 val=851
01-07 08:49:06.845 D/AAL     (  658): onBacklightChanged: 867/1023 -> 851/1023(phy:851/4095)
01-07 08:49:06.871 D/LightsService( 1223): setLight_native before lucid change brightness=61
01-07 08:49:06.875 D/lights  (  508): write_int open fd=7 val=851
01-07 08:49:06.905 D/LightsService( 1223): setLight_native before lucid change brightness=57
01-07 08:49:06.909 D/lights  (  508): write_int open fd=7 val=851
01-07 08:49:06.909 V/SettingsState( 1223): addHistoricalOperationLocked type persistsetting: null
01-07 08:49:06.930 D/AAL     (  658): 01-07 08:49:06.744 BL= 883,ESS= 256, 01-07 08:49:06.795 BL= 879,ESS= 256, 01-07 08:49:06.846 BL= 875,ESS= 256, 01-07 08:49:06.880 BL= 871,ESS= 256, 01-07 08:49:06.930 BL= 867,ESS= 256, 
01-07 08:49:06.939 D/LightsService( 1223): setLight_native before lucid change brightness=53
01-07 08:49:06.943 D/lights  (  508): write_int open fd=7 val=851
01-07 08:49:06.973 D/LightsService( 1223): setLight_native before lucid change brightness=48
01-07 08:49:06.976 D/lights  (  508): write_int open fd=7 val=851
01-07 08:49:07.007 D/LightsService( 1223): setLight_native before lucid change brightness=44
01-07 08:49:07.010 D/lights  (  508): write_int open fd=7 val=851
01-07 08:49:07.040 D/LightsService( 1223): setLight_native before lucid change brightness=40
01-07 08:49:07.044 D/lights  (  508): write_int open fd=7 val=851
01-07 08:49:07.075 D/LightsService( 1223): setLight_native before lucid change brightness=35
01-07 08:49:07.079 D/lights  (  508): write_int open fd=7 val=819
01-07 08:49:07.082 D/AAL     (  658): onBacklightChanged: 851/1023 -> 819/1023(phy:819/4095)
01-07 08:49:07.108 D/LightsService( 1223): setLight_native before lucid change brightness=31
01-07 08:49:07.112 D/lights  (  508): write_int open fd=7 val=819
01-07 08:49:07.133 D/AAL     (  658): 01-07 08:49:06.981 BL= 863,ESS= 256, 01-07 08:49:07.015 BL= 859,ESS= 256, 01-07 08:49:07.066 BL= 855,ESS= 256, 01-07 08:49:07.099 BL= 851,ESS= 256, 01-07 08:49:07.133 BL= 847,ESS= 256, 
01-07 08:49:07.142 D/LightsService( 1223): setLight_native before lucid change brightness=27
01-07 08:49:07.145 D/lights  (  508): write_int open fd=7 val=819
01-07 08:49:07.176 D/LightsService( 1223): setLight_native before lucid change brightness=22
01-07 08:49:07.178 D/lights  (  508): write_int open fd=7 val=819
01-07 08:49:07.209 D/LightsService( 1223): setLight_native before lucid change brightness=18
01-07 08:49:07.212 D/lights  (  508): write_int open fd=7 val=819
01-07 08:49:07.243 D/LightsService( 1223): setLight_native before lucid change brightness=14
01-07 08:49:07.246 D/lights  (  508): write_int open fd=7 val=819
01-07 08:49:07.277 D/LightsService( 1223): setLight_native before lucid change brightness=9
01-07 08:49:07.279 D/lights  (  508): write_int open fd=7 val=819
01-07 08:49:07.285 D/AAL     (  658): 01-07 08:49:07.167 BL= 843,ESS= 256, 01-07 08:49:07.184 BL= 839,ESS= 256, 01-07 08:49:07.217 BL= 835,ESS= 256, 01-07 08:49:07.251 BL= 831,ESS= 256, 01-07 08:49:07.285 BL= 827,ESS= 256, 
01-07 08:49:07.310 D/LightsService( 1223): setLight_native before lucid change brightness=5
01-07 08:49:07.312 D/lights  (  508): write_int open fd=7 val=819
01-07 08:49:07.344 D/LightsService( 1223): setLight_native before lucid change brightness=1
01-07 08:49:07.348 D/lights  (  508): write_int open fd=7 val=819
01-07 08:49:07.352 D/AAL     (  658): 01-07 08:49:07.302 BL= 823,ESS= 256, 01-07 08:49:07.336 BL= 819,ESS= 256, 
01-07 08:49:07.378 D/LightsService( 1223): setLight_native before lucid change brightness=252
01-07 08:49:07.382 D/lights  (  508): write_int open fd=7 val=819
01-07 08:49:07.412 D/LightsService( 1223): setLight_native before lucid change brightness=248
01-07 08:49:07.415 D/lights  (  508): write_int open fd=7 val=819
01-07 08:49:07.446 D/LightsService( 1223): setLight_native before lucid change brightness=244
01-07 08:49:07.449 D/lights  (  508): write_int open fd=7 val=803
01-07 08:49:07.449 D/AAL     (  658): onBacklightChanged: 819/1023 -> 803/1023(phy:803/4095)
01-07 08:49:07.480 D/LightsService( 1223): setLight_native before lucid change brightness=239
01-07 08:49:07.484 D/lights  (  508): write_int open fd=7 val=803
01-07 08:49:07.484 V/SettingsState( 1223): addHistoricalOperationLocked type updatesetting: Setting{name=screen_brightness value=67 default=67 packageName=android tag=null defaultFromSystem=true}
01-07 08:49:07.484 D/DisplayPowerController( 1223): animateScreenBrightness: target=1076, rate=960    mShouldUpdateBrightnessSettingLater=true
01-07 08:49:07.485 D/DisplayPowerController( 1223): animateScreenBrightness: putScreenBrightnessSetting without duration update.
01-07 08:49:07.485 V/SettingsState( 1223): addHistoricalOperationLocked type updatesetting: Setting{name=tran_animate_brightness_update value=0 default=0 packageName=android tag=null defaultFromSystem=true}
01-07 08:49:07.487 V/SettingsProvider( 1223): Notifying for 0: content://settings/system/screen_brightness
01-07 08:49:07.490 V/SettingsProvider( 1223): Notifying for 0: content://settings/system/tran_animate_brightness_update
01-07 08:49:07.513 D/LightsService( 1223): setLight_native before lucid change brightness=235
01-07 08:49:07.517 D/lights  (  508): write_int open fd=7 val=803
01-07 08:49:07.548 D/LightsService( 1223): setLight_native before lucid change brightness=231
01-07 08:49:07.551 D/lights  (  508): write_int open fd=7 val=803
01-07 08:49:07.581 D/LightsService( 1223): setLight_native before lucid change brightness=226
01-07 08:49:07.585 D/lights  (  508): write_int open fd=7 val=803
01-07 08:49:07.615 D/LightsService( 1223): setLight_native before lucid change brightness=222
01-07 08:49:07.618 D/lights  (  508): write_int open fd=7 val=803
01-07 08:49:07.648 D/LightsService( 1223): setLight_native before lucid change brightness=218
01-07 08:49:07.652 D/lights  (  508): write_int open fd=7 val=803
01-07 08:49:07.682 D/LightsService( 1223): setLight_native before lucid change brightness=213
01-07 08:49:07.686 D/lights  (  508): write_int open fd=7 val=803
01-07 08:49:07.694 V/SettingsState( 1223): addHistoricalOperationLocked type persistsetting: null
01-07 08:49:07.716 D/LightsService( 1223): setLight_native before lucid change brightness=209
01-07 08:49:07.720 D/lights  (  508): write_int open fd=7 val=787
01-07 08:49:07.724 D/AAL     (  658): onBacklightChanged: 803/1023 -> 787/1023(phy:787/4095)
01-07 08:49:07.736 I/TranPhoneSwitcher( 1607): mDefaultsign:4subid :1
01-07 08:49:07.741 I/MWN     ( 1223): Write 0 to node. type=4G mSimExist=true mFlightMode=false
01-07 08:49:07.750 D/LightsService( 1223): setLight_native before lucid change brightness=205
01-07 08:49:07.753 D/lights  (  508): write_int open fd=7 val=787
01-07 08:49:07.784 D/LightsService( 1223): setLight_native before lucid change brightness=200
01-07 08:49:07.787 D/lights  (  508): write_int open fd=7 val=787
01-07 08:49:07.818 D/LightsService( 1223): setLight_native before lucid change brightness=196
01-07 08:49:07.820 D/lights  (  508): write_int open fd=7 val=787
01-07 08:49:07.843 D/AAL     (  658): 01-07 08:49:07.505 BL= 815,ESS= 256, 01-07 08:49:07.606 BL= 811,ESS= 256, 01-07 08:49:07.708 BL= 807,ESS= 256, 01-07 08:49:07.775 BL= 803,ESS= 256, 01-07 08:49:07.843 BL= 799,ESS= 256, 
01-07 08:49:07.852 D/LightsService( 1223): setLight_native before lucid change brightness=192
01-07 08:49:07.855 D/lights  (  508): write_int open fd=7 val=787
01-07 08:49:07.885 D/LightsService( 1223): setLight_native before lucid change brightness=187
01-07 08:49:07.888 D/lights  (  508): write_int open fd=7 val=787
01-07 08:49:07.919 D/LightsService( 1223): setLight_native before lucid change brightness=183
01-07 08:49:07.922 D/lights  (  508): write_int open fd=7 val=787
01-07 08:49:07.953 D/LightsService( 1223): setLight_native before lucid change brightness=179
01-07 08:49:07.956 D/lights  (  508): write_int open fd=7 val=771
01-07 08:49:07.961 D/AAL     (  658): onBacklightChanged: 787/1023 -> 771/1023(phy:771/4095)
01-07 08:49:07.987 D/LightsService( 1223): setLight_native before lucid change brightness=174
01-07 08:49:07.990 D/lights  (  508): write_int open fd=7 val=771
01-07 08:49:08.020 D/LightsService( 1223): setLight_native before lucid change brightness=170
01-07 08:49:08.024 D/lights  (  508): write_int open fd=7 val=771
01-07 08:49:08.054 D/LightsService( 1223): setLight_native before lucid change brightness=166
01-07 08:49:08.058 D/lights  (  508): write_int open fd=7 val=771
01-07 08:49:08.088 D/LightsService( 1223): setLight_native before lucid change brightness=161
01-07 08:49:08.091 D/lights  (  508): write_int open fd=7 val=771
01-07 08:49:08.122 D/LightsService( 1223): setLight_native before lucid change brightness=157
01-07 08:49:08.125 D/lights  (  508): write_int open fd=7 val=771
01-07 08:49:08.156 D/LightsService( 1223): setLight_native before lucid change brightness=153
01-07 08:49:08.159 D/lights  (  508): write_int open fd=7 val=771
01-07 08:49:08.164 D/AAL     (  658): 01-07 08:49:07.910 BL= 795,ESS= 256, 01-07 08:49:07.978 BL= 791,ESS= 256, 01-07 08:49:08.046 BL= 787,ESS= 256, 01-07 08:49:08.096 BL= 783,ESS= 256, 01-07 08:49:08.164 BL= 779,ESS= 256, 
01-07 08:49:08.189 D/LightsService( 1223): setLight_native before lucid change brightness=149
01-07 08:49:08.193 D/lights  (  508): write_int open fd=7 val=771
01-07 08:49:08.223 D/LightsService( 1223): setLight_native before lucid change brightness=144
01-07 08:49:08.227 D/lights  (  508): write_int open fd=7 val=771
01-07 08:49:08.257 D/LightsService( 1223): setLight_native before lucid change brightness=140
01-07 08:49:08.261 D/lights  (  508): write_int open fd=7 val=771
01-07 08:49:08.291 D/LightsService( 1223): setLight_native before lucid change brightness=136
01-07 08:49:08.294 D/lights  (  508): write_int open fd=7 val=771
01-07 08:49:08.299 D/AAL     (  658): 01-07 08:49:08.215 BL= 775,ESS= 256, 01-07 08:49:08.282 BL= 771,ESS= 256, 
01-07 08:49:08.310 I/thermal_repeater(  650): [recvMdThermalInfo] ret=27, strLen=127,  3, 55, 8, -28361, 32767, 0
01-07 08:49:08.325 D/LightsService( 1223): setLight_native before lucid change brightness=131
01-07 08:49:08.328 D/lights  (  508): write_int open fd=7 val=771
01-07 08:49:08.358 D/LightsService( 1223): setLight_native before lucid change brightness=127
01-07 08:49:08.362 D/lights  (  508): write_int open fd=7 val=771
01-07 08:49:08.392 D/LightsService( 1223): setLight_native before lucid change brightness=123
01-07 08:49:08.396 D/lights  (  508): write_int open fd=7 val=771
01-07 08:49:08.426 D/LightsService( 1223): setLight_native before lucid change brightness=118
01-07 08:49:08.430 D/lights  (  508): write_int open fd=7 val=771
01-07 08:49:08.460 D/LightsService( 1223): setLight_native before lucid change brightness=114
01-07 08:49:08.464 D/lights  (  508): write_int open fd=7 val=771
01-07 08:49:08.494 D/LightsService( 1223): setLight_native before lucid change brightness=110
01-07 08:49:08.497 D/lights  (  508): write_int open fd=7 val=771
01-07 08:49:08.498 D/XPC_PowerSaveUtils( 6091): isUltraPowerOn(context) isOn=false
01-07 08:49:08.498 D/XPC_PowerSaveUtils( 6091): getConfigCurrent isUltraModeOn:false
01-07 08:49:08.499 D/XPC_PowerSaveUtils( 6091): config details is : bright->67wifiEnable-> falsewifiApEnable->truebtEnable->falsedataEnable->truegpsEnable->falsethreeGEnable->trueautoSyncEnable->trueisScreenModeOn->falseisUltraModeOn->falseisBatterySaverOn->false
01-07 08:49:08.499 D/XPC_PowerSaveUtils( 6091): getConfigCurrent current:32.2
01-07 08:49:08.501 V/SettingsState( 1223): addHistoricalOperationLocked type updatesetting: Setting{name=battery_remaining_time value=13.172338090010978 default=13.172338090010978 packageName=com.transsion.powercenter tag=null defaultFromSystem=true}
01-07 08:49:08.502 D/XPC_PowerSaveUtils( 6091): hours:13,min:10
01-07 08:49:08.502 W/ContextImpl( 6091): Calling a method in the system process without a qualified user: android.app.ContextImpl.sendBroadcast:1062 android.content.ContextWrapper.sendBroadcast:448 com.transsion.powercenter.receiver.BatteryChangedReceiver.d:315 com.transsion.powercenter.receiver.BatteryChangedReceiver.c:307 com.transsion.powercenter.receiver.BatteryChangedReceiver.a:43 
01-07 08:49:08.503 V/SettingsProvider( 1223): Notifying for 0: content://settings/system/battery_remaining_time
01-07 08:49:08.505 D/TAG     ( 6091): Power Widget test:13-----10
01-07 08:49:08.505 D/XPC_PowerWidgetProvider( 6091): updateValues mBatteryPercentage:80
01-07 08:49:08.506 D/XPC_PowerWidgetProvider( 6091): hasInstances number is 0
01-07 08:49:08.527 D/LightsService( 1223): setLight_native before lucid change brightness=105
01-07 08:49:08.531 D/lights  (  508): write_int open fd=7 val=771
01-07 08:49:08.562 D/LightsService( 1223): setLight_native before lucid change brightness=101
01-07 08:49:08.565 D/lights  (  508): write_int open fd=7 val=771
01-07 08:49:08.595 D/LightsService( 1223): setLight_native before lucid change brightness=97
01-07 08:49:08.598 D/lights  (  508): write_int open fd=7 val=771
01-07 08:49:08.629 D/LightsService( 1223): setLight_native before lucid change brightness=92
01-07 08:49:08.632 D/lights  (  508): write_int open fd=7 val=771
01-07 08:49:08.662 D/LightsService( 1223): setLight_native before lucid change brightness=88
01-07 08:49:08.666 D/lights  (  508): write_int open fd=7 val=771
01-07 08:49:08.696 D/LightsService( 1223): setLight_native before lucid change brightness=84
01-07 08:49:08.700 D/lights  (  508): write_int open fd=7 val=771
01-07 08:49:08.711 V/SettingsState( 1223): addHistoricalOperationLocked type persistsetting: null
01-07 08:49:08.716 I/netd    (  491): trafficSwapActiveStatsMap() <0.72ms>
01-07 08:49:08.730 D/LightsService( 1223): setLight_native before lucid change brightness=79
01-07 08:49:08.733 D/lights  (  508): write_int open fd=7 val=771
01-07 08:49:08.764 D/LightsService( 1223): setLight_native before lucid change brightness=75
01-07 08:49:08.766 D/lights  (  508): write_int open fd=7 val=771
01-07 08:49:08.797 D/LightsService( 1223): setLight_native before lucid change brightness=71
01-07 08:49:08.800 D/lights  (  508): write_int open fd=7 val=771
01-07 08:49:08.832 D/LightsService( 1223): setLight_native before lucid change brightness=66
01-07 08:49:08.835 D/lights  (  508): write_int open fd=7 val=771
01-07 08:49:08.865 D/LightsService( 1223): setLight_native before lucid change brightness=62
01-07 08:49:08.869 D/lights  (  508): write_int open fd=7 val=771
01-07 08:49:08.899 D/LightsService( 1223): setLight_native before lucid change brightness=58
01-07 08:49:08.903 D/lights  (  508): write_int open fd=7 val=771
01-07 08:49:08.933 D/LightsService( 1223): setLight_native before lucid change brightness=53
01-07 08:49:08.936 D/lights  (  508): write_int open fd=7 val=771
01-07 08:49:08.966 D/LightsService( 1223): setLight_native before lucid change brightness=52
01-07 08:49:08.970 D/lights  (  508): write_int open fd=7 val=771
01-07 08:49:09.224 D/NetworkMonitor(14200): isNetworkConnected : true,  isFakeNetwork : false
01-07 08:49:09.234 I/CarrierServices( 2192): [100] csk.onConnectivityChange: FiST: Wifi connectivity status false
01-07 08:49:09.236 I/CarrierServices( 2192): [177] dag.c: (PEv2-SM): DisabledState: event Connectivity event [null]
01-07 08:49:09.236 I/CarrierServices( 2192): [100] ctc.d: Connected state: [1], networkType: [MOBILE]
01-07 08:49:09.237 D/WM-NetworkStateTracker(10285): Network capabilities changed: [ Transports: CELLULAR Capabilities: SUPL&INTERNET&NOT_RESTRICTED&TRUSTED&NOT_VPN&VALIDATED&NOT_ROAMING&FOREGROUND&NOT_CONGESTED&NOT_SUSPENDED&VSIM LinkUpBandwidth>=24975Kbps LinkDnBandwidth>=14550Kbps Specifier: <1>]
01-07 08:49:09.244 I/CarrierServices( 2192): [128] dfx.d: RCS Configuration storage in Bugle is disabled by p/h flag, using ProvisioningEngineStateCacheUtil.getProvisioningConfigurationForGivenSim()
01-07 08:49:10.457 I/TranPhoneSwitcher( 1607): mDefaultsign:4subid :1
01-07 08:49:10.462 I/MWN     ( 1223): Write 0 to node. type=4G mSimExist=true mFlightMode=false
01-07 08:49:11.127 I/BufferQueueProducer(  537): [StatusBar#0](this:0x72b7896800,id:6,api:1,p:1430,c:537) queueBuffer: fps=0.20 dur=5001.40 max=5001.40 min=5001.40
01-07 08:49:11.134 I/hwcomposer(  506): [HWCDisplay] [Display_0 (type:1)] fps:0.199928,dur:5001.79,max:5001.79,min:5001.79  
01-07 08:49:11.835 I/OtherSimPSListener( 1607): mOthersign:3subid :2
01-07 08:49:12.719 D/NetworkMonitor(14200): isNetworkConnected : true,  isFakeNetwork : false
01-07 08:49:12.726 I/CarrierServices( 2192): [100] csk.onConnectivityChange: FiST: Wifi connectivity status false
01-07 08:49:12.728 I/CarrierServices( 2192): [177] dag.c: (PEv2-SM): DisabledState: event Connectivity event [null]
01-07 08:49:12.731 D/WM-NetworkStateTracker(10285): Network capabilities changed: [ Transports: CELLULAR Capabilities: SUPL&INTERNET&NOT_RESTRICTED&TRUSTED&NOT_VPN&VALIDATED&NOT_ROAMING&FOREGROUND&NOT_CONGESTED&NOT_SUSPENDED&VSIM LinkDnBandwidth>=14550Kbps Specifier: <1>]
01-07 08:49:12.732 I/CarrierServices( 2192): [100] ctc.d: Connected state: [1], networkType: [MOBILE]
01-07 08:49:12.740 I/CarrierServices( 2192): [128] dfx.d: RCS Configuration storage in Bugle is disabled by p/h flag, using ProvisioningEngineStateCacheUtil.getProvisioningConfigurationForGivenSim()
01-07 08:49:13.064 I/DeviceIdleController( 1223): updateChargingLocked: charging=true
01-07 08:49:13.064 I/DeviceIdleController( 1223): becomeActiveLocked, reason=charging, changeLightIdle=true
01-07 08:49:13.064 D/KeyguardUpdateMonitor( 1430): received broadcast android.intent.action.BATTERY_CHANGED
01-07 08:49:13.065 I/Hoffnung( 2856): onReceive Intent { act=android.intent.action.BATTERY_CHANGED flg=0x60000010 (has extras) }
01-07 08:49:13.065 D/KeyguardUpdateMonitor( 1430): handleBatteryUpdate
01-07 08:49:13.066 D/BatteryLabService( 8641): system is charging
01-07 08:49:13.066 D/XPC_BatteryChangedRcv( 6091): level: 80, remindValue: 15, status: 2
01-07 08:49:13.067 D/XPC_BatteryChangedRcv( 6091): isGameMode: false
01-07 08:49:13.067 D/XPC_BatteryChangedRcv( 6091): onReceive: false
01-07 08:49:13.067 D/XPC_BatteryChangedRcv( 6091): isGameMode: false
01-07 08:49:13.068 D/XPC_NotificationUtils( 6091): cancelNotification: 
01-07 08:49:13.068 D/XPC_BatteryChangedRcv( 6091): onReceive: battary on charge
01-07 08:49:13.079 I/BufferQueueProducer(  537): [StatusBar#0](this:0x72b7896800,id:6,api:1,p:1430,c:537) queueBuffer: fps=1.02 dur=1952.27 max=1206.18 min=746.10
01-07 08:49:13.094 I/hwcomposer(  506): [HWCDisplay] [Display_0 (type:1)] fps:1.020395,dur:1960.03,max:1199.57,min:760.45  
01-07 08:49:13.227 I/MWN     ( 1223): Write 0 to node. type=4G mSimExist=true mFlightMode=false
01-07 08:49:13.227 I/TranPhoneSwitcher( 1607): mDefaultsign:4subid :1
01-07 08:49:14.076 D/XPC_PowerSaveUtils( 6091): isUltraPowerOn(context) isOn=false
01-07 08:49:14.077 D/XPC_PowerSaveUtils( 6091): getConfigCurrent isUltraModeOn:false
01-07 08:49:14.077 D/XPC_PowerSaveUtils( 6091): config details is : bright->67wifiEnable-> falsewifiApEnable->truebtEnable->falsedataEnable->truegpsEnable->falsethreeGEnable->trueautoSyncEnable->trueisScreenModeOn->falseisUltraModeOn->falseisBatterySaverOn->false
01-07 08:49:14.077 D/XPC_PowerSaveUtils( 6091): getConfigCurrent current:32.2
01-07 08:49:14.078 D/XPC_PowerSaveUtils( 6091): hours:13,min:10
01-07 08:49:14.636 D/AES     ( 1223): AEEIOCTL_GET/SET_SF_STATE IOCTL,cmd= 1074294797, lParam=0. 
01-07 08:49:14.637 D/AES     ( 1223): AEEIOCTL_RT_MON_Kick IOCTL,cmd= 2147774474, lParam=300. 
01-07 08:49:14.915 D/Griffin/ResourceTracker( 1223): Cat meminfo coast time: 12ms
01-07 08:49:15.988 I/MWN     ( 1223): Write 0 to node. type=4G mSimExist=true mFlightMode=false
01-07 08:49:15.989 I/TranPhoneSwitcher( 1607): mDefaultsign:4subid :1
01-07 08:49:16.103 I/BufferQueueProducer(  537): [StatusBar#0](this:0x72b7896800,id:6,api:1,p:1430,c:537) queueBuffer: fps=0.33 dur=3023.82 max=3023.82 min=3023.82
01-07 08:49:16.119 I/hwcomposer(  506): [HWCDisplay] [Display_0 (type:1)] fps:0.330575,dur:3025.03,max:3025.03,min:3025.03  
01-07 08:49:16.219 D/NetworkMonitor(14200): isNetworkConnected : true,  isFakeNetwork : false
01-07 08:49:16.227 I/CarrierServices( 2192): [100] csk.onConnectivityChange: FiST: Wifi connectivity status false
01-07 08:49:16.228 I/CarrierServices( 2192): [177] dag.c: (PEv2-SM): DisabledState: event Connectivity event [null]
01-07 08:49:16.231 D/WM-NetworkStateTracker(10285): Network capabilities changed: [ Transports: CELLULAR Capabilities: SUPL&INTERNET&NOT_RESTRICTED&TRUSTED&NOT_VPN&VALIDATED&NOT_ROAMING&FOREGROUND&NOT_CONGESTED&NOT_SUSPENDED&VSIM LinkUpBandwidth>=23375Kbps LinkDnBandwidth>=14550Kbps Specifier: <1>]
01-07 08:49:16.231 I/CarrierServices( 2192): [100] ctc.d: Connected state: [1], networkType: [MOBILE]
01-07 08:49:16.239 I/CarrierServices( 2192): [128] dfx.d: RCS Configuration storage in Bugle is disabled by p/h flag, using ProvisioningEngineStateCacheUtil.getProvisioningConfigurationForGivenSim()
01-07 08:49:16.946 I/OtherSimPSListener( 1607): mOthersign:3subid :2
01-07 08:49:17.483 I/BufferQueueProducer(  537): [StatusBar#0](this:0x72b7896800,id:6,api:1,p:1430,c:537) queueBuffer: fps=0.72 dur=1380.52 max=1380.52 min=1380.52
01-07 08:49:17.505 I/hwcomposer(  506): [HWCDisplay] [Display_0 (type:1)] fps:0.721786,dur:1385.45,max:1385.45,min:1385.45  
01-07 08:49:18.327 I/thermal_repeater(  650): [recvMdThermalInfo] ret=27, strLen=127,  3, 55, 5, -28361, 32767, 0
01-07 08:49:18.485 I/BufferQueueProducer(  537): [StatusBar#0](this:0x72b7896800,id:6,api:1,p:1430,c:537) queueBuffer: fps=2.99 dur=1002.17 max=985.83 min=6.30
01-07 08:49:18.717 I/netd    (  491): trafficSwapActiveStatsMap() <0.48ms>
01-07 08:49:19.222 D/NetworkMonitor(14200): isNetworkConnected : true,  isFakeNetwork : false
01-07 08:49:19.231 I/CarrierServices( 2192): [100] csk.onConnectivityChange: FiST: Wifi connectivity status false
01-07 08:49:19.233 I/CarrierServices( 2192): [177] dag.c: (PEv2-SM): DisabledState: event Connectivity event [null]
01-07 08:49:19.233 D/WM-NetworkStateTracker(10285): Network capabilities changed: [ Transports: CELLULAR Capabilities: SUPL&INTERNET&NOT_RESTRICTED&TRUSTED&NOT_VPN&VALIDATED&NOT_ROAMING&FOREGROUND&NOT_CONGESTED&NOT_SUSPENDED&VSIM LinkUpBandwidth>=19375Kbps LinkDnBandwidth>=14550Kbps Specifier: <1>]
01-07 08:49:19.233 I/CarrierServices( 2192): [100] ctc.d: Connected state: [1], networkType: [MOBILE]
01-07 08:49:19.243 I/CarrierServices( 2192): [128] dfx.d: RCS Configuration storage in Bugle is disabled by p/h flag, using ProvisioningEngineStateCacheUtil.getProvisioningConfigurationForGivenSim()
01-07 08:49:20.526 I/BufferQueueProducer(  537): [StatusBar#0](this:0x72b7896800,id:6,api:1,p:1430,c:537) queueBuffer: fps=0.49 dur=2040.84 max=2040.84 min=2040.84
01-07 08:49:20.547 I/hwcomposer(  506): [HWCDisplay] [Display_0 (type:1)] fps:1.314971,dur:3041.89,max:2046.59,min:13.87  
01-07 08:49:20.585 V/SettingsState( 1223): addHistoricalOperationLocked type updatesetting: Setting{name=screen_brightness value=77 default=77 packageName=android tag=null defaultFromSystem=true}
01-07 08:49:20.586 D/DisplayPowerController( 1223): animateScreenBrightness: target=1237, rate=960    mShouldUpdateBrightnessSettingLater=true
01-07 08:49:20.586 D/DisplayPowerController( 1223): animateScreenBrightness: putScreenBrightnessSetting currentBrightness=1076, duration=0.5
01-07 08:49:20.586 V/SettingsState( 1223): addHistoricalOperationLocked type updatesetting: Setting{name=tran_animate_brightness_time value=0.5 default=0.5 packageName=android tag=null defaultFromSystem=true}
01-07 08:49:20.587 V/SettingsState( 1223): addHistoricalOperationLocked type updatesetting: Setting{name=tran_animate_brightness_update value=1 default=1 packageName=android tag=null defaultFromSystem=true}
01-07 08:49:20.588 V/SettingsProvider( 1223): Notifying for 0: content://settings/system/screen_brightness
01-07 08:49:20.591 V/SettingsProvider( 1223): Notifying for 0