01-07 07:31:19.705  1223  2759 I ActivityManager: Killing 22310:android.process.acore/u0a47 (adj 985): empty #17
01-07 07:31:19.707  1223  1254 I libprocessgroup: Successfully killed process cgroup uid 10047 pid 22310 in 0ms
01-07 07:31:19.707  3024  5121 D SmartPanelService: processName = android.process.acorepackages = [com.android.providers.blockednumber, com.android.providers.userdictionary, com.android.providers.contacts]
01-07 07:31:19.741  1223  2305 V ActivityManager: Death received in com.android.server.am.ActivityManagerService$AppDeathRecipient@cbdc389 for thread android.os.BinderProxy@3562f8e, mPid:22310,mApp:ProcessRecord{73e3f8e 22310:android.process.acore/u0a47}
01-07 07:31:19.742   492   492 I Zygote  : Process 22310 exited due to signal 9 (Killed)
01-07 07:31:19.742  1223  2305 D os.ActivityManagerServiceLice: make process inactive android.process.acore(22310)
01-07 07:31:19.789   650   650 I thermal_repeater: [recvMdThermalInfo] ret=28, strLen=127,  3, 51, -4, -28361, 32767, 0
01-07 07:31:20.054   506 16050 I hwcomposer: [HWC] (0) displayGetActiveConfig config:0  
01-07 07:31:20.561   506 16050 I hwcomposer: [HWC] (0) displayGetActiveConfig config:0  
01-07 07:31:21.036   537  1997 I BufferQueueProducer: [StatusBar#0](this:0x72b7896800,id:6,api:1,p:1430,c:537) queueBuffer: fps=0.20 dur=5001.78 max=5001.78 min=5001.78
01-07 07:31:21.042   506 16050 I hwcomposer: [HWCDisplay] [Display_0 (type:1)] fps:0.199914,dur:5002.15,max:5002.15,min:5002.15  
01-07 07:31:21.453  1223  1223 I DeviceIdleController: updateChargingLocked: charging=true
01-07 07:31:21.454  1223  1223 I DeviceIdleController: becomeActiveLocked, reason=charging, changeLightIdle=true
01-07 07:31:21.454  1430  1430 D KeyguardUpdateMonitor: received broadcast android.intent.action.BATTERY_CHANGED
01-07 07:31:21.457  1430  1430 D KeyguardUpdateMonitor: handleBatteryUpdate
01-07 07:31:21.457  2856  2856 I Hoffnung: onReceive Intent { act=android.intent.action.BATTERY_CHANGED flg=0x60000010 (has extras) }
01-07 07:31:21.459  8641  8641 D BatteryLabService: system is charging
01-07 07:31:21.461  6091  6091 D XPC_BatteryChangedRcv: level: 86, remindValue: 15, status: 2
01-07 07:31:21.461  6091  6091 D XPC_BatteryChangedRcv: isGameMode: false
01-07 07:31:21.461  6091  6091 D XPC_BatteryChangedRcv: onReceive: false
01-07 07:31:21.461  6091  6091 D XPC_BatteryChangedRcv: isGameMode: false
01-07 07:31:21.463  6091  6091 D XPC_NotificationUtils: cancelNotification: 
01-07 07:31:21.464  6091  6091 D XPC_BatteryChangedRcv: onReceive: battary on charge
01-07 07:31:21.517  1223  1233 I system_server: Background young concurrent copying GC freed 534396(28MB) AllocSpace objects, 159(4160KB) LOS objects, 41% free, 46MB/79MB, paused 555us total 111.381ms
01-07 07:31:21.534  1223  1235 W System  : A resource failed to call release. 
01-07 07:31:21.679  1607  1607 I TranPhoneSwitcher: mDefaultsign:4subid :1
01-07 07:31:21.682  1223  1223 I MWN     : Write 0 to node. type=4G mSimExist=true mFlightMode=false
01-07 07:31:21.693  1223  2787 W DevicePolicyManager: Package com.transsion.phonemaster (uid=10080, pid=5472) cannot access Device IDs
01-07 07:31:21.694  1607  2037 W TelephonyPermissions: reportAccessDeniedToReadIdentifiers:com.transsion.phonemaster:getSubscriptionInfoList:isPreinstalled=true:isPrivApp=false
01-07 07:31:21.711  1223  2787 W DevicePolicyManager: Package com.transsion.phonemaster (uid=10080, pid=5472) cannot access Device IDs
01-07 07:31:21.713  1607  2037 W TelephonyPermissions: reportAccessDeniedToReadIdentifiers:com.transsion.phonemaster:getSubscriptionInfoList:isPreinstalled=true:isPrivApp=false
01-07 07:31:21.726  1223  2787 W DevicePolicyManager: Package com.transsion.phonemaster (uid=10080, pid=5472) cannot access Device IDs
01-07 07:31:21.727  1607  2037 W TelephonyPermissions: reportAccessDeniedToReadIdentifiers:com.transsion.phonemaster:getSubscriptionInfoList:isPreinstalled=true:isPrivApp=false
01-07 07:31:21.734  1223  2787 D AppOps  : checkOperation: reject #3 for code 24 uid 10080 package com.transsion.phonemaster
01-07 07:31:21.742  1223  2787 W DevicePolicyManager: Package com.transsion.phonemaster (uid=10080, pid=5472) cannot access Device IDs
01-07 07:31:21.743  1607  2037 W TelephonyPermissions: reportAccessDeniedToReadIdentifiers:com.transsion.phonemaster:getSubscriptionInfoList:isPreinstalled=true:isPrivApp=false
01-07 07:31:21.756  1223  2787 W DevicePolicyManager: Package com.transsion.phonemaster (uid=10080, pid=5472) cannot access Device IDs
01-07 07:31:21.757  1607  2037 W TelephonyPermissions: reportAccessDeniedToReadIdentifiers:com.transsion.phonemaster:getSubscriptionInfoList:isPreinstalled=true:isPrivApp=false
01-07 07:31:21.770  1223  2787 W DevicePolicyManager: Package com.transsion.phonemaster (uid=10080, pid=5472) cannot access Device IDs
01-07 07:31:21.771  1607  2037 W TelephonyPermissions: reportAccessDeniedToReadIdentifiers:com.transsion.phonemaster:getSubscriptionInfoList:isPreinstalled=true:isPrivApp=false
01-07 07:31:21.785  1223  2787 W DevicePolicyManager: Package com.transsion.phonemaster (uid=10080, pid=5472) cannot access Device IDs
01-07 07:31:21.786  1607  2037 W TelephonyPermissions: reportAccessDeniedToReadIdentifiers:com.transsion.phonemaster:getSubscriptionInfoList:isPreinstalled=true:isPrivApp=false
01-07 07:31:21.799  1223  2787 W DevicePolicyManager: Package com.transsion.phonemaster (uid=10080, pid=5472) cannot access Device IDs
01-07 07:31:21.800  1607  2037 W TelephonyPermissions: reportAccessDeniedToReadIdentifiers:com.transsion.phonemaster:getSubscriptionInfoList:isPreinstalled=true:isPrivApp=false
01-07 07:31:21.811   491 24296 I netd    : trafficSwapActiveStatsMap() <0.51ms>
01-07 07:31:21.822   491 24296 I netd    : tetherGetStats() <7.12ms>
01-07 07:31:21.902  1223  2787 W DevicePolicyManager: Package com.transsion.phonemaster (uid=10080, pid=5472) cannot access Device IDs
01-07 07:31:21.904  1607  2037 W TelephonyPermissions: reportAccessDeniedToReadIdentifiers:com.transsion.phonemaster:getSubscriptionInfoList:isPreinstalled=true:isPrivApp=false
01-07 07:31:21.919  1223  2787 W DevicePolicyManager: Package com.transsion.phonemaster (uid=10080, pid=5472) cannot access Device IDs
01-07 07:31:21.920  1607  2037 W TelephonyPermissions: reportAccessDeniedToReadIdentifiers:com.transsion.phonemaster:getSubscriptionInfoList:isPreinstalled=true:isPrivApp=false
01-07 07:31:21.933  1223  2787 W DevicePolicyManager: Package com.transsion.phonemaster (uid=10080, pid=5472) cannot access Device IDs
01-07 07:31:21.935  1607  2037 W TelephonyPermissions: reportAccessDeniedToReadIdentifiers:com.transsion.phonemaster:getSubscriptionInfoList:isPreinstalled=true:isPrivApp=false
01-07 07:31:21.947  1223  2787 W DevicePolicyManager: Package com.transsion.phonemaster (uid=10080, pid=5472) cannot access Device IDs
01-07 07:31:21.949  1607  2037 W TelephonyPermissions: reportAccessDeniedToReadIdentifiers:com.transsion.phonemaster:getSubscriptionInfoList:isPreinstalled=true:isPrivApp=false
01-07 07:31:21.963  1223  2787 W DevicePolicyManager: Package com.transsion.phonemaster (uid=10080, pid=5472) cannot access Device IDs
01-07 07:31:21.965  1607  2037 W TelephonyPermissions: reportAccessDeniedToReadIdentifiers:com.transsion.phonemaster:getSubscriptionInfoList:isPreinstalled=true:isPrivApp=false
01-07 07:31:21.978  1223  2787 W DevicePolicyManager: Package com.transsion.phonemaster (uid=10080, pid=5472) cannot access Device IDs
01-07 07:31:21.979  1607  2037 W TelephonyPermissions: reportAccessDeniedToReadIdentifiers:com.transsion.phonemaster:getSubscriptionInfoList:isPreinstalled=true:isPrivApp=false
01-07 07:31:21.992  1223  2787 W DevicePolicyManager: Package com.transsion.phonemaster (uid=10080, pid=5472) cannot access Device IDs
01-07 07:31:21.993  1607  2037 W TelephonyPermissions: reportAccessDeniedToReadIdentifiers:com.transsion.phonemaster:getSubscriptionInfoList:isPreinstalled=true:isPrivApp=false
01-07 07:31:22.006  1223  2787 W DevicePolicyManager: Package com.transsion.phonemaster (uid=10080, pid=5472) cannot access Device IDs
01-07 07:31:22.007  1607  2037 W TelephonyPermissions: reportAccessDeniedToReadIdentifiers:com.transsion.phonemaster:getSubscriptionInfoList:isPreinstalled=true:isPrivApp=false
01-07 07:31:22.020  1223  2787 W DevicePolicyManager: Package com.transsion.phonemaster (uid=10080, pid=5472) cannot access Device IDs
01-07 07:31:22.021  1607  2037 W TelephonyPermissions: reportAccessDeniedToReadIdentifiers:com.transsion.phonemaster:getSubscriptionInfoList:isPreinstalled=true:isPrivApp=false
01-07 07:31:22.034  1223  2787 W DevicePolicyManager: Package com.transsion.phonemaster (uid=10080, pid=5472) cannot access Device IDs
01-07 07:31:22.035  1607  2037 W TelephonyPermissions: reportAccessDeniedToReadIdentifiers:com.transsion.phonemaster:getSubscriptionInfoList:isPreinstalled=true:isPrivApp=false
01-07 07:31:22.048  1223  2787 W DevicePolicyManager: Package com.transsion.phonemaster (uid=10080, pid=5472) cannot access Device IDs
01-07 07:31:22.049  1607  2037 W TelephonyPermissions: reportAccessDeniedToReadIdentifiers:com.transsion.phonemaster:getSubscriptionInfoList:isPreinstalled=true:isPrivApp=false
01-07 07:31:22.063  1223  2787 W DevicePolicyManager: Package com.transsion.phonemaster (uid=10080, pid=5472) cannot access Device IDs
01-07 07:31:22.064  1607  2037 W TelephonyPermissions: reportAccessDeniedToReadIdentifiers:com.transsion.phonemaster:getSubscriptionInfoList:isPreinstalled=true:isPrivApp=false
01-07 07:31:22.077  1223  2787 W DevicePolicyManager: Package com.transsion.phonemaster (uid=10080, pid=5472) cannot access Device IDs
01-07 07:31:22.078  1607  2037 W TelephonyPermissions: reportAccessDeniedToReadIdentifiers:com.transsion.phonemaster:getSubscriptionInfoList:isPreinstalled=true:isPrivApp=false
01-07 07:31:22.081   506 16050 I hwcomposer: [HWC] (0) displayGetActiveConfig config:0  
01-07 07:31:22.091  1223  2787 W DevicePolicyManager: Package com.transsion.phonemaster (uid=10080, pid=5472) cannot access Device IDs
01-07 07:31:22.092  1607  2037 W TelephonyPermissions: reportAccessDeniedToReadIdentifiers:com.transsion.phonemaster:getSubscriptionInfoList:isPreinstalled=true:isPrivApp=false
01-07 07:31:22.104  1223  2787 W DevicePolicyManager: Package com.transsion.phonemaster (uid=10080, pid=5472) cannot access Device IDs
01-07 07:31:22.105  1607  2037 W TelephonyPermissions: reportAccessDeniedToReadIdentifiers:com.transsion.phonemaster:getSubscriptionInfoList:isPreinstalled=true:isPrivApp=false
01-07 07:31:22.118  1223  2787 W DevicePolicyManager: Package com.transsion.phonemaster (uid=10080, pid=5472) cannot access Device IDs
01-07 07:31:22.119  1607  2037 W TelephonyPermissions: reportAccessDeniedToReadIdentifiers:com.transsion.phonemaster:getSubscriptionInfoList:isPreinstalled=true:isPrivApp=false
01-07 07:31:22.131  1223  2787 W DevicePolicyManager: Package com.transsion.phonemaster (uid=10080, pid=5472) cannot access Device IDs
01-07 07:31:22.132  1607  2037 W TelephonyPermissions: reportAccessDeniedToReadIdentifiers:com.transsion.phonemaster:getSubscriptionInfoList:isPreinstalled=true:isPrivApp=false
01-07 07:31:22.146  1223  2787 W DevicePolicyManager: Package com.transsion.phonemaster (uid=10080, pid=5472) cannot access Device IDs
01-07 07:31:22.147  1607  2037 W TelephonyPermissions: reportAccessDeniedToReadIdentifiers:com.transsion.phonemaster:getSubscriptionInfoList:isPreinstalled=true:isPrivApp=false
01-07 07:31:22.159  1223  2787 W DevicePolicyManager: Package com.transsion.phonemaster (uid=10080, pid=5472) cannot access Device IDs
01-07 07:31:22.161  1607  2037 W TelephonyPermissions: reportAccessDeniedToReadIdentifiers:com.transsion.phonemaster:getSubscriptionInfoList:isPreinstalled=true:isPrivApp=false
01-07 07:31:22.174  1223  2787 W DevicePolicyManager: Package com.transsion.phonemaster (uid=10080, pid=5472) cannot access Device IDs
01-07 07:31:22.175  1607  2037 W TelephonyPermissions: reportAccessDeniedToReadIdentifiers:com.transsion.phonemaster:getSubscriptionInfoList:isPreinstalled=true:isPrivApp=false
01-07 07:31:22.190  1223  2787 W DevicePolicyManager: Package com.transsion.phonemaster (uid=10080, pid=5472) cannot access Device IDs
01-07 07:31:22.190  1223  2305 W DevicePolicyManager: Package com.transsion.phonemaster (uid=10080, pid=5472) cannot access Device IDs
01-07 07:31:22.191  1607  2037 W TelephonyPermissions: reportAccessDeniedToReadIdentifiers:com.transsion.phonemaster:getSubscriptionInfoList:isPreinstalled=true:isPrivApp=false
01-07 07:31:22.191  1607  2136 W TelephonyPermissions: reportAccessDeniedToReadIdentifiers:com.transsion.phonemaster:getSubscriptionInfoList:isPreinstalled=true:isPrivApp=false
01-07 07:31:22.208  1223  2305 W DevicePolicyManager: Package com.transsion.phonemaster (uid=10080, pid=5472) cannot access Device IDs
01-07 07:31:22.209  1607  2037 W TelephonyPermissions: reportAccessDeniedToReadIdentifiers:com.transsion.phonemaster:getSubscriptionInfoList:isPreinstalled=true:isPrivApp=false
01-07 07:31:22.212  1223  2787 W DevicePolicyManager: Package com.transsion.phonemaster (uid=10080, pid=5472) cannot access Device IDs
01-07 07:31:22.214  1607  2136 W TelephonyPermissions: reportAccessDeniedToReadIdentifiers:com.transsion.phonemaster:getSubscriptionInfoList:isPreinstalled=true:isPrivApp=false
01-07 07:31:22.222  1223  2305 W DevicePolicyManager: Package com.transsion.phonemaster (uid=10080, pid=5472) cannot access Device IDs
01-07 07:31:22.224  1607  2037 W TelephonyPermissions: reportAccessDeniedToReadIdentifiers:com.transsion.phonemaster:getSubscriptionInfoList:isPreinstalled=true:isPrivApp=false
01-07 07:31:22.229  1223  2787 W DevicePolicyManager: Package com.transsion.phonemaster (uid=10080, pid=5472) cannot access Device IDs
01-07 07:31:22.231  1607  2136 W TelephonyPermissions: reportAccessDeniedToReadIdentifiers:com.transsion.phonemaster:getSubscriptionInfoList:isPreinstalled=true:isPrivApp=false
01-07 07:31:22.241  1223  2787 W DevicePolicyManager: Package com.transsion.phonemaster (uid=10080, pid=5472) cannot access Device IDs
01-07 07:31:22.242  1223  2787 W DevicePolicyManager: Package com.transsion.phonemaster (uid=10080, pid=5472) cannot access Device IDs
01-07 07:31:22.242  1607  2037 W TelephonyPermissions: reportAccessDeniedToReadIdentifiers:com.transsion.phonemaster:getSubscriptionInfoList:isPreinstalled=true:isPrivApp=false
01-07 07:31:22.243  1607  2136 W TelephonyPermissions: reportAccessDeniedToReadIdentifiers:com.transsion.phonemaster:getSubscriptionInfoList:isPreinstalled=true:isPrivApp=false
01-07 07:31:22.254  1223  2787 W DevicePolicyManager: Package com.transsion.phonemaster (uid=10080, pid=5472) cannot access Device IDs
01-07 07:31:22.256  1607  2037 W TelephonyPermissions: reportAccessDeniedToReadIdentifiers:com.transsion.phonemaster:getSubscriptionInfoList:isPreinstalled=true:isPrivApp=false
01-07 07:31:22.268  1223  2787 W DevicePolicyManager: Package com.transsion.phonemaster (uid=10080, pid=5472) cannot access Device IDs
01-07 07:31:22.269  1607  2037 W TelephonyPermissions: reportAccessDeniedToReadIdentifiers:com.transsion.phonemaster:getSubscriptionInfoList:isPreinstalled=true:isPrivApp=false
01-07 07:31:22.281  1223  2787 W DevicePolicyManager: Package com.transsion.phonemaster (uid=10080, pid=5472) cannot access Device IDs
01-07 07:31:22.282  1607  2037 W TelephonyPermissions: reportAccessDeniedToReadIdentifiers:com.transsion.phonemaster:getSubscriptionInfoList:isPreinstalled=true:isPrivApp=false
01-07 07:31:22.301  1223  2787 W DevicePolicyManager: Package com.transsion.phonemaster (uid=10080, pid=5472) cannot access Device IDs
01-07 07:31:22.303  1607  2037 W TelephonyPermissions: reportAccessDeniedToReadIdentifiers:com.transsion.phonemaster:getSubscriptionInfoList:isPreinstalled=true:isPrivApp=false
01-07 07:31:22.317  1223  2787 W DevicePolicyManager: Package com.transsion.phonemaster (uid=10080, pid=5472) cannot access Device IDs
01-07 07:31:22.319  1607  2037 W TelephonyPermissions: reportAccessDeniedToReadIdentifiers:com.transsion.phonemaster:getSubscriptionInfoList:isPreinstalled=true:isPrivApp=false
01-07 07:31:22.469  6091  6091 D XPC_PowerSaveUtils: isUltraPowerOn(context) isOn=false
01-07 07:31:22.470  6091  6091 D XPC_PowerSaveUtils: getConfigCurrent isUltraModeOn:false
01-07 07:31:22.470  6091  6091 D XPC_PowerSaveUtils: config details is : bright->37wifiEnable-> falsewifiApEnable->truebtEnable->falsedataEnable->truegpsEnable->falsethreeGEnable->trueautoSyncEnable->trueisScreenModeOn->falseisUltraModeOn->falseisBatterySaverOn->false
01-07 07:31:22.470  6091  6091 D XPC_PowerSaveUtils: getConfigCurrent current:26.2
01-07 07:31:22.471  6091  6091 D XPC_PowerSaveUtils: hours:14,min:38
01-07 07:31:22.588   506 16050 I hwcomposer: [HWC] (0) displayGetActiveConfig config:0  
01-07 07:31:22.671 14200 14281 D NetworkMonitor: isNetworkConnected : true,  isFakeNetwork : false
01-07 07:31:22.682  2192  3620 I CarrierServices: [100] csk.onConnectivityChange: FiST: Wifi connectivity status false
01-07 07:31:22.683  2192 28856 I CarrierServices: [177] dag.c: (PEv2-SM): DisabledState: event Connectivity event [null]
01-07 07:31:22.684  2192  3620 I CarrierServices: [100] ctc.d: Connected state: [1], networkType: [MOBILE]
01-07 07:31:22.685 10285 10396 D WM-NetworkStateTracker: Network capabilities changed: [ Transports: CELLULAR Capabilities: SUPL&INTERNET&NOT_RESTRICTED&TRUSTED&NOT_VPN&VALIDATED&NOT_ROAMING&FOREGROUND&NOT_CONGESTED&NOT_SUSPENDED&VSIM LinkDnBandwidth>=18515Kbps Specifier: <1>]
01-07 07:31:22.696  2192  4597 I CarrierServices: [128] dfx.d: RCS Configuration storage in Bugle is disabled by p/h flag, using ProvisioningEngineStateCacheUtil.getProvisioningConfigurationForGivenSim()
01-07 07:31:23.095   506 16050 I hwcomposer: [HWC] (0) displayGetActiveConfig config:0  
01-07 07:31:23.603   506 16050 I hwcomposer: [HWC] (0) displayGetActiveConfig config:0  
01-07 07:31:23.678  1607  1607 I OtherSimPSListener: mOthersign:3subid :2
01-07 07:31:24.109   506 16050 I hwcomposer: [HWC] (0) displayGetActiveConfig config:0  
01-07 07:31:24.309  1607  1607 I TranPhoneSwitcher: mDefaultsign:4subid :1
01-07 07:31:24.313  1223  1223 I MWN     : Write 0 to node. type=4G mSimExist=true mFlightMode=false
01-07 07:31:24.616   506 16050 I hwcomposer: [HWC] (0) displayGetActiveConfig config:0  
01-07 07:31:25.123   506 16050 I hwcomposer: [HWC] (0) displayGetActiveConfig config:0  
01-07 07:31:25.631   506   506 I hwcomposer: [HWC] (0) displayGetActiveConfig config:0  
01-07 07:31:25.710 14200 14281 D NetworkMonitor: isNetworkConnected : true,  isFakeNetwork : false
01-07 07:31:25.718  2192  3620 I CarrierServices: [100] csk.onConnectivityChange: FiST: Wifi connectivity status false
01-07 07:31:25.721  2192 28856 I CarrierServices: [177] dag.c: (PEv2-SM): DisabledState: event Connectivity event [null]
01-07 07:31:25.724  2192  3620 I CarrierServices: [100] ctc.d: Connected state: [1], networkType: [MOBILE]
01-07 07:31:25.728 10285 10396 D WM-NetworkStateTracker: Network capabilities changed: [ Transports: CELLULAR Capabilities: SUPL&INTERNET&NOT_RESTRICTED&TRUSTED&NOT_VPN&VALIDATED&NOT_ROAMING&FOREGROUND&NOT_CONGESTED&NOT_SUSPENDED&VSIM LinkUpBandwidth>=24975Kbps LinkDnBandwidth>=24081Kbps Specifier: <1>]
01-07 07:31:25.732  2192  4597 I CarrierServices: [128] dfx.d: RCS Configuration storage in Bugle is disabled by p/h flag, using ProvisioningEngineStateCacheUtil.getProvisioningConfigurationForGivenSim()
01-07 07:31:26.039   537  1997 I BufferQueueProducer: [StatusBar#0](this:0x72b7896800,id:6,api:1,p:1430,c:537) queueBuffer: fps=0.40 dur=5003.18 max=4559.96 min=443.21
01-07 07:31:26.044   506   506 I hwcomposer: [HWCDisplay] [Display_0 (type:1)] fps:0.399839,dur:5002.02,max:4542.17,min:459.85  
01-07 07:31:26.644   506   506 I hwcomposer: [HWC] (0) displayGetActiveConfig config:0  
01-07 07:31:26.950  1607  1607 I TranPhoneSwitcher: mDefaultsign:4subid :1
01-07 07:31:27.151   506 16050 I hwcomposer: [HWC] (0) displayGetActiveConfig config:0  
01-07 07:31:27.658   506   506 I hwcomposer: [HWC] (0) displayGetActiveConfig config:0  
01-07 07:31:28.166   506 16050 I hwcomposer: [HWC] (0) displayGetActiveConfig config:0  
01-07 07:31:28.672   506 16050 I hwcomposer: [HWC] (0) displayGetActiveConfig config:0  
01-07 07:31:28.771 14200 14281 D NetworkMonitor: isNetworkConnected : true,  isFakeNetwork : false
01-07 07:31:28.776  2192  3620 I CarrierServices: [100] csk.onConnectivityChange: FiST: Wifi connectivity status false
01-07 07:31:28.778  2192 28856 I CarrierServices: [177] dag.c: (PEv2-SM): DisabledState: event Connectivity event [null]
01-07 07:31:28.779  2192  3620 I CarrierServices: [100] ctc.d: Connected state: [1], networkType: [MOBILE]
01-07 07:31:28.786 10285 10396 D WM-NetworkStateTracker: Network capabilities changed: [ Transports: CELLULAR Capabilities: SUPL&INTERNET&NOT_RESTRICTED&TRUSTED&NOT_VPN&VALIDATED&NOT_ROAMING&FOREGROUND&NOT_CONGESTED&NOT_SUSPENDED&VSIM LinkUpBandwidth>=24975Kbps LinkDnBandwidth>=19150Kbps Specifier: <1>]
01-07 07:31:28.796  2192  4597 I CarrierServices: [128] dfx.d: RCS Configuration storage in Bugle is disabled by p/h flag, using ProvisioningEngineStateCacheUtil.getProvisioningConfigurationForGivenSim()
01-07 07:31:28.807  1607  1607 I OtherSimPSListener: mOthersign:3subid :2
01-07 07:31:29.179   506 16050 I hwcomposer: [HWC] (0) displayGetActiveConfig config:0  
01-07 07:31:29.375   491 24296 I netd    : trafficSwapActiveStatsMap() <0.50ms>
01-07 07:31:29.591  1607  1607 I TranPhoneSwitcher: mDefaultsign:4subid :1
01-07 07:31:29.685   506 16050 I hwcomposer: [HWC] (0) displayGetActiveConfig config:0  
01-07 07:31:29.805   650   650 I thermal_repeater: [recvMdThermalInfo] ret=27, strLen=127,  3, 51, 0, -28361, 32767, 0
01-07 07:31:30.191   506 16050 I hwcomposer: [HWC] (0) displayGetActiveConfig config:0  
01-07 07:31:30.699   506 16050 I hwcomposer: [HWC] (0) displayGetActiveConfig config:0  
01-07 07:31:31.041   537  1997 I BufferQueueProducer: [StatusBar#0](this:0x72b7896800,id:6,api:1,p:1430,c:537) queueBuffer: fps=0.20 dur=5002.42 max=5002.42 min=5002.42
01-07 07:31:31.046   506 16050 I hwcomposer: [HWCDisplay] [Display_0 (type:1)] fps:0.199923,dur:5001.93,max:5001.93,min:5001.93  
01-07 07:31:26.955  1223  1223 I chatty  : uid=1000 system_server identical 1 line
01-07 07:31:29.596  1223  1223 I MWN     : Write 0 to node. type=4G mSimExist=true mFlightMode=false
01-07 07:31:31.138  1223  1426 D Griffin/ResourceTracker: Cat meminfo coast time: 12ms
01-07 07:31:31.714   506 16050 I hwcomposer: [HWC] (0) displayGetActiveConfig config:0  
01-07 07:31:31.791 14200 14281 D NetworkMonitor: isNetworkConnected : true,  isFakeNetwork : false
01-07 07:31:31.798  2192  3620 I CarrierServices: [100] csk.onConnectivityChange: FiST: Wifi connectivity status false
01-07 07:31:31.799  2192 28856 I CarrierServices: [177] dag.c: (PEv2-SM): DisabledState: event Connectivity event [null]
01-07 07:31:31.800  2192  3620 I CarrierServices: [100] ctc.d: Connected state: [1], networkType: [MOBILE]
01-07 07:31:31.804 10285 10396 D WM-NetworkStateTracker: Network capabilities changed: [ Transports: CELLULAR Capabilities: SUPL&INTERNET&NOT_RESTRICTED&TRUSTED&NOT_VPN&VALIDATED&NOT_ROAMING&FOREGROUND&NOT_CONGESTED&NOT_SUSPENDED&VSIM LinkUpBandwidth>=24975Kbps LinkDnBandwidth>=24475Kbps Specifier: <1>]
01-07 07:31:31.809  4093 25780 W CCTFlatFileLogStore: Excessive logging: 512 events, 104951 bytes from log source CARRIER_SERVICES last 2014s
01-07 07:31:31.814  2192  4597 I CarrierServices: [128] dfx.d: RCS Configuration storage in Bugle is disabled by p/h flag, using ProvisioningEngineStateCacheUtil.getProvisioningConfigurationForGivenSim()
01-07 07:31:32.108  1223  1247 D AES     : AEEIOCTL_GET/SET_SF_STATE IOCTL,cmd= 1074294797, lParam=0. 
01-07 07:31:32.109  1223  1247 D AES     : AEEIOCTL_RT_MON_Kick IOCTL,cmd= 2147774474, lParam=300. 
01-07 07:31:32.221   506 16050 I hwcomposer: [HWC] (0) displayGetActiveConfig config:0  
01-07 07:31:32.231  1607  1607 I TranPhoneSwitcher: mDefaultsign:4subid :1
01-07 07:31:32.235  1223  1223 I MWN     : Write 0 to node. type=4G mSimExist=true mFlightMode=false
01-07 07:31:32.639 25665 25710 E chromium: [ERROR:base/android/self_compaction_manager.cc:71] Unexpected return from madvise: Invalid argument (22)
01-07 07:31:32.728   506   506 I hwcomposer: [HWC] (0) displayGetActiveConfig config:0  
01-07 07:31:33.235   506   506 I chatty  : uid=1000(system) composer@2.1-se identical 1 line
01-07 07:31:33.741   506   506 I hwcomposer: [HWC] (0) displayGetActiveConfig config:0  
01-07 07:31:33.918  1607  1607 I OtherSimPSListener: mOthersign:3subid :2
01-07 07:31:34.249   506   506 I hwcomposer: [HWC] (0) displayGetActiveConfig config:0  
01-07 07:31:34.755   506   506 I hwcomposer: [HWC] (0) displayGetActiveConfig config:0  
01-07 07:31:34.870  1607  1607 I TranPhoneSwitcher: mDefaultsign:4subid :1
01-07 07:31:34.951 14200 14281 D NetworkMonitor: isNetworkConnected : true,  isFakeNetwork : false
01-07 07:31:34.959  2192  3620 I CarrierServices: [100] csk.onConnectivityChange: FiST: Wifi connectivity status false
01-07 07:31:34.962  2192 28856 I CarrierServices: [177] dag.c: (PEv2-SM): DisabledState: event Connectivity event [null]
01-07 07:31:34.965  2192  3620 I CarrierServices: [100] ctc.d: Connected state: [1], networkType: [MOBILE]
01-07 07:31:34.966 10285 10396 D WM-NetworkStateTracker: Network capabilities changed: [ Transports: CELLULAR Capabilities: SUPL&INTERNET&NOT_RESTRICTED&TRUSTED&NOT_VPN&VALIDATED&NOT_ROAMING&FOREGROUND&NOT_CONGESTED&NOT_SUSPENDED&VSIM LinkUpBandwidth>=24975Kbps LinkDnBandwidth>=17031Kbps Specifier: <1>]
01-07 07:31:34.972  2192  4597 I CarrierServices: [128] dfx.d: RCS Configuration storage in Bugle is disabled by p/h flag, using ProvisioningEngineStateCacheUtil.getProvisioningConfigurationForGivenSim()
01-07 07:31:35.262   506   506 I hwcomposer: [HWC] (0) displayGetActiveConfig config:0  
01-07 07:31:35.769   506   506 I hwcomposer: [HWC] (0) displayGetActiveConfig config:0  
01-07 07:31:36.040   537  1997 I BufferQueueProducer: [StatusBar#0](this:0x72b7896800,id:6,api:1,p:1430,c:537) queueBuffer: fps=0.20 dur=4999.10 max=4999.10 min=4999.10
01-07 07:31:36.047   506   506 I hwcomposer: [HWCDisplay] [Display_0 (type:1)] fps:0.199935,dur:5001.62,max:5001.62,min:5001.62  
01-07 07:31:36.783   506   506 I hwcomposer: [HWC] (0) displayGetActiveConfig config:0  
01-07 07:31:37.290   506 16050 I hwcomposer: [HWC] (0) displayGetActiveConfig config:0  
01-07 07:31:37.513  1607  1607 I TranPhoneSwitcher: mDefaultsign:4subid :1
01-07 07:31:37.797   506 16050 I hwcomposer: [HWC] (0) displayGetActiveConfig config:0  
01-07 07:31:38.304   506 16050 I hwcomposer: [HWC] (0) displayGetActiveConfig config:0  
01-07 07:31:38.590 14200 14281 D NetworkMonitor: isNetworkConnected : true,  isFakeNetwork : false
01-07 07:31:38.596  2192  3620 I CarrierServices: [100] csk.onConnectivityChange: FiST: Wifi connectivity status false
01-07 07:31:38.598  2192 28856 I CarrierServices: [177] dag.c: (PEv2-SM): DisabledState: event Connectivity event [null]
01-07 07:31:38.598  2192  3620 I CarrierServices: [100] ctc.d: Connected state: [1], networkType: [MOBILE]
01-07 07:31:38.606 10285 10396 D WM-NetworkStateTracker: Network capabilities changed: [ Transports: CELLULAR Capabilities: SUPL&INTERNET&NOT_RESTRICTED&TRUSTED&NOT_VPN&VALIDATED&NOT_ROAMING&FOREGROUND&NOT_CONGESTED&NOT_SUSPENDED&VSIM LinkDnBandwidth>=17031Kbps Specifier: <1>]
01-07 07:31:38.609  2192  4597 I CarrierServices: [128] dfx.d: RCS Configuration storage in Bugle is disabled by p/h flag, using ProvisioningEngineStateCacheUtil.getProvisioningConfigurationForGivenSim()
01-07 07:31:38.811   506 16050 I hwcomposer: [HWC] (0) displayGetActiveConfig config:0  
01-07 07:31:39.035  1607  1607 I OtherSimPSListener: mOthersign:3subid :2
01-07 07:31:39.318   506   506 I hwcomposer: [HWC] (0) displayGetActiveConfig config:0  
01-07 07:31:39.376   491 24296 I netd    : trafficSwapActiveStatsMap() <0.48ms>
01-07 07:31:39.815   537  1997 I BufferQueueProducer: [StatusBar#0](this:0x72b7896800,id:6,api:1,p:1430,c:537) queueBuffer: fps=0.26 dur=3774.67 max=3774.67 min=3774.67
01-07 07:31:39.828   650   650 I thermal_repeater: [recvMdThermalInfo] ret=28, strLen=127,  3, 49, -5, -28361, 32767, 0
01-07 07:31:39.833   506 16050 I hwcomposer: [HWCDisplay] [Display_0 (type:1)] fps:0.264156,dur:3785.65,max:3785.65,min:3785.65  
01-07 07:31:40.332   506 16050 I hwcomposer: [HWC] (0) displayGetActiveConfig config:0  
01-07 07:31:40.532  1607  1607 I TranPhoneSwitcher: mDefaultsign:4subid :1
01-07 07:31:40.823   537  1997 I BufferQueueProducer: [StatusBar#0](this:0x72b7896800,id:6,api:1,p:1430,c:537) queueBuffer: fps=1.98 dur=1008.62 max=997.53 min=11.08
01-07 07:31:40.847   506 16050 I hwcomposer: [HWCDisplay] [Display_0 (type:1)] fps:2.959922,dur:1013.54,max:980.24,min:16.39  
01-07 07:31:41.814 14200 14281 D NetworkMonitor: isNetworkConnected : true,  isFakeNetwork : false
01-07 07:31:41.821  2192  3620 I CarrierServices: [100] csk.onConnectivityChange: FiST: Wifi connectivity status false
01-07 07:31:41.822  2192 28856 I CarrierServices: [177] dag.c: (PEv2-SM): DisabledState: event Connectivity event [null]
01-07 07:31:41.824  2192  3620 I CarrierServices: [100] ctc.d: Connected state: [1], networkType: [MOBILE]
01-07 07:31:41.833 10285 10396 D WM-NetworkStateTracker: Network capabilities changed: [ Transports: CELLULAR Capabilities: SUPL&INTERNET&NOT_RESTRICTED&TRUSTED&NOT_VPN&VALIDATED&NOT_ROAMING&FOREGROUND&NOT_CONGESTED&NOT_SUSPENDED&VSIM LinkUpBandwidth>=26575Kbps LinkDnBandwidth>=17031Kbps Specifier: <1>]
01-07 07:31:41.834  2192  4597 I CarrierServices: [128] dfx.d: RCS Configuration storage in Bugle is disabled by p/h flag, using ProvisioningEngineStateCacheUtil.getProvisioningConfigurationForGivenSim()
01-07 07:31:41.853   506 16050 I hwcomposer: [HWC] (0) displayGetActiveConfig config:0  
01-07 07:31:42.337  1223  2761 W DevicePolicyManager: Package com.transsion.phonemaster (uid=10080, pid=5472) cannot access Device IDs
01-07 07:31:42.338  1607  2037 W TelephonyPermissions: reportAccessDeniedToReadIdentifiers:com.transsion.phonemaster:getSubscriptionInfoList:isPreinstalled=true:isPrivApp=false
01-07 07:31:42.355  1223  2761 W DevicePolicyManager: Package com.transsion.phonemaster (uid=10080, pid=5472) cannot access Device IDs
01-07 07:31:42.355  1607  2037 W TelephonyPermissions: reportAccessDeniedToReadIdentifiers:com.transsion.phonemaster:getSubscriptionInfoList:isPreinstalled=true:isPrivApp=false
01-07 07:31:42.359   506 16050 I hwcomposer: [HWC] (0) displayGetActiveConfig config:0  
01-07 07:31:42.369  1223  2761 W DevicePolicyManager: Package com.transsion.phonemaster (uid=10080, pid=5472) cannot access Device IDs
01-07 07:31:42.370  1607  2037 W TelephonyPermissions: reportAccessDeniedToReadIdentifiers:com.transsion.phonemaster:getSubscriptionInfoList:isPreinstalled=true:isPrivApp=false
01-07 07:31:37.518  1223  1223 I chatty  : uid=1000 system_server identical 2 lines
01-07 07:31:40.538  1223  1223 I MWN     : Write 0 to node. type=4G mSimExist=true mFlightMode=false
01-07 07:31:42.379  1223  2761 D AppOps  : checkOperation: reject #3 for code 24 uid 10080 package com.transsion.phonemaster
01-07 07:31:42.387  1223  2761 W DevicePolicyManager: Package com.transsion.phonemaster (uid=10080, pid=5472) cannot access Device IDs
01-07 07:31:42.388  1607  2037 W TelephonyPermissions: reportAccessDeniedToReadIdentifiers:com.transsion.phonemaster:getSubscriptionInfoList:isPreinstalled=true:isPrivApp=false
01-07 07:31:42.404  1223  2761 W DevicePolicyManager: Package com.transsion.phonemaster (uid=10080, pid=5472) cannot access Device IDs
01-07 07:31:42.405  1607  2037 W TelephonyPermissions: reportAccessDeniedToReadIdentifiers:com.transsion.phonemaster:getSubscriptionInfoList:isPreinstalled=true:isPrivApp=false
01-07 07:31:42.419  1223  2761 W DevicePolicyManager: Package com.transsion.phonemaster (uid=10080, pid=5472) cannot access Device IDs
01-07 07:31:42.420  1607  2037 W TelephonyPermissions: reportAccessDeniedToReadIdentifiers:com.transsion.phonemaster:getSubscriptionInfoList:isPreinstalled=true:isPrivApp=false
01-07 07:31:42.434  1223  2761 W DevicePolicyManager: Package com.transsion.phonemaster (uid=10080, pid=5472) cannot access Device IDs
01-07 07:31:42.435  1607  2037 W TelephonyPermissions: reportAccessDeniedToReadIdentifiers:com.transsion.phonemaster:getSubscriptionInfoList:isPreinstalled=true:isPrivApp=false
01-07 07:31:42.449  1223  2761 W DevicePolicyManager: Package com.transsion.phonemaster (uid=10080, pid=5472) cannot access Device IDs
01-07 07:31:42.450  1607  2037 W TelephonyPermissions: reportAccessDeniedToReadIdentifiers:com.transsion.phonemaster:getSubscriptionInfoList:isPreinstalled=true:isPrivApp=false
01-07 07:31:42.461   491 24296 I netd    : trafficSwapActiveStatsMap() <0.60ms>
01-07 07:31:42.470   491 24296 I netd    : tetherGetStats() <7.47ms>
01-07 07:31:42.488  1223  2761 W DevicePolicyManager: Package com.transsion.phonemaster (uid=10080, pid=5472) cannot access Device IDs
01-07 07:31:42.489  1607  2136 W TelephonyPermissions: reportAccessDeniedToReadIdentifiers:com.transsion.phonemaster:getSubscriptionInfoList:isPreinstalled=true:isPrivApp=false
01-07 07:31:42.503  1223  2761 W DevicePolicyManager: Package com.transsion.phonemaster (uid=10080, pid=5472) cannot access Device IDs
01-07 07:31:42.504  1607  2136 W TelephonyPermissions: reportAccessDeniedToReadIdentifiers:com.transsion.phonemaster:getSubscriptionInfoList:isPreinstalled=true:isPrivApp=false
01-07 07:31:42.519  1223  2761 W DevicePolicyManager: Package com.transsion.phonemaster (uid=10080, pid=5472) cannot access Device IDs
01-07 07:31:42.520  1607  2136 W TelephonyPermissions: reportAccessDeniedToReadIdentifiers:com.transsion.phonemaster:getSubscriptionInfoList:isPreinstalled=true:isPrivApp=false
01-07 07:31:42.534  1223  2761 W DevicePolicyManager: Package com.transsion.phonemaster (uid=10080, pid=5472) cannot access Device IDs
01-07 07:31:42.535  1607  2136 W TelephonyPermissions: reportAccessDeniedToReadIdentifiers:com.transsion.phonemaster:getSubscriptionInfoList:isPreinstalled=true:isPrivApp=false
01-07 07:31:42.549  1223  2761 W DevicePolicyManager: Package com.transsion.phonemaster (uid=10080, pid=5472) cannot access Device IDs
01-07 07:31:42.550  1607  2136 W TelephonyPermissions: reportAccessDeniedToReadIdentifiers:com.transsion.phonemaster:getSubscriptionInfoList:isPreinstalled=true:isPrivApp=false
01-07 07:31:42.565  1223  2761 W DevicePolicyManager: Package com.transsion.phonemaster (uid=10080, pid=5472) cannot access Device IDs
01-07 07:31:42.566  1607  2136 W TelephonyPermissions: reportAccessDeniedToReadIdentifiers:com.transsion.phonemaster:getSubscriptionInfoList:isPreinstalled=true:isPrivApp=false
01-07 07:31:42.579  1223  2761 W DevicePolicyManager: Package com.transsion.phonemaster (uid=10080, pid=5472) cannot access Device IDs
01-07 07:31:42.580  1607  2136 W TelephonyPermissions: reportAccessDeniedToReadIdentifiers:com.transsion.phonemaster:getSubscriptionInfoList:isPreinstalled=true:isPrivApp=false
01-07 07:31:42.594  1223  2761 W DevicePolicyManager: Package com.transsion.phonemaster (uid=10080, pid=5472) cannot access Device IDs
01-07 07:31:42.595  1607  2136 W TelephonyPermissions: reportAccessDeniedToReadIdentifiers:com.transsion.phonemaster:getSubscriptionInfoList:isPreinstalled=true:isPrivApp=false
01-07 07:31:42.608  1223  2761 W DevicePolicyManager: Package com.transsion.phonemaster (uid=10080, pid=5472) cannot access Device IDs
01-07 07:31:42.609  1607  2136 W TelephonyPermissions: reportAccessDeniedToReadIdentifiers:com.transsion.phonemaster:getSubscriptionInfoList:isPreinstalled=true:isPrivApp=false
01-07 07:31:42.619  1223  2761 W DevicePolicyManager: Package com.transsion.phonemaster (uid=10080, pid=5472) cannot access Device IDs
01-07 07:31:42.620  1607  2136 W TelephonyPermissions: reportAccessDeniedToReadIdentifiers:com.transsion.phonemaster:getSubscriptionInfoList:isPreinstalled=true:isPrivApp=false
01-07 07:31:42.630  1223  2761 W DevicePolicyManager: Package com.transsion.phonemaster (uid=10080, pid=5472) cannot access Device IDs
01-07 07:31:42.631  1607  2136 W TelephonyPermissions: reportAccessDeniedToReadIdentifiers:com.transsion.phonemaster:getSubscriptionInfoList:isPreinstalled=true:isPrivApp=false
01-07 07:31:42.644  1223  2761 W DevicePolicyManager: Package com.transsion.phonemaster (uid=10080, pid=5472) cannot access Device IDs
01-07 07:31:42.645  1607  2136 W TelephonyPermissions: reportAccessDeniedToReadIdentifiers:com.transsion.phonemaster:getSubscriptionInfoList:isPreinstalled=true:isPrivApp=false
01-07 07:31:42.657  1223  2761 W DevicePolicyManager: Package com.transsion.phonemaster (uid=10080, pid=5472) cannot access Device IDs
01-07 07:31:42.658  1607  2136 W TelephonyPermissions: reportAccessDeniedToReadIdentifiers:com.transsion.phonemaster:getSubscriptionInfoList:isPreinstalled=true:isPrivApp=false
01-07 07:31:42.670  1223  2761 W DevicePolicyManager: Package com.transsion.phonemaster (uid=10080, pid=5472) cannot access Device IDs
01-07 07:31:42.671  1607  2136 W TelephonyPermissions: reportAccessDeniedToReadIdentifiers:com.transsion.phonemaster:getSubscriptionInfoList:isPreinstalled=true:isPrivApp=false
01-07 07:31:42.684  1223  2761 W DevicePolicyManager: Package com.transsion.phonemaster (uid=10080, pid=5472) cannot access Device IDs
01-07 07:31:42.685  1607  2136 W TelephonyPermissions: reportAccessDeniedToReadIdentifiers:com.transsion.phonemaster:getSubscriptionInfoList:isPreinstalled=true:isPrivApp=false
01-07 07:31:42.699  1223  2761 W DevicePolicyManager: Package com.transsion.phonemaster (uid=10080, pid=5472) cannot access Device IDs
01-07 07:31:42.700  1607  2136 W TelephonyPermissions: reportAccessDeniedToReadIdentifiers:com.transsion.phonemaster:getSubscriptionInfoList:isPreinstalled=true:isPrivApp=false
01-07 07:31:42.711  1223  2761 W DevicePolicyManager: Package com.transsion.phonemaster (uid=10080, pid=5472) cannot access Device IDs
01-07 07:31:42.712  1607  2136 W TelephonyPermissions: reportAccessDeniedToReadIdentifiers:com.transsion.phonemaster:getSubscriptionInfoList:isPreinstalled=true:isPrivApp=false
01-07 07:31:42.721  1223  2761 W DevicePolicyManager: Package com.transsion.phonemaster (uid=10080, pid=5472) cannot access Device IDs
01-07 07:31:42.722  1607  2136 W TelephonyPermissions: reportAccessDeniedToReadIdentifiers:com.transsion.phonemaster:getSubscriptionInfoList:isPreinstalled=true:isPrivApp=false
01-07 07:31:42.734  1223  2761 W DevicePolicyManager: Package com.transsion.phonemaster (uid=10080, pid=5472) cannot access Device IDs
01-07 07:31:42.735  1607  2136 W TelephonyPermissions: reportAccessDeniedToReadIdentifiers:com.transsion.phonemaster:getSubscriptionInfoList:isPreinstalled=true:isPrivApp=false
01-07 07:31:42.747  1223  2761 W DevicePolicyManager: Package com.transsion.phonemaster (uid=10080, pid=5472) cannot access Device IDs
01-07 07:31:42.747  1607  2136 W TelephonyPermissions: reportAccessDeniedToReadIdentifiers:com.transsion.phonemaster:getSubscriptionInfoList:isPreinstalled=true:isPrivApp=false
01-07 07:31:42.762  1223  2761 W DevicePolicyManager: Package com.transsion.phonemaster (uid=10080, pid=5472) cannot access Device IDs
01-07 07:31:42.762  1223  2744 W DevicePolicyManager: Package com.transsion.phonemaster (uid=10080, pid=5472) cannot access Device IDs
01-07 07:31:42.763  1607  2037 W TelephonyPermissions: reportAccessDeniedToReadIdentifiers:com.transsion.phonemaster:getSubscriptionInfoList:isPreinstalled=true:isPrivApp=false
01-07 07:31:42.764  1607  2136 W TelephonyPermissions: reportAccessDeniedToReadIdentifiers:com.transsion.phonemaster:getSubscriptionInfoList:isPreinstalled=true:isPrivApp=false
01-07 07:31:42.780  1223  2761 W DevicePolicyManager: Package com.transsion.phonemaster (uid=10080, pid=5472) cannot access Device IDs
01-07 07:31:42.781  1607  2037 W TelephonyPermissions: reportAccessDeniedToReadIdentifiers:com.transsion.phonemaster:getSubscriptionInfoList:isPreinstalled=true:isPrivApp=false
01-07 07:31:42.785  1223  2744 W DevicePolicyManager: Package com.transsion.phonemaster (uid=10080, pid=5472) cannot access Device IDs
01-07 07:31:42.786  1607  2136 W TelephonyPermissions: reportAccessDeniedToReadIdentifiers:com.transsion.phonemaster:getSubscriptionInfoList:isPreinstalled=true:isPrivApp=false
01-07 07:31:42.792  1223  2761 W DevicePolicyManager: Package com.transsion.phonemaster (uid=10080, pid=5472) cannot access Device IDs
01-07 07:31:42.793  1607  2037 W TelephonyPermissions: reportAccessDeniedToReadIdentifiers:com.transsion.phonemaster:getSubscriptionInfoList:isPreinstalled=true:isPrivApp=false
01-07 07:31:42.801  1223  2305 W DevicePolicyManager: Package com.transsion.phonemaster (uid=10080, pid=5472) cannot access Device IDs
01-07 07:31:42.803  1607  2136 W TelephonyPermissions: reportAccessDeniedToReadIdentifiers:com.transsion.phonemaster:getSubscriptionInfoList:isPreinstalled=true:isPrivApp=false
01-07 07:31:42.807  1223  2744 W DevicePolicyManager: Package com.transsion.phonemaster (uid=10080, pid=5472) cannot access Device IDs
01-07 07:31:42.809  1607  2037 W TelephonyPermissions: reportAccessDeniedToReadIdentifiers:com.transsion.phonemaster:getSubscriptionInfoList:isPreinstalled=true:isPrivApp=false
01-07 07:31:42.814  1223  2305 W DevicePolicyManager: Package com.transsion.phonemaster (uid=10080, pid=5472) cannot access Device IDs
01-07 07:31:42.816  1607  2136 W TelephonyPermissions: reportAccessDeniedToReadIdentifiers:com.transsion.phonemaster:getSubscriptionInfoList:isPreinstalled=true:isPrivApp=false
01-07 07:31:42.825  1223  2305 W DevicePolicyManager: Package com.transsion.phonemaster (uid=10080, pid=5472) cannot access Device IDs
01-07 07:31:42.826  1607  2136 W TelephonyPermissions: reportAccessDeniedToReadIdentifiers:com.transsion.phonemaster:getSubscriptionInfoList:isPreinstalled=true:isPrivApp=false
01-07 07:31:42.836  1223  2305 W DevicePolicyManager: Package com.transsion.phonemaster (uid=10080, pid=5472) cannot access Device IDs
01-07 07:31:42.837  1607  2037 W TelephonyPermissions: reportAccessDeniedToReadIdentifiers:com.transsion.phonemaster:getSubscriptionInfoList:isPreinstalled=true:isPrivApp=false
01-07 07:31:42.848  1223  2744 W DevicePolicyManager: Package com.transsion.phonemaster (uid=10080, pid=5472) cannot access Device IDs
01-07 07:31:42.848  1607  2191 W TelephonyPermissions: reportAccessDeniedToReadIdentifiers:com.transsion.phonemaster:getSubscriptionInfoList:isPreinstalled=true:isPrivApp=false
01-07 07:31:42.858  1223  2787 W DevicePolicyManager: Package com.transsion.phonemaster (uid=10080, pid=5472) cannot access Device IDs
01-07 07:31:42.859  1607  2191 W TelephonyPermissions: reportAccessDeniedToReadIdentifiers:com.transsion.phonemaster:getSubscriptionInfoList:isPreinstalled=true:isPrivApp=false
01-07 07:31:42.867   506 16050 I hwcomposer: [HWC] (0) displayGetActiveConfig config:0  
01-07 07:31:42.867  1223  2744 W DevicePolicyManager: Package com.transsion.phonemaster (uid=10080, pid=5472) cannot access Device IDs
01-07 07:31:42.868  1607  2136 W TelephonyPermissions: reportAccessDeniedToReadIdentifiers:com.transsion.phonemaster:getSubscriptionInfoList:isPreinstalled=true:isPrivApp=false
01-07 07:31:43.139  1223  1273 D DisplayPowerController: animateScreenBrightness: target=161, rate=4096    mShouldUpdateBrightnessSettingLater=true
01-07 07:31:43.140  1223  1273 D DisplayPowerController: animateScreenBrightness: putScreenBrightnessSetting currentBrightness=594, duration=0.5
01-07 07:31:43.140  1223  1273 V SettingsState: addHistoricalOperationLocked type updatesetting: Setting{name=tran_animate_brightness_update value=0 default=0 packageName=android tag=null defaultFromSystem=true}
01-07 07:31:43.141  1223  1273 V DisplayPowerController: Brightness [10] reason changing to: 'automatic [ dim ]', previous reason: 'automatic'.
01-07 07:31:43.143  1223  1223 V SettingsProvider: Notifying for 0: content://settings/system/tran_animate_brightness_update
01-07 07:31:43.157  1607  1607 I TranPhoneSwitcher: mDefaultsign:4subid :1
01-07 07:31:43.158  1223  1223 I MWN     : Write 0 to node. type=4G mSimExist=true mFlightMode=false
01-07 07:31:43.177  1223  1419 D LightsService: setLight_native before lucid change brightness=186
01-07 07:31:43.181   508   508 D lights  : write_int open fd=7 val=434
01-07 07:31:43.182   658   845 D AAL     : onBacklightChanged: 578/1023 -> 434/1023(phy:434/4095)
01-07 07:31:43.211  1223  1419 D LightsService: setLight_native before lucid change brightness=48
01-07 07:31:43.215   508   508 D lights  : write_int open fd=7 val=289
01-07 07:31:43.218   658   845 D AAL     : onBacklightChanged: 434/1023 -> 289/1023(phy:289/4095)
01-07 07:31:43.236   658   845 D AAL     : 01-07 07:31:43.182 BL= 575,ESS= 256, 01-07 07:31:43.185 BL= 567,ESS= 256, 01-07 07:31:43.202 BL= 563,ESS= 256, 01-07 07:31:43.219 BL= 495,ESS= 256, 01-07 07:31:43.236 BL= 431,ESS= 256, 
01-07 07:31:43.245  1223  1419 D LightsService: setLight_native before lucid change brightness=165
01-07 07:31:43.248   508   508 D lights  : write_int open fd=7 val=161
01-07 07:31:43.252   658   845 D AAL     : onBacklightChanged: 289/1023 -> 161/1023(phy:161/4095)
01-07 07:31:43.278  1223  1419 D LightsService: setLight_native before lucid change brightness=161
01-07 07:31:43.282   508   508 D lights  : write_int open fd=7 val=161
01-07 07:31:43.320   658   845 D AAL     : 01-07 07:31:43.253 BL= 367,ESS= 256, 01-07 07:31:43.270 BL= 299,ESS= 256, 01-07 07:31:43.287 BL= 235,ESS= 256, 01-07 07:31:43.303 BL= 171,ESS= 256, 01-07 07:31:43.320 BL= 163,ESS= 256, 
01-07 07:31:43.349  1223  1348 V SettingsState: addHistoricalOperationLocked type persistsetting: null
01-07 07:31:43.881   506 16050 I hwcomposer: [HWC] (0) displayGetActiveConfig config:0  
01-07 07:31:44.158  1607  1607 I OtherSimPSListener: mOthersign:3subid :2
01-07 07:31:44.388   506   506 I hwcomposer: [HWC] (0) displayGetActiveConfig config:0  
01-07 07:31:44.895   506   506 I hwcomposer: [HWC] (0) displayGetActiveConfig config:0  
01-07 07:31:44.991 14200 14281 D NetworkMonitor: isNetworkConnected : true,  isFakeNetwork : false
01-07 07:31:44.997  2192  3620 I CarrierServices: [100] csk.onConnectivityChange: FiST: Wifi connectivity status false
01-07 07:31:44.999  2192 28856 I CarrierServices: [177] dag.c: (PEv2-SM): DisabledState: event Connectivity event [null]
01-07 07:31:44.999  2192  3620 I CarrierServices: [100] ctc.d: Connected state: [1], networkType: [MOBILE]
01-07 07:31:45.004 10285 10396 D WM-NetworkStateTracker: Network capabilities changed: [ Transports: CELLULAR Capabilities: SUPL&INTERNET&NOT_RESTRICTED&TRUSTED&NOT_VPN&VALIDATED&NOT_ROAMING&FOREGROUND&NOT_CONGESTED&NOT_SUSPENDED&VSIM LinkDnBandwidth>=23706Kbps Specifier: <1>]
01-07 07:31:45.007  2192  4597 I CarrierServices: [128] dfx.d: RCS Configuration storage in Bugle is disabled by p/h flag, using ProvisioningEngineStateCacheUtil.getProvisioningConfigurationForGivenSim()
01-07 07:31:45.401   506   506 I hwcomposer: [HWC] (0) displayGetActiveConfig config:0  
01-07 07:31:45.771  1607  1607 I TranPhoneSwitcher: mDefaultsign:4subid :1
01-07 07:31:45.909   506   506 I hwcomposer: [HWC] (0) displayGetActiveConfig config:0  
01-07 07:31:46.046   537  1997 I BufferQueueProducer: [StatusBar#0](this:0x72b7896800,id:6,api:1,p:1430,c:537) queueBuffer: fps=0.57 dur=5222.29 max=5026.84 min=4.67
01-07 07:31:46.052   506   506 I hwcomposer: [HWCDisplay] [Display_0 (type:1)] fps:0.384229,dur:5205.23,max:5016.36,min:188.87  
01-07 07:31:46.922   506   506 I hwcomposer: [HWC] (0) displayGetActiveConfig config:0  
01-07 07:31:47.429   506 16050 I hwcomposer: [HWC] (0) displayGetActiveConfig config:0  
01-07 07:31:47.936   506 16050 I hwcomposer: [HWC] (0) displayGetActiveConfig config:0  
01-07 07:31:48.430  1607  1607 I TranPhoneSwitcher: mDefaultsign:4subid :1
01-07 07:31:48.443   506 16050 I hwcomposer: [HWC] (0) displayGetActiveConfig config:0  
01-07 07:31:48.511 14200 14281 D NetworkMonitor: isNetworkConnected : true,  isFakeNetwork : false
01-07 07:31:48.517  2192  3620 I CarrierServices: [100] csk.onConnectivityChange: FiST: Wifi connectivity status false
01-07 07:31:48.524 10285 10396 D WM-NetworkStateTracker: Network capabilities changed: [ Transports: CELLULAR Capabilities: SUPL&INTERNET&NOT_RESTRICTED&TRUSTED&NOT_VPN&VALIDATED&NOT_ROAMING&FOREGROUND&NOT_CONGESTED&NOT_SUSPENDED&VSIM LinkUpBandwidth>=23375Kbps LinkDnBandwidth>=18018Kbps Specifier: <1>]
01-07 07:31:48.529  2192 28856 I CarrierServices: [177] dag.c: (PEv2-SM): DisabledState: event Connectivity event [null]
01-07 07:31:48.529  2192  3620 I CarrierServices: [100] ctc.d: Connected state: [1], networkType: [MOBILE]
01-07 07:31:48.537  2192  4597 I CarrierServices: [128] dfx.d: RCS Configuration storage in Bugle is disabled by p/h flag, using ProvisioningEngineStateCacheUtil.getProvisioningConfigurationForGivenSim()
01-07 07:31:48.950   506 16050 I hwcomposer: [HWC] (0) displayGetActiveConfig config:0  
01-07 07:31:49.277  1607  1607 I OtherSimPSListener: mOthersign:3subid :2
01-07 07:31:49.379   491 24296 I netd    : trafficSwapActiveStatsMap() <0.48ms>
01-07 07:31:49.457   506 16050 I hwcomposer: [HWC] (0) displayGetActiveConfig config:0  
01-07 07:31:49.845   650   650 I thermal_repeater: [recvMdThermalInfo] ret=32, strLen=127,  3, 50, -2, -28361, 32767, 25479
01-07 07:31:49.964   506 16050 I hwcomposer: [HWC] (0) displayGetActiveConfig config:0  
01-07 07:31:45.776  1223  1223 I chatty  : uid=1000 system_server identical 1 line
01-07 07:31:48.435  1223  1223 I MWN     : Write 0 to node. type=4G mSimExist=true mFlightMode=false
01-07 07:31:50.138  1223  1273 I PowerManagerService: Going to sleep due to timeout (uid 1000)...
