01-07 07:34:06.053  1223  2750 W DevicePolicyManager: Package com.transsion.phonemaster (uid=10080, pid=5472) cannot access Device IDs
01-07 07:34:06.055  1607  2318 W TelephonyPermissions: reportAccessDeniedToReadIdentifiers:com.transsion.phonemaster:getSubscriptionInfoList:isPreinstalled=true:isPrivApp=false
01-07 07:34:06.070  1223  2750 W DevicePolicyManager: Package com.transsion.phonemaster (uid=10080, pid=5472) cannot access Device IDs
01-07 07:34:06.071  1607  2318 W TelephonyPermissions: reportAccessDeniedToReadIdentifiers:com.transsion.phonemaster:getSubscriptionInfoList:isPreinstalled=true:isPrivApp=false
01-07 07:34:06.085  1223  2779 W DevicePolicyManager: Package com.transsion.phonemaster (uid=10080, pid=5472) cannot access Device IDs
01-07 07:34:06.086  1607  2318 W TelephonyPermissions: reportAccessDeniedToReadIdentifiers:com.transsion.phonemaster:getSubscriptionInfoList:isPreinstalled=true:isPrivApp=false
01-07 07:34:06.101  1223  2779 W DevicePolicyManager: Package com.transsion.phonemaster (uid=10080, pid=5472) cannot access Device IDs
01-07 07:34:06.102  1607  2318 W TelephonyPermissions: reportAccessDeniedToReadIdentifiers:com.transsion.phonemaster:getSubscriptionInfoList:isPreinstalled=true:isPrivApp=false
01-07 07:34:06.114   491 24296 I netd    : trafficSwapActiveStatsMap() <0.46ms>
01-07 07:34:06.126   491 24296 I netd    : tetherGetStats() <6.60ms>
01-07 07:34:06.134  2999  2999 I SpeechToTextAccessibili: accessibilityEvent: EventType: TYPE_WINDOW_CONTENT_CHANGED; EventTime: 498465053; PackageName: com.android.systemui; MovementGranularity: 0; Action: 0; ContentChangeTypes: [CONTENT_CHANGE_TYPE_TEXT]; WindowChangeTypes: [] [ ClassName: android.widget.TextView; Text: []; ContentDescription: null; ItemCount: -1; CurrentItemIndex: -1; Enabled: true; Password: false; Checked: false; FullScreen: false; Scrollable: false; BeforeText: null; FromIndex: -1; ToIndex: -1; ScrollX: -1; ScrollY: -1; MaxScrollX: -1; MaxScrollY: -1; AddedCount: -1; RemovedCount: -1; ParcelableData: null ]; recordCount: 0
01-07 07:34:06.157  1223  2774 W DevicePolicyManager: Package com.transsion.phonemaster (uid=10080, pid=5472) cannot access Device IDs
01-07 07:34:06.158  1607  2191 W TelephonyPermissions: reportAccessDeniedToReadIdentifiers:com.transsion.phonemaster:getSubscriptionInfoList:isPreinstalled=true:isPrivApp=false
01-07 07:34:06.170  1223  2750 W DevicePolicyManager: Package com.transsion.phonemaster (uid=10080, pid=5472) cannot access Device IDs
01-07 07:34:06.171  1607  2136 W TelephonyPermissions: reportAccessDeniedToReadIdentifiers:com.transsion.phonemaster:getSubscriptionInfoList:isPreinstalled=true:isPrivApp=false
01-07 07:34:06.184  1223  2750 W DevicePolicyManager: Package com.transsion.phonemaster (uid=10080, pid=5472) cannot access Device IDs
01-07 07:34:06.185  1607  2136 W TelephonyPermissions: reportAccessDeniedToReadIdentifiers:com.transsion.phonemaster:getSubscriptionInfoList:isPreinstalled=true:isPrivApp=false
01-07 07:34:06.197  1223  2774 W DevicePolicyManager: Package com.transsion.phonemaster (uid=10080, pid=5472) cannot access Device IDs
01-07 07:34:06.198  1607  2191 W TelephonyPermissions: reportAccessDeniedToReadIdentifiers:com.transsion.phonemaster:getSubscriptionInfoList:isPreinstalled=true:isPrivApp=false
01-07 07:34:06.210  1223  2750 W DevicePolicyManager: Package com.transsion.phonemaster (uid=10080, pid=5472) cannot access Device IDs
01-07 07:34:06.211  1607  2191 W TelephonyPermissions: reportAccessDeniedToReadIdentifiers:com.transsion.phonemaster:getSubscriptionInfoList:isPreinstalled=true:isPrivApp=false
01-07 07:34:06.222  1223  2750 W DevicePolicyManager: Package com.transsion.phonemaster (uid=10080, pid=5472) cannot access Device IDs
01-07 07:34:06.223  1607  2191 W TelephonyPermissions: reportAccessDeniedToReadIdentifiers:com.transsion.phonemaster:getSubscriptionInfoList:isPreinstalled=true:isPrivApp=false
01-07 07:34:06.234  1223  2779 W DevicePolicyManager: Package com.transsion.phonemaster (uid=10080, pid=5472) cannot access Device IDs
01-07 07:34:06.234  2999  2999 I SpeechToTextAccessibili: accessibilityEvent: EventType: TYPE_WINDOW_CONTENT_CHANGED; EventTime: 498465153; PackageName: com.android.systemui; MovementGranularity: 0; Action: 0; ContentChangeTypes: [CONTENT_CHANGE_TYPE_TEXT]; WindowChangeTypes: [] [ ClassName: android.widget.FrameLayout; Text: []; ContentDescription: null; ItemCount: -1; CurrentItemIndex: -1; Enabled: true; Password: false; Checked: false; FullScreen: false; Scrollable: false; BeforeText: null; FromIndex: -1; ToIndex: -1; ScrollX: -1; ScrollY: -1; MaxScrollX: -1; MaxScrollY: -1; AddedCount: -1; RemovedCount: -1; ParcelableData: null ]; recordCount: 0
01-07 07:34:06.235  1607  2136 W TelephonyPermissions: reportAccessDeniedToReadIdentifiers:com.transsion.phonemaster:getSubscriptionInfoList:isPreinstalled=true:isPrivApp=false
01-07 07:34:06.247  1223  2779 W DevicePolicyManager: Package com.transsion.phonemaster (uid=10080, pid=5472) cannot access Device IDs
01-07 07:34:06.248  1607  2191 W TelephonyPermissions: reportAccessDeniedToReadIdentifiers:com.transsion.phonemaster:getSubscriptionInfoList:isPreinstalled=true:isPrivApp=false
01-07 07:34:06.259  1223  2779 W DevicePolicyManager: Package com.transsion.phonemaster (uid=10080, pid=5472) cannot access Device IDs
01-07 07:34:06.260  1607  2191 W TelephonyPermissions: reportAccessDeniedToReadIdentifiers:com.transsion.phonemaster:getSubscriptionInfoList:isPreinstalled=true:isPrivApp=false
01-07 07:34:06.270  1223  2779 W DevicePolicyManager: Package com.transsion.phonemaster (uid=10080, pid=5472) cannot access Device IDs
01-07 07:34:06.271  1607  2191 W TelephonyPermissions: reportAccessDeniedToReadIdentifiers:com.transsion.phonemaster:getSubscriptionInfoList:isPreinstalled=true:isPrivApp=false
01-07 07:34:06.280  1223  2779 W DevicePolicyManager: Package com.transsion.phonemaster (uid=10080, pid=5472) cannot access Device IDs
01-07 07:34:06.281  1607  2136 W TelephonyPermissions: reportAccessDeniedToReadIdentifiers:com.transsion.phonemaster:getSubscriptionInfoList:isPreinstalled=true:isPrivApp=false
01-07 07:34:06.292  1223  2779 W DevicePolicyManager: Package com.transsion.phonemaster (uid=10080, pid=5472) cannot access Device IDs
01-07 07:34:06.293  1607  2136 W TelephonyPermissions: reportAccessDeniedToReadIdentifiers:com.transsion.phonemaster:getSubscriptionInfoList:isPreinstalled=true:isPrivApp=false
01-07 07:34:06.303  1223  2779 W DevicePolicyManager: Package com.transsion.phonemaster (uid=10080, pid=5472) cannot access Device IDs
01-07 07:34:06.304  1607  2136 W TelephonyPermissions: reportAccessDeniedToReadIdentifiers:com.transsion.phonemaster:getSubscriptionInfoList:isPreinstalled=true:isPrivApp=false
01-07 07:34:06.313  1223  2779 W DevicePolicyManager: Package com.transsion.phonemaster (uid=10080, pid=5472) cannot access Device IDs
01-07 07:34:06.314  1607  2191 W TelephonyPermissions: reportAccessDeniedToReadIdentifiers:com.transsion.phonemaster:getSubscriptionInfoList:isPreinstalled=true:isPrivApp=false
01-07 07:34:06.324  1223  2779 W DevicePolicyManager: Package com.transsion.phonemaster (uid=10080, pid=5472) cannot access Device IDs
01-07 07:34:06.325  1607  2136 W TelephonyPermissions: reportAccessDeniedToReadIdentifiers:com.transsion.phonemaster:getSubscriptionInfoList:isPreinstalled=true:isPrivApp=false
01-07 07:34:06.334  1223  2774 W DevicePolicyManager: Package com.transsion.phonemaster (uid=10080, pid=5472) cannot access Device IDs
01-07 07:34:06.335  1607  2191 W TelephonyPermissions: reportAccessDeniedToReadIdentifiers:com.transsion.phonemaster:getSubscriptionInfoList:isPreinstalled=true:isPrivApp=false
01-07 07:34:06.345  1223  2774 W DevicePolicyManager: Package com.transsion.phonemaster (uid=10080, pid=5472) cannot access Device IDs
01-07 07:34:06.347  1607  2136 W TelephonyPermissions: reportAccessDeniedToReadIdentifiers:com.transsion.phonemaster:getSubscriptionInfoList:isPreinstalled=true:isPrivApp=false
01-07 07:34:06.357  1223  2774 W DevicePolicyManager: Package com.transsion.phonemaster (uid=10080, pid=5472) cannot access Device IDs
01-07 07:34:06.358  1607  2191 W TelephonyPermissions: reportAccessDeniedToReadIdentifiers:com.transsion.phonemaster:getSubscriptionInfoList:isPreinstalled=true:isPrivApp=false
01-07 07:34:06.367  1223  2774 W DevicePolicyManager: Package com.transsion.phonemaster (uid=10080, pid=5472) cannot access Device IDs
01-07 07:34:06.369  1607  2191 W TelephonyPermissions: reportAccessDeniedToReadIdentifiers:com.transsion.phonemaster:getSubscriptionInfoList:isPreinstalled=true:isPrivApp=false
01-07 07:34:06.377  1223  2750 W DevicePolicyManager: Package com.transsion.phonemaster (uid=10080, pid=5472) cannot access Device IDs
01-07 07:34:06.378  1607  2318 W TelephonyPermissions: reportAccessDeniedToReadIdentifiers:com.transsion.phonemaster:getSubscriptionInfoList:isPreinstalled=true:isPrivApp=false
01-07 07:34:06.393  1223  2774 W DevicePolicyManager: Package com.transsion.phonemaster (uid=10080, pid=5472) cannot access Device IDs
01-07 07:34:06.393  1223  2750 W DevicePolicyManager: Package com.transsion.phonemaster (uid=10080, pid=5472) cannot access Device IDs
01-07 07:34:06.393  1607  2191 W TelephonyPermissions: reportAccessDeniedToReadIdentifiers:com.transsion.phonemaster:getSubscriptionInfoList:isPreinstalled=true:isPrivApp=false
01-07 07:34:06.394  1607  2318 W TelephonyPermissions: reportAccessDeniedToReadIdentifiers:com.transsion.phonemaster:getSubscriptionInfoList:isPreinstalled=true:isPrivApp=false
01-07 07:34:06.408  1223  2750 W DevicePolicyManager: Package com.transsion.phonemaster (uid=10080, pid=5472) cannot access Device IDs
01-07 07:34:06.409  1607  2136 W TelephonyPermissions: reportAccessDeniedToReadIdentifiers:com.transsion.phonemaster:getSubscriptionInfoList:isPreinstalled=true:isPrivApp=false
01-07 07:34:06.416  1223  1237 W DevicePolicyManager: Package com.transsion.phonemaster (uid=10080, pid=5472) cannot access Device IDs
01-07 07:34:06.417  1607  2191 W TelephonyPermissions: reportAccessDeniedToReadIdentifiers:com.transsion.phonemaster:getSubscriptionInfoList:isPreinstalled=true:isPrivApp=false
01-07 07:34:06.425  1223  2779 W DevicePolicyManager: Package com.transsion.phonemaster (uid=10080, pid=5472) cannot access Device IDs
01-07 07:34:06.426  1223  2750 W DevicePolicyManager: Package com.transsion.phonemaster (uid=10080, pid=5472) cannot access Device IDs
01-07 07:34:06.426  1607  2318 W TelephonyPermissions: reportAccessDeniedToReadIdentifiers:com.transsion.phonemaster:getSubscriptionInfoList:isPreinstalled=true:isPrivApp=false
01-07 07:34:06.427  1607  2136 W TelephonyPermissions: reportAccessDeniedToReadIdentifiers:com.transsion.phonemaster:getSubscriptionInfoList:isPreinstalled=true:isPrivApp=false
01-07 07:34:06.435  1223  2774 W DevicePolicyManager: Package com.transsion.phonemaster (uid=10080, pid=5472) cannot access Device IDs
01-07 07:34:06.436  1607  2037 W TelephonyPermissions: reportAccessDeniedToReadIdentifiers:com.transsion.phonemaster:getSubscriptionInfoList:isPreinstalled=true:isPrivApp=false
01-07 07:34:06.443   506 16050 I hwcomposer: [HWC] (0) displayGetActiveConfig config:0  
01-07 07:34:06.445  1223  2774 W DevicePolicyManager: Package com.transsion.phonemaster (uid=10080, pid=5472) cannot access Device IDs
01-07 07:34:06.447  1607  2037 W TelephonyPermissions: reportAccessDeniedToReadIdentifiers:com.transsion.phonemaster:getSubscriptionInfoList:isPreinstalled=true:isPrivApp=false
01-07 07:34:06.449  1223  2779 W DevicePolicyManager: Package com.transsion.phonemaster (uid=10080, pid=5472) cannot access Device IDs
01-07 07:34:06.454  1223  2750 W DevicePolicyManager: Package com.transsion.phonemaster (uid=10080, pid=5472) cannot access Device IDs
01-07 07:34:06.455  1607  2037 W TelephonyPermissions: reportAccessDeniedToReadIdentifiers:com.transsion.phonemaster:getSubscriptionInfoList:isPreinstalled=true:isPrivApp=false
01-07 07:34:06.455  1607  2318 W TelephonyPermissions: reportAccessDeniedToReadIdentifiers:com.transsion.phonemaster:getSubscriptionInfoList:isPreinstalled=true:isPrivApp=false
01-07 07:34:06.463  1223  1237 W DevicePolicyManager: Package com.transsion.phonemaster (uid=10080, pid=5472) cannot access Device IDs
01-07 07:34:06.463  1607  2136 W TelephonyPermissions: reportAccessDeniedToReadIdentifiers:com.transsion.phonemaster:getSubscriptionInfoList:isPreinstalled=true:isPrivApp=false
01-07 07:34:06.475  1223  2779 W DevicePolicyManager: Package com.transsion.phonemaster (uid=10080, pid=5472) cannot access Device IDs
01-07 07:34:06.475  1607  2037 W TelephonyPermissions: reportAccessDeniedToReadIdentifiers:com.transsion.phonemaster:getSubscriptionInfoList:isPreinstalled=true:isPrivApp=false
01-07 07:34:06.482  1223  2779 W DevicePolicyManager: Package com.transsion.phonemaster (uid=10080, pid=5472) cannot access Device IDs
01-07 07:34:06.482  1607  2136 W TelephonyPermissions: reportAccessDeniedToReadIdentifiers:com.transsion.phonemaster:getSubscriptionInfoList:isPreinstalled=true:isPrivApp=false
01-07 07:34:06.962   506 16050 I hwcomposer: [HWC] (0) displayGetActiveConfig config:0  
01-07 07:34:07.406  1223  1223 I DeviceIdleController: updateChargingLocked: charging=true
01-07 07:34:07.406  1223  1223 I DeviceIdleController: becomeActiveLocked, reason=charging, changeLightIdle=true
01-07 07:34:07.407  1430  1430 D KeyguardUpdateMonitor: received broadcast android.intent.action.BATTERY_CHANGED
01-07 07:34:07.409  2856  2856 I Hoffnung: onReceive Intent { act=android.intent.action.BATTERY_CHANGED flg=0x60000010 (has extras) }
01-07 07:34:07.409  1430  1430 D KeyguardUpdateMonitor: handleBatteryUpdate
01-07 07:34:07.411  6091  6091 D XPC_BatteryChangedRcv: level: 86, remindValue: 15, status: 2
01-07 07:34:07.413  6091  6091 D XPC_BatteryChangedRcv: isGameMode: false
01-07 07:34:07.413  6091  6091 D XPC_BatteryChangedRcv: onReceive: false
01-07 07:34:07.413  8641  8641 D BatteryLabService: system is charging
01-07 07:34:07.413  6091  6091 D XPC_BatteryChangedRcv: isGameMode: false
01-07 07:34:07.415  6091  6091 D XPC_NotificationUtils: cancelNotification: 
01-07 07:34:07.416  6091  6091 D XPC_BatteryChangedRcv: onReceive: battary on charge
01-07 07:34:07.999   506 16050 I hwcomposer: [HWC] (0) displayGetActiveConfig config:0  
01-07 07:34:08.420  6091  6091 D XPC_PowerSaveUtils: isUltraPowerOn(context) isOn=false
01-07 07:34:08.420  6091  6091 D XPC_PowerSaveUtils: getConfigCurrent isUltraModeOn:false
01-07 07:34:08.421  6091  6091 D XPC_PowerSaveUtils: config details is : bright->37wifiEnable-> falsewifiApEnable->truebtEnable->falsedataEnable->truegpsEnable->falsethreeGEnable->trueautoSyncEnable->trueisScreenModeOn->falseisUltraModeOn->falseisBatterySaverOn->false
01-07 07:34:08.422  6091  6091 D XPC_PowerSaveUtils: getConfigCurrent current:26.2
01-07 07:34:08.423  6091  6091 D XPC_PowerSaveUtils: hours:14,min:38
01-07 07:34:08.519   506 16050 I hwcomposer: [HWC] (0) displayGetActiveConfig config:0  
01-07 07:34:09.038   506 16050 I hwcomposer: [HWC] (0) displayGetActiveConfig config:0  
01-07 07:34:09.178 26071 26186 E GoogleApiManager: Failed to get service from broker. 
01-07 07:34:09.178 26071 26186 E GoogleApiManager: java.lang.SecurityException: Unknown calling package name 'com.google.android.gms'.
01-07 07:34:09.178 26071 26186 E GoogleApiManager: 	at android.os.Parcel.createException(Parcel.java:2072)
01-07 07:34:09.178 26071 26186 E GoogleApiManager: 	at android.os.Parcel.readException(Parcel.java:2040)
01-07 07:34:09.178 26071 26186 E GoogleApiManager: 	at android.os.Parcel.readException(Parcel.java:1988)
01-07 07:34:09.178 26071 26186 E GoogleApiManager: 	at bbng.a(:com.google.android.gms@254730013@25.47.30 (100400-833691957):36)
01-07 07:34:09.178 26071 26186 E GoogleApiManager: 	at bblh.z(:com.google.android.gms@254730013@25.47.30 (100400-833691957):150)
01-07 07:34:09.178 26071 26186 E GoogleApiManager: 	at bark.run(:com.google.android.gms@254730013@25.47.30 (100400-833691957):42)
01-07 07:34:09.178 26071 26186 E GoogleApiManager: 	at android.os.Handler.handleCallback(Handler.java:883)
01-07 07:34:09.178 26071 26186 E GoogleApiManager: 	at android.os.Handler.dispatchMessage(Handler.java:100)
01-07 07:34:09.178 26071 26186 E GoogleApiManager: 	at cnap.lW(:com.google.android.gms@254730013@25.47.30 (100400-833691957):1)
01-07 07:34:09.178 26071 26186 E GoogleApiManager: 	at cnap.dispatchMessage(:com.google.android.gms@254730013@25.47.30 (100400-833691957):5)
01-07 07:34:09.178 26071 26186 E GoogleApiManager: 	at android.os.Looper.loop(Looper.java:264)
01-07 07:34:09.178 26071 26186 E GoogleApiManager: 	at android.os.HandlerThread.run(HandlerThread.java:67)
01-07 07:34:09.178 26071 26186 W GoogleApiManager: Not showing notification since connectionResult is not user-facing: ConnectionResult{statusCode=DEVELOPER_ERROR, resolution=null, message=null, clientMethodKey=null}
01-07 07:34:09.372  4285  4285 D BoundBrokerSvc: onUnbind: Intent { act=com.google.android.gms.measurement.START pkg=com.google.android.gms }
01-07 07:34:09.557   506 16050 I hwcomposer: [HWC] (0) displayGetActiveConfig config:0  
01-07 07:34:10.070   650   650 I thermal_repeater: [recvMdThermalInfo] ret=27, strLen=127,  3, 51, 1, -28361, 32767, 0
01-07 07:34:10.076   506 16050 I hwcomposer: [HWC] (0) displayGetActiveConfig config:0  
01-07 07:34:10.595   506 16050 I chatty  : uid=1000(system) HwBinder:506_3 identical 1 line
01-07 07:34:11.114   506 16050 I hwcomposer: [HWC] (0) displayGetActiveConfig config:0  
01-07 07:34:11.137  2999  2999 I SpeechToTextAccessibili: accessibilityEvent: EventType: TYPE_WINDOW_CONTENT_CHANGED; EventTime: 498470055; PackageName: com.android.systemui; MovementGranularity: 0; Action: 0; ContentChangeTypes: [CONTENT_CHANGE_TYPE_TEXT]; WindowChangeTypes: [] [ ClassName: android.widget.TextView; Text: []; ContentDescription: null; ItemCount: -1; CurrentItemIndex: -1; Enabled: true; Password: false; Checked: false; FullScreen: false; Scrollable: false; BeforeText: null; FromIndex: -1; ToIndex: -1; ScrollX: -1; ScrollY: -1; MaxScrollX: -1; MaxScrollY: -1; AddedCount: -1; RemovedCount: -1; ParcelableData: null ]; recordCount: 0
01-07 07:34:11.236  2999  2999 I SpeechToTextAccessibili: accessibilityEvent: EventType: TYPE_WINDOW_CONTENT_CHANGED; EventTime: 498470155; PackageName: com.android.systemui; MovementGranularity: 0; Action: 0; ContentChangeTypes: [CONTENT_CHANGE_TYPE_TEXT]; WindowChangeTypes: [] [ ClassName: android.widget.FrameLayout; Text: []; ContentDescription: null; ItemCount: -1; CurrentItemIndex: -1; Enabled: true; Password: false; Checked: false; FullScreen: false; Scrollable: false; BeforeText: null; FromIndex: -1; ToIndex: -1; ScrollX: -1; ScrollY: -1; MaxScrollX: -1; MaxScrollY: -1; AddedCount: -1; RemovedCount: -1; ParcelableData: null ]; recordCount: 0
01-07 07:34:11.633   506 16050 I hwcomposer: [HWC] (0) displayGetActiveConfig config:0  
01-07 07:34:14.466  1223  1359 D Griffin/ResMonitorProxy: handleResChanged item=10
01-07 07:34:14.468  1223  1426 D Griffin/ResMonitorProxy: visible mem gap 59484Kb
01-07 07:34:14.468  1223  1426 D Griffin/ResMonitorProxy: perceptible mem gap 537908Kb
01-07 07:34:14.468  1223  1426 D Griffin/ResMonitorProxy: cached mem gap 604295Kb
01-07 07:34:14.468  1223  1426 D Griffin/AdjClean: item=2
01-07 07:34:14.468  1223  1426 D Griffin/AdjClean: item=3
01-07 07:34:14.468  1223  1263 D Griffin/CleanManager: dispatch clean index=9
01-07 07:34:14.468  1223  1426 D Griffin/AdjClean: item=7
01-07 07:34:14.468  1223  1263 D Griffin/AdjClean: clean code: visible(2) begin:
01-07 07:34:14.469  1223  1263 D Griffin/AdjClean: clean code:visible(2) finish: coast 2ms
01-07 07:34:14.469  1223  1263 D Griffin/CleanManager: dispatch clean index=9
01-07 07:34:14.469  1223  1263 D Griffin/AdjClean: clean code: perceptible(3) begin:
01-07 07:34:14.470  1223  1263 D Griffin/AdjClean: clean code:perceptible(3) finish: coast 1ms
01-07 07:34:14.470  1223  1263 D Griffin/CleanManager: dispatch clean index=9
01-07 07:34:14.470  1223  1263 D Griffin/AdjClean: clean code: cached(7) begin:
01-07 07:34:14.488  1223  1263 D Griffin/AdjClean: clean code:cached(7) finish: coast 17ms
01-07 07:34:15.266   506 16050 I chatty  : uid=1000(system) HwBinder:506_3 identical 7 lines
01-07 07:34:15.785   506 16050 I hwcomposer: [HWC] (0) displayGetActiveConfig config:0  
01-07 07:34:16.142  2999  2999 I SpeechToTextAccessibili: accessibilityEvent: EventType: TYPE_WINDOW_CONTENT_CHANGED; EventTime: 498475060; PackageName: com.android.systemui; MovementGranularity: 0; Action: 0; ContentChangeTypes: [CONTENT_CHANGE_TYPE_TEXT]; WindowChangeTypes: [] [ ClassName: android.widget.TextView; Text: []; ContentDescription: null; ItemCount: -1; CurrentItemIndex: -1; Enabled: true; Password: false; Checked: false; FullScreen: false; Scrollable: false; BeforeText: null; FromIndex: -1; ToIndex: -1; ScrollX: -1; ScrollY: -1; MaxScrollX: -1; MaxScrollY: -1; AddedCount: -1; RemovedCount: -1; ParcelableData: null ]; recordCount: 0
01-07 07:34:16.242  2999  2999 I SpeechToTextAccessibili: accessibilityEvent: EventType: TYPE_WINDOW_CONTENT_CHANGED; EventTime: 498475161; PackageName: com.android.systemui; MovementGranularity: 0; Action: 0; ContentChangeTypes: [CONTENT_CHANGE_TYPE_TEXT]; WindowChangeTypes: [] [ ClassName: android.widget.FrameLayout; Text: []; ContentDescription: null; ItemCount: -1; CurrentItemIndex: -1; Enabled: true; Password: false; Checked: false; FullScreen: false; Scrollable: false; BeforeText: null; FromIndex: -1; ToIndex: -1; ScrollX: -1; ScrollY: -1; MaxScrollX: -1; MaxScrollY: -1; AddedCount: -1; RemovedCount: -1; ParcelableData: null ]; recordCount: 0
01-07 07:34:16.305   506 16050 I hwcomposer: [HWC] (0) displayGetActiveConfig config:0  
01-07 07:34:17.342   506 16050 I chatty  : uid=1000(system) HwBinder:506_3 identical 2 lines
01-07 07:34:17.861   506 16050 I hwcomposer: [HWC] (0) displayGetActiveConfig config:0  
01-07 07:34:18.251  1223  1357 D os.KeyguardGestureLiceFactory: volume power down
01-07 07:34:18.252  1223  1357 D TranFingerprintServiceExtImpl: updatePowerDownAndInteractive isPowerDown:true ,mIsInteractive:false ,isWaitPowerDown:false
01-07 07:34:18.263  1223  1357 D PowerManagerService: boost when screen on
01-07 07:34:18.263  1223  1357 D FDD     : FDD wakeUpNoUpdateLocked. mWakefulness=0
01-07 07:34:18.264  1223  1357 I PowerManagerService: Waking up from Asleep (uid=1000, reason=WAKE_REASON_POWER_BUTTON, details=android.policy:POWER)...
01-07 07:34:18.265  1223  1223 W UsageStatsService: Event reported without a package name, eventType:15
01-07 07:34:18.267  1223  1273 I PowerMonitorHookServer: noteScreenState state:2
01-07 07:34:18.267  1223  1273 I DisplayPowerController: Blocking screen on until initial contents have been drawn.
01-07 07:34:18.268   599  1369 E flp     : flp_screen_monitor_thread: Screen on
01-07 07:34:18.268   599  1369 E flp     : flp_screen_monitor_thread: Wake Monitor Restart
01-07 07:34:18.268   599  1367 D MNLD    : mnld_main_thread: n=3
01-07 07:34:18.268   599  1367 D MNLD    : mnld_main_thread: flp2mnl_hdlr msg
01-07 07:34:18.268   599  1367 D MNLD    : mnld_main_thread: gfc2mnl_hdlr msg
01-07 07:34:18.268   599  1367 D MNLD    : main_event_hdlr: SCREEN2MAIN_EVENT_SCREEN = 1
01-07 07:34:18.270  2064  2142 I PowerMonitorNew: a whole scenario, scenario:screenoff, start-stop:623411428-623559329,duration:147901, current:0, currentconvert4V:0,currentWoBL:0,consumecoul:0,batterytime:0, conpower:0,avgsignal:400,avgDatatype:400
01-07 07:34:18.270  2064  2142 I PowerMonitorNew: exitScenario not save scenario true
01-07 07:34:18.271  2064  2142 I PowerMonitorNew: enter scenario: com.ekehi.network,start coul:-4946
01-07 07:34:18.271  2064  2142 D PowerMonitorNew: endCheckKernelWakelock
01-07 07:34:18.271  2064  2142 I PowerMonitorLogHelper: statsExceptionKernelWakelock: 1767767510368,147901,ccmni_md1,31,106170
01-07 07:34:18.271  2064  2142 I PowerMonitorLogHelper: statsExceptionKernelWakelock: 1767767510368,147901,WLAN timeout,154,56268
01-07 07:34:18.273  1223  1273 I WindowManager:    screenTurningOn with mPreWakeupInProgress=false   mKeyguardVisible=true
01-07 07:34:18.273  1430  4209 D KeyguardService: onStartFaceUnlock, IS_TRAN_OS_FACEID_SUPPORT = true
01-07 07:34:18.273  1430  1430 D FaceUnlockView: onStartFaceunlock TRAN_FACEID_SUPPORT is true
01-07 07:34:18.273  1430  1430 D FaceUnlockView: onStartFaceunlock hasStartFaceunlock = false
01-07 07:34:18.273  1430  4209 D KeyguardViewMediator10.0.1.157: notifyScreenOn
01-07 07:34:18.275  1430  1430 D FaceUnlockView: mIsKeyguardGesture is false
01-07 07:34:18.276  1223  1237 V SettingsState: addHistoricalOperationLocked type updatesetting: Setting{name=face_unlock_keep_living value=1 default=1 packageName=com.android.systemui tag=null defaultFromSystem=true}
01-07 07:34:18.276  1430  1430 D FaceUnlockView: openCameraAndDetect and mNowToUnlock is:true isFpUnlockSucceedfalse
01-07 07:34:18.277  1430  1430 D FaceUnlockView: inLockTaskMode = false
01-07 07:34:18.277  1430  1430 D FaceUnlockView: time interval = 2845947
01-07 07:34:18.280  1430 17662 D KeyguardService: onStartedNotifyFaceunlock , reason =  1 , IS_TRAN_OS_FACEID_SUPPORT = true
01-07 07:34:18.280  1430  1430 D FaceUnlockView:  mNowToUnlock = true isPowerMode = false isSecure = true mIsKeyguardGesture = false isFpUnlockSucceed = false mIsFringerDetected = false isFirstBoot = false isSecurityTime = false mOccluded =false isBikeModeEnable =false isShowingAndNotOccluded = true isKeyguard = true smartLockState = false mLockedTimeout = false isSimPinSecure = false
01-07 07:34:18.280  1223  1241 D LocationManagerService: Skip applyRequirementsLocked, provider: passive provider.isUseableLocked(): false isBatterySaverDisablingLocation: false isSettingsExemptLocked(record): false record: UpdateRecord[passive android(1000 foreground) Request[POWER_NONE passive fastest=0] null]
01-07 07:34:18.280  1223  1241 D LocationManagerService: Skip applyRequirementsLocked, provider: passive provider.isUseableLocked(): false isBatterySaverDisablingLocation: false isSettingsExemptLocked(record): false record: UpdateRecord[passive android(1000 foreground) Request[POWER_NONE passive fastest=+30m0s0ms] null]
01-07 07:34:18.280  1223  1241 D LocationManagerService: Skip applyRequirementsLocked, provider: passive provider.isUseableLocked(): false isBatterySaverDisablingLocation: false isSettingsExemptLocked(record): false record: UpdateRecord[passive com.android.incallui(1000 foreground) Request[POWER_NONE passive fastest=+12h0m0s0ms] null]
01-07 07:34:18.281  1223  1241 D LocationManagerService: Skip applyRequirementsLocked, provider: passive provider.isUseableLocked(): false isBatterySaverDisablingLocation: false isSettingsExemptLocked(record): false record: UpdateRecord[passive android(1000 foreground) Request[POWER_NONE passive fastest=0] null]
01-07 07:34:18.281  1223  1241 D LocationManagerService: Skip applyRequirementsLocked, provider: passive provider.isUseableLocked(): false isBatterySaverDisablingLocation: false isSettingsExemptLocked(record): false record: UpdateRecord[passive android(1000 foreground) Request[POWER_NONE passive fastest=+30m0s0ms] null]
01-07 07:34:18.281  1223  1241 D LocationManagerService: Skip applyRequirementsLocked, provider: passive provider.isUseableLocked(): false isBatterySaverDisablingLocation: false isSettingsExemptLocked(record): false record: UpdateRecord[passive com.android.incallui(1000 foreground) Request[POWER_NONE passive fastest=+12h0m0s0ms] null]
01-07 07:34:18.281  1223  1241 D LocationManagerService: Skip applyRequirementsLocked, provider: passive provider.isUseableLocked(): false isBatterySaverDisablingLocation: false isSettingsExemptLocked(record): false record: UpdateRecord[passive android(1000 foreground) Request[POWER_NONE passive fastest=0] null]
01-07 07:34:18.281  1223  1241 D LocationManagerService: Skip applyRequirementsLocked, provider: passive provider.isUseableLocked(): false isBatterySaverDisablingLocation: false isSettingsExemptLocked(record): false record: UpdateRecord[passive android(1000 foreground) Request[POWER_NONE passive fastest=+30m0s0ms] null]
01-07 07:34:18.281  1223  1241 D LocationManagerService: Skip applyRequirementsLocked, provider: passive provider.isUseableLocked(): false isBatterySaverDisablingLocation: false isSettingsExemptLocked(record): false record: UpdateRecord[passive com.android.incallui(1000 foreground) Request[POWER_NONE passive fastest=+12h0m0s0ms] null]
01-07 07:34:18.282  1223  1241 D LocationManagerService: Skip applyRequirementsLocked, provider: passive provider.isUseableLocked(): false isBatterySaverDisablingLocation: false isSettingsExemptLocked(record): false record: UpdateRecord[passive android(1000 foreground) Request[POWER_NONE passive fastest=0] null]
01-07 07:34:18.282  1223  1241 D LocationManagerService: Skip applyRequirementsLocked, provider: passive provider.isUseableLocked(): false isBatterySaverDisablingLocation: false isSettingsExemptLocked(record): false record: UpdateRecord[passive android(1000 foreground) Request[POWER_NONE passive fastest=+30m0s0ms] null]
01-07 07:34:18.282  1223  1241 D LocationManagerService: Skip applyRequirementsLocked, provider: passive provider.isUseableLocked(): false isBatterySaverDisablingLocation: false isSettingsExemptLocked(record): false record: UpdateRecord[passive com.android.incallui(1000 foreground) Request[POWER_NONE passive fastest=+12h0m0s0ms] null]
01-07 07:34:18.282  1223  1241 D LocationManagerService: Skip applyRequirementsLocked, provider: passive provider.isUseableLocked(): false isBatterySaverDisablingLocation: false isSettingsExemptLocked(record): false record: UpdateRecord[passive android(1000 foreground) Request[POWER_NONE passive fastest=0] null]
01-07 07:34:18.282  1223  1241 D LocationManagerService: Skip applyRequirementsLocked, provider: passive provider.isUseableLocked(): false isBatterySaverDisablingLocation: false isSettingsExemptLocked(record): false record: UpdateRecord[passive android(1000 foreground) Request[POWER_NONE passive fastest=+30m0s0ms] null]
01-07 07:34:18.282  1223  1241 D LocationManagerService: Skip applyRequirementsLocked, provider: passive provider.isUseableLocked(): false isBatterySaverDisablingLocation: false isSettingsExemptLocked(record): false record: UpdateRecord[passive com.android.incallui(1000 foreground) Request[POWER_NONE passive fastest=+12h0m0s0ms] null]
01-07 07:34:18.282  1223  1241 D GnssLocationProvider: setRequest ProviderRequest[OFF]
01-07 07:34:18.284  1223  1241 I chatty  : uid=1000(system) android.fg identical 3 lines
01-07 07:34:18.284  1223  1241 D GnssLocationProvider: setRequest ProviderRequest[OFF]
01-07 07:34:18.284  1223  1273 W OSTraceMethod.os.PhoneWindowManagerLice: com/transsion/server/policy/PhoneWindowManagerLice.onScreenTurningOn(18253064) spend 11ms from 01-07 06:34:18.273
01-07 07:34:18.284  1223  1223 D WindowManager: setEnableTSensor isEnable:true, mTSensor:{Sensor name="TILT_DETECTOR", vendor="MTK", version=1, type=22, maxRange=1.0, resolution=1.0, power=0.001, minDelay=0}
01-07 07:34:18.285   644   644 I Light   : batch: handle:4, flag:0,samplingPeriodNs:250000000 maxBatchReportLatencyNs:0
01-07 07:34:18.287   644   644 I Light   : enable: handle:4, en:1 
01-07 07:34:18.288  1223  1273 D DisplayPowerController: animateScreenBrightness: target=594, rate=0    mShouldUpdateBrightnessSettingLater=false
01-07 07:34:18.288  1223  1273 V DisplayPowerController: Brightness [37] reason changing to: 'manual', previous reason: 'screen_off'.
01-07 07:34:18.288   644   644 I Situation: batch: handle:21, flag:0,samplingPeriodNs:200000000 maxBatchReportLatencyNs:0
01-07 07:34:18.289   523   564 I power@1.3-impl: setInteractive Restore All
01-07 07:34:18.289   644   644 I Situation: enable: handle:21, en:1 
01-07 07:34:18.290   523   563 I powerd  : [powerd_req] POWER_MSG_SCN_RESTORE_ALL
01-07 07:34:18.290   537   537 D SurfaceFlinger: Setting power mode 2 on display 0
01-07 07:34:18.290  1223  1244 I DisplayManagerService: Display device changed state: "Built-in Screen", ON
01-07 07:34:18.291   644   644 I Situation: enable: handle:22, en:0 
01-07 07:34:18.293  3024  3024 D MagicButton_App: isEnterGamefalse
01-07 07:34:18.293  3024  3024 D MagicButton_App: exit game just close inject, don't need clear panel switch state
01-07 07:34:18.294  3024  3024 D MagicButton_App: switchMagicMode: close magic modesys.os_volume_up_inject
01-07 07:34:18.294  4093  4093 I NearbyDiscovery: (REDACTED) FastPairDisplayObserver: %s -> %s
01-07 07:34:18.295  3024  3024 D MagicButton_App: switchMagicMode: close magic modesys.os_volume_down_inject
01-07 07:34:18.295  3024  3024 I SmartPanel_TouchView: onRotationChange rotation=0mIsPortrait = true
01-07 07:34:18.296  4093  4304 I NearbyDiscovery: (REDACTED) ApFastPairScanner: isScreenOn=%s, isLocationEnabled=%s, disableLocationRequirement=%s, isDiscoveryScanningEnabled=%s, during24GhzWifiWarmingUpPeriod=%s
01-07 07:34:18.296  1430  4209 D KeyguardViewMediator10.0.1.157: onStartedWakingUp, seq = 2083
01-07 07:34:18.296  1430  4209 D KeyguardViewMediator10.0.1.157: notifyStartedWakingUp
01-07 07:34:18.297  4093  4304 D BluetoothAdapter: isLeEnabled(): OFF
01-07 07:34:18.297  4093  4304 I NearbyDiscovery: (REDACTED) ApFastPairScanner: eventType=%s, intReq=%s, scanning=%s, scanAllowed=%s, bleEnabled=%s, lockScanRate=%s, startScanningByLowPowerMode=%s
01-07 07:34:18.300  1223  1223 V SettingsProvider: Notifying for 0: content://settings/global/face_unlock_keep_living
01-07 07:34:18.302 21337 21337 D TrapReceiverService: isDisplayOn: true
01-07 07:34:18.302  1430  1430 D FaceUnlockView: openCameraAndDetect mLaunchCameraOnScreenTurningOn = false, mCameraOpened = false, isSuccess = false, mScreenOn = true, mSecurityCameraTouch = false, mhasFocus = true, mBouncerShowing = false
01-07 07:34:18.302  1430  1430 I FaceUnlockView: openCameraAndDetect 
01-07 07:34:18.302  1430  1430 I FaceUnlockController: setFaceStatus status = 0
01-07 07:34:18.303  1430  1430 I FaceUnlockController: openFaceCamera
01-07 07:34:18.303  1430  1430 D FaceUnlockView: setFaceRunningState: 1
01-07 07:34:18.303   506 16050 I hwcomposer: [HWCDisplay] Display(0) SetPowerMode(2)  
01-07 07:34:18.303  1430  1430 D KeyguardViewMediator10.0.1.157: handleNotifyScreenTurningOn
01-07 07:34:18.303  1430  1430 D FaceUnlockView: onStartNotifyFaceUnlock  reason:1
01-07 07:34:18.303  1430  1430 D FaceUnlockView: onStartedWakingUp hasStartFaceunlock = true
01-07 07:34:18.307  2999  2999 I SpeechToTextAccessibili: accessibilityEvent: EventType: TYPE_WINDOW_CONTENT_CHANGED; EventTime: 498477203; PackageName: com.android.systemui; MovementGranularity: 0; Action: 0; ContentChangeTypes: [CONTENT_CHANGE_TYPE_SUBTREE]; WindowChangeTypes: [] [ ClassName: android.widget.ImageView; Text: []; ContentDescription: null; ItemCount: -1; CurrentItemIndex: -1; Enabled: true; Password: false; Checked: false; FullScreen: false; Scrollable: false; BeforeText: null; FromIndex: -1; ToIndex: -1; ScrollX: -1; ScrollY: -1; MaxScrollX: -1; MaxScrollY: -1; AddedCount: -1; RemovedCount: -1; ParcelableData: null ]; recordCount: 0
01-07 07:34:18.308  1223  1223 I MWN     : Write 0 to node. type=4G mSimExist=true mFlightMode=false
01-07 07:34:18.308  1223  1223 V AlarmManager: wmy: ACTION_SCREEN_ON
01-07 07:34:18.311   492   492 D Zygote  : Forked child process 26216
01-07 07:34:18.312   491 24296 I netd    : trafficSwapActiveStatsMap() <0.79ms>
01-07 07:34:18.313  1430  1430 D KeyguardViewMediator10.0.1.157: handleNotifyWakingUp
01-07 07:34:18.313  1223  1223 D Griffin/StateProvider: settings-->face_unlock_keep_living
01-07 07:34:18.313  1223  1223 D Griffin/StateProvider: face unlock working on
01-07 07:34:18.316  2192  2192 I CarrierServices: [2] ServiceStateReceiver.onReceive:16 Received SERVICE_STATE intent, clearing cached cell info
01-07 07:34:18.317  1607  1607 D ServiceStateProvider: subId=1
01-07 07:34:18.322 14917 17064 D FaceAuthManager: the faceId is 0
01-07 07:34:18.322 14917 17064 D FaceAuthManager: the featureCount is 5
01-07 07:34:18.322 14917 17064 I FaceUnlockService: openCameraAndDetect and mUnlockSurfaceView = null false, mode = 2
01-07 07:34:18.322 14917 17064 D StSdkController: setFaceAuthCompareConfig
01-07 07:34:18.322 14917 17064 D FaceUnlockICamera: openCamera old mode = 2and current Mode=2
01-07 07:34:18.322 14917 17064 I FaceUnlockICamera: setCameraUserStatus mode 2, status = 3
01-07 07:34:18.322 14917 17064 D FaceUnlockICamera: checkCameraAvailable
01-07 07:34:18.324 14917 17064 D FaceUnlockICamera: Camera Id:1
01-07 07:34:18.324 14917 17064 D FaceUnlockICamera: stopPreview()...   start
01-07 07:34:18.324 14917 17064 D FaceUnlockICamera: stopPreview() sync
01-07 07:34:18.324 14917 17064 D FaceUnlockICamera: stopPreview()...   end
01-07 07:34:18.325  1430  1700 E SIMHelper: mTelephony exception
01-07 07:34:18.326  1430  1700 E SIMHelper: mTelephony exception
01-07 07:34:18.327 14917 26224 D FaceUnlockICamera: initImageReader...
01-07 07:34:18.328 14917 26224 I BufferQueue: [unnamed-14917-4](this:0x7a98d95800,id:4,api:0,p:-1,c:-1) BufferQueue core=(14917:com.transsion.faceid)
01-07 07:34:18.328   602  2699 I CameraService: CameraService::connect call (PID -1 "com.transsion.faceid", camera ID 1) for HAL version default and Camera API version 2
01-07 07:34:18.325 14917 14917 W Thread-8: type=1400 audit(0.0:203611): avc: denied { read } for name="u:object_r:debug_bq_dump_prop:s0" dev="tmpfs" ino=91 scontext=u:r:platform_app:s0:c512,c768 tcontext=u:object_r:debug_bq_dump_prop:s0 tclass=file permissive=0
01-07 07:34:18.329 14917 26224 E libc    : Access denied finding property "vendor.debug.bq.dump"
01-07 07:34:18.329 14917 26224 I BufferQueueConsumer: [unnamed-14917-4](this:0x7a98d95800,id:4,api:0,p:-1,c:14917) connect(C): consumer=(14917:com.transsion.faceid) controlledByApp=true
01-07 07:34:18.329 14917 26224 E libc    : Access denied finding property "vendor.debug.bq.dump"
01-07 07:34:18.325 14917 14917 W Thread-8: type=1400 audit(0.0:203612): avc: denied { read } for name="u:object_r:debug_bq_dump_prop:s0" dev="tmpfs" ino=91 scontext=u:r:platform_app:s0:c512,c768 tcontext=u:object_r:debug_bq_dump_prop:s0 tclass=file permissive=0
01-07 07:34:18.330 14917 26224 I BufferQueueConsumer: [unnamed-14917-4](this:0x7a98d95800,id:4,api:0,p:-1,c:14917) setConsumerName: unnamed-14917-4
01-07 07:34:18.330 14917 26224 E libc    : Access denied finding property "vendor.debug.bq.dump"
01-07 07:34:18.330 14917 26224 I BufferQueueConsumer: [ImageReader-640x480f23m3-14917-4](this:0x7a98d95800,id:4,api:0,p:-1,c:14917) setConsumerName: ImageReader-640x480f23m3-14917-4
01-07 07:34:18.330 14917 26224 I BufferQueueConsumer: [ImageReader-640x480f23m3-14917-4](this:0x7a98d95800,id:4,api:0,p:-1,c:14917) setDefaultBufferSize: width=640 height=480
01-07 07:34:18.325 14917 14917 W Thread-8: type=1400 audit(0.0:203613): avc: denied { read } for name="u:object_r:debug_bq_dump_prop:s0" dev="tmpfs" ino=91 scontext=u:r:platform_app:s0:c512,c768 tcontext=u:object_r:debug_bq_dump_prop:s0 tclass=file permissive=0
01-07 07:34:18.330  1430  1700 E SIMHelper: mTelephony exception
01-07 07:34:18.331   602  2699 E libc    : Access denied finding property "ro.vendor.camera_hal_tran_lifter_support"
01-07 07:34:18.331  1223  1253 I ActivityManager: Start proc 26216:com.transsion.keyguardgesture/1000 for service {com.transsion.microintelligence/com.transsion.keyguardgesture.service.KeyguardGestureService}
01-07 07:34:18.331 25995 25995 D CellBroadcastReceiver: onReceive Intent { act=android.intent.action.SERVICE_STATE flg=0x1000010 cmp=com.android.cellbroadcastreceiver/.CellBroadcastReceiver (has extras) }
01-07 07:34:18.331 25995 25995 D CellBroadcastReceiver: Intent: android.intent.action.SERVICE_STATE
01-07 07:34:18.325   602   602 W Binder:602_3: type=1400 audit(0.0:203614): avc: denied { read } for name="u:object_r:vendor_default_prop:s0" dev="tmpfs" ino=393 scontext=u:r:cameraserver:s0 tcontext=u:object_r:vendor_default_prop:s0 tclass=file permissive=0
01-07 07:34:18.333  1607  1607 I TranPhoneInterfaceManagerEx: onServiceStateChanged: mSlotId = 1state = 0
01-07 07:34:18.336  1430  1700 E SIMHelper: mTelephony exception
01-07 07:34:18.336  1223  1382 E WifiClientModeImpl: getWifiLinkLayerStats called without an interface
01-07 07:34:18.336  1223  1382 D WifiConnectivityManager: handleScreenStateChanged: screenOn=true
01-07 07:34:18.337  1223  1382 D WifiConnectivityManager: startConnectivityScan: screenOn=true wifiState=transitioning scanImmediately=false wifiEnabled=false wifiConnectivityManagerEnabled=true
01-07 07:34:18.338 25995 25995 D os.typeface: Already set agent. fontPath:null fontHash:
01-07 07:34:18.339  1223  1223 D AudioSystem: +setParameters(): screen_state=on 
01-07 07:34:18.339  5472  5538 I phonemaster_log: HiManager_ReflectUtils: getSysCleanProList: [com.tencent.wework, com.tencent.mm, com.tencent.mobileqq, com.skype.raider, com.instagram.android, com.whatsapp.w4b, com.transsion.phoenix, im.thebot.messenger, com.mediatek.MemEater, com.debug.loggerui, com.viber.voip, com.transsion.phonemaster, com.oraimo.appjoywear, org.telegram.messenger, com.facebook.orca, com.whatsapp, com.sh.smart.caller, com.tencent.mobileqqi, com.facebook.katana, cpu.cpueater.one, com.android.vending, com.jio.join, jp.naver.line.android, com.imo.android.imoim, com.truecaller, com.scorpio.securitycom, com.vskit.lite, com.google.android.dialer, com.facebook.lite]
01-07 07:34:18.339   602  2699 I CameraService: connectHelper: [Cam3TranServerEngine] setPackagename is com.transsion.faceid
01-07 07:34:18.341 14917 14917 D FaceUnlockService: setSurfaceViewState isVisible = true
01-07 07:34:18.341   496   581 D AudioALSAHardware: +setParameters(): screen_state=on
01-07 07:34:18.342   496   581 D AudioALSAStreamOut: +setScreenState(), flag 6, mode 1
01-07 07:34:18.342   496   581 D AudioALSAStreamOut: +setScreenState(), flag 8, mode 1
01-07 07:34:18.342   496   581 D AudioALSAStreamOut: +setScreenState(), flag 32768, mode 1
01-07 07:34:18.342   496   581 D AudioALSAStreamOut: +setScreenState(), flag 65536, mode 1
01-07 07:34:18.342   496   581 D AudioALSAHardware: -setParameters(): screen_state=on 
01-07 07:34:18.342  1607  1607 I TranPhoneSwitcher: mDefaultServiceState:0subid :1
01-07 07:34:18.344   547   547 D TRANCAM_DEBUG: on call setPackagename onTrancamCallback nameinfo com.transsion.faceid 
01-07 07:34:18.345 26216 26216 E keyguardgestur: Not starting debugger since process cannot load the jdwp agent.
01-07 07:34:18.346   602  2699 I Camera3-Device: Camera3Device: MTK framework debug log enabled:1
01-07 07:34:18.346   602  2699 I Camera2ClientBase: Camera 1: Opened. Client: com.transsion.faceid (PID 14917, UID 10063)
01-07 07:34:18.346   602  2699 I CameraDeviceClient: [thirdpart] CameraDeviceClient com.transsion.faceid 1: Opened
01-07 07:34:18.347  1223  1223 D DeviceIdleController: updateInteractivityLocked: screenOn=true
01-07 07:34:18.348 31769  5563 D phonemaster_log: HiManager_HiManager_Server_BinderPoolImpl: new RunningServicesImpl 
01-07 07:34:18.349   602  2699 I CameraService: onTorchStatusChangedLocked: Torch status changed for cameraId=1, newStatus=0
01-07 07:34:18.350  1430  1869 D FlashlightController: onTorchModeUnavailable, cameraId = 1
01-07 07:34:18.350  1430  1700 E SIMHelper: mTelephony exception
01-07 07:34:18.351  2969 17657 V CameraManager: current is TranInternalPackage
01-07 07:34:18.351  1223  2750 D AudioSystem: +setParameters(): cameraFacing=front 
01-07 07:34:18.351   496  2566 D AudioALSAHardware: +setParameters(): cameraFacing=front
01-07 07:34:18.351  1223  2779 V ActivityManager: New death recipient com.android.server.am.ActivityManagerService$AppDeathRecipient@62da9c7 for thread android.os.BinderProxy@2161bf4, pid:26216,mApp:null
01-07 07:34:18.351   496  2566 W AudioALSAHardware: setParameters(), still have param.size() = 1, remain param = "cameraFacing=front"
01-07 07:34:18.351   496  2566 D AudioALSAHardware: -setParameters(): cameraFacing=front 
01-07 07:34:18.353  1430  1709 V SwitchDataSimTile: ready sim count = 2
01-07 07:34:18.353  1223  2779 D os.ActivityManagerServiceLice: make process active com.transsion.keyguardgesture(26216)
01-07 07:34:18.353  1430  1700 E SIMHelper: mTelephony exception
01-07 07:34:18.358  1430  1700 E SIMHelper: mTelephony exception
01-07 07:34:18.360  1607  1607 V Op08ServiceStateReceiver: handleServiceStateChange. isTMOLoad = false
01-07 07:34:18.360  1223  1273 D PowerManagerService: DemoModeScreenStateReceiver->ACTION_SCREEN_ON
01-07 07:34:18.361 26216 26216 D os.typeface: Already set agent. fontPath:null fontHash:
01-07 07:34:18.362  1430  1700 E SIMHelper: mTelephony exception
01-07 07:34:18.363  1223  2750 I WindowManager: Relayout Window{2168a4f u0 com.transsion.faceid}: oldVis=8 newVis=0 focusMayChange = true
01-07 07:34:18.364 26216 26216 D os.typeface: Already set agent. fontPath:null fontHash:
01-07 07:34:18.365   537  1800 I BufferQueue: [unnamed-537-29560](this:0x72d48d7000,id:29560,api:0,p:-1,c:-1) BufferQueue core=(537:/system/bin/surfaceflinger)
01-07 07:34:18.365   537  1800 I BufferQueueConsumer: [unnamed-537-29560](this:0x72d48d7000,id:29560,api:0,p:-1,c:537) connect(C): consumer=(537:/system/bin/surfaceflinger) controlledByApp=false
01-07 07:34:18.365   537  1800 I BufferQueueConsumer: [unnamed-537-29560](this:0x72d48d7000,id:29560,api:0,p:-1,c:537) setConsumerName: unnamed-537-29560
01-07 07:34:18.365   537  1800 I BufferQueueConsumer: [#0](this:0x72d48d7000,id:29560,api:0,p:-1,c:537) setConsumerName: #0
01-07 07:34:18.365   537  1800 I BufferQueueConsumer: [#0](this:0x72d48d7000,id:29560,api:0,p:-1,c:537) setDefaultBufferSize: width=1 height=1
01-07 07:34:18.370   537  1277 I BufferQueueProducer: [StatusBar#0](this:0x72b7896800,id:6,api:1,p:1430,c:537) queueBuffer: fps=0.01 dur=142767.72 max=142615.84 min=151.88
01-07 07:34:18.370  1223  1223 I Telecom : : mAvailabilityCallback onCameraUnavailable-- cameraId = 1
01-07 07:34:18.371  1223  1223 D Griffin/StateProvider: screen state changed:on
01-07 07:34:18.372  1223  1223 D Griffin/PMReceiver: receive action:android.intent.action.SCREEN_ON
01-07 07:34:18.372 14917 14941 D Surface : Surface::connect(this=0x7af6b53000,api=1)
01-07 07:34:18.373   537  1277 I BufferQueueProducer: [#0](this:0x72d48d7000,id:29560,api:1,p:14917,c:537) connect(P): api=1 producer=(14917:com.transsion.faceid) producerControlledByApp=false
01-07 07:34:18.375   537  1800 I SurfaceFlinger: [SF client] NEW(0x72c4b24a40) for (14917:com.transsion.faceid)
01-07 07:34:18.376   537  1277 I BufferQueue: [unnamed-537-29561](this:0x72d4811800,id:29561,api:0,p:-1,c:-1) BufferQueue core=(537:/system/bin/surfaceflinger)
01-07 07:34:18.376   537  1277 I BufferQueueConsumer: [unnamed-537-29561](this:0x72d4811800,id:29561,api:0,p:-1,c:537) connect(C): consumer=(537:/system/bin/surfaceflinger) controlledByApp=false
01-07 07:34:18.376   537  1277 I BufferQueueConsumer: [unnamed-537-29561](this:0x72d4811800,id:29561,api:0,p:-1,c:537) setConsumerName: unnamed-537-29561
01-07 07:34:18.376   537  1277 I BufferQueueConsumer: [Bounds for - #0](this:0x72d4811800,id:29561,api:0,p:-1,c:537) setConsumerName: Bounds for - #0
01-07 07:34:18.377 14917 14941 D mali_winsys: EGLint new_window_surface(egl_winsys_display *, void *, EGLSurface, EGLConfig, egl_winsys_surface **, EGLBoolean) returns 0x3000
01-07 07:34:18.377 14917 14941 D Surface : Surface::setBufferCount(this=0x7af6b53000,bufferCount=3)
01-07 07:34:18.378   645  7548 I mtkcam-dev3: 1[CameraDevice3Impl::open] performanceFlow into open camera3 device (device@3.5/internal/1) systraceLevel(1) instanceId(1) vid(1) -> open
01-07 07:34:18.378   537  1277 I SurfaceFlinger: [SF client] NEW(0x72b79f72c0) for (14917:com.transsion.faceid)
01-07 07:34:18.379   537   646 I BufferQueueProducer: [ScreenDecorOverlay#0](this:0x72d4908800,id:3,api:1,p:1430,c:537) queueBuffer: fps=0.00 dur=2845995.55 max=2845995.55 min=2845995.55
01-07 07:34:18.380   537  1277 I BufferQueue: [unnamed-537-29562](this:0x72ba60f000,id:29562,api:0,p:-1,c:-1) BufferQueue core=(537:/system/bin/surfaceflinger)
01-07 07:34:18.381   537  1277 I BufferQueueConsumer: [unnamed-537-29562](this:0x72ba60f000,id:29562,api:0,p:-1,c:537) connect(C): consumer=(537:/system/bin/surfaceflinger) controlledByApp=false
01-07 07:34:18.381   537  1277 I BufferQueueConsumer: [unnamed-537-29562](this:0x72ba60f000,id:29562,api:0,p:-1,c:537) setConsumerName: unnamed-537-29562
01-07 07:34:18.381   537  1277 I BufferQueueConsumer: [SurfaceView - #0](this:0x72ba60f000,id:29562,api:0,p:-1,c:537) setConsumerName: SurfaceView - #0
01-07 07:34:18.381   537  1277 I BufferQueueConsumer: [SurfaceView - #0](this:0x72ba60f000,id:29562,api:0,p:-1,c:537) setDefaultBufferSize: width=1 height=1
01-07 07:34:18.383 26216 26216 D os.typeface: Already set agent. fontPath:null fontHash:
01-07 07:34:18.385 14917 14917 D FaceUnlockService: surfaceCreated
01-07 07:34:18.385 14917 14917 D FaceUnlockICamera: mSurfaceCreate = true
01-07 07:34:18.385 14917 14917 D FaceUnlockService: surfaceChanged
01-07 07:34:18.385 22040 22040 D OP20RoamingSettingsReceiver: Not Valid for this OP MCC/MNC, no handling further
01-07 07:34:18.386   537  1800 I BufferQueueProducer: [ScreenDecorOverlayBottom#0](this:0x72d490a000,id:5,api:1,p:1430,c:537) queueBuffer: fps=0.00 dur=2845994.69 max=2845994.69 min=2845994.69
01-07 07:34:18.386  1430  1430 V KeyguardUpdateMonitor: startListeningForFingerprint()
01-07 07:34:18.389  1430  1709 V SwitchDataSimTile: ready sim count = 2
01-07 07:34:18.390   645  7548 I mtkcam-dev3: [1-session::open] +
01-07 07:34:18.391  1223  1242 D WindowOrientationListener: WindowOrientationListener enabled clearCurrentRotation=true
