--------- beginning of system
01-07 08:45:03.983 I/MWN     ( 1223): Write 0 to node. type=4G mSimExist=true mFlightMode=false
01-07 08:45:04.242 I/WindowManager( 1223): Relayout Window{ddd227b u0 com.transsion.smartpanel}: oldVis=8 newVis=0 focusMayChange = true
01-07 08:45:04.315 I/TranWmsFloatExt( 1223): getTbFloatWMExt sFloatWindowManagerExt: com.transsion.server.wm.TranWmsTbFloatWindowManagerExtImpl@4387ca6
01-07 08:45:04.315 I/FloatWindow( 1223): hookInputMethodShown inputShown: false
01-07 08:45:04.316 I/TranWmsFloatExt( 1223): getTbFloatWMExt sFloatWindowManagerExt: com.transsion.server.wm.TranWmsTbFloatWindowManagerExtImpl@4387ca6
01-07 08:45:04.316 I/FloatWindow( 1223): hookInputMethodShown inputShown: false
01-07 08:45:04.329 I/TranWmsFloatExt( 1223): getTbFloatWMExt sFloatWindowManagerExt: com.transsion.server.wm.TranWmsTbFloatWindowManagerExtImpl@4387ca6
01-07 08:45:04.329 I/FloatWindow( 1223): hookInputMethodShown inputShown: false
01-07 08:45:04.363 I/TranWmsFloatExt( 1223): getTbFloatWMExt sFloatWindowManagerExt: com.transsion.server.wm.TranWmsTbFloatWindowManagerExtImpl@4387ca6
01-07 08:45:05.293 I/TranWmsFloatExt( 1223): getTbFloatWMExt sFloatWindowManagerExt: com.transsion.server.wm.TranWmsTbFloatWindowManagerExtImpl@4387ca6
01-07 08:45:05.293 I/FloatWindow( 1223): hookInputMethodShown inputShown: false
01-07 08:45:05.294 I/TranWmsFloatExt( 1223): getTbFloatWMExt sFloatWindowManagerExt: com.transsion.server.wm.TranWmsTbFloatWindowManagerExtImpl@4387ca6
01-07 08:45:05.294 I/FloatWindow( 1223): hookInputMethodShown inputShown: false
01-07 08:45:05.295 I/TranWmsFloatExt( 1223): getTbFloatWMExt sFloatWindowManagerExt: com.transsion.server.wm.TranWmsTbFloatWindowManagerExtImpl@4387ca6
01-07 08:45:05.295 I/FloatWindow( 1223): hookInputMethodShown inputShown: false
01-07 08:45:05.296 I/TranWmsFloatExt( 1223): getTbFloatWMExt sFloatWindowManagerExt: com.transsion.server.wm.TranWmsTbFloatWindowManagerExtImpl@4387ca6
01-07 08:45:05.296 I/FloatWindow( 1223): hookInputMethodShown inputShown: false
01-07 08:45:05.296 I/TranWmsFloatExt( 1223): getTbFloatWMExt sFloatWindowManagerExt: com.transsion.server.wm.TranWmsTbFloatWindowManagerExtImpl@4387ca6
01-07 08:45:05.297 I/FloatWindow( 1223): hookInputMethodShown inputShown: false
01-07 08:45:05.297 I/TranWmsFloatExt( 1223): getTbFloatWMExt sFloatWindowManagerExt: com.transsion.server.wm.TranWmsTbFloatWindowManagerExtImpl@4387ca6
01-07 08:45:05.297 I/FloatWindow( 1223): hookInputMethodShown inputShown: false
01-07 08:45:05.298 I/TranWmsFloatExt( 1223): getTbFloatWMExt sFloatWindowManagerExt: com.transsion.server.wm.TranWmsTbFloatWindowManagerExtImpl@4387ca6
01-07 08:45:05.298 I/FloatWindow( 1223): hookInputMethodShown inputShown: false
01-07 08:45:05.337 I/TranWmsFloatExt( 1223): getTbFloatWMExt sFloatWindowManagerExt: com.transsion.server.wm.TranWmsTbFloatWindowManagerExtImpl@4387ca6
01-07 08:45:06.476 E/ClipboardService( 1223): Denying clipboard access to com.android.chrome, application is not in focus neither is a system service for user 0
01-07 08:45:06.476 E/ClipboardService( 1223): Denying clipboard access to com.truecaller, application is not in focus neither is a system service for user 0
01-07 08:45:06.477 E/ClipboardService( 1223): Denying clipboard access to com.transsion.phoenix, application is not in focus neither is a system service for user 0
01-07 08:45:06.477 E/ClipboardService( 1223): Denying clipboard access to com.google.android.gms, application is not in focus neither is a system service for user 0
01-07 08:45:06.477 E/ClipboardService( 1223): Denying clipboard access to com.transsion.phoenix, application is not in focus neither is a system service for user 0
01-07 08:45:06.483 I/TranWmsFloatExt( 1223): getTbFloatWMExt sFloatWindowManagerExt: com.transsion.server.wm.TranWmsTbFloatWindowManagerExtImpl@4387ca6
01-07 08:45:06.484 I/FloatWindow( 1223): hookInputMethodShown inputShown: false
01-07 08:45:06.484 I/TranWmsFloatExt( 1223): getTbFloatWMExt sFloatWindowManagerExt: com.transsion.server.wm.TranWmsTbFloatWindowManagerExtImpl@4387ca6
01-07 08:45:06.484 I/FloatWindow( 1223): hookInputMethodShown inputShown: false
01-07 08:45:06.489 E/WindowManager( 1223): App trying to use insecure INPUT_FEATURE_NO_INPUT_CHANNEL flag. Ignoring
01-07 08:45:06.622 W/ContextImpl(17886): Calling a method in the system process without a qualified user: android.app.ContextImpl.bindService:1766 android.content.ContextWrapper.bindService:705 android.content.ContextWrapper.bindService:705 WV.yc2.a:2 WV.by2.run:65 
01-07 08:45:06.641 I/ActivityManager( 1223): Start proc 7906:com.google.android.webview:webview_service/u0a137 for service {com.google.android.webview/org.chromium.android_webview.services.VariationsSeedServer}
01-07 08:45:06.656 I/MWN     ( 1223): Write 0 to node. type=4G mSimExist=true mFlightMode=false
01-07 08:45:06.665 W/ContextImpl(17886): Calling a method in the system process without a qualified user: android.app.ContextImpl.bindIsolatedService:1791 android.content.ContextWrapper.bindIsolatedService:717 android.content.ContextWrapper.bindIsolatedService:717 WV.pq.b:19 WV.zv.a:20 
01-07 08:45:06.672 W/ContextImpl(17886): Calling a method in the system process without a qualified user: android.app.ContextImpl.bindIsolatedService:1791 android.content.ContextWrapper.bindIsolatedService:717 android.content.ContextWrapper.bindIsolatedService:717 WV.pq.b:19 WV.zv.a:20 
01-07 08:45:06.685 W/ContextImpl(17886): Calling a method in the system process without a qualified user: android.app.ContextImpl.bindService:1766 android.content.ContextWrapper.bindService:705 android.content.ContextWrapper.bindService:705 WV.es0.a:114 com.google.android.gms.common.internal.a.b:182 
01-07 08:45:06.698 I/ActivityManager( 1223): Start proc 7930:com.google.android.webview:sandboxed_process0:org.chromium.content.app.SandboxedProcessService0:0/u0i726 for  {com.transsion.bookmarks/org.chromium.content.app.SandboxedProcessService0:0}
01-07 08:45:06.780 W/ContextImpl(17886): Calling a method in the system process without a qualified user: android.app.ContextImpl.bindService:1766 android.content.ContextWrapper.bindService:705 android.content.ContextWrapper.bindService:705 WV.es0.a:114 com.google.android.gms.common.internal.a.b:182 
01-07 08:45:06.784 W/ContextImpl(17886): Calling a method in the system process without a qualified user: android.app.ContextImpl.bindService:1766 android.content.ContextWrapper.bindService:705 android.content.ContextWrapper.bindService:705 WV.es0.a:114 com.google.android.gms.common.internal.a.b:182 
01-07 08:45:06.857 W/ContextImpl(17886): Calling a method in the system process without a qualified user: android.app.ContextImpl.bindIsolatedService:1791 android.content.ContextWrapper.bindIsolatedService:717 android.content.ContextWrapper.bindIsolatedService:717 WV.pq.b:19 WV.zv.a:20 
01-07 08:45:06.872 I/TranWmsFloatExt( 1223): getTbFloatWMExt sFloatWindowManagerExt: com.transsion.server.wm.TranWmsTbFloatWindowManagerExtImpl@4387ca6
01-07 08:45:06.872 I/FloatWindow( 1223): hookInputMethodShown inputShown: false
01-07 08:45:07.389 I/ActivityManager( 1223): Process com.google.android.webview:sandboxed_process0:org.chromium.content.app.SandboxedProcessService0:0 (pid 7930) has died: vis IMPF
01-07 08:45:07.390 W/ActivityManager( 1223): Scheduling restart of crashed service com.transsion.bookmarks/org.chromium.content.app.SandboxedProcessService0:0 in 1000ms
01-07 08:45:07.474 I/WindowManager( 1223): WIN DEATH: Window{4f3a59b u0 com.transsion.bookmarks}
01-07 08:45:07.474 I/ActivityManager( 1223): Process com.transsion.bookmarks (pid 17886) has died: vis IMPF
01-07 08:45:07.484 I/TranWmsFloatExt( 1223): getTbFloatWMExt sFloatWindowManagerExt: com.transsion.server.wm.TranWmsTbFloatWindowManagerExtImpl@4387ca6
01-07 08:45:07.484 I/FloatWindow( 1223): hookInputMethodShown inputShown: false
01-07 08:45:07.493 W/ActivityManager( 1223): Scheduling restart of crashed service com.transsion.bookmarks/.service.BookmarksService in 1000ms
01-07 08:45:07.690 W/ActivityManager( 1223): setHasOverlayUi called on unknown pid: 17886
01-07 08:45:07.711 W/ActivityManager( 1223): setHasOverlayUi called on unknown pid: 17886
01-07 08:45:08.497 W/NotificationService( 1223): Toast already killed. pkg=com.facebook.lite callback=android.app.ITransientNotification$Stub$Proxy@3792d3b
01-07 08:45:08.514 I/ActivityManager( 1223): Start proc 8010:com.transsion.bookmarks/1000 for service {com.transsion.bookmarks/com.transsion.bookmarks.service.BookmarksService}
01-07 08:45:09.384 I/MWN     ( 1223): Write 0 to node. type=4G mSimExist=true mFlightMode=false
01-07 08:45:09.991 W/WindowManager( 1223): Unable to start animation, surface is null or no children.
01-07 08:45:12.099 I/MWN     ( 1223): Write 0 to node. type=4G mSimExist=true mFlightMode=false
01-07 08:45:13.063 I/DeviceIdleController( 1223): updateChargingLocked: charging=true
01-07 08:45:13.063 I/DeviceIdleController( 1223): becomeActiveLocked, reason=charging, changeLightIdle=true
01-07 08:45:14.860 I/MWN     ( 1223): Write 0 to node. type=4G mSimExist=true mFlightMode=false
01-07 08:45:17.582 I/MWN     ( 1223): Write 0 to node. type=4G mSimExist=true mFlightMode=false
01-07 08:45:18.666 W/ActivityManager( 1223): Unable to launch app ng.sterling.altbankv2/10258 for service Intent { cmp=ng.sterling.altbankv2/androidx.work.impl.background.systemjob.SystemJobService }: AutoStart Limit
01-07 08:45:19.495 W/WindowManager( 1223): removeWindowToken: Attempted to remove non-existing token: android.os.Binder@42f3424
01-07 08:45:20.341 I/MWN     ( 1223): Write 0 to node. type=4G mSimExist=true mFlightMode=false
01-07 08:45:20.818 W/ActivityManager( 1223): Unable to launch app ng.sterling.altbankv2/10258 for service Intent { cmp=ng.sterling.altbankv2/androidx.work.impl.background.systemjob.SystemJobService }: AutoStart Limit
01-07 08:45:23.098 I/MWN     ( 1223): Write 0 to node. type=4G mSimExist=true mFlightMode=false
01-07 08:45:25.864 I/chatty  ( 1223): uid=1000 system_server identical 1 line
01-07 08:45:28.620 I/MWN     ( 1223): Write 0 to node. type=4G mSimExist=true mFlightMode=false
01-07 08:45:29.879 I/DeviceIdleController( 1223): updateChargingLocked: charging=true
01-07 08:45:29.879 I/DeviceIdleController( 1223): becomeActiveLocked, reason=charging, changeLightIdle=true
01-07 08:45:31.381 I/MWN     ( 1223): Write 0 to node. type=4G mSimExist=true mFlightMode=false
01-07 08:45:34.142 I/MWN     ( 1223): Write 0 to node. type=4G mSimExist=true mFlightMode=false
01-07 08:45:34.411 I/ActivityManager( 1223): Killing 6430:com.android.calllogbackup/u0a47 (adj 975): empty #17
01-07 08:45:36.900 I/MWN     ( 1223): Write 0 to node. type=4G mSimExist=true mFlightMode=false
01-07 08:45:42.456 I/chatty  ( 1223): uid=1000 system_server identical 2 lines
01-07 08:45:45.220 I/MWN     ( 1223): Write 0 to node. type=4G mSimExist=true mFlightMode=false
01-07 08:45:47.046 I/ActivityTaskManager( 1223): START u0 {act=android.intent.action.MAIN flg=0x10000000 cmp=com.android.quickstep/.RecentsActivity} from uid 10063
01-07 08:45:47.056 I/ActivityManager( 1223): Applaunch form com.facebook.lite to com.android.quickstep
01-07 08:45:47.065 I/PowerMonitorHookServer( 1223): app:com.facebook.liteexit top
01-07 08:45:47.065 I/PowerMonitorHookServer( 1223): app:com.android.quickstepstart top
01-07 08:45:47.069 I/PowerMonitorNew( 2064): a whole scenario, scenario:com.facebook.lite, start-stop:627456985-627848126,duration:391141, current:530, currentconvert4V:519,currentWoBL:368,consumecoul:431,batterytime:292722, conpower:1689942,avgsignal:379,avgDatatype:400
01-07 08:45:47.070 I/PowerMonitorLogHelper( 2064): updateScenarioCurrentStatis scenario:com.facebook.lite,current:519,batterytime:292722
01-07 08:45:47.071 I/PowerMonitorNew( 2064): enter scenario: com.android.quickstep,start coul:-6552
01-07 08:45:47.103 I/TranWmsFloatExt( 1223): getTbFloatWMExt sFloatWindowManagerExt: com.transsion.server.wm.TranWmsTbFloatWindowManagerExtImpl@4387ca6
01-07 08:45:47.104 I/WindowManager( 1223): Relayout Window{388827d u0 com.android.quickstep/com.android.quickstep.RecentsActivity}: oldVis=8 newVis=0 focusMayChange = true
01-07 08:45:47.109 I/TranWmsFloatExt( 1223): getTbFloatWMExt sFloatWindowManagerExt: com.transsion.server.wm.TranWmsTbFloatWindowManagerExtImpl@4387ca6
01-07 08:45:47.126 I/TranWmsFloatExt( 1223): getTbFloatWMExt sFloatWindowManagerExt: com.transsion.server.wm.TranWmsTbFloatWindowManagerExtImpl@4387ca6
01-07 08:45:47.126 I/chatty  ( 1223): uid=1000(system) android.anim identical 1 line
01-07 08:45:47.129 I/TranWmsFloatExt( 1223): getTbFloatWMExt sFloatWindowManagerExt: com.transsion.server.wm.TranWmsTbFloatWindowManagerExtImpl@4387ca6
01-07 08:45:47.151 I/TranWmsFloatExt( 1223): getTbFloatWMExt sFloatWindowManagerExt: com.transsion.server.wm.TranWmsTbFloatWindowManagerExtImpl@4387ca6
01-07 08:45:47.151 I/FloatWindow( 1223): hookInputMethodShown inputShown: false
01-07 08:45:47.153 I/TranWmsFloatExt( 1223): getTbFloatWMExt sFloatWindowManagerExt: com.transsion.server.wm.TranWmsTbFloatWindowManagerExtImpl@4387ca6
01-07 08:45:47.733 I/TranWmsFloatExt( 1223): getTbFloatWMExt sFloatWindowManagerExt: com.transsion.server.wm.TranWmsTbFloatWindowManagerExtImpl@4387ca6
01-07 08:45:47.798 I/DeviceIdleController( 1223): updateChargingLocked: charging=true
01-07 08:45:47.798 I/DeviceIdleController( 1223): becomeActiveLocked, reason=charging, changeLightIdle=true
01-07 08:45:47.971 I/MWN     ( 1223): Write 0 to node. type=4G mSimExist=true mFlightMode=false
01-07 08:45:49.715 I/ActivityTaskManager( 1223): START u0 {act=android.intent.action.MAIN cat=[android.intent.category.HOME] flg=0x10000100 cmp=com.transsion.XOSLauncher/com.android.launcher3.Launcher (has extras)} from uid 0
01-07 08:45:49.720 I/ActivityManager( 1223): Applaunch form com.android.quickstep to com.transsion.XOSLauncher
01-07 08:45:49.726 I/PowerMonitorHookServer( 1223): app:com.android.quickstepexit top
01-07 08:45:49.726 I/PowerMonitorHookServer( 1223): app:com.transsion.XOSLauncherstart top
01-07 08:45:49.728 I/PowerMonitorNew( 2064): a whole scenario, scenario:com.android.quickstep, start-stop:627848130-627850788,duration:2658, current:0, currentconvert4V:0,currentWoBL:0,consumecoul:0,batterytime:0, conpower:0,avgsignal:400,avgDatatype:400
01-07 08:45:49.729 I/PowerMonitorNew( 2064): exitScenario not save scenario true
01-07 08:45:49.729 I/PowerMonitorNew( 2064): enter scenario: com.transsion.XOSLauncher,start coul:-6552
01-07 08:45:49.736 I/TranWmsFloatExt( 1223): getTbFloatWMExt sFloatWindowManagerExt: com.transsion.server.wm.TranWmsTbFloatWindowManagerExtImpl@4387ca6
01-07 08:45:49.745 I/TranWmsFloatExt( 1223): getTbFloatWMExt sFloatWindowManagerExt: com.transsion.server.wm.TranWmsTbFloatWindowManagerExtImpl@4387ca6
01-07 08:45:49.745 I/FloatWindow( 1223): hookInputMethodShown inputShown: false
01-07 08:45:49.759 I/WindowManager( 1223): Relayout Window{6184fce u0 com.transsion.XOSLauncher/com.android.launcher3.Launcher}: oldVis=4 newVis=0 focusMayChange = true
01-07 08:45:49.764 I/TranWmsFloatExt( 1223): getTbFloatWMExt sFloatWindowManagerExt: com.transsion.server.wm.TranWmsTbFloatWindowManagerExtImpl@4387ca6
01-07 08:45:49.807 I/TranWmsFloatExt( 1223): getTbFloatWMExt sFloatWindowManagerExt: com.transsion.server.wm.TranWmsTbFloatWindowManagerExtImpl@4387ca6
01-07 08:45:49.807 I/chatty  ( 1223): uid=1000(system) android.anim identical 1 line
01-07 08:45:49.814 I/TranWmsFloatExt( 1223): getTbFloatWMExt sFloatWindowManagerExt: com.transsion.server.wm.TranWmsTbFloatWindowManagerExtImpl@4387ca6
01-07 08:45:49.817 I/TranWmsFloatExt( 1223): getTbFloatWMExt sFloatWindowManagerExt: com.transsion.server.wm.TranWmsTbFloatWindowManagerExtImpl@4387ca6
01-07 08:45:49.817 I/FloatWindow( 1223): hookInputMethodShown inputShown: false
01-07 08:45:49.820 I/TranWmsFloatExt( 1223): getTbFloatWMExt sFloatWindowManagerExt: com.transsion.server.wm.TranWmsTbFloatWindowManagerExtImpl@4387ca6
01-07 08:45:50.117 I/TranWmsFloatExt( 1223): getTbFloatWMExt sFloatWindowManagerExt: com.transsion.server.wm.TranWmsTbFloatWindowManagerExtImpl@4387ca6
01-07 08:45:50.293 I/TranWmsFloatExt( 1223): getTbFloatWMExt sFloatWindowManagerExt: com.transsion.server.wm.TranWmsTbFloatWindowManagerExtImpl@4387ca6
01-07 08:45:50.739 I/MWN     ( 1223): Write 0 to node. type=4G mSimExist=true mFlightMode=false
01-07 08:45:51.182 I/TranWmsFloatExt( 1223): getTbFloatWMExt sFloatWindowManagerExt: com.transsion.server.wm.TranWmsTbFloatWindowManagerExtImpl@4387ca6
01-07 08:45:51.182 I/FloatWindow( 1223): hookInputMethodShown inputShown: false
01-07 08:45:51.183 W/ActivityTaskManager( 1223): checkDualprofileControl, from:com.transsion.XOSLauncher, to:com.ekehi.network, with act:android.intent.action.MAIN, callingUserId:0, toUserId:0, aInfo:ActivityInfo{f5e7134 com.ekehi.network.SplashActivity}
01-07 08:45:51.183 I/ActivityTaskManager( 1223): START u0 {act=android.intent.action.MAIN cat=[android.intent.category.LAUNCHER] flg=0x10200000 cmp=com.ekehi.network/.SplashActivity (has extras)} from uid 10078
01-07 08:45:51.196 W/BroadcastQueue( 1223): Permission Denial: receiving Intent { act=com.android.launcher3.action.LAUNCH flg=0x10 (has extras) } to ProcessRecord{a2dae1d 4093:com.google.android.gms.persistent/u0a131} (pid=4093, uid=10131) requires com.transsion.XOSLauncher.permission.RECEIVE_LAUNCH_BROADCASTS due to sender com.transsion.XOSLauncher (uid 10078)
01-07 08:45:51.196 W/BroadcastQueue( 1223): Permission Denial: receiving Intent { act=com.android.launcher3.action.LAUNCH flg=0x10 (has extras) } to com.google.android.gms/.chimera.GmsIntentOperationService$GmsExternalReceiver requires com.transsion.XOSLauncher.permission.RECEIVE_LAUNCH_BROADCASTS due to sender com.transsion.XOSLauncher (uid 10078)
01-07 08:45:51.196 I/PowerMonitorHookServer( 1223): app:com.transsion.XOSLauncherexit top
01-07 08:45:51.199 I/PowerMonitorNew( 2064): a whole scenario, scenario:com.transsion.XOSLauncher, start-stop:627850789-627852258,duration:1469, current:0, currentconvert4V:0,currentWoBL:0,consumecoul:0,batterytime:0, conpower:0,avgsignal:400,avgDatatype:400
01-07 08:45:51.199 I/PowerMonitorNew( 2064): exitScenario not save scenario true
01-07 08:45:51.225 I/ActivityManager( 1223): Start proc 8098:com.ekehi.network/u0a259 for activity {com.ekehi.network/com.ekehi.network.SplashActivity}
01-07 08:45:51.293 I/ActivityManager( 1223): Applaunch form com.transsion.XOSLauncher to com.ekehi.network
01-07 08:45:51.293 I/PowerMonitorHookServer( 1223): app:com.ekehi.networkstart top
01-07 08:45:51.296 I/PowerMonitorNew( 2064): enter scenario: com.ekehi.network,start coul:-6553
01-07 08:45:51.298 I/TranWmsFloatExt( 1223): getTbFloatWMExt sFloatWindowManagerExt: com.transsion.server.wm.TranWmsTbFloatWindowManagerExtImpl@4387ca6
01-07 08:45:51.307 W/ActivityManager( 1223): Unable to launch app ng.sterling.altbankv2/10258 for service Intent { cmp=ng.sterling.altbankv2/androidx.work.impl.background.systemjob.SystemJobService }: AutoStart Limit
01-07 08:45:51.317 I/TranWmsFloatExt( 1223): getTbFloatWMExt sFloatWindowManagerExt: com.transsion.server.wm.TranWmsTbFloatWindowManagerExtImpl@4387ca6
01-07 08:45:51.317 I/TranWmsFloatExt( 1223): getTbFloatWMExt sFloatWindowManagerExt: com.transsion.server.wm.TranWmsTbFloatWindowManagerExtImpl@4387ca6
01-07 08:45:51.552 I/TranWmsFloatExt( 1223): getTbFloatWMExt sFloatWindowManagerExt: com.transsion.server.wm.TranWmsTbFloatWindowManagerExtImpl@4387ca6
01-07 08:45:53.491 I/MWN     ( 1223): Write 0 to node. type=4G mSimExist=true mFlightMode=false
01-07 08:45:54.893 I/RotationDebug( 1223): =display.mForFloatWindow = false, mTopRunningInFloatWindow = false
01-07 08:45:54.900 I/ActivityTaskManager( 1223): START u0 {flg=0x44008000 cmp=com.ekehi.network/com.startapp.sdk.ads.interstitials.OverlayActivity (has extras)} from uid 10259
01-07 08:45:55.351 E/WindowManager( 1223): App trying to use insecure INPUT_FEATURE_NO_INPUT_CHANNEL flag. Ignoring
01-07 08:45:55.366 I/WindowManager( 1223): Relayout Window{20bcba8 u0 com.ekehi.network/com.ekehi.network.SplashActivity}: oldVis=4 newVis=0 focusMayChange = true
01-07 08:45:55.370 I/TranWmsFloatExt( 1223): getTbFloatWMExt sFloatWindowManagerExt: com.transsion.server.wm.TranWmsTbFloatWindowManagerExtImpl@4387ca6
01-07 08:45:55.450 I/RotationDebug( 1223): =display.mForFloatWindow = false, mTopRunningInFloatWindow = false
01-07 08:45:55.454 I/RotationDebug( 1223): =display.mForFloatWindow = false, mTopRunningInFloatWindow = false
01-07 08:45:55.459 E/WindowManager( 1223): App trying to use insecure INPUT_FEATURE_NO_INPUT_CHANNEL flag. Ignoring
01-07 08:45:55.472 I/WindowManager( 1223): Relayout Window{4f2dcf9 u0 com.ekehi.network/com.startapp.sdk.ads.interstitials.OverlayActivity}: oldVis=4 newVis=0 focusMayChange = true
01-07 08:45:55.476 I/TranWmsFloatExt( 1223): getTbFloatWMExt sFloatWindowManagerExt: com.transsion.server.wm.TranWmsTbFloatWindowManagerExtImpl@4387ca6
01-07 08:45:55.532 I/TranWmsFloatExt( 1223): getTbFloatWMExt sFloatWindowManagerExt: com.transsion.server.wm.TranWmsTbFloatWindowManagerExtImpl@4387ca6
01-07 08:45:55.532 I/chatty  ( 1223): uid=1000(system) android.anim identical 1 line
01-07 08:45:55.532 I/TranWmsFloatExt( 1223): getTbFloatWMExt sFloatWindowManagerExt: com.transsion.server.wm.TranWmsTbFloatWindowManagerExtImpl@4387ca6
01-07 08:45:55.542 I/TranWmsFloatExt( 1223): getTbFloatWMExt sFloatWindowManagerExt: com.transsion.server.wm.TranWmsTbFloatWindowManagerExtImpl@4387ca6
01-07 08:45:55.542 I/FloatWindow( 1223): hookInputMethodShown inputShown: false
01-07 08:45:55.546 I/TranWmsFloatExt( 1223): getTbFloatWMExt sFloatWindowManagerExt: com.transsion.server.wm.TranWmsTbFloatWindowManagerExtImpl@4387ca6
01-07 08:45:55.564 I/RotationDebug( 1223): =display.mForFloatWindow = false, mTopRunningInFloatWindow = false
01-07 08:45:55.568 W/ActivityTaskManager( 1223): Duplicate finish request for ActivityRecord{f204024 u0 com.ekehi.network/com.startapp.sdk.ads.interstitials.OverlayActivity t2690 f}
01-07 08:45:55.569 I/RotationDebug( 1223): =display.mForFloatWindow = false, mTopRunningInFloatWindow = false
01-07 08:45:55.601 I/TranWmsFloatExt( 1223): getTbFloatWMExt sFloatWindowManagerExt: com.transsion.server.wm.TranWmsTbFloatWindowManagerExtImpl@4387ca6
01-07 08:45:55.602 I/FloatWindow( 1223): hookInputMethodShown inputShown: false
01-07 08:45:56.251 I/MWN     ( 1223): Write 0 to node. type=4G mSimExist=true mFlightMode=false
01-07 08:45:57.024 I/TranWmsFloatExt( 1223): getTbFloatWMExt sFloatWindowManagerExt: com.transsion.server.wm.TranWmsTbFloatWindowManagerExtImpl@4387ca6
01-07 08:45:57.025 I/chatty  ( 1223): uid=1000(system) android.anim identical 2 lines
01-07 08:45:57.033 I/TranWmsFloatExt( 1223): getTbFloatWMExt sFloatWindowManagerExt: com.transsion.server.wm.TranWmsTbFloatWindowManagerExtImpl@4387ca6
01-07 08:45:57.042 I/TranWmsFloatExt( 1223): getTbFloatWMExt sFloatWindowManagerExt: com.transsion.server.wm.TranWmsTbFloatWindowManagerExtImpl@4387ca6
01-07 08:45:57.515 I/ActivityTaskManager( 1223): START u0 {flg=0x10008000 cmp=com.ekehi.network/.MainActivity (has extras)} from uid 10259
01-07 08:45:57.527 W/ActivityTaskManager( 1223): Duplicate finish request for ActivityRecord{3ec3b5d u0 com.ekehi.network/.SplashActivity t2690 f}
01-07 08:45:57.544 I/TranWmsFloatExt( 1223): getTbFloatWMExt sFloatWindowManagerExt: com.transsion.server.wm.TranWmsTbFloatWindowManagerExtImpl@4387ca6
01-07 08:45:57.556 I/chatty  ( 1223): uid=1000(system) android.anim identical 1 line
01-07 08:45:57.556 I/TranWmsFloatExt( 1223): getTbFloatWMExt sFloatWindowManagerExt: com.transsion.server.wm.TranWmsTbFloatWindowManagerExtImpl@4387ca6
01-07 08:45:57.620 E/WindowManager( 1223): App trying to use insecure INPUT_FEATURE_NO_INPUT_CHANNEL flag. Ignoring
01-07 08:45:58.208 I/WindowManager( 1223): Relayout Window{eb0a913 u0 com.ekehi.network/com.ekehi.network.MainActivity}: oldVis=4 newVis=0 focusMayChange = true
01-07 08:45:58.211 I/TranWmsFloatExt( 1223): getTbFloatWMExt sFloatWindowManagerExt: com.transsion.server.wm.TranWmsTbFloatWindowManagerExtImpl@4387ca6
01-07 08:45:58.756 I/TranWmsFloatExt( 1223): getTbFloatWMExt sFloatWindowManagerExt: com.transsion.server.wm.TranWmsTbFloatWindowManagerExtImpl@4387ca6
01-07 08:45:58.759 I/TranWmsFloatExt( 1223): getTbFloatWMExt sFloatWindowManagerExt: com.transsion.server.wm.TranWmsTbFloatWindowManagerExtImpl@4387ca6
01-07 08:45:58.948 I/TranWmsFloatExt( 1223): getTbFloatWMExt sFloatWindowManagerExt: com.transsion.server.wm.TranWmsTbFloatWindowManagerExtImpl@4387ca6
01-07 08:45:58.948 I/FloatWindow( 1223): hookInputMethodShown inputShown: false
01-07 08:45:58.979 I/TranWmsFloatExt( 1223): getTbFloatWMExt sFloatWindowManagerExt: com.transsion.server.wm.TranWmsTbFloatWindowManagerExtImpl@4387ca6
01-07 08:45:59.017 I/MWN     ( 1223): Write 0 to node. type=4G mSimExist=true mFlightMode=false
01-07 08:46:00.289 I/ActivityManager( 1223): Start proc 8344:com.google.android.webview:sandboxed_process0:org.chromium.content.app.SandboxedProcessService0:0/u0i727 for  {com.ekehi.network/org.chromium.content.app.SandboxedProcessService0:0}
01-07 08:46:01.774 I/MWN     ( 1223): Write 0 to node. type=4G mSimExist=true mFlightMode=false
01-07 08:46:03.049 I/WindowManager( 1223): Relayout Window{ddd227b u0 com.transsion.smartpanel}: oldVis=8 newVis=0 focusMayChange = true
01-07 08:46:04.580 I/MWN     ( 1223): Write 0 to node. type=4G mSimExist=true mFlightMode=false
01-07 08:46:10.141 I/chatty  ( 1223): uid=1000 system_server identical 2 lines
01-07 08:46:12.898 I/MWN     ( 1223): Write 0 to node. type=4G mSimExist=true mFlightMode=false
01-07 08:46:13.063 I/DeviceIdleController( 1223): updateChargingLocked: charging=true
01-07 08:46:13.063 I/DeviceIdleController( 1223): becomeActiveLocked, reason=charging, changeLightIdle=true
01-07 08:46:15.660 I/MWN     ( 1223): Write 0 to node. type=4G mSimExist=true mFlightMode=false
01-07 08:46:18.462 I/MWN     ( 1223): Write 0 to node. type=4G mSimExist=true mFlightMode=false
01-07 08:46:18.685 W/ActivityManager( 1223): Unable to launch app ng.sterling.altbankv2/10258 for service Intent { cmp=ng.sterling.altbankv2/androidx.work.impl.background.systemjob.SystemJobService }: AutoStart Limit
01-07 08:46:18.769 W/ActivityManager( 1223): Unable to launch app ng.sterling.altbankv2/10258 for service Intent { cmp=ng.sterling.altbankv2/androidx.work.impl.background.systemjob.SystemJobService }: AutoStart Limit
01-07 08:46:21.221 I/MWN     ( 1223): Write 0 to node. type=4G mSimExist=true mFlightMode=false
01-07 08:46:23.679 W/ActivityManager( 1223): Unable to launch app ng.sterling.altbankv2/10258 for service Intent { cmp=ng.sterling.altbankv2/androidx.work.impl.background.systemjob.SystemJobService }: AutoStart Limit
01-07 08:46:23.754 W/ActivityManager( 1223): Unable to launch app ng.sterling.altbankv2/10258 for service Intent { cmp=ng.sterling.altbankv2/androidx.work.impl.background.systemjob.SystemJobService }: AutoStart Limit
01-07 08:46:23.978 I/MWN     ( 1223): Write 0 to node. type=4G mSimExist=true mFlightMode=false
01-07 08:46:43.140 I/chatty  ( 1223): uid=1000 system_server identical 7 lines
01-07 08:46:45.817 I/MWN     ( 1223): Write 0 to node. type=4G mSimExist=true mFlightMode=false
01-07 08:46:47.456 W/ActivityManager( 1223): Unable to launch app ng.sterling.altbankv2/10258 for service Intent { cmp=ng.sterling.altbankv2/androidx.work.impl.background.systemjob.SystemJobService }: AutoStart Limit
01-07 08:46:48.580 I/MWN     ( 1223): Write 0 to node. type=4G mSimExist=true mFlightMode=false
01-07 08:46:54.753 I/chatty  ( 1223): uid=1000 system_server identical 1 line
01-07 08:47:00.853 I/MWN     ( 1223): Write 0 to node. type=4G mSimExist=true mFlightMode=false
01-07 08:47:02.796 D/AppOps  ( 1223): checkOperation: reject #3 for code 24 uid 10080 package com.transsion.phonemaster
01-07 08:47:03.052 D/AppOps  ( 1223): checkOperation: reject #3 for code 24 uid 10080 package com.transsion.phonemaster
01-07 08:47:03.443 I/MWN     ( 1223): Write 0 to node. type=4G mSimExist=true mFlightMode=false
01-07 08:47:04.008 D/Griffin/ResMonitorProxy( 1223): handleResChanged item=10
01-07 08:47:04.009 D/Griffin/ResMonitorProxy( 1223): visible mem gap 741154Kb
01-07 08:47:04.009 D/Griffin/ResMonitorProxy( 1223): perceptible mem gap 41221Kb
01-07 08:47:04.009 D/Griffin/ResMonitorProxy( 1223): cached mem gap 985990Kb
01-07 08:47:04.009 D/Griffin/AdjClean( 1223): item=2
01-07 08:47:04.009 D/Griffin/AdjClean( 1223): item=3
01-07 08:47:04.009 D/Griffin/CleanManager( 1223): dispatch clean index=9
01-07 08:47:04.009 D/Griffin/AdjClean( 1223): item=7
01-07 08:47:04.009 D/Griffin/AdjClean( 1223): clean code: visible(2) begin:
01-07 08:47:04.011 D/Griffin/AdjClean( 1223): clean code:visible(2) finish: coast 2ms
01-07 08:47:04.012 D/Griffin/CleanManager( 1223): dispatch clean index=9
01-07 08:47:04.012 D/Griffin/AdjClean( 1223): clean code: perceptible(3) begin:
01-07 08:47:04.013 D/Griffin/AdjClean( 1223): clean code:perceptible(3) finish: coast 1ms
01-07 08:47:04.013 D/Griffin/CleanManager( 1223): dispatch clean index=9
01-07 08:47:04.013 D/Griffin/AdjClean( 1223): clean code: cached(7) begin:
01-07 08:47:04.048 D/Griffin/AdjClean( 1223): clean code:cached(7) finish: coast 35ms
01-07 08:47:06.168 I/MWN     ( 1223): Write 0 to node. type=4G mSimExist=true mFlightMode=false
01-07 08:47:08.882 I/MWN     ( 1223): Write 0 to node. type=4G mSimExist=true mFlightMode=false
01-07 08:47:09.517 D/os.activity( 1223): on start activity Intent { act=android.intent.action.VIEW dat=https://fra.cloud.appwrite.io/... flg=0x30000000 (has extras) }
01-07 08:47:09.524 W/ActivityTaskManager( 1223): checkDualprofileControl, from:com.ekehi.network, to:android, with act:android.intent.action.VIEW, callingUserId:0, toUserId:0, aInfo:ActivityInfo{34830fa com.android.internal.app.TranssionResolverActivity}
01-07 08:47:09.524 I/ActivityTaskManager( 1223): START u0 {act=android.intent.action.VIEW dat=https://fra.cloud.appwrite.io/... flg=0x30000000 cmp=android/com.android.internal.app.TranssionResolverActivity (has extras)} from uid 10259
--------- beginning of main
01-07 08:47:09.554 D/SmartPanelService( 3024): checkVideoApp curosr: count = 0
01-07 08:47:09.554 D/Game_Utils( 3024): isTheMainScreen, displayId: 0  classname = com.android.internal.app.TranssionResolverActivity
01-07 08:47:09.554 I/SmartPanel_SmartPanelService( 3024): exitVideoMode
01-07 08:47:09.565 D/Zygote  (  492): Forked child process 8543
01-07 08:47:09.567 I/ActivityManager( 1223): Start proc 8543:android/1000 for activity {android/com.android.internal.app.TranssionResolverActivity}
01-07 08:47:09.569 I/PowerMonitorHookServer( 1223): app:com.ekehi.networkexit top
01-07 08:47:09.571 D/BoundBrokerSvc( 4285): onBind: Intent { act=com.google.android.gms.measurement.START pkg=com.google.android.gms }
01-07 08:47:09.571 D/BoundBrokerSvc( 4285): Loading bound service for intent: Intent { act=com.google.android.gms.measurement.START pkg=com.google.android.gms }
01-07 08:47:09.573 I/PowerMonitorNew( 2064): a whole scenario, scenario:com.ekehi.network, start-stop:627852355-627930630,duration:78275, current:0, currentconvert4V:0,currentWoBL:0,consumecoul:0,batterytime:0, conpower:0,avgsignal:400,avgDatatype:400
01-07 08:47:09.573 I/PowerMonitorNew( 2064): exitScenario not save scenario true
01-07 08:47:09.589 E/android ( 8543): Not starting debugger since process cannot load the jdwp agent.
01-07 08:47:09.594 D/AdvertisingIdClient( 4285): AdvertisingIdClient already created.
01-07 08:47:09.594 D/AdvertisingIdClient( 4285): AdvertisingIdClient is not bounded. Starting to bind it...
01-07 08:47:09.599 V/ActivityManager( 1223): New death recipient com.android.server.am.ActivityManagerService$AppDeathRecipient@f887395 for thread android.os.BinderProxy@a8eccaa, pid:8543,mApp:null
01-07 08:47:09.600 D/os.ActivityManagerServiceLice( 1223): make process active android(8543)
01-07 08:47:09.601 D/os.typeface( 1223): Already set agent. fontPath:null fontHash:
01-07 08:47:09.604 D/FingerprintLice( 1223): onRealStartActivityLocked next:ActivityRecord{536ab u0 android/com.android.internal.app.TranssionResolverActivity t2691} isKeyguardShowing:false
01-07 08:47:09.604 D/FingerprintLice( 1223): checkActivityRecord nextCls = com.android.internal.app.TranssionResolverActivity
01-07 08:47:09.604 I/SmartPanel_SmartPanelService( 3024): activityCheck pkgName: android, className: com.android.internal.app.TranssionResolverActivity isResume=false isInshow =true isDrawn = false
01-07 08:47:09.606 D/Griffin/Hooker( 1223): PreviousApp = com.ekehi.network/.MainActivity
01-07 08:47:09.607 D/PowerHalWrapper( 1223): amsBoostNotify pid:8543,activity:com.android.internal.app.TranssionResolverActivity, package:android, mProcessCreatePackandroid 
01-07 08:47:09.607 I/ActivityManager( 1223): Applaunch form com.ekehi.network to android
01-07 08:47:09.607 I/libPowerHal(  523): [perfNotifyAppState] foreground:android, pid:8543, uid:1000
01-07 08:47:09.608 I/UxUtility(  523): notifyForegroundApp pack:android, uid:1000
01-07 08:47:09.608 I/powerd  (  523): [powerd_req] POWER_MSG_NOTIFY_STATE, pc:1, com.ekehi.network => android
01-07 08:47:09.609 D/os.typeface( 8543): Already set agent. fontPath:null fontHash:
01-07 08:47:09.610 I/PowerMonitorHookServer( 1223): app:androidstart top
01-07 08:47:09.610 D/AdvertisingIdClient( 4285): AdvertisingIdClient is bounded
01-07 08:47:09.610 D/os.typeface( 8543): Already set agent. fontPath:null fontHash:
01-07 08:47:09.613 I/AdvertisingIdClient( 4285): shouldSendLog 627809761
01-07 08:47:09.613 I/AdvertisingIdClient( 4285): GetInfoInternal elapse 19ms
01-07 08:47:09.613 I/PowerMonitorNew( 2064): enter scenario: android,start coul:-6549
01-07 08:47:09.614 D/VideoCallEnhancerControlImpl( 1223): className is android/com.android.internal.app.TranssionResolverActivity
01-07 08:47:09.619 D/Game_Utils( 3024): mode = 1
01-07 08:47:09.620 D/os.typeface( 8543): Already set agent. fontPath:null fontHash:
01-07 08:47:09.621 D/Game_Utils( 3024): isTheMainScreen, displayId: 0  classname = com.android.internal.app.TranssionResolverActivity
01-07 08:47:09.621 D/SmartPanelService( 3024): handlerActivityStart isResume = false  mPCIsResume = false  pkgName = android
01-07 08:47:09.623 I/LoadedApk( 8543): No resource references to update in package com.transsion.theme.icon
01-07 08:47:09.624 D/SmartPanelService( 3024): checkAndHandleAPP curosr: count = 0
01-07 08:47:09.624 I/SmartPanel_SmartPanelService( 3024): exitGameMode
01-07 08:47:09.624 D/BoundBrokerSvc( 4093): onRebind: Intent { act=com.google.android.gms.presencemanager.service.START dat=chimera-action: cmp=com.google.android.gms/.chimera.PersistentApiService }
01-07 08:47:09.625 D/BarrageWindowManager( 3024): closeFloatWindow
01-07 08:47:09.626 D/os.typeface( 8543): Already set agent. fontPath:null fontHash:
01-07 08:47:09.626 D/Game_Utils( 3024): mode = 1
01-07 08:47:09.628 D/Game_Utils( 3024): isTheMainScreen, displayId: 0  classname = com.android.internal.app.TranssionResolverActivity
01-07 08:47:09.628 D/SmartPanelService( 3024): handlerVideoStart isResume = false  VIDEO_PACKAGE =   pkgName = android
01-07 08:47:09.628 D/BoundBrokerSvc( 4093): onRebind: Intent { act=com.google.android.gms.presencemanager.service.INTERNAL_IDENTITY dat=chimera-action: cmp=com.google.android.gms/.chimera.PersistentApiService }
01-07 08:47:09.630 D/SmartPanelService( 3024): checkVideoApp curosr: count = 0
01-07 08:47:09.630 I/SmartPanel_SmartPanelService( 3024): exitVideoMode
01-07 08:47:09.632 D/os.typeface( 8543): Already set agent. fontPath:null fontHash:
01-07 08:47:09.633 D/Game_Utils( 3024): isTheMainScreen, displayId: 0  classname = com.android.internal.app.TranssionResolverActivity
01-07 08:47:09.637 D/AAL     (  658): 01-07 08:47:09.553 BL= 644,ESS= 256, 01-07 08:47:09.570 BL= 643,ESS= 256, 01-07 08:47:09.587 BL= 642,ESS= 256, 01-07 08:47:09.621 BL= 641,ESS= 256, 01-07 08:47:09.637 BL= 640,ESS= 256, 
01-07 08:47:09.654 I/NetworkScheduler( 4093): (REDACTED) Error inserting %s
01-07 08:47:09.722 D/AAL     (  658): 01-07 08:47:09.654 BL= 639,ESS= 256, 01-07 08:47:09.671 BL= 638,ESS= 256, 01-07 08:47:09.688 BL= 637,ESS= 256, 01-07 08:47:09.705 BL= 636,ESS= 256, 01-07 08:47:09.722 BL= 635,ESS= 256, 
01-07 08:47:09.787 D/os.typeface( 8543): Already set agent. fontPath:null fontHash:
01-07 08:47:09.792 D/AppTurboService( 8543): mTidEnabled false
01-07 08:47:09.795 D/AppTurboService( 8543): initialize
01-07 08:47:09.795 D/AppTurboService( 8543):  mAppTurboTouchSlop = 0 mIsTpTurboApp = false
01-07 08:47:09.796 D/AppTurboService( 8543): versionName 10
01-07 08:47:09.821 D/os.activity( 1223): on start activity Intent { flg=0x3000000 cmp=com.android.systemui/.chooser.ChooserActivity (has extras) }
01-07 08:47:09.822 W/ActivityTaskManager( 1223): checkDualprofileControl, from:android, to:com.android.systemui, with act:null, callingUserId:0, toUserId:0, aInfo:ActivityInfo{effffca com.android.systemui.chooser.ChooserActivity}
01-07 08:47:09.822 I/ActivityTaskManager( 1223): START u0 {flg=0x3000000 cmp=com.android.systemui/.chooser.ChooserActivity (has extras)} from uid 1000
01-07 08:47:09.825 D/os.typeface( 1223): Already set agent. fontPath:null fontHash:
01-07 08:47:09.827 I/SmartPanel_SmartPanelService( 3024): activityCheck pkgName: com.android.systemui, className: com.android.systemui.chooser.ChooserActivity isResume=false isInshow =true isDrawn = false
01-07 08:47:09.827 I/power@1.3-impl(  523): powerHintInternal hint:8, data:1
01-07 08:47:09.829 D/PowerHalWrapper( 1223): <amsBoostResume> last:android, next:com.android.systemui 
01-07 08:47:09.838 D/ActivityThreadLice( 8543): received OSMessage 110001
01-07 08:47:09.838 D/ActivityThreadLice( 8543): send OSMessage 110001 to [-1]
01-07 08:47:09.839 D/os.WindowManagerServiceLice( 1223): received send OSMessage 110001 request from 8543 to [-1]
01-07 08:47:09.839 D/os.CommonLice( 1223): onOSServerMessage 110001
01-07 08:47:09.840 D/Game_Utils( 3024): mode = 1
01-07 08:47:09.840 D/OSServiceManager( 8543): update local os service os.activity from null to android.os.BinderProxy@396be6d
01-07 08:47:09.843 D/Game_Utils( 3024): isTheMainScreen, displayId: 0  classname = com.android.systemui.chooser.ChooserActivity
01-07 08:47:09.843 D/SmartPanelService( 3024): handlerActivityStart isResume = false  mPCIsResume = false  pkgName = com.android.systemui
01-07 08:47:09.844 D/SmartPanelService( 3024): checkAndHandleAPP curosr: count = 0
01-07 08:47:09.844 I/SmartPanel_SmartPanelService( 3024): exitGameMode
01-07 08:47:09.841 W/android.display( 1223): type=1400 audit(0.0:205675): avc: denied { read } for name="capacity" dev="sysfs" ino=30947 scontext=u:r:system_server:s0 tcontext=u:object_r:sysfs_batteryinfo:s0 tclass=file permissive=0
01-07 08:47:09.845 D/BarrageWindowManager( 3024): closeFloatWindow
01-07 08:47:09.846 D/os.activity( 1223): on start activity Intent { flg=0x3000000 cmp=com.android.systemui/.chooser.ChooserActivity (has extras) }
01-07 08:47:09.846 D/Game_Utils( 3024): mode = 1
01-07 08:47:09.847 W/ActivityTaskManager( 1223): checkDualprofileControl, from:android, to:com.android.systemui, with act:null, callingUserId:0, toUserId:0, aInfo:ActivityInfo{effffca com.android.systemui.chooser.ChooserActivity}
01-07 08:47:09.847 I/ActivityTaskManager( 1223): START u0 {flg=0x3000000 cmp=com.android.systemui/.chooser.ChooserActivity (has extras)} from uid 1000
01-07 08:47:09.848 D/Game_Utils( 3024): isTheMainScreen, displayId: 0  classname = com.android.systemui.chooser.ChooserActivity
01-07 08:47:09.848 D/SmartPanelService( 3024): handlerVideoStart isResume = false  VIDEO_PACKAGE =   pkgName = com.android.systemui
01-07 08:47:09.848 W/ActivityTaskManager( 1223): startActivity called from finishing ActivityRecord{536ab u0 android/com.android.internal.app.TranssionResolverActivity t2691 f}; forcing Intent.FLAG_ACTIVITY_NEW_TASK for: Intent { flg=0x3800000 cmp=com.android.systemui/.chooser.ChooserActivity (has extras) }
01-07 08:47:09.851 D/SmartPanelService( 3024): checkVideoApp curosr: count = 0
01-07 08:47:09.851 I/SmartPanel_SmartPanelService( 3024): exitVideoMode
01-07 08:47:09.855 I/power@1.3-impl(  523): powerHintInternal hint:8, data:1
01-07 08:47:09.861 W/ActivityTaskManager( 1223): Duplicate finish request for ActivityRecord{536ab u0 android/com.android.internal.app.TranssionResolverActivity t2691 f}
01-07 08:47:09.861 D/Game_Utils( 3024): isTheMainScreen, displayId: 0  classname = com.android.systemui.chooser.ChooserActivity
01-07 08:47:09.862 I/SmartPanel_SmartPanelService( 3024): activityCheck pkgName: com.android.systemui, className: com.android.systemui.chooser.ChooserActivity isResume=false isInshow =true isDrawn = false
01-07 08:47:09.868 D/PowerHalWrapper( 1223): amsBoostProcessCreate package:com.android.systemui 
01-07 08:47:09.871 D/Game_Utils( 3024): mode = 1
01-07 08:47:09.873 D/Game_Utils( 3024): isTheMainScreen, displayId: 0  classname = com.android.systemui.chooser.ChooserActivity
01-07 08:47:09.873 D/SmartPanelService( 3024): handlerActivityStart isResume = false  mPCIsResume = false  pkgName = com.android.systemui
01-07 08:47:09.875 D/SmartPanelService( 3024): checkAndHandleAPP curosr: count = 0
01-07 08:47:09.875 I/SmartPanel_SmartPanelService( 3024): exitGameMode
01-07 08:47:09.876 D/Game_Utils( 3024): mode = 1
01-07 08:47:09.876 D/BarrageWindowManager( 3024): closeFloatWindow
01-07 08:47:09.877 D/Game_Utils( 3024): isTheMainScreen, displayId: 0  classname = com.android.systemui.chooser.ChooserActivity
01-07 08:47:09.877 D/SmartPanelService( 3024): handlerVideoStart isResume = false  VIDEO_PACKAGE =   pkgName = com.android.systemui
01-07 08:47:09.878 D/SmartPanelService( 3024): checkVideoApp curosr: count = 0
01-07 08:47:09.878 I/SmartPanel_SmartPanelService( 3024): exitVideoMode
01-07 08:47:09.879 D/Game_Utils( 3024): isTheMainScreen, displayId: 0  classname = com.android.systemui.chooser.ChooserActivity
01-07 08:47:09.882 D/Zygote  (  492): Forked child process 8567
01-07 08:47:09.885 I/ActivityManager( 1223): Start proc 8567:com.android.systemui:ui/u0a63 for activity {com.android.systemui/com.android.systemui.chooser.ChooserActivity}
01-07 08:47:09.896 E/oid.systemui:u( 8567): Not starting debugger since process cannot load the jdwp agent.
01-07 08:47:09.901 V/ActivityManager( 1223): New death recipient com.android.server.am.ActivityManagerService$AppDeathRecipient@5b3b157 for thread android.os.BinderProxy@dd53444, pid:8567,mApp:null
01-07 08:47:09.902 D/os.ActivityManagerServiceLice( 1223): make process active com.android.systemui:ui(8567)
01-07 08:47:09.903 D/os.typeface( 1223): Already set agent. fontPath:null fontHash:
01-07 08:47:09.906 D/VideoCallEnhancerControlImpl( 1223): className is com.android.systemui/com.android.systemui.chooser.ChooserActivity
01-07 08:47:09.906 I/SmartPanel_SmartPanelService( 3024): activityCheck pkgName: com.android.systemui, className: com.android.systemui.chooser.ChooserActivity isResume=false isInshow =true isDrawn = false
01-07 08:47:09.906 D/FingerprintLice( 1223): onRealStartActivityLocked next:ActivityRecord{f6f0780 u0 com.android.systemui/.chooser.ChooserActivity t2691} isKeyguardShowing:false
01-07 08:47:09.906 D/FingerprintLice( 1223): checkActivityRecord nextCls = com.android.systemui.chooser.ChooserActivity
01-07 08:47:09.907 D/os.typeface( 1223): Already set agent. fontPath:null fontHash:
01-07 08:47:09.910 D/FingerprintLice( 1223): onRealStartActivityLocked next:ActivityRecord{cbb6075 u0 com.android.systemui/.chooser.ChooserActivity t2692} isKeyguardShowing:false
01-07 08:47:09.910 D/FingerprintLice( 1223): checkActivityRecord nextCls = com.android.systemui.chooser.ChooserActivity
01-07 08:47:09.913 D/Griffin/Hooker( 1223): PreviousApp = android/com.android.internal.app.TranssionResolverActivity
01-07 08:47:09.913 D/PowerHalWrapper( 1223): amsBoostNotify pid:8567,activity:com.android.systemui.chooser.ChooserActivity, package:com.android.systemui, mProcessCreatePackcom.android.systemui 
01-07 08:47:09.913 I/ActivityManager( 1223): Applaunch form android to com.android.systemui
01-07 08:47:09.914 I/libPowerHal(  523): [perfNotifyAppState] foreground:com.android.systemui, pid:8567, uid:10063
01-07 08:47:09.914 I/UxUtility(  523): notifyForegroundApp pack:com.android.systemui, uid:10063
01-07 08:47:09.914 I/powerd  (  523): [powerd_req] POWER_MSG_NOTIFY_STATE, pc:1, android => com.android.systemui
01-07 08:47:09.915 D/os.typeface( 8567): Already set agent. fontPath:null fontHash:
01-07 08:47:09.916 I/PowerMonitorHookServer( 1223): app:androidexit top
01-07 08:47:09.916 I/PowerMonitorHookServer( 1223): app:com.android.systemui:uistart top
01-07 08:47:09.920 D/VideoCallEnhancerControlImpl( 1223): className is com.android.systemui/com.android.systemui.chooser.ChooserActivity
01-07 08:47:09.921 I/PowerMonitorNew( 2064): a whole scenario, scenario:android, start-stop:627930671-627930977,duration:306, current:0, currentconvert4V:0,currentWoBL:0,consumecoul:0,batterytime:0, conpower:0,avgsignal:400,avgDatatype:400
01-07 08:47:09.921 I/PowerMonitorNew( 2064): exitScenario not save scenario true
01-07 08:47:09.922 I/PowerMonitorNew( 2064): enter scenario: com.android.systemui:ui,start coul:-6549
01-07 08:47:09.917 D/os.typeface( 8567): Already set agent. fontPath:null fontHash:
01-07 08:47:09.924 D/Game_Utils( 3024): mode = 1
01-07 08:47:09.926 D/Game_Utils( 3024): isTheMainScreen, displayId: 0  classname = com.android.systemui.chooser.ChooserActivity
01-07 08:47:09.926 D/SmartPanelService( 3024): handlerActivityStart isResume = false  mPCIsResume = false  pkgName = com.android.systemui
01-07 08:47:09.927 D/Game_Utils( 3024): mode = 1
01-07 08:47:09.928 D/SmartPanelService( 3024): checkAndHandleAPP curosr: count = 0
01-07 08:47:09.928 I/SmartPanel_SmartPanelService( 3024): exitGameMode
01-07 08:47:09.928 D/Game_Utils( 3024): isTheMainScreen, displayId: 0  classname = com.android.systemui.chooser.ChooserActivity
01-07 08:47:09.928 D/SmartPanelService( 3024): handlerVideoStart isResume = false  VIDEO_PACKAGE =   pkgName = com.android.systemui
01-07 08:47:09.929 D/BarrageWindowManager( 3024): closeFloatWindow
01-07 08:47:09.930 D/SmartPanelService( 3024): checkVideoApp curosr: count = 0
01-07 08:47:09.930 I/SmartPanel_SmartPanelService( 3024): exitVideoMode
01-07 08:47:09.930 D/Game_Utils( 3024): isTheMainScreen, displayId: 0  classname = com.android.systemui.chooser.ChooserActivity
01-07 08:47:09.930 I/SmartPanel_SmartPanelService( 3024): activityCheck pkgName: com.android.systemui, className: com.android.systemui.chooser.ChooserActivity isResume=false isInshow =true isDrawn = false
01-07 08:47:09.934 D/Game_Utils( 3024): mode = 1
01-07 08:47:09.936 D/Game_Utils( 3024): isTheMainScreen, displayId: 0  classname = com.android.systemui.chooser.ChooserActivity
01-07 08:47:09.936 D/SmartPanelService( 3024): handlerActivityStart isResume = false  mPCIsResume = false  pkgName = com.android.systemui
01-07 08:47:09.937 D/SmartPanelService( 3024): checkAndHandleAPP curosr: count = 0
01-07 08:47:09.938 I/SmartPanel_SmartPanelService( 3024): exitGameMode
01-07 08:47:09.939 D/Game_Utils( 3024): mode = 1
01-07 08:47:09.939 D/BarrageWindowManager( 3024): closeFloatWindow
01-07 08:47:09.941 D/Game_Utils( 3024): isTheMainScreen, displayId: 0  classname = com.android.systemui.chooser.ChooserActivity
01-07 08:47:09.941 D/SmartPanelService( 3024): handlerVideoStart isResume = false  VIDEO_PACKAGE =   pkgName = com.android.systemui
01-07 08:47:09.943 D/Game_Utils( 3024): isTheMainScreen, displayId: 0  classname = com.android.systemui.chooser.ChooserActivity
01-07 08:47:09.943 D/SmartPanelService( 3024): checkVideoApp curosr: count = 0
01-07 08:47:09.943 I/SmartPanel_SmartPanelService( 3024): exitVideoMode
01-07 08:47:09.959 D/os.typeface( 8567): Already set agent. fontPath:null fontHash:
01-07 08:47:09.964 D/z       ( 1731): onTaskStackChanged mTmpListeners clear
01-07 08:47:09.965 I/LoadedApk( 8567): No resource references to update in package com.transsion.theme.icon
01-07 08:47:10.022 I/ItelTrackAction( 8567): user_experience : true
01-07 08:47:10.028 D/os.typeface( 8567): Already set agent. fontPath:null fontHash:
01-07 08:47:10.032 D/os.typeface( 8567): Already set agent. fontPath:null fontHash:
01-07 08:47:10.034 D/libMEOW ( 8567): applied 1 plugins for [com.android.systemui:ui]:
01-07 08:47:10.034 D/libMEOW ( 8567):   plugin 1: [libMEOW_gift.so]:
01-07 08:47:10.040 W/ActivityTaskManager( 1223): checkDualprofileControl, from:com.ekehi.network, to:com.android.chrome, with act:android.intent.action.VIEW, callingUserId:0, toUserId:0, aInfo:ActivityInfo{ab6b79d com.google.android.apps.chrome.IntentDispatcher}
01-07 08:47:10.040 I/ActivityTaskManager( 1223): START u0 {act=android.intent.action.VIEW dat=https://fra.cloud.appwrite.io/... flg=0x33000000 cmp=com.android.chrome/com.google.android.apps.chrome.IntentDispatcher (has extras)} from uid 10259
01-07 08:47:10.043 D/os.typeface( 1223): Already set agent. fontPath:null fontHash:
01-07 08:47:10.050 I/SmartPanel_SmartPanelService( 3024): activityCheck pkgName: com.android.chrome, className: org.chromium.chrome.browser.document.ChromeLauncherActivity isResume=false isInshow =true isDrawn = false
01-07 08:47:10.050 I/power@1.3-impl(  523): powerHintInternal hint:8, data:1
01-07 08:47:10.052 D/PowerHalWrapper( 1223): <amsBoostResume> last:com.android.systemui, next:com.android.chrome 
01-07 08:47:10.061 I/PowerMonitorHookServer( 1223): app:com.android.systemui:uiexit top
01-07 08:47:10.061 D/ActivityThreadLice( 8567): received OSMessage 110001
01-07 08:47:10.062 D/ActivityThreadLice( 8567): send OSMessage 110001 to [-1]
01-07 08:47:10.062 D/os.WindowManagerServiceLice( 1223): received send OSMessage 110001 request from 8567 to [-1]
01-07 08:47:10.062 D/os.CommonLice( 1223): onOSServerMessage 110001
