01-07 08:47:56.683 I/power@1.3-impl(  523): powerHintInternal hint:8, data:1
01-07 08:47:56.685 I/libPowerHal(  523): 8: cpu_ctrl set freq: 1800000 -1 2000000 -1
01-07 08:47:56.686 D/PowerHalWrapper( 1223): <amsBoostResume> last:com.android.chrome, next:com.ekehi.network 
01-07 08:47:56.687 I/power@1.3-impl(  523): powerHintInternal hint:8, data:1
01-07 08:47:56.687 I/SmartPanel_SmartPanelService( 3024): activityCheck pkgName: com.ekehi.network, className: com.ekehi.network.OAuthCallbackActivity isResume=false isInshow =true isDrawn = false
01-07 08:47:56.691 W/WindowManager( 1223): TaskSnapshotSurface.create: Failed to find main window for token=AppWindowToken{ac63b03 token=Token{403afb2 ActivityRecord{7d65dbd u0 com.ekehi.network/.OAuthCallbackActivity t2690}}}
01-07 08:47:56.693 W/ThreadPoolForeg(20647): type=1400 audit(0.0:205743): avc: denied { read } for name="u:object_r:vendor_default_prop:s0" dev="tmpfs" ino=393 scontext=u:r:untrusted_app:s0:c168,c256,c512,c768 tcontext=u:object_r:vendor_default_prop:s0 tclass=file permissive=0
01-07 08:47:56.699 E/libc    (20647): Access denied finding property "ro.vendor.transsion.xml.support"
01-07 08:47:56.700 I/SpeechToTextAccessibili( 2999): accessibilityEvent: EventType: TYPE_VIEW_SELECTED; EventTime: 502734579; PackageName: com.android.chrome; MovementGranularity: 0; Action: 0; ContentChangeTypes: []; WindowChangeTypes: [] [ ClassName: android.widget.ProgressBar; Text: []; ContentDescription: null; ItemCount: 100; CurrentItemIndex: 100; Enabled: true; Password: false; Checked: false; FullScreen: false; Scrollable: false; BeforeText: null; FromIndex: -1; ToIndex: -1; ScrollX: -1; ScrollY: -1; MaxScrollX: -1; MaxScrollY: -1; AddedCount: -1; RemovedCount: -1; ParcelableData: null ]; recordCount: 0
01-07 08:47:56.700 I/SpeechToTextAccessibili( 2999): accessibilityEvent: EventType: TYPE_WINDOW_CONTENT_CHANGED; EventTime: 502734579; PackageName: com.android.chrome; MovementGranularity: 0; Action: 0; ContentChangeTypes: [CONTENT_CHANGE_TYPE_SUBTREE]; WindowChangeTypes: [] [ ClassName: android.widget.ImageView; Text: []; ContentDescription: null; ItemCount: -1; CurrentItemIndex: -1; Enabled: true; Password: false; Checked: false; FullScreen: false; Scrollable: false; BeforeText: null; FromIndex: -1; ToIndex: -1; ScrollX: -1; ScrollY: -1; MaxScrollX: -1; MaxScrollY: -1; AddedCount: -1; RemovedCount: -1; ParcelableData: null ]; recordCount: 0
01-07 08:47:56.701 D/Game_Utils( 3024): mode = 1
01-07 08:47:56.704 D/Game_Utils( 3024): isTheMainScreen, displayId: 0  classname = com.ekehi.network.OAuthCallbackActivity
01-07 08:47:56.704 D/SmartPanelService( 3024): handlerActivityStart isResume = false  mPCIsResume = false  pkgName = com.ekehi.network
01-07 08:47:56.706 D/SmartPanelService( 3024): checkAndHandleAPP curosr: count = 0
01-07 08:47:56.706 I/SmartPanel_SmartPanelService( 3024): exitGameMode
01-07 08:47:56.706 I/cr_VideoPersist(20647): Attempted picture-in-picture with result: failure
01-07 08:47:56.707 D/BarrageWindowManager( 3024): closeFloatWindow
01-07 08:47:56.708 D/Game_Utils( 3024): mode = 1
01-07 08:47:56.709 D/Game_Utils( 3024): isTheMainScreen, displayId: 0  classname = com.ekehi.network.OAuthCallbackActivity
01-07 08:47:56.709 D/SmartPanelService( 3024): handlerVideoStart isResume = false  VIDEO_PACKAGE =   pkgName = com.ekehi.network
01-07 08:47:56.711 D/SmartPanelService( 3024): checkVideoApp curosr: count = 0
01-07 08:47:56.711 I/SmartPanel_SmartPanelService( 3024): exitVideoMode
01-07 08:47:56.712 D/Game_Utils( 3024): isTheMainScreen, displayId: 0  classname = com.ekehi.network.OAuthCallbackActivity
01-07 08:47:56.723 I/GED     (20789): ged_boost_gpu_freq, level 100, eOrigin 2, final_idx 29, oppidx_max 29, oppidx_min 0
01-07 08:47:56.729 D/os.typeface( 1223): Already set agent. fontPath:null fontHash:
01-07 08:47:56.731 D/FingerprintLice( 1223): onRealStartActivityLocked next:ActivityRecord{7d65dbd u0 com.ekehi.network/.OAuthCallbackActivity t2690} isKeyguardShowing:false
01-07 08:47:56.732 D/FingerprintLice( 1223): checkActivityRecord nextCls = com.ekehi.network.OAuthCallbackActivity
01-07 08:47:56.732 W/ActivityThread( 8098): handleWindowVisibility: no activity for token android.os.BinderProxy@f9521bc
01-07 08:47:56.732 I/SmartPanel_SmartPanelService( 3024): activityCheck pkgName: com.ekehi.network, className: com.ekehi.network.OAuthCallbackActivity isResume=false isInshow =true isDrawn = false
01-07 08:47:56.736 I/ActivityManager( 1223): Applaunch form com.android.chrome to com.ekehi.network
01-07 08:47:56.736 D/Griffin/Hooker( 1223): PreviousApp = com.android.chrome/org.chromium.chrome.browser.customtabs.CustomTabActivity
01-07 08:47:56.736 D/PowerHalWrapper( 1223): amsBoostNotify pid:8098,activity:com.ekehi.network.OAuthCallbackActivity, package:com.ekehi.network, mProcessCreatePackcom.android.systemui 
01-07 08:47:56.736 D/PowerHalWrapper( 1223): amsBoostNotify AMS_BOOST_PROCESS_CREATE_BOOST:false 
01-07 08:47:56.737 I/libPowerHal(  523): [perfNotifyAppState] foreground:com.ekehi.network, pid:8098, uid:10259
01-07 08:47:56.738 I/UxUtility(  523): notifyForegroundApp pack:com.ekehi.network, uid:10259
01-07 08:47:56.738 I/powerd  (  523): [powerd_req] POWER_MSG_NOTIFY_STATE, pc:0, com.android.chrome => com.ekehi.network
01-07 08:47:56.740 I/PowerMonitorHookServer( 1223): app:com.android.chromeexit top
01-07 08:47:56.740 I/PowerMonitorHookServer( 1223): app:com.ekehi.networkstart top
01-07 08:47:56.741 D/libMEOW ( 8098): applied 1 plugins for [com.ekehi.network]:
01-07 08:47:56.741 D/libMEOW ( 8098):   plugin 1: [libMEOW_gift.so]:
01-07 08:47:56.747 I/PowerMonitorNew( 2064): a whole scenario, scenario:com.android.chrome, start-stop:627931182-627977801,duration:46619, current:0, currentconvert4V:0,currentWoBL:0,consumecoul:0,batterytime:0, conpower:0,avgsignal:400,avgDatatype:400
01-07 08:47:56.747 I/PowerMonitorNew( 2064): exitScenario not save scenario true
01-07 08:47:56.750 I/TranWmsFloatExt( 1223): getTbFloatWMExt sFloatWindowManagerExt: com.transsion.server.wm.TranWmsTbFloatWindowManagerExtImpl@4387ca6
01-07 08:47:56.752 D/VideoCallEnhancerControlImpl( 1223): className is com.ekehi.network/com.ekehi.network.OAuthCallbackActivity
01-07 08:47:56.752 I/PowerMonitorNew( 2064): enter scenario: com.ekehi.network,start coul:-6552
01-07 08:47:56.757 D/Game_Utils( 3024): mode = 1
01-07 08:47:56.758 D/Game_Utils( 3024): isTheMainScreen, displayId: 0  classname = com.ekehi.network.OAuthCallbackActivity
01-07 08:47:56.758 D/SmartPanelService( 3024): handlerActivityStart isResume = false  mPCIsResume = false  pkgName = com.ekehi.network
01-07 08:47:56.763 D/SmartPanelService( 3024): checkAndHandleAPP curosr: count = 0
01-07 08:47:56.763 D/Game_Utils( 3024): mode = 1
01-07 08:47:56.763 I/SmartPanel_SmartPanelService( 3024): exitGameMode
01-07 08:47:56.765 D/Game_Utils( 3024): isTheMainScreen, displayId: 0  classname = com.ekehi.network.OAuthCallbackActivity
01-07 08:47:56.765 D/SmartPanelService( 3024): handlerVideoStart isResume = false  VIDEO_PACKAGE =   pkgName = com.ekehi.network
01-07 08:47:56.767 D/BarrageWindowManager( 3024): closeFloatWindow
01-07 08:47:56.767 D/Game_Utils( 3024): isTheMainScreen, displayId: 0  classname = com.ekehi.network.OAuthCallbackActivity
01-07 08:47:56.768 D/SmartPanelService( 3024): checkVideoApp curosr: count = 0
01-07 08:47:56.768 I/SmartPanel_SmartPanelService( 3024): exitVideoMode
01-07 08:47:56.769 I/BufferQueueProducer(  537): [com.android.chrome/org.chromium.chrome.browser.customtabs.CustomTabActivity#0](this:0x72d498f800,id:29831,api:1,p:20647,c:537) queueBuffer: fps=28.77 dur=1181.78 max=630.29 min=5.06
01-07 08:47:56.778 D/OAuthCallbackActivity( 8098): Received OAuth callback: appwrite-callback-68c2dd6e002112935ed2://oauth2/success?secret=cdea3382238683ac440f127f98ad48c2f98ca65e7badf70ba13ebaafc326210f&userId=695e0fade1be324886f3#
01-07 08:47:56.779 D/OAuthCallbackActivity( 8098): Processing OAuth callback with userId: 695e0fade1be324886f3
01-07 08:47:56.780 D/OAuthService( 8098): === HANDLING OAUTH CALLBACK ===
01-07 08:47:56.780 D/OAuthService( 8098): UserId: 695e0fade1be324886f3
01-07 08:47:56.780 D/OAuthService( 8098): Step 1: Creating OAuth session
01-07 08:47:56.785 D/MiningManager( 8098): App moved to foreground
01-07 08:47:56.792 V/PhoneWindow( 8098): DecorView setVisiblity: visibility = 4, Parent = null, this = DecorView@5a71284[]
01-07 08:47:56.794 D/ViewRootImpl[OAuthCallbackActivity]( 8098): hardware acceleration = true , fakeHwAccelerated = false, sRendererDisabled = false, forceHwAccelerated = false, sSystemRendererDisabled = false
01-07 08:47:56.796 E/WindowManager( 1223): App trying to use insecure INPUT_FEATURE_NO_INPUT_CHANNEL flag. Ignoring
01-07 08:47:56.800 I/InputTransport( 8098): Create ARC handle: 0x7b876049e0
01-07 08:47:56.801 V/PhoneWindow( 8098): DecorView setVisiblity: visibility = 0, Parent = android.view.ViewRootImpl@4b32069, this = DecorView@5a71284[OAuthCallbackActivity]
01-07 08:47:56.797 W/android.display( 1223): type=1400 audit(0.0:205744): avc: denied { read } for name="capacity" dev="sysfs" ino=30947 scontext=u:r:system_server:s0 tcontext=u:object_r:sysfs_batteryinfo:s0 tclass=file permissive=0
01-07 08:47:56.823 D/BoundBrokerSvc( 4285): onBind: Intent { act=com.google.android.gms.measurement.START pkg=com.google.android.gms }
01-07 08:47:56.823 D/BoundBrokerSvc( 4285): Loading bound service for intent: Intent { act=com.google.android.gms.measurement.START pkg=com.google.android.gms }
01-07 08:47:56.834 I/WindowManager( 1223): Relayout Window{24d830a u0 com.ekehi.network/com.ekehi.network.OAuthCallbackActivity}: oldVis=4 newVis=0 focusMayChange = true
01-07 08:47:56.837 I/BufferQueue(  537): [unnamed-537-29835](this:0x72ba511000,id:29835,api:0,p:-1,c:-1) BufferQueue core=(537:/system/bin/surfaceflinger)
01-07 08:47:56.837 I/BufferQueueConsumer(  537): [unnamed-537-29835](this:0x72ba511000,id:29835,api:0,p:-1,c:537) connect(C): consumer=(537:/system/bin/surfaceflinger) controlledByApp=false
01-07 08:47:56.837 I/BufferQueueConsumer(  537): [unnamed-537-29835](this:0x72ba511000,id:29835,api:0,p:-1,c:537) setConsumerName: unnamed-537-29835
01-07 08:47:56.837 I/BufferQueueConsumer(  537): [com.ekehi.network/com.ekehi.network.OAuthCallbackActivity#0](this:0x72ba511000,id:29835,api:0,p:-1,c:537) setConsumerName: com.ekehi.network/com.ekehi.network.OAuthCallbackActivity#0
01-07 08:47:56.837 I/BufferQueueConsumer(  537): [com.ekehi.network/com.ekehi.network.OAuthCallbackActivity#0](this:0x72ba511000,id:29835,api:0,p:-1,c:537) setDefaultBufferSize: width=720 height=1640
01-07 08:47:56.839 I/TranWmsFloatExt( 1223): getTbFloatWMExt sFloatWindowManagerExt: com.transsion.server.wm.TranWmsTbFloatWindowManagerExtImpl@4387ca6
01-07 08:47:56.840 D/z       ( 1731): onTaskStackChanged mTmpListeners clear
01-07 08:47:56.842 D/Surface ( 8098): Surface::connect(this=0x7af1122000,api=1)
01-07 08:47:56.842 I/BufferQueueProducer(  537): [com.ekehi.network/com.ekehi.network.OAuthCallbackActivity#0](this:0x72ba511000,id:29835,api:1,p:8098,c:537) connect(P): api=1 producer=(8098:com.ekehi.network) producerControlledByApp=false
01-07 08:47:56.843 D/mali_winsys( 8098): EGLint new_window_surface(egl_winsys_display *, void *, EGLSurface, EGLConfig, egl_winsys_surface **, EGLBoolean) returns 0x3000
01-07 08:47:56.843 D/Surface ( 8098): Surface::setBufferCount(this=0x7af1122000,bufferCount=3)
01-07 08:47:56.843 D/Surface ( 8098): Surface::allocateBuffers(this=0x7af1122000)
01-07 08:47:56.848 I/SpeechToTextAccessibili( 2999): accessibilityEvent: EventType: TYPE_WINDOW_STATE_CHANGED; EventTime: 502734727; PackageName: com.ekehi.network; MovementGranularity: 0; Action: 0; ContentChangeTypes: []; WindowChangeTypes: [] [ ClassName: com.ekehi.network.OAuthCallbackActivity; Text: [Ekehi Mobile]; ContentDescription: null; ItemCount: -1; CurrentItemIndex: -1; Enabled: true; Password: false; Checked: false; FullScreen: true; Scrollable: false; BeforeText: null; FromIndex: -1; ToIndex: -1; ScrollX: -1; ScrollY: -1; MaxScrollX: -1; MaxScrollY: -1; AddedCount: -1; RemovedCount: -1; ParcelableData: null ]; recordCount: 0
01-07 08:47:56.857 I/TranWmsFloatExt( 1223): getTbFloatWMExt sFloatWindowManagerExt: com.transsion.server.wm.TranWmsTbFloatWindowManagerExtImpl@4387ca6
01-07 08:47:56.860 D/os.typeface( 1223): Already set agent. fontPath:null fontHash:
01-07 08:47:56.861 I/SpeechToTextAccessibili( 2999): accessibilityEvent: EventType: TYPE_WINDOW_CONTENT_CHANGED; EventTime: 502734740; PackageName: com.ekehi.network; MovementGranularity: 0; Action: 0; ContentChangeTypes: [CONTENT_CHANGE_TYPE_SUBTREE]; WindowChangeTypes: [] [ ClassName: android.view.View; Text: []; ContentDescription: null; ItemCount: -1; CurrentItemIndex: -1; Enabled: true; Password: false; Checked: false; FullScreen: false; Scrollable: false; BeforeText: null; FromIndex: -1; ToIndex: -1; ScrollX: -1; ScrollY: -1; MaxScrollX: -1; MaxScrollY: -1; AddedCount: -1; RemovedCount: -1; ParcelableData: null ]; recordCount: 0
01-07 08:47:56.862 I/chatty  ( 2999): uid=10164(com.google.audio.hearing.visualization.accessibility.scribe) identical 2 lines
01-07 08:47:56.862 I/SpeechToTextAccessibili( 2999): accessibilityEvent: EventType: TYPE_WINDOW_CONTENT_CHANGED; EventTime: 502734740; PackageName: com.ekehi.network; MovementGranularity: 0; Action: 0; ContentChangeTypes: [CONTENT_CHANGE_TYPE_SUBTREE]; WindowChangeTypes: [] [ ClassName: android.view.View; Text: []; ContentDescription: null; ItemCount: -1; CurrentItemIndex: -1; Enabled: true; Password: false; Checked: false; FullScreen: false; Scrollable: false; BeforeText: null; FromIndex: -1; ToIndex: -1; ScrollX: -1; ScrollY: -1; MaxScrollX: -1; MaxScrollY: -1; AddedCount: -1; RemovedCount: -1; ParcelableData: null ]; recordCount: 0
01-07 08:47:56.863 D/os.typeface( 1223): Already set agent. fontPath:null fontHash:
01-07 08:47:56.864 I/SmartPanel_SmartPanelService( 3024): onWindowsDrawn pkgName: com.ekehi.network, className: com.ekehi.network.OAuthCallbackActivity launchState=2 windowsDrawnDelayMs =182
01-07 08:47:56.872 I/SurfaceFlinger(  537): screenshot (com.android.chrome/ChromeChildSurface#0)
01-07 08:47:56.872 I/SurfaceFlinger(  537): screenshot (com.android.chrome/org.chromium.chrome.browser.customtabs.CustomTabActivity#0)
01-07 08:47:56.884 I/ActivityTaskManager( 1223): Displayed com.ekehi.network/.OAuthCallbackActivity: +182ms
01-07 08:47:56.863 I/chatty  ( 1223): uid=1000(system) android.anim identical 2 lines
01-07 08:47:56.885 I/TranWmsFloatExt( 1223): getTbFloatWMExt sFloatWindowManagerExt: com.transsion.server.wm.TranWmsTbFloatWindowManagerExtImpl@4387ca6
01-07 08:47:56.887 I/TranWmsFloatExt( 1223): getTbFloatWMExt sFloatWindowManagerExt: com.transsion.server.wm.TranWmsTbFloatWindowManagerExtImpl@4387ca6
01-07 08:47:56.887 I/FloatWindow( 1223): hookInputMethodShown inputShown: false
01-07 08:47:56.915 I/power@1.3-impl(  523): powerHintInternal hint:8, data:0
01-07 08:47:56.918 D/PowerHalWrapper( 1223): amsBoostStop AMS_BOOST_PACK_SWITCH:true, AMS_BOOST_ACT_SWITCH:false, AMS_BOOST_PROCESS_CREATE:false 
01-07 08:47:56.919 I/libPowerHal(  523): 32: cpu_ctrl set freq: -1 -1 -1 -1
01-07 08:47:56.922 I/BufferQueueProducer(  537): [FramebufferSurface](this:0x72c4aaf800,id:0,api:1,p:537,c:537) queueBuffer: fps=0.26 dur=46643.71 max=46458.85 min=16.00
01-07 08:47:56.928 D/AdvertisingIdClient( 4285): AdvertisingIdClient already created.
01-07 08:47:56.928 D/AdvertisingIdClient( 4285): AdvertisingIdClient is not bounded. Starting to bind it...
01-07 08:47:56.940 D/AdvertisingIdClient( 4285): AdvertisingIdClient is bounded
01-07 08:47:56.949 I/AdvertisingIdClient( 4285): shouldSendLog 627809761
01-07 08:47:56.949 I/AdvertisingIdClient( 4285): GetInfoInternal elapse 21ms
01-07 08:47:56.953 I/SpeechToTextAccessibili( 2999): accessibilityEvent: EventType: TYPE_WINDOW_CONTENT_CHANGED; EventTime: 502734830; PackageName: com.ekehi.network; MovementGranularity: 0; Action: 0; ContentChangeTypes: [CONTENT_CHANGE_TYPE_SUBTREE]; WindowChangeTypes: [] [ ClassName: android.view.ViewGroup; Text: []; ContentDescription: null; ItemCount: -1; CurrentItemIndex: -1; Enabled: true; Password: false; Checked: false; FullScreen: false; Scrollable: false; BeforeText: null; FromIndex: -1; ToIndex: -1; ScrollX: -1; ScrollY: -1; MaxScrollX: -1; MaxScrollY: -1; AddedCount: -1; RemovedCount: -1; ParcelableData: null ]; recordCount: 0
01-07 08:47:56.963 I/SpeechToTextAccessibili( 2999): accessibilityEvent: EventType: TYPE_WINDOW_CONTENT_CHANGED; EventTime: 502734841; PackageName: com.ekehi.network; MovementGranularity: 0; Action: 0; ContentChangeTypes: [CONTENT_CHANGE_TYPE_SUBTREE]; WindowChangeTypes: [] [ ClassName: android.view.View; Text: []; ContentDescription: null; ItemCount: -1; CurrentItemIndex: -1; Enabled: true; Password: false; Checked: false; FullScreen: false; Scrollable: false; BeforeText: null; FromIndex: -1; ToIndex: -1; ScrollX: -1; ScrollY: -1; MaxScrollX: -1; MaxScrollY: -1; AddedCount: -1; RemovedCount: -1; ParcelableData: null ]; recordCount: 0
01-07 08:47:56.993 I/BufferQueueProducer(  537): [StatusBar#0](this:0x72b7896800,id:6,api:1,p:1430,c:537) queueBuffer: fps=2.53 dur=1187.91 max=902.01 min=6.42
01-07 08:47:57.017 I/NetworkScheduler( 4093): (REDACTED) Error inserting %s
01-07 08:47:57.122 D/AAL     (  658): 01-07 08:47:56.961 BL= 738,ESS= 256, 01-07 08:47:56.970 BL= 737,ESS= 256, 01-07 08:47:57.004 BL= 738,ESS= 256, 01-07 08:47:57.021 BL= 739,ESS= 256, 01-07 08:47:57.122 BL= 740,ESS= 256, 
01-07 08:47:57.136 I/SmartPanel_SmartPanelService( 3024): ASP pkgName: com.android.chrome  screenState=false
01-07 08:47:57.136 E/cr_CompositorSurfaceMgr(20647): surfaceDestroyed format : -3
01-07 08:47:57.145 D/SmartPanelService( 3024): isScreenLocked keyguardState = false
01-07 08:47:57.146 I/GED     (20789): ged_boost_gpu_freq, level 100, eOrigin 2, final_idx 29, oppidx_max 29, oppidx_min 0
01-07 08:47:57.148 I/libMEOW_gift( 1223): ctx:0x7a10ef5b98, ARC not Enabled.
01-07 08:47:57.149 I/Finsky  ( 7310): [35304] AIM: AppInfoManager-Perf > Destroying AppInfoManager ...
01-07 08:47:57.159 D/Surface (20647): Surface::disconnect(this=0x786e211000,api=-1)
01-07 08:47:57.160 I/BufferQueueProducer(  537): [](this:0x72ba63d000,id:29834,api:0,p:-1,c:537) disconnect(P): api -1
01-07 08:47:57.165 D/Surface (20647): Surface::disconnect(this=0x786e04b000,api=1)
01-07 08:47:57.166 I/BufferQueueProducer(  537): [com.android.chrome/org.chromium.chrome.browser.customtabs.CustomTabActivity#0](this:0x72d498f800,id:29831,api:1,p:20647,c:537) disconnect(P): api 1
01-07 08:47:57.177 I/GED     ( 1223): ged_boost_gpu_freq, level 100, eOrigin 2, final_idx 29, oppidx_max 29, oppidx_min 0
01-07 08:47:57.180 I/TranWmsFloatExt( 1223): getTbFloatWMExt sFloatWindowManagerExt: com.transsion.server.wm.TranWmsTbFloatWindowManagerExtImpl@4387ca6
01-07 08:47:57.185 I/cr_BindingManager(20647): onTrimMemory: level=20, size=1
01-07 08:47:57.186 I/GED     (20647): ged_boost_gpu_freq, level 100, eOrigin 2, final_idx 29, oppidx_max 29, oppidx_min 0
01-07 08:47:57.197 D/OAuthService( 8098):  OAuth session created successfully
01-07 08:47:57.197 D/OAuthService( 8098): Step 2: Getting user info
01-07 08:47:57.215 D/MtkConnectivityService( 1223): releasing NetworkRequest [ TRACK_DEFAULT id=8116, [ Capabilities: INTERNET&NOT_RESTRICTED&TRUSTED Uid: 10168] ] (release request)
01-07 08:47:57.218 I/TranPhoneSwitcher( 1607): msg104
01-07 08:47:57.224 D/AAL     (  658): 01-07 08:47:57.156 BL= 741,ESS= 256, 01-07 08:47:57.173 BL= 742,ESS= 256, 01-07 08:47:57.190 BL= 743,ESS= 256, 01-07 08:47:57.207 BL= 744,ESS= 256, 01-07 08:47:57.224 BL= 745,ESS= 256, 
01-07 08:47:57.246 I/cr_A11yState(20647): Enabled accessibility services list updated. [com.google.audio.hearing.visualization.accessibility.scribe/.SpeechToTextAccessibilityService]
01-07 08:47:57.255 I/cr_A11yState(20647): Informing listeners of changes.
01-07 08:47:57.255 I/cr_A11yState(20647): New AccessibilityState: State{isComplexUserInteractionServiceEnabled=true, isTouchExplorationEnabled=false, isPerformGesturesEnabled=false, isAnyAccessibilityServiceEnabled=true, isAccessibilityToolPresent=true, isTextShowPasswordEnabled=false, isOnlyAutofillRunning=false, isOnlyPasswordManagersEnabled=false, isKnownScreenReaderEnabled=false}
01-07 08:47:57.258 W/cr_BotControlsStacker(20647): Using mTotalHeight before initialization
01-07 08:47:57.259 I/ndroid.systemu( 1430): NativeAlloc concurrent copying GC freed 682771(26MB) AllocSpace objects, 0(0B) LOS objects, 50% free, 28MB/56MB, paused 253us total 369.712ms
01-07 08:47:57.265 V/PhoneWindow(20647): DecorView setVisiblity: visibility = 4, Parent = android.view.ViewRootImpl@255e221, this = DecorView@efa1c7a[CustomTabActivity]
01-07 08:47:57.296 W/Parcel  ( 1430): release_object BINDER_TYPE_HANDLE strongCount==2
01-07 08:47:57.296 W/Parcel  ( 1430): release_object BINDER_TYPE_HANDLE strongCount==2
01-07 08:47:57.301 I/hwcomposer(  506): [HWCDisplay] [Display_0 (type:1)] fps:58.223289,dur:1013.34,max:33.46,min:9.82  
01-07 08:47:57.308 D/AAL     (  658): 01-07 08:47:57.240 BL= 746,ESS= 256, 01-07 08:47:57.258 BL= 747,ESS= 256, 01-07 08:47:57.274 BL= 748,ESS= 256, 01-07 08:47:57.291 BL= 749,ESS= 256, 01-07 08:47:57.308 BL= 750,ESS= 256, 
01-07 08:47:57.410 D/AAL     (  658): 01-07 08:47:57.325 BL= 751,ESS= 256, 01-07 08:47:57.342 BL= 752,ESS= 256, 01-07 08:47:57.360 BL= 753,ESS= 256, 01-07 08:47:57.393 BL= 754,ESS= 256, 01-07 08:47:57.409 BL= 755,ESS= 256, 
01-07 08:47:57.494 D/AAL     (  658): 01-07 08:47:57.426 BL= 756,ESS= 256, 01-07 08:47:57.443 BL= 757,ESS= 256, 01-07 08:47:57.460 BL= 758,ESS= 256, 01-07 08:47:57.477 BL= 759,ESS= 256, 01-07 08:47:57.494 BL= 760,ESS= 256, 
01-07 08:47:57.529 D/OAuthService( 8098):  User info retrieved - Username: Muhammad Kamaludeen, Email: alghareeb.mk@gmail.com
01-07 08:47:57.529 D/OAuthService( 8098): Step 3: Checking/creating user profile
01-07 08:47:57.530 D/UserRepository( 8098): Attempting to fetch profile for userId: 695e0fade1be324886f3
01-07 08:47:57.547 I/Finsky  ( 7310): [35295] AIM: AppInfoManager-Perf > Destroying AppInfoManager ...
01-07 08:47:57.579 D/AAL     (  658): 01-07 08:47:57.511 BL= 761,ESS= 256, 01-07 08:47:57.529 BL= 762,ESS= 256, 01-07 08:47:57.545 BL= 763,ESS= 256, 01-07 08:47:57.562 BL= 764,ESS= 256, 01-07 08:47:57.578 BL= 765,ESS= 256, 
01-07 08:47:57.680 D/AAL     (  658): 01-07 08:47:57.612 BL= 766,ESS= 256, 01-07 08:47:57.629 BL= 767,ESS= 256, 01-07 08:47:57.646 BL= 768,ESS= 256, 01-07 08:47:57.663 BL= 769,ESS= 256, 01-07 08:47:57.680 BL= 770,ESS= 256, 
01-07 08:47:57.764 D/AAL     (  658): 01-07 08:47:57.697 BL= 771,ESS= 256, 01-07 08:47:57.714 BL= 772,ESS= 256, 01-07 08:47:57.731 BL= 773,ESS= 256, 01-07 08:47:57.748 BL= 774,ESS= 256, 01-07 08:47:57.764 BL= 775,ESS= 256, 
01-07 08:47:57.863 I/BufferQueueProducer(  537): [com.ekehi.network/com.ekehi.network.OAuthCallbackActivity#0](this:0x72ba511000,id:29835,api:1,p:8098,c:537) queueBuffer: fps=58.53 dur=1008.00 max=35.20 min=10.43
01-07 08:47:57.866 D/AAL     (  658): 01-07 08:47:57.781 BL= 776,ESS= 256, 01-07 08:47:57.798 BL= 777,ESS= 256, 01-07 08:47:57.832 BL= 778,ESS= 256, 01-07 08:47:57.849 BL= 779,ESS= 256, 01-07 08:47:57.866 BL= 780,ESS= 256, 
01-07 08:47:57.915 D/UserRepository( 8098): Found 0 documents for userId: 695e0fade1be324886f3
01-07 08:47:57.915 E/UserRepository( 8098): User profile not found for userId: 695e0fade1be324886f3
01-07 08:47:57.915 D/OAuthService( 8098): User profile not found, creating new profile
01-07 08:47:57.915 D/UserRepository( 8098): Creating user profile for userId: 695e0fade1be324886f3, username: Muhammad Kamaludeen, email: alghareeb.mk@gmail.com, phone: , country: 
01-07 08:47:57.916 D/UserRepository( 8098): About to create Appwrite document in database: 68c336e7000f87296feb, collection: user_profiles
01-07 08:47:57.950 D/AAL     (  658): 01-07 08:47:57.883 BL= 781,ESS= 256, 01-07 08:47:57.900 BL= 782,ESS= 256, 01-07 08:47:57.916 BL= 783,ESS= 256, 01-07 08:47:57.933 BL= 784,ESS= 256, 01-07 08:47:57.950 BL= 785,ESS= 256, 
01-07 08:47:58.035 D/AAL     (  658): 01-07 08:47:57.967 BL= 786,ESS= 256, 01-07 08:47:57.984 BL= 787,ESS= 256, 01-07 08:47:58.001 BL= 788,ESS= 256, 01-07 08:47:58.018 BL= 789,ESS= 256, 01-07 08:47:58.035 BL= 790,ESS= 256, 
01-07 08:47:58.136 D/AAL     (  658): 01-07 08:47:58.069 BL= 791,ESS= 256, 01-07 08:47:58.085 BL= 792,ESS= 256, 01-07 08:47:58.103 BL= 793,ESS= 256, 01-07 08:47:58.119 BL= 794,ESS= 256, 01-07 08:47:58.136 BL= 795,ESS= 256, 
01-07 08:47:58.186 E/UserRepository( 8098): Appwrite exception while creating profile: Invalid document structure: Attribute "miningReward" has invalid format. Value must be a valid integer
01-07 08:47:58.186 E/UserRepository( 8098): io.appwrite.exceptions.AppwriteException: Invalid document structure: Attribute "miningReward" has invalid format. Value must be a valid integer
01-07 08:47:58.186 E/UserRepository( 8098): 	at io.appwrite.Client$awaitResponse$2$1.onResponse(Client.kt:544)
01-07 08:47:58.186 E/UserRepository( 8098): 	at okhttp3.internal.connection.RealCall$AsyncCall.run(RealCall.kt:519)
01-07 08:47:58.186 E/UserRepository( 8098): 	at java.util.concurrent.ThreadPoolExecutor.runWorker(ThreadPoolExecutor.java:1167)
01-07 08:47:58.186 E/UserRepository( 8098): 	at java.util.concurrent.ThreadPoolExecutor$Worker.run(ThreadPoolExecutor.java:641)
01-07 08:47:58.186 E/UserRepository( 8098): 	at java.lang.Thread.run(Thread.java:919)
01-07 08:47:58.187 E/UserRepository( 8098): Appwrite error details - Code: 400, Message: Invalid document structure: Attribute "miningReward" has invalid format. Value must be a valid integer, Type: document_invalid_structure
01-07 08:47:58.187 E/OAuthService( 8098):  Failed to create user profile: Invalid document structure: Attribute "miningReward" has invalid format. Value must be a valid integer
01-07 08:47:58.188 E/OAuthCallbackActivity( 8098):  Failed to process OAuth callback: Invalid document structure: Attribute "miningReward" has invalid format. Value must be a valid integer
01-07 08:47:58.188 E/OAuthCallbackActivity( 8098): OAuth error: Invalid document structure: Attribute "miningReward" has invalid format. Value must be a valid integer
01-07 08:47:58.189 D/os.activity( 1223): on start activity Intent { flg=0x4000000 cmp=com.ekehi.network/.MainActivity (has extras) }
01-07 08:47:58.190 I/ActivityTaskManager( 1223): START u0 {flg=0x4000000 cmp=com.ekehi.network/.MainActivity (has extras)} from uid 10259
01-07 08:47:58.195 D/PowerHalWrapper( 1223): <amsBoostResume> last:com.ekehi.network, next:com.ekehi.network 
01-07 08:47:58.197 I/libPowerHal(  523): 33: cpu_ctrl set freq: 1800000 -1 2000000 -1
01-07 08:47:58.198 I/SmartPanel_SmartPanelService( 3024): activityCheck pkgName: com.ekehi.network, className: com.ekehi.network.MainActivity isResume=false isInshow =true isDrawn = false
01-07 08:47:58.199 I/power@1.3-impl(  523): powerHintInternal hint:8, data:1
01-07 08:47:58.200 I/thermal_repeater(  650): [recvMdThermalInfo] ret=27, strLen=127,  3, 55, 9, -28361, 32767, 0
01-07 08:47:58.203 W/ActivityTaskManager( 1223): Duplicate finish request for ActivityRecord{7d65dbd u0 com.ekehi.network/.OAuthCallbackActivity t2690 f}
01-07 08:47:58.209 D/NetworkMonitor(14200): isNetworkConnected : true,  isFakeNetwork : false
01-07 08:47:58.211 D/os.typeface( 1223): Already set agent. fontPath:null fontHash:
01-07 08:47:58.213 I/CarrierServices( 2192): [100] csk.onConnectivityChange: FiST: Wifi connectivity status false
01-07 08:47:58.213 D/FingerprintLice( 1223): onRealStartActivityLocked next:ActivityRecord{f88df5b u0 com.ekehi.network/.MainActivity t2690} isKeyguardShowing:false
01-07 08:47:58.214 D/FingerprintLice( 1223): checkActivityRecord nextCls = com.ekehi.network.MainActivity
01-07 08:47:58.214 D/VideoCallEnhancerControlImpl( 1223): className is com.ekehi.network/com.ekehi.network.MainActivity
01-07 08:47:58.215 I/CarrierServices( 2192): [177] dag.c: (PEv2-SM): DisabledState: event Connectivity event [null]
01-07 08:47:58.215 I/CarrierServices( 2192): [100] ctc.d: Connected state: [1], networkType: [MOBILE]
01-07 08:47:58.215 D/WM-NetworkStateTracker(10285): Network capabilities changed: [ Transports: CELLULAR Capabilities: SUPL&INTERNET&NOT_RESTRICTED&TRUSTED&NOT_VPN&VALIDATED&NOT_ROAMING&FOREGROUND&NOT_CONGESTED&NOT_SUSPENDED&VSIM LinkUpBandwidth>=24975Kbps LinkDnBandwidth>=15750Kbps Specifier: <1>]
01-07 08:47:58.217 D/PowerHalWrapper( 1223): amsBoostNotify pid:8098,activity:com.ekehi.network.MainActivity, package:com.ekehi.network, mProcessCreatePackcom.android.systemui 
01-07 08:47:58.218 D/PowerHalWrapper( 1223): amsBoostNotify AMS_BOOST_PROCESS_CREATE_BOOST:false 
01-07 08:47:58.221 D/AAL     (  658): 01-07 08:47:58.153 BL= 796,ESS= 256, 01-07 08:47:58.170 BL= 797,ESS= 256, 01-07 08:47:58.187 BL= 798,ESS= 256, 01-07 08:47:58.204 BL= 799,ESS= 256, 01-07 08:47:58.221 BL= 800,ESS= 256, 
01-07 08:47:58.223 D/Game_Utils( 3024): mode = 1
01-07 08:47:58.224 I/CarrierServices( 2192): [128] dfx.d: RCS Configuration storage in Bugle is disabled by p/h flag, using ProvisioningEngineStateCacheUtil.getProvisioningConfigurationForGivenSim()
01-07 08:47:58.225 D/Game_Utils( 3024): isTheMainScreen, displayId: 0  classname = com.ekehi.network.MainActivity
01-07 08:47:58.226 D/SmartPanelService( 3024): handlerActivityStart isResume = false  mPCIsResume = false  pkgName = com.ekehi.network
01-07 08:47:58.233 D/SmartPanelService( 3024): checkAndHandleAPP curosr: count = 0
01-07 08:47:58.233 I/SmartPanel_SmartPanelService( 3024): exitGameMode
01-07 08:47:58.237 D/BarrageWindowManager( 3024): closeFloatWindow
01-07 08:47:58.239 D/Game_Utils( 3024): mode = 1
01-07 08:47:58.241 D/Game_Utils( 3024): isTheMainScreen, displayId: 0  classname = com.ekehi.network.MainActivity
01-07 08:47:58.241 D/SmartPanelService( 3024): handlerVideoStart isResume = false  VIDEO_PACKAGE =   pkgName = com.ekehi.network
01-07 08:47:58.242 D/RegistrationScreen( 8098): Screen disposed - resetting states
01-07 08:47:58.242 D/RegistrationViewModel( 8098): Resetting registration state
01-07 08:47:58.242 D/OAuthViewModel( 8098): Resetting OAuth state
01-07 08:47:58.242 D/SmartPanelService( 3024): checkVideoApp curosr: count = 0
01-07 08:47:58.242 I/SmartPanel_SmartPanelService( 3024): exitVideoMode
01-07 08:47:58.243 D/Game_Utils( 3024): isTheMainScreen, displayId: 0  classname = com.ekehi.network.MainActivity
01-07 08:47:58.243 I/SmartPanel_SmartPanelService( 3024): activityCheck pkgName: com.ekehi.network, className: com.ekehi.network.MainActivity isResume=false isInshow =true isDrawn = false
01-07 08:47:58.251 D/Game_Utils( 3024): mode = 1
01-07 08:47:58.252 D/View    ( 8098): [Warning] assignParent to null: this = DecorView@8840152[MainActivity]
01-07 08:47:58.253 I/InputTransport( 8098): Destroy ARC handle: 0x7a9810e420
01-07 08:47:58.253 D/Game_Utils( 3024): isTheMainScreen, displayId: 0  classname = com.ekehi.network.MainActivity
01-07 08:47:58.253 D/SmartPanelService( 3024): handlerActivityStart isResume = false  mPCIsResume = false  pkgName = com.ekehi.network
01-07 08:47:58.254 D/SmartPanelService( 3024): checkAndHandleAPP curosr: count = 0
01-07 08:47:58.254 I/SmartPanel_SmartPanelService( 3024): exitGameMode
01-07 08:47:58.256 D/BarrageWindowManager( 3024): closeFloatWindow
01-07 08:47:58.257 W/ActivityThread( 8098): handleWindowVisibility: no activity for token android.os.BinderProxy@30b5c86
01-07 08:47:58.259 D/libMEOW ( 8098): applied 1 plugins for [com.ekehi.network]:
01-07 08:47:58.259 D/libMEOW ( 8098):   plugin 1: [libMEOW_gift.so]:
01-07 08:47:58.260 D/Game_Utils( 3024): mode = 1
01-07 08:47:58.262 D/Game_Utils( 3024): isTheMainScreen, displayId: 0  classname = com.ekehi.network.MainActivity
01-07 08:47:58.262 D/SmartPanelService( 3024): handlerVideoStart isResume = false  VIDEO_PACKAGE =   pkgName = com.ekehi.network
01-07 08:47:58.264 D/SmartPanelService( 3024): checkVideoApp curosr: count = 0
01-07 08:47:58.264 I/SmartPanel_SmartPanelService( 3024): exitVideoMode
01-07 08:47:58.264 D/Game_Utils( 3024): isTheMainScreen, displayId: 0  classname = com.ekehi.network.MainActivity
01-07 08:47:58.268 D/MainActivity( 8098): === MAIN ACTIVITY CREATED ===
01-07 08:47:58.268 D/MainActivity( 8098): Source - FromSplash: false, FromOAuth: true
01-07 08:47:58.268 D/MainActivity( 8098): === HANDLING OAUTH CALLBACK ===
01-07 08:47:58.268 D/MainActivity( 8098): OAuth Result - Authenticated: false, UserId: null
01-07 08:47:58.268 E/MainActivity( 8098):  OAuth login failed: Invalid document structure: Attribute "miningReward" has invalid format. Value must be a valid integer
01-07 08:47:58.269 D/OAuthViewModel( 8098): Handling OAuth result: success=false, error=Invalid document structure: Attribute "miningReward" has invalid format. Value must be a valid integer
01-07 08:47:58.286 V/PhoneWindow( 8098): DecorView setVisiblity: visibility = 4, Parent = null, this = DecorView@786bad3[]
01-07 08:47:58.289 D/ViewRootImpl[MainActivity]( 8098): hardware acceleration = true , fakeHwAccelerated = false, sRendererDisabled = false, forceHwAccelerated = false, sSystemRendererDisabled = false
01-07 08:47:58.291 E/WindowManager( 1223): App trying to use insecure INPUT_FEATURE_NO_INPUT_CHANNEL flag. Ignoring
01-07 08:47:58.292 I/NetworkScheduler( 4093): (REDACTED) Error inserting %s
01-07 08:47:58.294 I/InputTransport( 8098): Create ARC handle: 0x7b876f3260
01-07 08:47:58.295 V/PhoneWindow( 8098): DecorView setVisiblity: visibility = 0, Parent = android.view.ViewRootImpl@380330e, this = DecorView@786bad3[MainActivity]
01-07 08:47:58.316 I/hwcomposer(  506): [HWCDisplay] [Display_0 (type:1)] fps:59.096497,dur:1015.29,max:18.49,min:15.45  
01-07 08:47:58.319 D/z       ( 1731): onTaskStackChanged mTmpListeners clear
01-07 08:47:58.322 D/AAL     (  658): 01-07 08:47:58.238 BL= 801,ESS= 256, 01-07 08:47:58.254 BL= 802,ESS= 256, 01-07 08:47:58.288 BL= 803,ESS= 256, 01-07 08:47:58.306 BL= 804,ESS= 256, 01-07 08:47:58.322 BL= 805,ESS= 256, 
01-07 08:47:58.349 I/NetworkScheduler( 4093): (REDACTED) Error inserting %s
01-07 08:47:58.362 I/WindowManager( 1223): Relayout Window{39b40c2 u0 com.ekehi.network/com.ekehi.network.MainActivity}: oldVis=4 newVis=0 focusMayChange = true
01-07 08:47:58.365 I/BufferQueue(  537): [unnamed-537-29836](this:0x72b88eb800,id:29836,api:0,p:-1,c:-1) BufferQueue core=(537:/system/bin/surfaceflinger)
01-07 08:47:58.365 I/BufferQueueConsumer(  537): [unnamed-537-29836](this:0x72b88eb800,id:29836,api:0,p:-1,c:537) connect(C): consumer=(537:/system/bin/surfaceflinger) controlledByApp=false
01-07 08:47:58.365 I/BufferQueueConsumer(  537): [unnamed-537-29836](this:0x72b88eb800,id:29836,api:0,p:-1,c:537) setConsumerName: unnamed-537-29836
01-07 08:47:58.365 I/BufferQueueConsumer(  537): [com.ekehi.network/com.ekehi.network.MainActivity#0](this:0x72b88eb800,id:29836,api:0,p:-1,c:537) setConsumerName: com.ekehi.network/com.ekehi.network.MainActivity#0
01-07 08:47:58.365 I/BufferQueueConsumer(  537): [com.ekehi.network/com.ekehi.network.MainActivity#0](this:0x72b88eb800,id:29836,api:0,p:-1,c:537) setDefaultBufferSize: width=720 height=1640
01-07 08:47:58.368 I/TranWmsFloatExt( 1223): getTbFloatWMExt sFloatWindowManagerExt: com.transsion.server.wm.TranWmsTbFloatWindowManagerExtImpl@4387ca6
01-07 08:47:58.371 I/TranPhoneSwitcher( 1607): mDefaultsign:4subid :1
01-07 08:47:58.373 D/Surface ( 8098): Surface::connect(this=0x7a98aa4000,api=1)
01-07 08:47:58.374 I/MWN     ( 1223): Write 0 to node. type=4G mSimExist=true mFlightMode=false
01-07 08:47:58.374 I/BufferQueueProducer(  537): [com.ekehi.network/com.ekehi.network.MainActivity#0](this:0x72b88eb800,id:29836,api:1,p:8098,c:537) connect(P): api=1 producer=(8098:com.ekehi.network) producerControlledByApp=false
01-07 08:47:58.374 D/mali_winsys( 8098): EGLint new_window_surface(egl_winsys_display *, void *, EGLSurface, EGLConfig, egl_winsys_surface **, EGLBoolean) returns 0x3000
01-07 08:47:58.374 D/Surface ( 8098): Surface::setBufferCount(this=0x7a98aa4000,bufferCount=3)
01-07 08:47:58.375 D/Surface ( 8098): Surface::allocateBuffers(this=0x7a98aa4000)
01-07 08:47:58.380 I/SpeechToTextAccessibili( 2999): accessibilityEvent: EventType: TYPE_WINDOW_STATE_CHANGED; EventTime: 502736260; PackageName: com.ekehi.network; MovementGranularity: 0; Action: 0; ContentChangeTypes: []; WindowChangeTypes: [] [ ClassName: com.ekehi.network.MainActivity; Text: [Ekehi Mobile]; ContentDescription: null; ItemCount: -1; CurrentItemIndex: -1; Enabled: true; Password: false; Checked: false; FullScreen: true; Scrollable: false; BeforeText: null; FromIndex: -1; ToIndex: -1; ScrollX: -1; ScrollY: -1; MaxScrollX: -1; MaxScrollY: -1; AddedCount: -1; RemovedCount: -1; ParcelableData: null ]; recordCount: 0
01-07 08:47:58.393 I/TranWmsFloatExt( 1223): getTbFloatWMExt sFloatWindowManagerExt: com.transsion.server.wm.TranWmsTbFloatWindowManagerExtImpl@4387ca6
01-07 08:47:58.398 D/os.typeface( 1223): Already set agent. fontPath:null fontHash:
01-07 08:47:58.401 I/SpeechToTextAccessibili( 2999): accessibilityEvent: EventType: TYPE_WINDOW_CONTENT_CHANGED; EventTime: 502736279; PackageName: com.ekehi.network; MovementGranularity: 0; Action: 0; ContentChangeTypes: [CONTENT_CHANGE_TYPE_SUBTREE]; WindowChangeTypes: [] [ ClassName: android.view.View; Text: []; ContentDescription: null; ItemCount: -1; CurrentItemIndex: -1; Enabled: true; Password: false; Checked: false; FullScreen: false; Scrollable: false; BeforeText: null; FromIndex: -1; ToIndex: -1; ScrollX: -1; ScrollY: -1; MaxScrollX: -1; MaxScrollY: -1; AddedCount: -1; RemovedCount: -1; ParcelableData: null ]; recordCount: 0
01-07 08:47:58.401 I/chatty  ( 2999): uid=10164(com.google.audio.hearing.visualization.accessibility.scribe) identical 1 line
01-07 08:47:58.401 I/SpeechToTextAccessibili( 2999): accessibilityEvent: EventType: TYPE_WINDOW_CONTENT_CHANGED; EventTime: 502736279; PackageName: com.ekehi.network; MovementGranularity: 0; Action: 0; ContentChangeTypes: [CONTENT_CHANGE_TYPE_SUBTREE]; WindowChangeTypes: [] [ ClassName: android.view.View; Text: []; ContentDescription: null; ItemCount: -1; CurrentItemIndex: -1; Enabled: true; Password: false; Checked: false; FullScreen: false; Scrollable: false; BeforeText: null; FromIndex: -1; ToIndex: -1; ScrollX: -1; ScrollY: -1; MaxScrollX: -1; MaxScrollY: -1; AddedCount: -1; RemovedCount: -1; ParcelableData: null ]; recordCount: 0
01-07 08:47:58.401 I/SpeechToTextAccessibili( 2999): accessibilityEvent: EventType: TYPE_WINDOW_CONTENT_CHANGED; EventTime: 502736280; PackageName: com.ekehi.network; MovementGranularity: 0; Action: 0; ContentChangeTypes: [CONTENT_CHANGE_TYPE_SUBTREE]; WindowChangeTypes: [] [ ClassName: android.view.View; Text: []; ContentDescription: null; ItemCount: -1; CurrentItemIndex: -1; Enabled: true; Password: false; Checked: false; FullScreen: false; Scrollable: false; BeforeText: null; FromIndex: -1; ToIndex: -1; ScrollX: -1; ScrollY: -1; MaxScrollX: -1; MaxScrollY: -1; AddedCount: -1; RemovedCount: -1; ParcelableData: null ]; recordCount: 0
01-07 08:47:58.401 I/chatty  ( 2999): uid=10164(com.google.audio.hearing.visualization.accessibility.scribe) identical 2 lines
01-07 08:47:58.401 I/SpeechToTextAccessibili( 2999): accessibilityEvent: EventType: TYPE_WINDOW_CONTENT_CHANGED; EventTime: 502736280; PackageName: com.ekehi.network; MovementGranularity: 0; Action: 0; ContentChangeTypes: [CONTENT_CHANGE_TYPE_SUBTREE]; WindowChangeTypes: [] [ ClassName: android.view.View; Text: []; ContentDescription: null; ItemCount: -1; CurrentItemIndex: -1; Enabled: true; Password: false; Checked: false; FullScreen: false; Scrollable: false; BeforeText: null; FromIndex: -1; ToIndex: -1; ScrollX: -1; ScrollY: -1; MaxScrollX: -1; MaxScrollY: -1; AddedCount: -1; RemovedCount: -1; ParcelableData: null ]; recordCount: 0
01-07 08:47:58.404 D/os.typeface( 1223): Already set agent. fontPath:null fontHash:
01-07 08:47:58.405 I/SmartPanel_SmartPanelService( 3024): onWindowsDrawn pkgName: com.ekehi.network, className: com.ekehi.network.MainActivity launchState=-1 windowsDrawnDelayMs =-1
01-07 08:47:58.407 D/AAL     (  658): 01-07 08:47:58.339 BL= 806,ESS= 256, 01-07 08:47:58.356 BL= 807,ESS= 256, 01-07 08:47:58.373 BL= 808,ESS= 256, 01-07 08:47:58.390 BL= 809,ESS= 256, 01-07 08:47:58.407 BL= 810,ESS= 256, 
01-07 08:47:58.405 I/chatty  ( 1223): uid=1000(system) android.anim identical 2 lines
01-07 08:47:58.408 I/TranWmsFloatExt( 1223): getTbFloatWMExt sFloatWindowManagerExt: com.transsion.server.wm.TranWmsTbFloatWindowManagerExtImpl@4387ca6
01-07 08:47:58.418 I/TranWmsFloatExt( 1223): getTbFloatWMExt sFloatWindowManagerExt: com.transsion.server.wm.TranWmsTbFloatWindowManagerExtImpl@4387ca6
01-07 08:47:58.418 I/FloatWindow( 1223): hookInputMethodShown inputShown: false
01-07 08:47:58.427 I/power@1.3-impl(  523): powerHintInternal hint:8, data:0
01-07 08:47:58.428 D/PowerHalWrapper( 1223): amsBoostStop AMS_BOOST_PACK_SWITCH:false, AMS_BOOST_ACT_SWITCH:true, AMS_BOOST_PROCESS_CREATE:false 
01-07 08:47:58.429 I/libPowerHal(  523): 33: cpu_ctrl set freq: -1 -1 -1 -1
01-07 08:47:58.481 I/SpeechToTextAccessibili( 2999): accessibilityEvent: EventType: TYPE_WINDOW_CONTENT_CHANGED; EventTime: 502736360; PackageName: com.ekehi.network; MovementGranularity: 0; Action: 0; ContentChangeTypes: [CONTENT_CHANGE_TYPE_SUBTREE]; WindowChangeTypes: [] [ ClassName: android.view.ViewGroup; Text: []; ContentDescription: null; ItemCount: -1; CurrentItemIndex: -1; Enabled: true; Password: false; Checked: false; FullScreen: false; Scrollable: false; BeforeText: null; FromIndex: -1; ToIndex: -1; ScrollX: -1; ScrollY: -1; MaxScrollX: -1; MaxScrollY: -1; AddedCount: -1; RemovedCount: -1; ParcelableData: null ]; recordCount: 0
01-07 08:47:58.505 I/SpeechToTextAccessibili( 2999): accessibilityEvent: EventType: TYPE_WINDOW_CONTENT_CHANGED; EventTime: 502736384; PackageName: com.ekehi.network; MovementGranularity: 0; Action: 0; ContentChangeTypes: [CONTENT_CHANGE_TYPE_SUBTREE]; WindowChangeTypes: [] [ ClassName: android.view.View; Text: []; ContentDescription: null; ItemCount: -1; CurrentItemIndex: -1; Enabled: true; Password: false; Checked: false; FullScreen: false; Scrollable: false; BeforeText: null; FromIndex: -1; ToIndex: -1; ScrollX: -1; ScrollY: -1; MaxScrollX: -1; MaxScrollY: -1; AddedCount: -1; RemovedCount: -1; ParcelableData: null ]; recordCount: 0
01-07 08:47:58.508 D/AAL     (  658): 01-07 08:47:58.423 BL= 811,ESS= 256, 01-07 08:47:58.440 BL= 812,ESS= 256, 01-07 08:47:58.457 BL= 813,ESS= 256, 01-07 08:47:58.474 BL= 814,ESS= 256, 01-07 08:47:58.508 BL= 815,ESS= 256, 
01-07 08:47:58.609 D/AAL     (  658): 01-07 08:47:58.525 BL= 816,ESS= 256, 01-07 08:47:58.542 BL= 815,ESS= 256, 01-07 08:47:58.559 BL= 814,ESS= 256, 01-07 08:47:58.592 BL= 813,ESS= 256, 01-07 08:47:58.609 BL= 812,ESS= 256, 
01-07 08:47:58.686 I/netd    (  491): trafficSwapActiveStatsMap() <0.31ms>
01-07 08:47:58.694 D/AAL     (  658): 01-07 08:47:58.626 BL= 811,ESS= 256, 01-07 08:47:58.643 BL= 810,ESS= 256, 01-07 08:47:58.660 BL= 809,ESS= 256, 01-07 08:47:58.677 BL= 810,ESS= 256, 01-07 08:47:58.694 BL= 809,ESS= 256, 
01-07 08:47:58.723 D/Surface ( 8098): Surface::disconnect(this=0x7af1122000,api=1)
01-07 08:47:58.724 I/BufferQueueProducer(  537): [com.ekehi.network/com.ekehi.network.OAuthCallbackActivity#0](this:0x72ba511000,id:29835,api:1,p:8098,c:537) disconnect(P): api 1
01-07 08:47:58.729 I/TranWmsFloatExt( 1223): getTbFloatWMExt sFloatWindowManagerExt: com.transsion.server.wm.TranWmsTbFloatWindowManagerExtImpl@4387ca6
01-07 08:47:58.734 V/PhoneWindow( 8098): DecorView setVisiblity: visibility = 4, Parent = android.view.ViewRootImpl@4b32069, this = DecorView@5a71284[OAuthCallbackActivity]
01-07 08:47:58.737 D/Griffin/CleanManager( 1223): dispatch clean index=12
01-07 08:47:58.745 D/View    ( 8098): [Warning] assignParent to null: this = DecorView@5a71284[OAuthCallbackActivity]
01-07 08:47:58.745 I/InputTransport( 8098): Destroy ARC handle: 0x7b876049e0
01-07 08:47:58.755 I/BufferQueue(  537): [com.ekehi.network/com.ekehi.network.OAuthCallbackActivity#0](this:0x72ba511000,id:29835,api:1,p:-1,c:-1) ~BufferQueueCore
01-07 08:47:58.778 D/AAL     (  658): 01-07 08:47:58.711 BL= 808,ESS= 256, 01-07 08:47:58.728 BL= 807,ESS= 256, 01-07 08:47:58.744 BL= 808,ESS= 256, 01-07 08:47:58.761 BL= 809,ESS= 256, 01-07 08:47:58.778 BL= 810,ESS= 256, 
01-07 08:47:58.880 D/AAL     (  658): 01-07 08:47:58.795 BL= 811,ESS= 256, 01-07 08:47:58.812 BL= 812,ESS= 256, 01-07 08:47:58.829 BL= 813,ESS= 256, 01-07 08:47:58.864 BL= 814,ESS= 256, 01-07 08:47:58.880 BL= 815,ESS= 256, 
01-07 08:47:58.964 D/AAL     (  658): 01-07 08:47:58.897 BL= 816,ESS= 256, 01-07 08:47:58.914 BL= 817,ESS= 256, 01-07 08:47:58.931 BL= 818,ESS= 256, 01-07 08:47:58.947 BL= 819,ESS= 256, 01-07 08:47:58.964 BL= 820,ESS= 256, 
01-07 08:47:59.049 D/AAL     (  658): 01-07 08:47:58.981 BL= 821,ESS= 256, 01-07 08:47:58.998 BL= 822,ESS= 256, 01-07 08:47:59.015 BL= 823,ESS= 256, 01-07 08:47:59.032 BL= 824,ESS= 256, 01-07 08:47:59.049 BL= 825,ESS= 256, 
01-07 08:47:59.150 D/AAL     (  658): 01-07 08:47:59.066 BL= 826,ESS= 256, 01-07 08:47:59.083 BL= 827,ESS= 256, 01-07 08:47:59.116 BL= 828,ESS= 256, 01-07 08:47:59.133 BL= 829,ESS= 256, 01-07 08:47:59.150 BL= 830,ESS= 256, 
01-07 08:47:59.235 D/AAL     (  658): 01-07 08:47:59.167 BL= 831,ESS= 256, 01-07 08:47:59.184 BL= 832,ESS= 256, 01-07 08:47:59.201 BL= 833,ESS= 256, 01-07 08:47:59.218 BL= 834,ESS= 256, 01-07 08:47:59.235 BL= 835,ESS= 256, 
01-07 08:47:59.336 D/AAL     (  658): 01-07 08:47:59.252 BL= 836,ESS= 256, 01-07 08:47:59.269 BL= 837,ESS= 256, 01-07 08:47:59.285 BL= 838,ESS= 256, 01-07 08:47:59.302 BL= 839,ESS= 256, 01-07 08:47:59.336 BL= 840,ESS= 256, 
01-07 08:47:59.421 D/AAL     (  658): 01-07 08:47:59.353 BL= 841,ESS= 256, 01-07 08:47:59.370 BL= 842,ESS= 256, 01-07 08:47:59.387 BL= 843,ESS= 256, 01-07 08:47:59.404 BL= 844,ESS= 256, 01-07 08:47:59.421 BL= 845,ESS= 256, 
01-07 08:47:59.505 D/AAL     (  658): 01-07 08:47:59.438 BL= 846,ESS= 256, 01-07 08:47:59.454 BL= 847,ESS= 256, 01-07 08:47:59.471 BL= 848,ESS= 256, 01-07 08:47:59.488 BL= 849,ESS= 256, 01-07 08:47:59.505 BL= 850,ESS= 256, 
01-07 08:47:59.507 D/BoundBrokerSvc( 4093): onRebind: Intent { act=com.google.android.gms.libs.gmscorelogger.service.START dat=chimera-action: cmp=com.google.android.gms/.chimera.PersistentDirectBootAwareApiService }
01-07 08:47:59.606 D/AAL     (  658): 01-07 08:47:59.522 BL= 851,ESS= 256, 01-07 08:47:59.556 BL= 852,ESS= 256, 01-07 08:47:59.573 BL= 853,ESS= 256, 01-07 08:47:59.590 BL= 854,ESS= 256, 01-07 08:47:59.606 BL= 855,ESS= 256, 
01-07 08:47:59.691 D/AAL     (  658): 01-07 08:47:59.624 BL= 856,ESS= 256, 01-07 08:47:59.640 BL= 857,ESS= 256, 01-07 08:47:59.657 BL= 858,ESS= 256, 01-07 08:47:59.674 BL= 859,ESS= 256, 01-07 08:47:59.691 BL= 860,ESS= 256, 
01-07 08:47:59.792 D/AAL     (  658): 01-07 08:47:59.708 BL= 861,ESS= 256, 01-07 08:47:59.725 BL= 862,ESS= 256, 01-07 08:47:59.742 BL= 863,ESS= 256, 01-07 08:47:59.759 BL= 864,ESS= 256, 01-07 08:47:59.792 BL= 865,ESS= 256, 
01-07 08:47:59.830 I/BufferQueueProducer(  537): [StatusBar#0](this:0x72b7896800,id:6,api:1,p:1430,c:537) queueBuffer: fps=2.82 dur=2836.63 max=2718.91 min=10.35
01-07 08:47:59.839 I/hwcomposer(  506): [HWCDisplay] [Display_0 (type:1)] fps:16.424240,dur:1522.14,max:1065.87,min:15.44  
01-07 08:47:59.877 D/AAL     (  658): 01-07 08:47:59.809 BL= 866,ESS= 256, 01-07 08:47:59.826 BL= 867,ESS= 256, 01-07 08:47:59.843 BL= 868,ESS= 256, 01-07 08:47:59.860 BL= 869,ESS= 256, 01-07 08:47:59.877 BL= 870,ESS= 256, 
01-07 08:47:59.962 D/AAL     (  658): 01-07 08:47:59.894 BL= 871,ESS= 256, 01-07 08:47:59.911 BL= 872,ESS= 256, 01-07 08:47:59.945 BL= 873,ESS= 256, 01-07 08:47:59.946 BL= 874,ESS= 256, 01-07 08:47:59.961 BL= 875,ESS= 256, 
01-07 08:48:00.003 D/KeyguardUpdateMonitor( 1430): received broadcast android.intent.action.TIME_TICK
01-07 08:48:00.003 D/KeyguardUpdateMonitor( 1430): handleTimeUpdate
01-07 08:48:00.003 D/TrRoamTimeZoneObserver( 1430): mRoamTimeZone : Africa/Lagos,showRoam : true,currentTimeZone : Africa/Lagos
01-07 08:48:00.004 D/TrRoamTimeZoneObserver( 1430): doubleClockShow: false
01-07 08:48:00.004 W/KeyguardStatusView( 1430): single clock is showing
01-07 08:48:00.004 D/TrClockView( 1430): onTimeChanged
01-07 08:48:00.004 W/TrClockView( 1430): Keyguard is not showing,so we do not update time.
01-07 08:48:00.008 D/TrClockView( 1430): onTimeChanged
01-07 08:48:00.038 I/am.silverhelpe( 5342): Explicit concurrent copying GC freed 2934(272KB) AllocSpace objects, 0(0B) LOS objects, 86% free, 1326KB/9518KB, paused 106us total 29.955ms
01-07 08:48:00.063 D/AAL     (  658): 01-07 08:47:59.978 BL= 876,ESS= 256, 01-07 08:48:00.012 BL= 877,ESS= 256, 01-07 08:48:00.029 BL= 878,ESS= 256, 01-07 08:48:00.046 BL= 879,ESS= 256, 01-07 08:48:00.063 BL= 880,ESS= 256, 
01-07 08:48:00.151 I/OtherSimPSListener( 1607): mOthersign:3subid :2
01-07 08:48:00.165 D/AAL     (  658): 01-07 08:48:00.080 BL= 881,ESS= 256, 01-07 08:48:00.096 BL= 882,ESS= 256, 01-07 08:48:00.113 BL= 883,ESS= 256, 01-07 08:48:00.130 BL= 884,ESS= 256, 01-07 08:48:00.165 BL= 885,ESS= 256, 
01-07 08:48:00.220 D/Griffin/CleanManager( 1223): dispatch clean index=11
01-07 08:48:00.223 D/Griffin/IdleClean( 1223): cached size = 26, threshold = 20
01-07 08:48:00.249 D/AAL     (  658): 01-07 08:48:00.165 BL= 886,ESS= 256, 01-07 08:48:00.181 BL= 887,ESS= 256, 01-07 08:48:00.198 BL= 888,ESS= 256, 01-07 08:48:00.232 BL= 889,ESS= 256, 01-07 08:48:00.249 BL= 890,ESS= 256, 
01-07 08:48:00.293 D/Griffin/IdleClean( 1223): clean coast 73ms
01-07 08:48:00.297 W/System  ( 1223): A resource failed to call release. 
01-07 08:48:00.333 D/AAL     (  658): 01-07 08:48:00.266 BL= 891,ESS= 256, 01-07 08:48:00.283 BL= 892,ESS= 256, 01-07 08:48:00.299 BL= 893,ESS= 256, 01-07 08:48:00.316 BL= 894,ESS= 256, 01-07 08:48:00.333 BL= 895,ESS= 256, 
