01-07 07:34:18.391   644   644 I Accelerometer: batch: handle:0, flag:0,samplingPeriodNs:20000000 maxBatchReportLatencyNs:100000000
01-07 07:34:18.393 26216 26216 I LoadedApk: No resource references to update in package com.transsion.theme.icon
01-07 07:34:18.393   644   644 I Accelerometer: enable: handle:0, en:1
01-07 07:34:18.393   523   564 I legacy_power@2.1-impl: scnReg hdl:15120
01-07 07:34:18.394  1223  1273 I DisplayPowerController: Unblocked screen on after 127 ms
01-07 07:34:18.394   523   564 I legacy_power@2.1-impl: @Deprecated scnConfig hdl:15120, cmd:5, param1:1, param2:0, param3:0, param4:0
01-07 07:34:18.395  2999  2999 I SpeechToTextAccessibili: accessibilityEvent: EventType: TYPE_WINDOW_STATE_CHANGED; EventTime: 498477307; PackageName: com.transsion.faceid; MovementGranularity: 0; Action: 0; ContentChangeTypes: []; WindowChangeTypes: [] [ ClassName: android.view.View; Text: []; ContentDescription: null; ItemCount: -1; CurrentItemIndex: -1; Enabled: true; Password: false; Checked: false; FullScreen: false; Scrollable: false; BeforeText: null; FromIndex: -1; ToIndex: -1; ScrollX: -1; ScrollY: -1; MaxScrollX: -1; MaxScrollY: -1; AddedCount: -1; RemovedCount: -1; ParcelableData: null ]; recordCount: 0
01-07 07:34:18.396   523   564 I legacy_power@2.1-impl: scnReg hdl:15121
01-07 07:34:18.396   523   564 I legacy_power@2.1-impl: @Deprecated scnEnable hdl:15120, timeout:1000
01-07 07:34:18.397   523   563 I libPowerHal: perfUserScnEnable - handle:15120
01-07 07:34:18.397   523   563 I libPowerHal: 106: cpu_ctrl set freq: 1800000 -1 2000000 -1
01-07 07:34:18.400   523   564 I legacy_power@2.1-impl: scnReg hdl:15122
01-07 07:34:18.400  1607  1607 I OtherSimPSListener: mOthersign:3subid :2
01-07 07:34:18.400   523   564 I legacy_power@2.1-impl: @Deprecated scnConfig hdl:15121, cmd:73, param1:1, param2:0, param3:0, param4:0
01-07 07:34:18.401   523   564 I legacy_power@2.1-impl: scnReg hdl:15123
01-07 07:34:18.401   523   564 I legacy_power@2.1-impl: @Deprecated scnEnable hdl:15121, timeout:0
01-07 07:34:18.401   523   563 I libPowerHal: perfUserScnEnable - handle:15121
01-07 07:34:18.402   523   564 I legacy_power@2.1-impl: @Deprecated scnConfig hdl:15122, cmd:79, param1:100, param2:0, param3:0, param4:0
01-07 07:34:18.402   523   564 I legacy_power@2.1-impl: @Deprecated scnEnable hdl:15122, timeout:0
01-07 07:34:18.402   523   563 I libPowerHal: perfUserScnEnable - handle:15122
01-07 07:34:18.403   523   564 I legacy_power@2.1-impl: @Deprecated scnConfig hdl:15123, cmd:6, param1:0, param2:0, param3:0, param4:0
01-07 07:34:18.403   523   564 I legacy_power@2.1-impl: @Deprecated scnEnable hdl:15123, timeout:2000
01-07 07:34:18.404   523   563 I libPowerHal: perfUserScnEnable - handle:15123
01-07 07:34:18.404   523   563 I libPowerHal: 109: set gpu level: 0
01-07 07:34:18.404   523   563 I libPowerHal: 109: set gpu level max: 0
01-07 07:34:18.405  1430  1430 V KeyguardUpdateMonitor: startListeningForFace()
01-07 07:34:18.408  1223  1252 E NotificationService: Suppressing notification from package by user request.
01-07 07:34:18.408 26216 26216 D KeyguardGestureService: onCreate startForeground
01-07 07:34:18.408 26216 26216 D KeyguardGestureService: onStartCommand method=onScreenTurningOn
01-07 07:34:18.410   645  7548 I mtkcam-devicemgr: [attachOpenDeviceLocked] device: device@3.5/internal/1 openTimestamp:01-07 07:34:18.410
01-07 07:34:18.412  4285  4285 D BoundBrokerSvc: onBind: Intent { act=com.google.android.gms.measurement.START pkg=com.google.android.gms }
01-07 07:34:18.412  4285  4285 D BoundBrokerSvc: Loading bound service for intent: Intent { act=com.google.android.gms.measurement.START pkg=com.google.android.gms }
01-07 07:34:18.415  1430  1430 D QS      : setExpanded false
01-07 07:34:18.417  1607  1607 I TranPhoneSwitcher: mDefaultsign:4subid :1
01-07 07:34:18.418  1223  1223 I MWN     : Write 0 to node. type=4G mSimExist=true mFlightMode=false
01-07 07:34:18.419  1430  1430 D StatusBar: updateScrimBehind state = 1
01-07 07:34:18.419  1430  1430 D StatusBar: disable<e i a s b H R c s > disable2<q i n >
01-07 07:34:18.419  1430  1430 D NavigationBarController: navBar 32776 on displayId = 0
01-07 07:34:18.419  1430  1430 D NavigationBar: updateNavBar mSystemUiVisibility = 32776, mNavigationBarMode = 4
01-07 07:34:18.419  1430  1430 D StatusBar: disable<e i a s b H R c s > disable2<q i n >
01-07 07:34:18.419  1430  1430 D StatusBar: set statusLayoutShowing to true
01-07 07:34:18.423  1430  1430 D BiometricUnlockController: onStartedWakingUp reset fp fail
01-07 07:34:18.423  1430  1430 D KeyguardUpdateMonitor: received broadcast android.intent.action.SERVICE_STATE
01-07 07:34:18.425  1430  1430 V KeyguardUpdateMonitor: action android.intent.action.SERVICE_STATE serviceState={mVoiceRegState=0(IN_SERVICE), mDataRegState=0(IN_SERVICE), mChannelNumber=1873, duplexMode()=1, mCellBandwidths=[10000], mVoiceOperatorAlphaLong=Airtel NG, mVoiceOperatorAlphaShort=Airtel NG, mDataOperatorAlphaLong=Airtel NG, mDataOperatorAlphaShort=Airtel NG, isManualNetworkSelection=false(automatic), getRilVoiceRadioTechnology=14(LTE), getRilDataRadioTechnology=14(LTE), mCssIndicator=unsupported, mNetworkId=-1, mSystemId=-1, mCdmaRoamingIndicator=-1, mCdmaDefaultRoamingIndicator=-1, mIsEmergencyOnly=false, isUsingCarrierAggregation=false, mLteEarfcnRsrpBoost=0, mNetworkRegistrationInfos=[NetworkRegistrationInfo{ domain=PS transportType=WLAN registrationState=NOT_REG_OR_SEARCHING roamingType=NOT_ROAMING accessNetworkTechnology=UNKNOWN rejectCause=0 emergencyEnabled=false availableServices=[] cellIdentity=null voiceSpecificInfo=null dataSpecificInfo=android.telephony.DataSpecificRegistrationInfo :{ maxDataCalls = 0 isDcNrRestricted = false isNrAvailable = false isEnDcAvailable = false LteVopsSupportInfo :  mVopsSupport = 1 mEmcBearerSupport = 1 mIsUsingCarrierAggregation = false } nrState=NONE}, NetworkRegistrationInfo{ domain=CS transportType=WWAN registrationState=HOME roamingType=NOT_ROAMING accessNetworkTechnology=LTE rejectCause=0 emergencyEnabled=false availableServices=[VOICE,SMS,VIDEO] cellIdentity=CellIdentityLte:{ mCi=205720579 mPci=479 mTac=108 mEarfcn=1873 mBandwidth=10000 mMcc=621 mMnc=20 mAlphaLong=Airtel Nigeria mAlphaShort=Airtel Nigeria} voiceSpecificInfo=VoiceSpecificRegistrationInfo { mCssSupported=false mRoamingIndicator=0 mSystemIsInPrl=-1 mDefaultRoamingIndicator=-1} dataSpecificInfo=null nrState=NONE}, NetworkRegistrationInfo{ domain=PS transportType=WWAN registrationState=HOME roamingType=NOT_ROAMING accessNetworkTechnology=LTE rejectCause=0 emergencyEnabled=false availableServices=[DATA] cellIdentity=CellIdentityLte:{ mCi=205720579 mPci=479 mTac=108 mEarfcn=1873 mBandwidth=10000 mMcc=621 mMnc=20 mAlphaLong=Airtel Nigeria mAlphaShort=Airtel Nigeria} voiceSpecificInfo=null dataSpecificInfo=android.telephony.DataSpecificRegistrationInfo :{ maxDataCalls = 1 isDcNrRestricted = false isNrAvailable = false isEnDcAvailable = false LteVopsSupportInfo :  mVopsSupport = 2 mEmcBearerSupport = 3 mIsUsingCarrierAggregation = false } nrState=NONE}], mNrFrequencyRange=-1, mOperatorAlphaLongRaw=Airtel Nigeria, mOperatorAlphaShortRaw=Airtel Nigeria, mIsIwlanPreferred=false} subId=1
01-07 07:34:18.425  1430  1430 D KeyguardUpdateMonitor: received broadcast android.intent.action.TIME_TICK
01-07 07:34:18.428  1607  1607 D ServiceStateProvider: subId=-1
01-07 07:34:18.430  1430  1430 D KeyguardUpdateMonitor: received broadcast android.intent.action.TIME_TICK
01-07 07:34:18.430  5472  5538 E phonemaster_log: HiManager_AppManagerImpl: 
01-07 07:34:18.431  5472  5538 I phonemaster_log: HiManager_ReflectUtils: getSysCleanProList: [com.tencent.wework, com.tencent.mm, com.tencent.mobileqq, com.skype.raider, com.instagram.android, com.whatsapp.w4b, com.transsion.phoenix, im.thebot.messenger, com.mediatek.MemEater, com.debug.loggerui, com.viber.voip, com.transsion.phonemaster, com.oraimo.appjoywear, org.telegram.messenger, com.facebook.orca, com.whatsapp, com.sh.smart.caller, com.tencent.mobileqqi, com.facebook.katana, cpu.cpueater.one, com.android.vending, com.jio.join, jp.naver.line.android, com.imo.android.imoim, com.truecaller, com.scorpio.securitycom, com.vskit.lite, com.google.android.dialer, com.facebook.lite]
01-07 07:34:18.435  2999  2999 I SpeechToTextAccessibili: accessibilityEvent: EventType: TYPE_WINDOW_CONTENT_CHANGED; EventTime: 498477355; PackageName: com.android.systemui; MovementGranularity: 0; Action: 0; ContentChangeTypes: [CONTENT_CHANGE_TYPE_SUBTREE, CONTENT_CHANGE_TYPE_TEXT, CONTENT_CHANGE_TYPE_CONTENT_DESCRIPTION]; WindowChangeTypes: [] [ ClassName: android.widget.FrameLayout; Text: []; ContentDescription: null; ItemCount: -1; CurrentItemIndex: -1; Enabled: true; Password: false; Checked: false; FullScreen: false; Scrollable: false; BeforeText: null; FromIndex: -1; ToIndex: -1; ScrollX: -1; ScrollY: -1; MaxScrollX: -1; MaxScrollY: -1; AddedCount: -1; RemovedCount: -1; ParcelableData: null ]; recordCount: 0
01-07 07:34:18.437  1731  1731 I Athena  : 
01-07 07:34:18.437  1731  1731 I Athena  : main, onReceive(b.java:23)
01-07 07:34:18.437  1731  1731 I Athena  : Athena receive action = android.intent.action.SCREEN_ON
01-07 07:34:18.442  5472  5538 D os.typeface: Already set agent. fontPath:null fontHash:
01-07 07:34:18.446  1223  1357 D os.KeyguardGestureLiceFactory: volume power up
01-07 07:34:18.447  1223  1357 D TranFingerprintServiceExtImpl: updatePowerDownAndInteractive isPowerDown:false ,mIsInteractive:true ,isWaitPowerDown:false
01-07 07:34:18.452   645  7548 I FlashHal: getTorchStatus(): torch status(0).
01-07 07:34:18.453  1607  2039 I TranPhoneInterfaceManagerEx: onUEvent()==>UNKNOW 
01-07 07:34:18.453   645  7548 I FlashHal: getTorchStatus(): torch status(0).
01-07 07:34:18.453   645  7548 I chatty  : uid=1047(cameraserver) HwBinder:645_7 identical 2 lines
01-07 07:34:18.454   645  7548 I FlashHal: getTorchStatus(): torch status(0).
01-07 07:34:18.454  1607  2039 I TranPhoneInterfaceManagerEx: onUEvent()==>UNKNOW 
01-07 07:34:18.463  1430  1430 D KeyguardUpdateMonitor: handleServiceStateChange(subId=1, serviceState={mVoiceRegState=0(IN_SERVICE), mDataRegState=0(IN_SERVICE), mChannelNumber=1873, duplexMode()=1, mCellBandwidths=[10000], mVoiceOperatorAlphaLong=Airtel NG, mVoiceOperatorAlphaShort=Airtel NG, mDataOperatorAlphaLong=Airtel NG, mDataOperatorAlphaShort=Airtel NG, isManualNetworkSelection=false(automatic), getRilVoiceRadioTechnology=14(LTE), getRilDataRadioTechnology=14(LTE), mCssIndicator=unsupported, mNetworkId=-1, mSystemId=-1, mCdmaRoamingIndicator=-1, mCdmaDefaultRoamingIndicator=-1, mIsEmergencyOnly=false, isUsingCarrierAggregation=false, mLteEarfcnRsrpBoost=0, mNetworkRegistrationInfos=[NetworkRegistrationInfo{ domain=PS transportType=WLAN registrationState=NOT_REG_OR_SEARCHING roamingType=NOT_ROAMING accessNetworkTechnology=UNKNOWN rejectCause=0 emergencyEnabled=false availableServices=[] cellIdentity=null voiceSpecificInfo=null dataSpecificInfo=android.telephony.DataSpecificRegistrationInfo :{ maxDataCalls = 0 isDcNrRestricted = false isNrAvailable = false isEnDcAvailable = false LteVopsSupportInfo :  mVopsSupport = 1 mEmcBearerSupport = 1 mIsUsingCarrierAggregation = false } nrState=NONE}, NetworkRegistrationInfo{ domain=CS transportType=WWAN registrationState=HOME roamingType=NOT_ROAMING accessNetworkTechnology=LTE rejectCause=0 emergencyEnabled=false availableServices=[VOICE,SMS,VIDEO] cellIdentity=CellIdentityLte:{ mCi=205720579 mPci=479 mTac=108 mEarfcn=1873 mBandwidth=10000 mMcc=621 mMnc=20 mAlphaLong=Airtel Nigeria mAlphaShort=Airtel Nigeria} voiceSpecificInfo=VoiceSpecificRegistrationInfo { mCssSupported=false mRoamingIndicator=0 mSystemIsInPrl=-1 mDefaultRoamingIndicator=-1} dataSpecificInfo=null nrState=NONE}, NetworkRegistrationInfo{ domain=PS transportType=WWAN registrationState=HOME roamingType=NOT_ROAMING accessNetworkTechnology=LTE rejectCause=0 emergencyEnabled=false availableServices=[DATA] cellIdentity=CellIdentityLte:{ mCi=205720579 mPci=479 mTac=108 mEarfcn=1873 mBandwidth=10000 mMcc=621 mMnc=20 mAlphaLong=Airtel Nigeria mAlphaShort=Airtel Nigeria} voiceSpecificInfo=null dataSpecificInfo=android.telephony.DataSpecificRegistrationInfo :{ maxDataCalls = 1 isDcNrRestricted = false isNrAvailable = false isEnDcAvailable = false LteVopsSupportInfo :  mVopsSupport = 2 mEmcBearerSupport = 3 mIsUsingCarrierAggregation = false } nrState=NONE}], mNrFrequencyRange=-1, mOperatorAlphaLongRaw=Airtel Nigeria, mOperatorAlphaShortRaw=Airtel Nigeria, mIsIwlanPreferred=false}
01-07 07:34:18.463  1430  1430 D CarrierTextController: getCarrierTextForSimState:MTN NG
01-07 07:34:18.463  1430  1430 D CarrierTextController: getCarrierTextForSimState:Airtel NG
01-07 07:34:18.464  1430  1430 D CarrierTextController: getCarrierTextForSimState:Invalid Card.
01-07 07:34:18.464  1430  1430 D CarrierTextController: before displayText:null
01-07 07:34:18.464  1430  1430 D CarrierTextController: show displayText:MTN NG  Airtel NG
01-07 07:34:18.464  1430  1430 D CarrierTextController: getCarrierTextForSimState:MTN NG
01-07 07:34:18.464  1430  1430 D CarrierTextController: getCarrierTextForSimState:Airtel NG
01-07 07:34:18.464  1430  1430 D CarrierTextController: getCarrierTextForSimState:Invalid Card.
01-07 07:34:18.464  1430  1430 D CarrierTextController: before displayText:null
01-07 07:34:18.464  1430  1430 D CarrierTextController: show displayText:MTN NG  Airtel NG
01-07 07:34:18.464  1430  1430 D CarrierTextController: getCarrierTextForSimState:MTN NG
01-07 07:34:18.464  1430  1430 D CarrierTextController: getCarrierTextForSimState:Airtel NG
01-07 07:34:18.464  1430  1430 D CarrierTextController: getCarrierTextForSimState:Invalid Card.
01-07 07:34:18.464  1430  1430 D CarrierTextController: before displayText:null
01-07 07:34:18.464  1430  1430 D CarrierTextController: show displayText:MTN NG  Airtel NG
01-07 07:34:18.464  1430  1430 D KeyguardUpdateMonitor: handleTimeUpdate
01-07 07:34:18.466   645  7548 I mtkcam-AppStreamMgr: [initialize] FMQ request size : 2097152, result size : 4194304
01-07 07:34:18.467   645  7548 I mtkcam-AppStreamMgr: [1-CallbackHandler::CallbackHandler] enableMetaMerge 1
01-07 07:34:18.467   645  7548 I mtkcam-AppStreamMgr: [1-FrameHandler::FrameHandler] IsDejitterEnabled = 1, EnableMetaPending = 1
01-07 07:34:18.468  2999  2999 I SpeechToTextAccessibili: accessibilityEvent: EventType: TYPE_WINDOW_CONTENT_CHANGED; EventTime: 498477388; PackageName: com.android.systemui; MovementGranularity: 0; Action: 0; ContentChangeTypes: [CONTENT_CHANGE_TYPE_TEXT]; WindowChangeTypes: [] [ ClassName: android.widget.TextView; Text: []; ContentDescription: null; ItemCount: -1; CurrentItemIndex: -1; Enabled: true; Password: false; Checked: false; FullScreen: false; Scrollable: false; BeforeText: null; FromIndex: -1; ToIndex: -1; ScrollX: -1; ScrollY: -1; MaxScrollX: -1; MaxScrollY: -1; AddedCount: -1; RemovedCount: -1; ParcelableData: null ]; recordCount: 0
01-07 07:34:18.468  1430  1430 D TrRoamTimeZoneObserver: mRoamTimeZone : Africa/Lagos,showRoam : true,currentTimeZone : Africa/Lagos
01-07 07:34:18.468  1430  1430 D TrRoamTimeZoneObserver: doubleClockShow: false
01-07 07:34:18.468  1430  1430 W KeyguardStatusView: single clock is showing
01-07 07:34:18.468  1430  1430 D TrClockView: onTimeChanged
01-07 07:34:18.469  1430  1430 D TrClockView: onTimeChanged
01-07 07:34:18.469  1430  1430 D KeyguardUpdateMonitor: handleTimeUpdate
01-07 07:34:18.472   645  7548 I Cam3TranServerEngine: [getTranServerpackageName] +
01-07 07:34:18.472  1430  1430 D TrRoamTimeZoneObserver: mRoamTimeZone : Africa/Lagos,showRoam : true,currentTimeZone : Africa/Lagos
01-07 07:34:18.472  1430  1430 D TrRoamTimeZoneObserver: doubleClockShow: false
01-07 07:34:18.472  1430  1430 W KeyguardStatusView: single clock is showing
01-07 07:34:18.472  1430  1430 D TrClockView: onTimeChanged
01-07 07:34:18.472   645  7548 I Cam3TranServerEngine: [operator()] get CamName from TranCamServer packagename com.transsion.faceid
01-07 07:34:18.472   645  7548 I Cam3TranServerEngine: [getTranServerpackageName] -
01-07 07:34:18.472  1430  1430 D TrClockView: onTimeChanged
01-07 07:34:18.473  2999  2999 I SpeechToTextAccessibili: accessibilityEvent: EventType: TYPE_WINDOW_CONTENT_CHANGED; EventTime: 498477393; PackageName: com.android.systemui; MovementGranularity: 0; Action: 0; ContentChangeTypes: [CONTENT_CHANGE_TYPE_TEXT]; WindowChangeTypes: [] [ ClassName: android.widget.TextView; Text: []; ContentDescription: null; ItemCount: -1; CurrentItemIndex: -1; Enabled: true; Password: false; Checked: false; FullScreen: false; Scrollable: false; BeforeText: null; FromIndex: -1; ToIndex: -1; ScrollX: -1; ScrollY: -1; MaxScrollX: -1; MaxScrollY: -1; AddedCount: -1; RemovedCount: -1; ParcelableData: null ]; recordCount: 0
01-07 07:34:18.473   645  7548 I mtkcam-dev3: [1-session::tryRunCommandLocked] Run command onOpenLocked -
01-07 07:34:18.474   645 26245 I mtkcam-DeviceAdapter: 1[HalDeviceAdapter::powerOn] powerOn +
01-07 07:34:18.474   645 26245 I Drv/HWsync: Drv/HWsync[init] +, user&cnt(HW_SYNC_USER_AE,0),srIdxNum(0)
01-07 07:34:18.474   645 26245 I Drv/HWsync: Drv/HWsync[init] mAECyclePeriod(3)
01-07 07:34:18.475   645 26246 D SeninfDrvImp: [init][init]: Entry count 0 
01-07 07:34:18.476   645 26246 D SeninfDrvImp: [init]Efuse Data:0x11ce018c= 0x739cd7b8, 0x11ce0190= 0x6b9c841e, 0x11ce01ac= 0x7380d738, 0x11ce01b0= 0x73800000
01-07 07:34:18.476   645 26246 D SeninfDrvImp: [init][init]: Exit count 1 
01-07 07:34:18.476   645 26246 D SeninfDrvImp: [configMclk][configMclk] Tg1clk: 24 pcEn = 1
01-07 07:34:18.476   645 26246 D SeninfDrvImp: [configMclk]mclk1: 24, clkCnt1: 0 pclkInv 0
01-07 07:34:18.476   645 26246 D SeninfDrvImp: [setMclk][setMclk]pcEn(1), clkPol(0), mMclkUser[0](1), TimestampClk(103), freq(24), mclkIdx 0
01-07 07:34:18.477   645 26245 W nvbuf_util.cpp: [getInstance:398] getInstance, bInit(1)
01-07 07:34:18.477   645 26245 W nvbuf_util.cpp: [getBufAndReadNoLock:685] ramId(1), sensorDev(2), p(0x772a453300), bForceRead(0) +
01-07 07:34:18.477   645 26245 W nvbuf_util.cpp: [getInstance:398] getInstance, bInit(1)
01-07 07:34:18.477   645 26245 W nvbuf_util.cpp: [getBufAndReadNoLock:685] ramId(4), sensorDev(2), p(0x7724ee24c0), bForceRead(0) +
01-07 07:34:18.477   645 26245 W nvbuf_util.cpp: [getInstance:398] getInstance, bInit(1)
01-07 07:34:18.477   645 26245 W nvbuf_util.cpp: [getBufAndReadNoLock:685] ramId(0), sensorDev(2), p(0x0), bForceRead(0) +
01-07 07:34:18.477   645 26245 D         : skinCompatible Sub ae black 1 suplly
01-07 07:34:18.478   602  2699 I CameraProviderManager: Camera device device@3.5/internal/0 torch status is now NOT_AVAILABLE
01-07 07:34:18.478   602  2699 I CameraService: onTorchStatusChangedLocked: Torch status changed for cameraId=0, newStatus=0
01-07 07:34:18.479  1870  1870 I DeviceStatusMonitor: onReceive() : Action = android.intent.action.SCREEN_ON
01-07 07:34:18.480  1430  1869 D FlashlightController: onTorchModeUnavailable, cameraId = 0
01-07 07:34:18.481   645  7548 I mtkcam-camprovider: [onTorchModeStatusChange] device@3.5/internal/0 TorchModeStatus:0
01-07 07:34:18.481   602  2699 I CameraProviderManager: Camera device device@3.5/internal/1 torch status is now NOT_AVAILABLE
01-07 07:34:18.481   602  2699 I CameraService: onTorchStatusChangedLocked: Torch status changed for cameraId=1, newStatus=0
01-07 07:34:18.482   645  7548 I mtkcam-camprovider: [onTorchModeStatusChange] device@3.5/internal/1 TorchModeStatus:0
01-07 07:34:18.482   602  2699 I CameraProviderManager: Camera device device@3.5/internal/2 torch status is now NOT_AVAILABLE
01-07 07:34:18.482  1223  2782 V SettingsState: addHistoricalOperationLocked type updatesetting: Setting{name=flashlight_available value=0 default=0 packageName=com.android.systemui tag=null defaultFromSystem=true}
01-07 07:34:18.482   602  2699 I CameraService: onTorchStatusChangedLocked: Torch status changed for cameraId=2, newStatus=0
01-07 07:34:18.482  2198  6478 I CameraManagerGlobal: onTorchStatusChangedLocked id:2 ignore callback
01-07 07:34:18.483  4285  4375 I CameraManagerGlobal: onTorchStatusChangedLocked id:2 ignore callback
01-07 07:34:18.483  1223  2779 I CameraManagerGlobal: onTorchStatusChangedLocked id:2 ignore callback
01-07 07:34:18.483 14917 14934 I CameraManagerGlobal: onTorchStatusChangedLocked id:2 ignore callback
01-07 07:34:18.483   645  7548 I mtkcam-camprovider: [onTorchModeStatusChange] device@3.5/internal/2 TorchModeStatus:0
01-07 07:34:18.483  1223  1223 V SettingsProvider: Notifying for 0: content://settings/secure/flashlight_available
01-07 07:34:18.483 25095 29221 I CameraManagerGlobal: onTorchStatusChangedLocked id:2 ignore callback
01-07 07:34:18.483   602  2699 I CameraProviderManager: Camera device device@3.5/internal/3 torch status is now NOT_AVAILABLE
01-07 07:34:18.483   602  2699 I CameraService: onTorchStatusChangedLocked: Torch status changed for cameraId=3, newStatus=0
01-07 07:34:18.483  2198  6478 I CameraManagerGlobal: onTorchStatusChangedLocked id:3 ignore callback
01-07 07:34:18.483   645  7548 I mtkcam-camprovider: [onTorchModeStatusChange] device@3.5/internal/3 TorchModeStatus:0
01-07 07:34:18.483  4285  4375 I CameraManagerGlobal: onTorchStatusChangedLocked id:3 ignore callback
01-07 07:34:18.483 14917 14934 I CameraManagerGlobal: onTorchStatusChangedLocked id:3 ignore callback
01-07 07:34:18.483 21385 22038 I CameraManagerGlobal: onTorchStatusChangedLocked id:2 ignore callback
01-07 07:34:18.483   602  2699 I CameraProviderManager: Camera device device@3.5/internal/4 torch status is now NOT_AVAILABLE
01-07 07:34:18.483   602  2699 I CameraService: onTorchStatusChangedLocked: Torch status changed for cameraId=4, newStatus=0
01-07 07:34:18.483 21385 22038 I CameraManagerGlobal: onTorchStatusChangedLocked id:3 ignore callback
01-07 07:34:18.483  2198  6478 I CameraManagerGlobal: onTorchStatusChangedLocked id:4 ignore callback
01-07 07:34:18.484  3053 15804 I CameraManagerGlobal: onTorchStatusChangedLocked id:2 ignore callback
01-07 07:34:18.484 21385 22038 I CameraManagerGlobal: onTorchStatusChangedLocked id:4 ignore callback
01-07 07:34:18.484   645  7548 I mtkcam-camprovider: [onTorchModeStatusChange] device@3.5/internal/4 TorchModeStatus:0
01-07 07:34:18.484  4285  4375 I CameraManagerGlobal: onTorchStatusChangedLocked id:4 ignore callback
01-07 07:34:18.484  3053 15804 I CameraManagerGlobal: onTorchStatusChangedLocked id:3 ignore callback
01-07 07:34:18.484   645  7548 I mtkcam-dev3: 1[CameraDevice3Impl::open] performanceFlow out -> open
01-07 07:34:18.484 20647 20880 I CameraManagerGlobal: onTorchStatusChangedLocked id:2 ignore callback
01-07 07:34:18.484  3053 15804 I CameraManagerGlobal: onTorchStatusChangedLocked id:4 ignore callback
01-07 07:34:18.484 20647 20880 I CameraManagerGlobal: onTorchStatusChangedLocked id:3 ignore callback
01-07 07:34:18.484  1223  2779 I CameraManagerGlobal: onTorchStatusChangedLocked id:3 ignore callback
01-07 07:34:18.484 20647 20880 I CameraManagerGlobal: onTorchStatusChangedLocked id:4 ignore callback
01-07 07:34:18.484   645   802 D ULogGuard: Monitoring: 12 threads, 0 requests, 0 time-bombs; 1 guards. ResetFlags = 0x7
01-07 07:34:18.484  1430 17662 I CameraManagerGlobal: onTorchStatusChangedLocked id:2 ignore callback
01-07 07:34:18.484  1223  2779 I CameraManagerGlobal: onTorchStatusChangedLocked id:4 ignore callback
01-07 07:34:18.484  1430 17662 I CameraManagerGlobal: onTorchStatusChangedLocked id:3 ignore callback
01-07 07:34:18.484  1430 17662 I CameraManagerGlobal: onTorchStatusChangedLocked id:4 ignore callback
01-07 07:34:18.484 14917 14934 I CameraManagerGlobal: onTorchStatusChangedLocked id:4 ignore callback
01-07 07:34:18.484 25095 29221 I CameraManagerGlobal: onTorchStatusChangedLocked id:3 ignore callback
01-07 07:34:18.485 25095 29221 I CameraManagerGlobal: onTorchStatusChangedLocked id:4 ignore callback
01-07 07:34:18.487 25273 25624 I CameraManagerGlobal: onTorchStatusChangedLocked id:2 ignore callback
01-07 07:34:18.488 25273 25624 I CameraManagerGlobal: onTorchStatusChangedLocked id:3 ignore callback
01-07 07:34:18.488 25273 25624 I CameraManagerGlobal: onTorchStatusChangedLocked id:4 ignore callback
01-07 07:34:18.492  1223  1273 V SettingsState: addHistoricalOperationLocked type updatesetting: Setting{name=screen_brightness value=38 default=38 packageName=android tag=null defaultFromSystem=true}
01-07 07:34:18.492  1223  1273 D DisplayPowerController: animateScreenBrightness: target=610, rate=2048    mShouldUpdateBrightnessSettingLater=true
01-07 07:34:18.492  1223  1273 D DisplayPowerController: animateScreenBrightness: putScreenBrightnessSetting currentBrightness=594, duration=0.5
01-07 07:34:18.493  1223  1223 V SettingsProvider: Notifying for 0: content://settings/system/screen_brightness
01-07 07:34:18.493  1223  1348 V SettingsState: addHistoricalOperationLocked type persistsetting: null
01-07 07:34:18.493  1223  1273 V SettingsState: addHistoricalOperationLocked type updatesetting: Setting{name=tran_animate_brightness_update value=1 default=1 packageName=android tag=null defaultFromSystem=true}
01-07 07:34:18.494  1223  1273 V DisplayPowerController: Brightness [38] reason changing to: 'automatic', previous reason: 'manual'.
01-07 07:34:18.495  1223  1223 V SettingsProvider: Notifying for 0: content://settings/system/tran_animate_brightness_update
01-07 07:34:18.496 14917 14939 D FaceUnlockICamera: onOpened()..., and mSurfaceCreate = true
01-07 07:34:18.496 14917 14939 I FaceUnlockICamera: setCameraUserStatus mode 2, status = 1
01-07 07:34:18.496 14917 14939 D FaceUnlockICamera: FaceCameraManager OnOpened Callback
01-07 07:34:18.496 14917 14939 I FaceUnlockService: onOpenedCallback
01-07 07:34:18.496   645 26245 I FlashHal: init().
01-07 07:34:18.496   645 26245 I StrobeDrvFlashlightFops: openkd(): mUsers(1).
01-07 07:34:18.496  1430 17662 W FaceUnlockController: IFaceUnlockInterfaceCallback callbackCameraStatus status = 1, faceMode = 2
01-07 07:34:18.496  1430 17662 I FaceUnlockView: setCameraStatus status = 1, mScreenOn = true, isCameraClosing = false ,isSecure = true ,isFaceCameraRunning= true
01-07 07:34:18.500 14917 26252 D FaceUnlockICamera: handleStartPreview()...
01-07 07:34:18.500   645 26245 I StrobeDrvFlashlightFops: ioctl failed: type/ct (2,1) Not a typewriter
01-07 07:34:18.500   645 26245 E StrobeDrvFlashlight: getMaxDuty(): failed. (getMaxDuty){#269:vendor/mediatek/proprietary/hardware/mtkcam/aaa/source/isp_40/../common/strobe/strobe_drv_flashlight.cpp}
01-07 07:34:18.500   645 26245 I StrobeDrvFlashlight: maxDuty:0
01-07 07:34:18.500   645 26245 I StrobeDrvFlashlight: init(): mUsers(1).
01-07 07:34:18.500   645 26245 I StrobeDrvFlashlightFops: ioctl failed: type/ct (2,1) Not a typewriter
01-07 07:34:18.500   645 26245 E StrobeDrvFlashlight: getMaxDuty(): failed. (getMaxDuty){#269:vendor/mediatek/proprietary/hardware/mtkcam/aaa/source/isp_40/../common/strobe/strobe_drv_flashlight.cpp}
01-07 07:34:18.500   645 26245 I StrobeDrvFlashlight: lowPowerDetectStart(): duty(1).
01-07 07:34:18.500   645 26245 I FlashMgrM: init().
01-07 07:34:18.500   645 26245 I FlashAlgoAdapter: setFlashType+
01-07 07:34:18.502   645  7548 I mtkcam-dev3: [1-session::constructDefaultRequestSettings] performanceFlow into -> constructDefaultRequestSettings
01-07 07:34:18.503   645 26245 I FlashNvram: nvRead3A().
01-07 07:34:18.503   645 26245 W nvbuf_util.cpp: [getInstance:398] getInstance, bInit(1)
01-07 07:34:18.503   645 26245 W nvbuf_util.cpp: [getBufAndReadNoLock:685] ramId(1), sensorDev(2), p(0x772a453300), bForceRead(0) +
01-07 07:34:18.503   645 26245 I FlashNvram: nvReadStrobe().
01-07 07:34:18.503   645 26245 W nvbuf_util.cpp: [getInstance:398] getInstance, bInit(1)
01-07 07:34:18.503   645 26245 W nvbuf_util.cpp: [getBufAndReadNoLock:685] ramId(5), sensorDev(2), p(0x77c664dc00), bForceRead(0) +
01-07 07:34:18.503   645 26245 I FlashNvram: nvReadFlashCali().
01-07 07:34:18.503   645 26245 W nvbuf_util.cpp: [getInstance:398] getInstance, bInit(1)
01-07 07:34:18.503   645 26245 W nvbuf_util.cpp: [getBufAndReadNoLock:685] ramId(12), sensorDev(2), p(0x7728995680), bForceRead(0) +
01-07 07:34:18.503   645 26245 D flash_tuning_custom_sub.cpp: paraIdx=0 aeSceneInd =2
01-07 07:34:18.503   645 26245 D flash_tuning_custom_sub.cpp: copyTuningPara sub yTarget=185
01-07 07:34:18.503   645 26245 I StrobeDrvFlashlightFops: ioctl failed: type/ct (2,1) Not a typewriter
01-07 07:34:18.503   645 26245 E StrobeDrvFlashlight: getMaxDuty(): failed. (getMaxDuty){#269:vendor/mediatek/proprietary/hardware/mtkcam/aaa/source/isp_40/../common/strobe/strobe_drv_flashlight.cpp}
01-07 07:34:18.503   645 26245 I FlickerHal: init().
01-07 07:34:18.503   645 26245 I FlickerHal: init flicker custom adaptor.
01-07 07:34:18.503   645 26245 I FlickerPlatformAdapter: createBuf(). Create buf success.
01-07 07:34:18.503   645 26245 W nvbuf_util.cpp: [getInstance:398] getInstance, bInit(1)
01-07 07:34:18.504   645 26245 W nvbuf_util.cpp: [getBufAndReadNoLock:685] ramId(0), sensorDev(2), p(0x0), bForceRead(0) +
01-07 07:34:18.504   645  7548 I mtkcam-dev3: [1-session::constructDefaultRequestSettings] performanceFlow out -> constructDefaultRequestSettings
01-07 07:34:18.504 14917 26252 D FaceUnlockICamera: mRequestKeyFaceUnlockMode is not null
01-07 07:34:18.505 14917 26252 D FaceUnlockICamera: mQuickPreview is not null
01-07 07:34:18.505   645 26245 E paramctrl_lifetime: open /proc/driver/thermal/clNR_status failed, disable NR cooler
01-07 07:34:18.505   645 26245 E paramctrl_lifetime:  (Paramctrl){#255:vendor/mediatek/proprietary/hardware/mtkcam/aaa/source/isp_40/isp_tuning/paramctrl/paramctrl_lifetime.cpp}
01-07 07:34:18.509   506 16050 I hwcomposer: [HWC] (0) displayGetActiveConfig config:0  
01-07 07:34:18.509   537   537 D SurfaceFlinger: Finished setting power mode 2 on display 0
01-07 07:34:18.509  1223  1419 D SurfaceControl: Excessive delay in setPowerMode()
01-07 07:34:18.510  1223  1419 D LightsService: setLight_native before lucid change brightness=82
01-07 07:34:18.510  1223  1273 W PowerManagerService: Screen on took 260 ms
01-07 07:34:18.510  1430 17662 D KeyguardViewMediator10.0.1.157: notifyScreenTurnedOn
01-07 07:34:18.511 26216 26216 D KeyguardGestureService: onStartCommand method=onScreenTurnedOn
01-07 07:34:18.512   537   537 I BufferQueue: [ColorFade#0](this:0x72ba602000,id:29559,api:1,p:-1,c:-1) ~BufferQueueCore
01-07 07:34:18.512 26216 26216 E libc    : Access denied finding property "sys.boot.reason"
01-07 07:34:18.509 26216 26216 W keyguardgesture: type=1400 audit(0.0:203615): avc: denied { read } for name="u:object_r:system_boot_reason_prop:s0" dev="tmpfs" ino=366 scontext=u:r:system_app:s0 tcontext=u:object_r:system_boot_reason_prop:s0 tclass=file permissive=0
01-07 07:34:18.513   645 26245 D AppTsf  : [AppTsf] constructor ; ShadingVersion: 2019.0807.0919
01-07 07:34:18.513   645 26245 D tsf_core: [TsfCore] constructor
01-07 07:34:18.515   508   508 D lights  : write_int open fd=7 val=594
01-07 07:34:18.516   506 16050 I hwcomposer: [HWCDisplay] [Display_0 (type:1)] fps:0.074157,dur:148333.24,max:148131.82,min:11.01  
01-07 07:34:18.518  1223  1419 D LightsService: setLight_native before lucid change brightness=98
01-07 07:34:18.519   508   508 D lights  : write_int open fd=7 val=610
01-07 07:34:18.520   644   644 I Gyroscope: batch: handle:3, flag:0,samplingPeriodNs:20000000 maxBatchReportLatencyNs:0
01-07 07:34:18.522   644   644 I Gyroscope: enable: handle:3, en:1
01-07 07:34:18.522   658   845 D AAL     : onBacklightChanged: 0/1023 -> 610/1023(phy:610/4095)
01-07 07:34:18.523   658   845 D AAL     : onBacklightChanged: change screen state 0(Off) -> 3(On)
01-07 07:34:18.523   658   845 D AALLightSensor: AALLightSensor setEnabled 0-->0
01-07 07:34:18.523   658   844 D PQ      : ccorr table index=0
01-07 07:34:18.523   658   844 D PQ      : [PQ_SERVICE] setPQParamWithFilter configFlag: 1
01-07 07:34:18.524   645 26246 I Drv/HWsync: Drv/HWsync[init] +, user&cnt(HW_SYNC_USER_HALSENSOR,1),srIdxNum(0)
01-07 07:34:18.527   644   644 I Accelerometer: batch: handle:0, flag:0,samplingPeriodNs:20000000 maxBatchReportLatencyNs:0
01-07 07:34:18.530   644   644 I Accelerometer: flush, flushCnt:1
01-07 07:34:18.530   645 26245 D         : skinCompatible Sub ae black 1 suplly
01-07 07:34:18.533  1430  1430 D FaceUnlockView:  mNowToUnlock = true isPowerMode = false isSecure = true mIsKeyguardGesture = false isFpUnlockSucceed = false mIsFringerDetected = false isFirstBoot = false isSecurityTime = false mOccluded =false isBikeModeEnable =false isShowingAndNotOccluded = true isKeyguard = true smartLockState = false mLockedTimeout = false isSimPinSecure = false
01-07 07:34:18.535   645 26245 I mtkcam-DeviceAdapter: 1[HalDeviceAdapter::powerOn] 3A notifyPowerOn
01-07 07:34:18.536   645 26245 I mtkcam-DeviceAdapter: 1[HalDeviceAdapter::powerOn] powerOn -
01-07 07:34:18.536  4285 26193 D AdvertisingIdClient: AdvertisingIdClient already created.
01-07 07:34:18.536   645 11639 I mtkcam-dev3: [1-session::onConfigureStreamsLocked] performanceFlow into -> onConfigureStreamsLocked
01-07 07:34:18.536   645 11639 I mtkcam-pipelinemodel: [waitUntilOpenDone] performanceFlow into -> waitUntilOpenDone
01-07 07:34:18.536   645 11639 I mtkcam-pipelinemodel: [waitUntilOpenDone] performanceFlow out -> waitUntilOpenDone(ret:1)
01-07 07:34:18.536   645 11639 W mtkcam-AppStreamMgr: [1-ConfigHandler::checkStream] framework stream dataspace:0x08c20000(V0_JFIF|STANDARD_BT601_625|TRANSFER_SMPTE_170M|RANGE_FULL) {.v3_2 = {.id = 0, .streamType = OUTPUT, .width = 640, .height = 480, .format = YCBCR_420_888, .usage = CPU_READ_NEVER | CPU_READ_RARELY | CPU_READ_OFTEN | CPU_WRITE_NEVER (0x3), .dataSpace = UNKNOWN | STANDARD_UNSPECIFIED | STANDARD_BT601_625 | TRANSFER_UNSPECIFIED | TRANSFER_LINEAR | TRANSFER_SRGB | TRANSFER_SMPTE_170M | RANGE_UNSPECIFIED | RANGE_FULL | V0_JFIF (0x8c20000), .rotation = ROTATION_0}, .physicalCameraId = "", .bufferSize = 0}
01-07 07:34:18.537   645 11639 I mtkcam-AppStreamMgr: [1-FrameHandler::setOperationMode] operationMode change: 0xffffffff -> 0
01-07 07:34:18.538  1430  1430 D FaceUnlockView: setFaceIcon isNowUnlock() = true
01-07 07:34:18.540  4285 26193 I AdvertisingIdClient: shouldSendLog 622153928
01-07 07:34:18.540  4285 26193 I AdvertisingIdClient: GetInfoInternal elapse 3ms
01-07 07:34:18.541   645 11639 I mtkcam-AppStreamMgr: stream id len : 0
01-07 07:34:18.541   645 11639 I mtkcam-AppStreamMgr: [1-ConfigHandler::operator()] [addFrameDuration] format:35 size:640x480 min_duration:33333333, stall_duration:0
01-07 07:34:18.544   645 11639 W mtkcam-PipelineModelSession-Factory: isdualcalimode is null
01-07 07:34:18.545  1430  1430 D FaceUnlockView:  mNowToUnlock = true isPowerMode = false isSecure = true mIsKeyguardGesture = false isFpUnlockSucceed = false mIsFringerDetected = false isFirstBoot = false isSecurityTime = false mOccluded =false isBikeModeEnable =false isShowingAndNotOccluded = true isKeyguard = true smartLockState = false mLockedTimeout = false isSimPinSecure = false
01-07 07:34:18.545 26216 26216 V KeyguardGestureManager: registerReceiver
01-07 07:34:18.547 26216 26216 D KeyguardGestureManager: handlePhoneStateChanged() - mPhoneState = 0
01-07 07:34:18.547 26216 26216 D KeyguardGestureManager: registerPSensor mIsRegister = false
01-07 07:34:18.548 26216 26257 D KeyguardGestureManager: registerPSensor registerListener
01-07 07:34:18.549  1430  1430 D FaceUnlockView: setFaceRunningState: 2
01-07 07:34:18.549  1430  1430 D AnimationContainer: start mIsRunning = false
01-07 07:34:18.550  1430  1430 D KeyguardViewMediator10.0.1.157: handleNotifyScreenTurnedOn
01-07 07:34:18.553  1430  1430 D FaceUnlockView: onScreenTurnedOn...
01-07 07:34:18.553  1430  1430 D TrClockView: onScreenTurnedOn updateTime
01-07 07:34:18.555  1430  1430 D TrClockView: onScreenTurnedOn updateTime
01-07 07:34:18.555   645 11639 I mtkcam-FeatureSettingPolicy: [FeatureSettingPolicy] (0x77c4e35520) ctor, openId(1), sensors_count(1), is_dual_cam(0)
01-07 07:34:18.555  1430  1430 D BiometricUnlockController: reset Fp Failed Attempts on Screen Turned On
01-07 07:34:18.556   645 11639 W HDRPolicyHelper: [getHDRHalMode] WRN(  225):Sensor capability mismatch!metadata(0x2),HDR_Support(0)
01-07 07:34:18.557  1430  1430 D BiometricUnlockController: onFinishedWakingUp = false, isKeyguardShow = true, canSkipBouncer = false, isFpUnLockscreen = false
01-07 07:34:18.558   644   644 I Proximity: batch: handle:7, flag:0,samplingPeriodNs:200000000 maxBatchReportLatencyNs:0
01-07 07:34:18.559  2999  2999 I SpeechToTextAccessibili: accessibilityEvent: EventType: TYPE_WINDOW_CONTENT_CHANGED; EventTime: 498477479; PackageName: com.android.systemui; MovementGranularity: 0; Action: 0; ContentChangeTypes: [CONTENT_CHANGE_TYPE_SUBTREE, CONTENT_CHANGE_TYPE_TEXT, CONTENT_CHANGE_TYPE_CONTENT_DESCRIPTION]; WindowChangeTypes: [] [ ClassName: android.widget.FrameLayout; Text: []; ContentDescription: null; ItemCount: -1; CurrentItemIndex: -1; Enabled: true; Password: false; Checked: false; FullScreen: false; Scrollable: false; BeforeText: null; FromIndex: -1; ToIndex: -1; ScrollX: -1; ScrollY: -1; MaxScrollX: -1; MaxScrollY: -1; AddedCount: -1; RemovedCount: -1; ParcelableData: null ]; recordCount: 0
01-07 07:34:18.559   645 11639 I mtkcam-PipelineModelSession-Factory: [decidePipelineModelSession] Default
01-07 07:34:18.560  2999  2999 I SpeechToTextAccessibili: accessibilityEvent: EventType: TYPE_VIEW_SELECTED; EventTime: 498477480; PackageName: com.android.systemui; MovementGranularity: 0; Action: 0; ContentChangeTypes: []; WindowChangeTypes: [] [ ClassName: android.widget.TextView; Text: [MTN NG
01-07 07:34:18.560  2999  2999 I SpeechToTextAccessibili: Airtel NG]; ContentDescription: null; ItemCount: -1; CurrentItemIndex: -1; Enabled: true; Password: false; Checked: false; FullScreen: false; Scrollable: false; BeforeText: null; FromIndex: -1; ToIndex: -1; ScrollX: -1; ScrollY: -1; MaxScrollX: -1; MaxScrollY: -1; AddedCount: -1; RemovedCount: -1; ParcelableData: null ]; recordCount: 0
01-07 07:34:18.561   644   644 I Proximity: enable: handle:7, en:1 
01-07 07:34:18.561   644   820 I Proximity: distance = 2
01-07 07:34:18.563 26216 26216 D KeyguardGestureManager: onSensorChanged distance:10.0  mProximityThreshold:1.0
01-07 07:34:18.563  1607  1607 D ServiceStateProvider: subId=1
01-07 07:34:18.567   645 11639 I mtkcam-FeatureSettingPolicy: [evaluateZslConfiguration] MTK_CONTROL_CAPTURE_DEFAULT_ZSL_MODE has no effect : mbEnableDefaultZslMode(0)
01-07 07:34:18.572   645 11639 I mtkcam-customer_scenario_mgr: [customer_get_features_table_by_scenario] find features for scenario(1 : MTK_CAMERA_SCENARIO_CAPTURE_NORMAL) in logical map
01-07 07:34:18.572   645 11639 I mtkcam-FeatureSettingPolicy: [evaluateCaptureConfiguration] scenario(MTK_CAMERA_SCENARIO_CAPTURE_NORMAL) support feature:MTK_FEATURE_AIHDR(0x2000000), feature combination:MTK_FEATURE_COMBINATION_AIHDR(0x20000000020c00f0)
01-07 07:34:18.572   645 11639 I mtkcam-FeatureSettingPolicy: [evaluateCaptureConfiguration] scenario(MTK_CAMERA_SCENARIO_CAPTURE_NORMAL) support feature:TP_FEATURE_HDR(0x100000000), feature combination:MTK_FEATURE_COMBINATION_HDR(0x30000001000c00f0)
01-07 07:34:18.572   645 11639 I mtkcam-FeatureSettingPolicy: [evaluateCaptureConfiguration] scenario(MTK_CAMERA_SCENARIO_CAPTURE_NORMAL) support feature:MTK_FEATURE_AINR(0x4000), feature combination:MTK_FEATURE_COMBINATION_AINR(0x20000000000c40f0)
01-07 07:34:18.572   645 11639 I mtkcam-FeatureSettingPolicy: [evaluateCaptureConfiguration] scenario(MTK_CAMERA_SCENARIO_CAPTURE_NORMAL) support feature:TRAN_FEATURE_MULT(0x4000000000000000), feature combination:MTK_FEATURE_COMBINATION_TRANMULT(0x7000000000000000)
01-07 07:34:18.572   645 11639 I mtkcam-FeatureSettingPolicy: [evaluateCaptureConfiguration] scenario(MTK_CAMERA_SCENARIO_CAPTURE_NORMAL) support feature:TRAN_FEATURE_YUVSUPERLIGHT(0x200000000000000), feature combination:TRAN_YUV_SUPER_LIGHT_COMBINATION_TRANMULT(0x3200000000000000)
01-07 07:34:18.572   645 11639 I mtkcam-FeatureSettingPolicy: [evaluateCaptureConfiguration] scenario(MTK_CAMERA_SCENARIO_CAPTURE_NORMAL) support feature:MTK_FEATURE_MFNR(0x1), feature combination:MTK_FEATURE_COMBINATION_MFNR(0x30000000000c00f1)
01-07 07:34:18.572   645 11639 I mtkcam-FeatureSettingPolicy: [evaluateCaptureConfiguration] scenario(MTK_CAMERA_SCENARIO_CAPTURE_NORMAL) support feature:MTK_FEATURE_REMOSAIC(0x4), feature combination:MTK_FEATURE_COMBINATION_REMOSAIC(0xc00f4)
01-07 07:34:18.572   645 11639 I mtkcam-FeatureSettingPolicy: [evaluateCaptureConfiguration] scenario(MTK_CAMERA_SCENARIO_CAPTURE_NORMAL) support feature:NO_FEATURE_NORMAL(0), feature combination:MTK_FEATURE_COMBINATION_SINGLE(0x30000000000c00f0)
01-07 07:34:18.572   645 11639 I mtkcam-FeatureSettingPolicy: [getCaptureProvidersByScenarioFeatures] support features:0x72000001020c40f5 uniqueKey:63418557 isPhysical 0
01-07 07:34:18.575   645 11639 I MtkCam/ppl_plugin: [PipelinePlugin] MultiFrame: ctor(0x771b723298)
01-07 07:34:18.575   645 11639 I MtkCam/ppl_plugin: [getInstance] MultiFrame: create plugin(0x771b723298), hash:63418557, uniqueKey:63418557
01-07 07:34:18.582  4093  4093 D BoundBrokerSvc: onRebind: Intent { act=com.google.android.gms.presencemanager.service.START dat=chimera-action: cmp=com.google.android.gms/.chimera.PersistentApiService }
01-07 07:34:18.586   645 11639 I MtkCam/ppl_plugin: [PipelinePlugin] Raw: ctor(0x771b444ed8)
01-07 07:34:18.586   645 11639 I MtkCam/ppl_plugin: [getInstance] Raw: create plugin(0x771b444ed8), hash:63418557, uniqueKey:63418557
01-07 07:34:18.586   645 11639 I MtkCam/ppl_plugin: [PipelinePlugin] Yuv: ctor(0x771b444cf8)
01-07 07:34:18.586   645 11639 I MtkCam/ppl_plugin: [getInstance] Yuv: create plugin(0x771b444cf8), hash:63418557, uniqueKey:63418557
01-07 07:34:18.586  4093  4093 D BoundBrokerSvc: onRebind: Intent { act=com.google.android.gms.presencemanager.service.INTERNAL_IDENTITY dat=chimera-action: cmp=com.google.android.gms/.chimera.PersistentApiService }
01-07 07:34:18.587   644   820 I Accelerometer: flush complete, flushCnt:0
01-07 07:34:18.587   645 11639 I mtkcam-FeatureSettingPolicy: [evaluateCaptureConfiguration] out->CaptureParams:{ .additionalHalP1OutputBufferNum={ .imgo=8 .rrzo=8 .lcso=8 .rsso=0 .scaledYuv=0 } .maxAppRaw16OutputBufferNum=2 .maxAppJpegStreamNum=6 .supportedScenarioFeatures=0x72000001020c40f5 }
01-07 07:34:18.587   645 11639 I mtkcam-FeatureSettingPolicy: [evaluateStreamConfiguration] set MdpTargetSize : dispSize(0x0), recSize(0x0), extraSize(640x480), largeSize(0x0)
01-07 07:34:18.588   645 11639 I mtkcam-customer_scenario_mgr: [customer_get_streaming_scenario] no dedicated scenario, normal scenario
01-07 07:34:18.588   645 11639 I mtkcam-customer_scenario_mgr: [customer_get_streaming_scenario] scenario:51
01-07 07:34:18.588   645 11639 I mtkcam-customer_scenario_mgr: [customer_get_features_table_by_scenario] find features for scenario(51 : MTK_CAMERA_SCENARIO_STREAMING_NORMAL) in logical map
01-07 07:34:18.588   645 11639 I mtkcam-customer_scenario_mgr: [customer_get_streaming_config] streaming scenario config, fixMarginList(0)
01-07 07:34:18.588   645 11639 I mtkcam-FeatureSettingPolicy: [evaluateStreamConfiguration] scenario(MTK_CAMERA_SCENARIO_STREAMING_NORMAL) support feature:NO_FEATURE_NORMAL(0), feature combination:MTK_FEATURE_COMBINATION_VIDEO_NORMAL(0x8000400c00602020)
01-07 07:34:18.588   645 11639 I mtkcam-FeatureSettingPolicy: [evaluateStreamConfiguration] support features:0x8000400c00602020, rrz ratio(1.000000), marginList(0), MdpTargetSize(640x480)
01-07 07:34:18.590   645 11639 I mtkcam-SensorSettingPolicy: [parseSensorParamsSetting] candidate [0] (2320x1744)@30  sensorMode:0(PREVIEW)
01-07 07:34:18.590   645 11639 I mtkcam-SensorSettingPolicy: [parseSensorParamsSetting] candidate [1] (2320x1744)@30  sensorMode:2(VIDEO)
01-07 07:34:18.590   645 11639 I mtkcam-SensorSettingPolicy: [parseSensorParamsSetting] candidate [2] (4640x3488)@30  sensorMode:1(CAPTURE)
01-07 07:34:18.590   645 11639 I mtkcam-SensorSettingPolicy: [parseSensorParamsSetting] candidate [3] (2320x1744)@30  sensorMode:3(SLIM_VIDEO1)
01-07 07:34:18.590   645 11639 I mtkcam-SensorSettingPolicy: [parseSensorParamsSetting] candidate [4] (1920x1080)@90  sensorMode:4(SLIM_VIDEO2)
01-07 07:34:18.590   645 11639 I mtkcam-SensorSettingPolicy: [parseSensorParamsSetting] candidate [6] (   0x0   )@0   sensorMode:5(CUSTOM1)
01-07 07:34:18.590   645 11639 I mtkcam-SensorSettingPolicy: [parseSensorParamsSetting] candidate [7] (   0x0   )@0   sensorMode:6(CUSTOM2)
01-07 07:34:18.590   645 11639 I mtkcam-SensorSettingPolicy: [parseSensorParamsSetting] candidate [8] (   0x0   )@0   sensorMode:7(CUSTOM3)
01-07 07:34:18.590   645 11639 I mtkcam-SensorSettingPolicy: [parseSensorParamsSetting] candidate [9] (2320x1744)@30  sensorMode:8(CUSTOM4)
01-07 07:34:18.590   645 11639 I mtkcam-SensorSettingPolicy: [parseSensorParamsSetting] candidate [10] (   0x0   )@0   sensorMode:9(CUSTOM5)
01-07 07:34:18.590   645 11639 I mtkcam-SensorSettingPolicy: [determineAlternativeMode] alt sensor mode: CUSTOM5 -> CUSTOM5
01-07 07:34:18.590   645 11639 I mtkcam-SensorSettingPolicy: [determineAlternativeMode] alt sensor mode: CUSTOM4 -> CUSTOM4
01-07 07:34:18.590   645 11639 I mtkcam-SensorSettingPolicy: [determineAlternativeMode] alt sensor mode: CUSTOM3 -> CUSTOM3
01-07 07:34:18.591   645 11639 I mtkcam-SensorSettingPolicy: [determineAlternativeMode] alt sensor mode: CUSTOM2 -> CUSTOM2
01-07 07:34:18.591   645 11639 I mtkcam-SensorSettingPolicy: [determineAlternativeMode] alt sensor mode: CUSTOM1 -> CUSTOM1
01-07 07:34:18.591   645 11639 I mtkcam-SensorSettingPolicy: [determineAlternativeMode] alt sensor mode: SLIM_VIDEO2 -> SLIM_VIDEO2
01-07 07:34:18.591   645 11639 I mtkcam-SensorSettingPolicy: [determineAlternativeMode] alt sensor mode: SLIM_VIDEO1 -> SLIM_VIDEO1
01-07 07:34:18.591   645 11639 I mtkcam-SensorSettingPolicy: [determineAlternativeMode] alt sensor mode: CAPTURE -> CAPTURE
01-07 07:34:18.591   645 11639 I mtkcam-SensorSettingPolicy: [determineAlternativeMode] alt sensor mode: VIDEO -> CAPTURE
01-07 07:34:18.591   645 11639 I mtkcam-SensorSettingPolicy: [determineAlternativeMode] alt sensor mode: PREVIEW -> CAPTURE
01-07 07:34:18.591   645 11639 W mtkcam-SensorSettingPolicy: [checktrancam_setting_sensor] tryGetMetadata istrancamonly is NULL
01-07 07:34:18.591   645 11639 I mtkcam-SensorSettingPolicy: [operator()] select preview mode
01-07 07:34:18.591   645 11639 I mtkcam-SensorSettingPolicy: select size(2320x1744)@30  sensorMode:0 hdrSensorMode:0 hdrHalMode:0, hfpsMode:0
01-07 07:34:18.591   645 11639 I mtkcam-P1HwSettingPolicy: [evaluateDeviceRawBitDepth] MTK_SENSOR_INFO_WHITE_LEVEL:1023 bitdepth:10
01-07 07:34:18.592  1607  1607 D ServiceStateProvider: subId=2
01-07 07:34:18.594   645 11639 E NormalPipe: [query] unsupport cmd(0x4000)
01-07 07:34:18.594   645 11639 E NormalPipe:  (query){#641:vendor/mediatek/proprietary/hardware/mtkcam/drv/src/isp/mt6768/iopipe/CamIO/NormalPipeModule.cpp}
01-07 07:34:18.594   645 11639 W MtkCam/HwInfoHelper: [quertMaxRrzoWidth] this platform not support ENPipeQueryCmd_MAX_PREVIEW_SIZE, use default value : 2560
01-07 07:34:18.594   645 11639 I mtkcam-P1HwSettingPolicy: [operator()] maxYuvStreamSize is too small(640x480)
01-07 07:34:18.594   645 11639 I mtkcam-P1HwSettingPolicy: [operator()] maxYuvStreamSize set rrzo to 1280x960
01-07 07:34:18.600   645 11639 I MtkCam/HwInfoHelper: [getImgoFmt] debug.camera.rawunpak = -1,  useUnpakFmt = 0
01-07 07:34:18.600   645 11639 I MtkCam/HwInfoHelper: [getImgoFmt] vendor.debug.camera.afraw = -1, don't use Af Raw
01-07 07:34:18.600   645 11639 D cam_capibitiliy: cam_capibitiliy[_queryXsize_imgo](  651)constraint: align xsize(2900/2904)