01-07 08:47:12.882 D/AAL     (  658): 01-07 08:47:12.815 BL= 772,ESS= 256, 01-07 08:47:12.831 BL= 773,ESS= 256, 01-07 08:47:12.848 BL= 774,ESS= 256, 01-07 08:47:12.865 BL= 775,ESS= 256, 01-07 08:47:12.882 BL= 776,ESS= 256, 
01-07 08:47:12.967 D/AAL     (  658): 01-07 08:47:12.899 BL= 777,ESS= 256, 01-07 08:47:12.916 BL= 778,ESS= 256, 01-07 08:47:12.933 BL= 779,ESS= 256, 01-07 08:47:12.950 BL= 780,ESS= 256, 01-07 08:47:12.967 BL= 781,ESS= 256, 
01-07 08:47:13.063 I/DeviceIdleController( 1223): updateChargingLocked: charging=true
01-07 08:47:13.063 I/DeviceIdleController( 1223): becomeActiveLocked, reason=charging, changeLightIdle=true
01-07 08:47:13.063 D/KeyguardUpdateMonitor( 1430): received broadcast android.intent.action.BATTERY_CHANGED
01-07 08:47:13.064 I/Hoffnung( 2856): onReceive Intent { act=android.intent.action.BATTERY_CHANGED flg=0x60000010 (has extras) }
01-07 08:47:13.065 D/KeyguardUpdateMonitor( 1430): handleBatteryUpdate
01-07 08:47:13.065 D/BatteryLabService( 8641): system is charging
01-07 08:47:13.066 D/XPC_BatteryChangedRcv( 6091): level: 80, remindValue: 15, status: 2
01-07 08:47:13.067 D/XPC_BatteryChangedRcv( 6091): isGameMode: false
01-07 08:47:13.067 D/XPC_BatteryChangedRcv( 6091): onReceive: false
01-07 08:47:13.067 D/XPC_BatteryChangedRcv( 6091): isGameMode: false
01-07 08:47:13.068 D/XPC_NotificationUtils( 6091): cancelNotification: 
01-07 08:47:13.068 D/XPC_BatteryChangedRcv( 6091): onReceive: battary on charge
01-07 08:47:13.068 D/AAL     (  658): 01-07 08:47:12.984 BL= 782,ESS= 256, 01-07 08:47:13.000 BL= 783,ESS= 256, 01-07 08:47:13.017 BL= 784,ESS= 256, 01-07 08:47:13.051 BL= 785,ESS= 256, 01-07 08:47:13.068 BL= 786,ESS= 256, 
01-07 08:47:13.091 I/BufferQueueProducer(  537): [StatusBar#0](this:0x72b7896800,id:6,api:1,p:1430,c:537) queueBuffer: fps=2.77 dur=2169.68 max=2004.39 min=15.07
01-07 08:47:13.096 I/hwcomposer(  506): [HWCDisplay] [Display_0 (type:1)] fps:12.762017,dur:2664.16,max:1994.38,min:13.34  
01-07 08:47:13.170 D/AAL     (  658): 01-07 08:47:13.085 BL= 787,ESS= 256, 01-07 08:47:13.102 BL= 788,ESS= 256, 01-07 08:47:13.119 BL= 789,ESS= 256, 01-07 08:47:13.136 BL= 790,ESS= 256, 01-07 08:47:13.170 BL= 791,ESS= 256, 
01-07 08:47:13.237 D/AAL     (  658): 01-07 08:47:13.171 BL= 792,ESS= 256, 01-07 08:47:13.186 BL= 793,ESS= 256, 01-07 08:47:13.203 BL= 794,ESS= 256, 01-07 08:47:13.220 BL= 795,ESS= 256, 01-07 08:47:13.237 BL= 796,ESS= 256, 
01-07 08:47:13.338 D/AAL     (  658): 01-07 08:47:13.271 BL= 797,ESS= 256, 01-07 08:47:13.288 BL= 798,ESS= 256, 01-07 08:47:13.305 BL= 799,ESS= 256, 01-07 08:47:13.321 BL= 800,ESS= 256, 01-07 08:47:13.338 BL= 801,ESS= 256, 
01-07 08:47:13.423 D/AAL     (  658): 01-07 08:47:13.355 BL= 802,ESS= 256, 01-07 08:47:13.372 BL= 803,ESS= 256, 01-07 08:47:13.389 BL= 804,ESS= 256, 01-07 08:47:13.406 BL= 805,ESS= 256, 01-07 08:47:13.423 BL= 806,ESS= 256, 
01-07 08:47:13.524 D/AAL     (  658): 01-07 08:47:13.440 BL= 807,ESS= 256, 01-07 08:47:13.457 BL= 808,ESS= 256, 01-07 08:47:13.491 BL= 809,ESS= 256, 01-07 08:47:13.507 BL= 810,ESS= 256, 01-07 08:47:13.524 BL= 811,ESS= 256, 
01-07 08:47:13.609 D/AAL     (  658): 01-07 08:47:13.541 BL= 812,ESS= 256, 01-07 08:47:13.558 BL= 813,ESS= 256, 01-07 08:47:13.575 BL= 814,ESS= 256, 01-07 08:47:13.592 BL= 815,ESS= 256, 01-07 08:47:13.609 BL= 816,ESS= 256, 
01-07 08:47:13.693 D/AAL     (  658): 01-07 08:47:13.626 BL= 817,ESS= 256, 01-07 08:47:13.643 BL= 818,ESS= 256, 01-07 08:47:13.660 BL= 819,ESS= 256, 01-07 08:47:13.676 BL= 820,ESS= 256, 01-07 08:47:13.693 BL= 821,ESS= 256, 
01-07 08:47:13.795 D/AAL     (  658): 01-07 08:47:13.727 BL= 822,ESS= 256, 01-07 08:47:13.744 BL= 823,ESS= 256, 01-07 08:47:13.761 BL= 824,ESS= 256, 01-07 08:47:13.778 BL= 825,ESS= 256, 01-07 08:47:13.795 BL= 826,ESS= 256, 
01-07 08:47:13.879 D/AAL     (  658): 01-07 08:47:13.812 BL= 827,ESS= 256, 01-07 08:47:13.828 BL= 828,ESS= 256, 01-07 08:47:13.845 BL= 829,ESS= 256, 01-07 08:47:13.862 BL= 830,ESS= 256, 01-07 08:47:13.879 BL= 831,ESS= 256, 
01-07 08:47:13.981 D/AAL     (  658): 01-07 08:47:13.896 BL= 832,ESS= 256, 01-07 08:47:13.913 BL= 833,ESS= 256, 01-07 08:47:13.947 BL= 834,ESS= 256, 01-07 08:47:13.964 BL= 835,ESS= 256, 01-07 08:47:13.981 BL= 836,ESS= 256, 
01-07 08:47:14.065 D/AAL     (  658): 01-07 08:47:13.997 BL= 837,ESS= 256, 01-07 08:47:14.014 BL= 838,ESS= 256, 01-07 08:47:14.031 BL= 839,ESS= 256, 01-07 08:47:14.048 BL= 840,ESS= 256, 01-07 08:47:14.065 BL= 841,ESS= 256, 
01-07 08:47:14.072 D/XPC_PowerSaveUtils( 6091): isUltraPowerOn(context) isOn=false
01-07 08:47:14.073 D/XPC_PowerSaveUtils( 6091): getConfigCurrent isUltraModeOn:false
01-07 08:47:14.073 D/XPC_PowerSaveUtils( 6091): config details is : bright->93wifiEnable-> falsewifiApEnable->truebtEnable->falsedataEnable->truegpsEnable->falsethreeGEnable->trueautoSyncEnable->trueisScreenModeOn->falseisUltraModeOn->falseisBatterySaverOn->false
01-07 08:47:14.073 D/XPC_PowerSaveUtils( 6091): getConfigCurrent current:37.400000000000006
01-07 08:47:14.074 D/XPC_PowerSaveUtils( 6091): hours:12,min:48
01-07 08:47:14.167 D/AAL     (  658): 01-07 08:47:14.082 BL= 842,ESS= 256, 01-07 08:47:14.099 BL= 843,ESS= 256, 01-07 08:47:14.116 BL= 844,ESS= 256, 01-07 08:47:14.133 BL= 845,ESS= 256, 01-07 08:47:14.167 BL= 846,ESS= 256, 
01-07 08:47:14.251 D/AAL     (  658): 01-07 08:47:14.183 BL= 847,ESS= 256, 01-07 08:47:14.200 BL= 848,ESS= 256, 01-07 08:47:14.217 BL= 849,ESS= 256, 01-07 08:47:14.234 BL= 850,ESS= 256, 01-07 08:47:14.251 BL= 851,ESS= 256, 
01-07 08:47:14.311 I/TranPhoneSwitcher( 1607): mDefaultsign:4subid :1
01-07 08:47:14.314 I/MWN     ( 1223): Write 0 to node. type=4G mSimExist=true mFlightMode=false
01-07 08:47:14.336 D/AAL     (  658): 01-07 08:47:14.268 BL= 852,ESS= 256, 01-07 08:47:14.285 BL= 853,ESS= 256, 01-07 08:47:14.302 BL= 854,ESS= 256, 01-07 08:47:14.319 BL= 855,ESS= 256, 01-07 08:47:14.336 BL= 856,ESS= 256, 
01-07 08:47:14.437 D/AAL     (  658): 01-07 08:47:14.352 BL= 857,ESS= 256, 01-07 08:47:14.369 BL= 858,ESS= 256, 01-07 08:47:14.403 BL= 859,ESS= 256, 01-07 08:47:14.420 BL= 860,ESS= 256, 01-07 08:47:14.437 BL= 861,ESS= 256, 
01-07 08:47:14.521 D/AAL     (  658): 01-07 08:47:14.454 BL= 862,ESS= 256, 01-07 08:47:14.471 BL= 863,ESS= 256, 01-07 08:47:14.488 BL= 864,ESS= 256, 01-07 08:47:14.504 BL= 865,ESS= 256, 01-07 08:47:14.521 BL= 866,ESS= 256, 
01-07 08:47:14.623 D/AAL     (  658): 01-07 08:47:14.538 BL= 867,ESS= 256, 01-07 08:47:14.555 BL= 868,ESS= 256, 01-07 08:47:14.572 BL= 869,ESS= 256, 01-07 08:47:14.589 BL= 870,ESS= 256, 01-07 08:47:14.623 BL= 871,ESS= 256, 
01-07 08:47:14.630 D/AES     ( 1223): AEEIOCTL_GET/SET_SF_STATE IOCTL,cmd= 1074294797, lParam=0. 
01-07 08:47:14.631 D/AES     ( 1223): AEEIOCTL_RT_MON_Kick IOCTL,cmd= 2147774474, lParam=300. 
01-07 08:47:14.707 D/AAL     (  658): 01-07 08:47:14.640 BL= 872,ESS= 256, 01-07 08:47:14.656 BL= 873,ESS= 256, 01-07 08:47:14.673 BL= 874,ESS= 256, 01-07 08:47:14.690 BL= 875,ESS= 256, 01-07 08:47:14.707 BL= 876,ESS= 256, 
01-07 08:47:14.717 I/dnsmasq (31104): writepipe 9, pipepath pipe:[40627246]
01-07 08:47:14.718 I/dnsmasq (31104): readpipe 8, pipepath pipe:[40627246]
01-07 08:47:14.719 I/dnsmasq (31104): writepipe 9, pipepath pipe:[40627246]
01-07 08:47:14.720 I/dnsmasq (31104): readpipe 8, pipepath pipe:[40627246]
01-07 08:47:14.792 D/AAL     (  658): 01-07 08:47:14.724 BL= 877,ESS= 256, 01-07 08:47:14.741 BL= 878,ESS= 256, 01-07 08:47:14.758 BL= 879,ESS= 256, 01-07 08:47:14.775 BL= 880,ESS= 256, 01-07 08:47:14.792 BL= 881,ESS= 256, 
01-07 08:47:14.881 D/Griffin/ResourceTracker( 1223): Cat meminfo coast time: 9ms
01-07 08:47:14.893 D/AAL     (  658): 01-07 08:47:14.809 BL= 882,ESS= 256, 01-07 08:47:14.842 BL= 883,ESS= 256, 01-07 08:47:14.859 BL= 884,ESS= 256, 01-07 08:47:14.876 BL= 885,ESS= 256, 01-07 08:47:14.893 BL= 886,ESS= 256, 
01-07 08:47:14.977 D/AAL     (  658): 01-07 08:47:14.910 BL= 887,ESS= 256, 01-07 08:47:14.927 BL= 888,ESS= 256, 01-07 08:47:14.944 BL= 889,ESS= 256, 01-07 08:47:14.961 BL= 890,ESS= 256, 01-07 08:47:14.977 BL= 891,ESS= 256, 
01-07 08:47:15.079 D/AAL     (  658): 01-07 08:47:14.994 BL= 892,ESS= 256, 01-07 08:47:15.011 BL= 893,ESS= 256, 01-07 08:47:15.028 BL= 894,ESS= 256, 01-07 08:47:15.045 BL= 895,ESS= 256, 01-07 08:47:15.079 BL= 896,ESS= 256, 
01-07 08:47:15.164 D/AAL     (  658): 01-07 08:47:15.096 BL= 897,ESS= 256, 01-07 08:47:15.113 BL= 898,ESS= 256, 01-07 08:47:15.130 BL= 899,ESS= 256, 01-07 08:47:15.147 BL= 900,ESS= 256, 01-07 08:47:15.163 BL= 901,ESS= 256, 
01-07 08:47:15.248 D/AAL     (  658): 01-07 08:47:15.180 BL= 902,ESS= 256, 01-07 08:47:15.197 BL= 903,ESS= 256, 01-07 08:47:15.214 BL= 904,ESS= 256, 01-07 08:47:15.231 BL= 905,ESS= 256, 01-07 08:47:15.248 BL= 906,ESS= 256, 
01-07 08:47:15.350 D/AAL     (  658): 01-07 08:47:15.265 BL= 907,ESS= 256, 01-07 08:47:15.299 BL= 908,ESS= 256, 01-07 08:47:15.316 BL= 909,ESS= 256, 01-07 08:47:15.333 BL= 910,ESS= 256, 01-07 08:47:15.350 BL= 911,ESS= 256, 
01-07 08:47:15.352 I/OtherSimPSListener( 1607): mOthersign:3subid :2
01-07 08:47:15.434 D/AAL     (  658): 01-07 08:47:15.366 BL= 912,ESS= 256, 01-07 08:47:15.383 BL= 913,ESS= 256, 01-07 08:47:15.400 BL= 914,ESS= 256, 01-07 08:47:15.417 BL= 915,ESS= 256, 01-07 08:47:15.434 BL= 916,ESS= 256, 
01-07 08:47:15.455 W/ocessService0:( 3475): Reducing the number of considered missed Gc histogram windows from 147 to 100
01-07 08:47:15.535 D/AAL     (  658): 01-07 08:47:15.451 BL= 917,ESS= 256, 01-07 08:47:15.468 BL= 918,ESS= 256, 01-07 08:47:15.485 BL= 919,ESS= 256, 01-07 08:47:15.518 BL= 920,ESS= 256, 01-07 08:47:15.535 BL= 921,ESS= 256, 
01-07 08:47:15.603 I/BufferQueueProducer(  537): [com.android.chrome/org.chromium.chrome.browser.customtabs.CustomTabActivity#0](this:0x72d498f800,id:29831,api:1,p:20647,c:537) queueBuffer: fps=1.99 dur=5026.29 max=4829.23 min=5.09
01-07 08:47:15.614 I/hwcomposer(  506): [HWCDisplay] [Display_0 (type:1)] fps:0.397078,dur:2518.40,max:2518.40,min:2518.40  
01-07 08:47:15.620 D/AAL     (  658): 01-07 08:47:15.552 BL= 922,ESS= 256, 01-07 08:47:15.569 BL= 923,ESS= 256, 01-07 08:47:15.586 BL= 924,ESS= 256, 01-07 08:47:15.603 BL= 925,ESS= 256, 01-07 08:47:15.620 BL= 926,ESS= 256, 
01-07 08:47:15.704 D/AAL     (  658): 01-07 08:47:15.636 BL= 927,ESS= 256, 01-07 08:47:15.653 BL= 928,ESS= 256, 01-07 08:47:15.670 BL= 929,ESS= 256, 01-07 08:47:15.687 BL= 930,ESS= 256, 01-07 08:47:15.704 BL= 931,ESS= 256, 
01-07 08:47:15.805 D/AAL     (  658): 01-07 08:47:15.721 BL= 932,ESS= 256, 01-07 08:47:15.755 BL= 933,ESS= 256, 01-07 08:47:15.772 BL= 934,ESS= 256, 01-07 08:47:15.789 BL= 935,ESS= 256, 01-07 08:47:15.805 BL= 936,ESS= 256, 
01-07 08:47:15.890 D/AAL     (  658): 01-07 08:47:15.822 BL= 937,ESS= 256, 01-07 08:47:15.839 BL= 938,ESS= 256, 01-07 08:47:15.856 BL= 939,ESS= 256, 01-07 08:47:15.873 BL= 940,ESS= 256, 01-07 08:47:15.890 BL= 941,ESS= 256, 
01-07 08:47:15.991 D/AAL     (  658): 01-07 08:47:15.907 BL= 942,ESS= 256, 01-07 08:47:15.924 BL= 943,ESS= 256, 01-07 08:47:15.941 BL= 944,ESS= 256, 01-07 08:47:15.974 BL= 945,ESS= 256, 01-07 08:47:15.991 BL= 946,ESS= 256, 
01-07 08:47:16.094 I/BufferQueueProducer(  537): [StatusBar#0](this:0x72b7896800,id:6,api:1,p:1430,c:537) queueBuffer: fps=0.33 dur=3003.91 max=3003.91 min=3003.91
01-07 08:47:16.667 D/AAL     (  658): 01-07 08:47:16.008 BL= 947,ESS= 256, 
01-07 08:47:17.030 I/TranPhoneSwitcher( 1607): mDefaultsign:4subid :1
01-07 08:47:17.033 I/MWN     ( 1223): Write 0 to node. type=4G mSimExist=true mFlightMode=false
01-07 08:47:17.158 I/BufferQueueProducer(  537): [com.android.chrome/org.chromium.chrome.browser.customtabs.CustomTabActivity#0](this:0x72d498f800,id:29831,api:1,p:20647,c:537) queueBuffer: fps=20.58 dur=1554.64 max=1034.27 min=12.79
01-07 08:47:17.168 I/hwcomposer(  506): [HWCDisplay] [Display_0 (type:1)] fps:20.587585,dur:1554.33,max:1031.87,min:15.26  
01-07 08:47:18.151 I/thermal_repeater(  650): [recvMdThermalInfo] ret=27, strLen=127,  3, 55, 5, -28361, 32767, 0
01-07 08:47:18.604 I/SpeechToTextAccessibili( 2999): accessibilityEvent: EventType: TYPE_WINDOW_CONTENT_CHANGED; EventTime: 502696483; PackageName: com.android.chrome; MovementGranularity: 0; Action: 0; ContentChangeTypes: [CONTENT_CHANGE_TYPE_TEXT]; WindowChangeTypes: [] [ ClassName: android.widget.FrameLayout; Text: []; ContentDescription: null; ItemCount: -1; CurrentItemIndex: -1; Enabled: true; Password: false; Checked: false; FullScreen: false; Scrollable: false; BeforeText: null; FromIndex: -1; ToIndex: -1; ScrollX: -1; ScrollY: -1; MaxScrollX: -1; MaxScrollY: -1; AddedCount: -1; RemovedCount: -1; ParcelableData: null ]; recordCount: 0
01-07 08:47:18.604 I/SpeechToTextAccessibili( 2999): accessibilityEvent: EventType: TYPE_VIEW_SELECTED; EventTime: 502696484; PackageName: com.android.chrome; MovementGranularity: 0; Action: 0; ContentChangeTypes: []; WindowChangeTypes: [] [ ClassName: android.widget.ProgressBar; Text: []; ContentDescription: null; ItemCount: 100; CurrentItemIndex: 20; Enabled: true; Password: false; Checked: false; FullScreen: false; Scrollable: false; BeforeText: null; FromIndex: -1; ToIndex: -1; ScrollX: -1; ScrollY: -1; MaxScrollX: -1; MaxScrollY: -1; AddedCount: -1; RemovedCount: -1; ParcelableData: null ]; recordCount: 0
01-07 08:47:18.627 I/BufferQueueProducer(  537): [com.android.chrome/org.chromium.chrome.browser.customtabs.CustomTabActivity#0](this:0x72d498f800,id:29831,api:1,p:20647,c:537) queueBuffer: fps=8.85 dur=1468.95 max=1270.42 min=14.69
01-07 08:47:18.639 I/hwcomposer(  506): [HWCDisplay] [Display_0 (type:1)] fps:8.840611,dur:1470.49,max:1269.10,min:15.80  
01-07 08:47:18.682 I/netd    (  491): trafficSwapActiveStatsMap() <0.32ms>
01-07 08:47:18.704 I/SpeechToTextAccessibili( 2999): accessibilityEvent: EventType: TYPE_WINDOW_CONTENT_CHANGED; EventTime: 502696583; PackageName: com.android.chrome; MovementGranularity: 0; Action: 0; ContentChangeTypes: [CONTENT_CHANGE_TYPE_SUBTREE]; WindowChangeTypes: [] [ ClassName: android.widget.TextView; Text: []; ContentDescription: null; ItemCount: -1; CurrentItemIndex: -1; Enabled: false; Password: false; Checked: false; FullScreen: false; Scrollable: false; BeforeText: null; FromIndex: -1; ToIndex: -1; ScrollX: -1; ScrollY: -1; MaxScrollX: -1; MaxScrollY: -1; AddedCount: -1; RemovedCount: -1; ParcelableData: null ]; recordCount: 0
01-07 08:47:18.708 I/SpeechToTextAccessibili( 2999): accessibilityEvent: EventType: TYPE_VIEW_SELECTED; EventTime: 502696588; PackageName: com.android.chrome; MovementGranularity: 0; Action: 0; ContentChangeTypes: []; WindowChangeTypes: [] [ ClassName: android.widget.ProgressBar; Text: []; ContentDescription: null; ItemCount: 100; CurrentItemIndex: 32; Enabled: true; Password: false; Checked: false; FullScreen: false; Scrollable: false; BeforeText: null; FromIndex: -1; ToIndex: -1; ScrollX: -1; ScrollY: -1; MaxScrollX: -1; MaxScrollY: -1; AddedCount: -1; RemovedCount: -1; ParcelableData: null ]; recordCount: 0
01-07 08:47:18.819 I/SpeechToTextAccessibili( 2999): accessibilityEvent: EventType: TYPE_VIEW_SELECTED; EventTime: 502696699; PackageName: com.android.chrome; MovementGranularity: 0; Action: 0; ContentChangeTypes: []; WindowChangeTypes: [] [ ClassName: android.widget.ProgressBar; Text: []; ContentDescription: null; ItemCount: 100; CurrentItemIndex: 46; Enabled: true; Password: false; Checked: false; FullScreen: false; Scrollable: false; BeforeText: null; FromIndex: -1; ToIndex: -1; ScrollX: -1; ScrollY: -1; MaxScrollX: -1; MaxScrollY: -1; AddedCount: -1; RemovedCount: -1; ParcelableData: null ]; recordCount: 0
01-07 08:47:18.962 I/SpeechToTextAccessibili( 2999): accessibilityEvent: EventType: TYPE_VIEW_SELECTED; EventTime: 502696840; PackageName: com.android.chrome; MovementGranularity: 0; Action: 0; ContentChangeTypes: []; WindowChangeTypes: [] [ ClassName: android.widget.ProgressBar; Text: []; ContentDescription: null; ItemCount: 100; CurrentItemIndex: 53; Enabled: true; Password: false; Checked: false; FullScreen: false; Scrollable: false; BeforeText: null; FromIndex: -1; ToIndex: -1; ScrollX: -1; ScrollY: -1; MaxScrollX: -1; MaxScrollY: -1; AddedCount: -1; RemovedCount: -1; ParcelableData: null ]; recordCount: 0
01-07 08:47:19.089 I/SpeechToTextAccessibili( 2999): accessibilityEvent: EventType: TYPE_VIEW_SELECTED; EventTime: 502696968; PackageName: com.android.chrome; MovementGranularity: 0; Action: 0; ContentChangeTypes: []; WindowChangeTypes: [] [ ClassName: android.widget.ProgressBar; Text: []; ContentDescription: null; ItemCount: 100; CurrentItemIndex: 59; Enabled: true; Password: false; Checked: false; FullScreen: false; Scrollable: false; BeforeText: null; FromIndex: -1; ToIndex: -1; ScrollX: -1; ScrollY: -1; MaxScrollX: -1; MaxScrollY: -1; AddedCount: -1; RemovedCount: -1; ParcelableData: null ]; recordCount: 0
01-07 08:47:19.182 I/cr_E2E_DCController(20647): setSafeAreaConstraint: false
01-07 08:47:19.205 I/SpeechToTextAccessibili( 2999): accessibilityEvent: EventType: TYPE_VIEW_SELECTED; EventTime: 502697084; PackageName: com.android.chrome; MovementGranularity: 0; Action: 0; ContentChangeTypes: []; WindowChangeTypes: [] [ ClassName: android.widget.ProgressBar; Text: []; ContentDescription: null; ItemCount: 100; CurrentItemIndex: 59; Enabled: true; Password: false; Checked: false; FullScreen: false; Scrollable: false; BeforeText: null; FromIndex: -1; ToIndex: -1; ScrollX: -1; ScrollY: -1; MaxScrollX: -1; MaxScrollY: -1; AddedCount: -1; RemovedCount: -1; ParcelableData: null ]; recordCount: 0
01-07 08:47:19.223 I/SpeechToTextAccessibili( 2999): accessibilityEvent: EventType: TYPE_WINDOW_CONTENT_CHANGED; EventTime: 502697102; PackageName: com.android.chrome; MovementGranularity: 0; Action: 0; ContentChangeTypes: []; WindowChangeTypes: [] [ ClassName: android.widget.FrameLayout; Text: []; ContentDescription: Web View; ItemCount: -1; CurrentItemIndex: -1; Enabled: true; Password: false; Checked: false; FullScreen: false; Scrollable: false; BeforeText: null; FromIndex: -1; ToIndex: -1; ScrollX: -1; ScrollY: -1; MaxScrollX: -1; MaxScrollY: -1; AddedCount: -1; RemovedCount: -1; ParcelableData: null ]; recordCount: 0
01-07 08:47:19.306 I/SpeechToTextAccessibili( 2999): accessibilityEvent: EventType: TYPE_VIEW_SELECTED; EventTime: 502697185; PackageName: com.android.chrome; MovementGranularity: 0; Action: 0; ContentChangeTypes: []; WindowChangeTypes: [] [ ClassName: android.widget.ProgressBar; Text: []; ContentDescription: null; ItemCount: 100; CurrentItemIndex: 69; Enabled: true; Password: false; Checked: false; FullScreen: false; Scrollable: false; BeforeText: null; FromIndex: -1; ToIndex: -1; ScrollX: -1; ScrollY: -1; MaxScrollX: -1; MaxScrollY: -1; AddedCount: -1; RemovedCount: -1; ParcelableData: null ]; recordCount: 0
01-07 08:47:19.371 D/AAL     (  658): 01-07 08:47:19.304 BL= 946,ESS= 256, 01-07 08:47:19.320 BL= 945,ESS= 256, 01-07 08:47:19.337 BL= 944,ESS= 256, 01-07 08:47:19.354 BL= 943,ESS= 256, 01-07 08:47:19.371 BL= 942,ESS= 256, 
01-07 08:47:19.472 D/AAL     (  658): 01-07 08:47:19.388 BL= 941,ESS= 256, 01-07 08:47:19.422 BL= 940,ESS= 256, 01-07 08:47:19.439 BL= 939,ESS= 256, 01-07 08:47:19.455 BL= 938,ESS= 256, 01-07 08:47:19.472 BL= 937,ESS= 256, 
01-07 08:47:19.510 I/SpeechToTextAccessibili( 2999): accessibilityEvent: EventType: TYPE_WINDOW_CONTENT_CHANGED; EventTime: 502697389; PackageName: com.android.chrome; MovementGranularity: 0; Action: 0; ContentChangeTypes: []; WindowChangeTypes: [] [ ClassName: android.widget.FrameLayout; Text: []; ContentDescription: Web View; ItemCount: -1; CurrentItemIndex: -1; Enabled: true; Password: false; Checked: false; FullScreen: false; Scrollable: false; BeforeText: null; FromIndex: -1; ToIndex: -1; ScrollX: -1; ScrollY: -1; MaxScrollX: -1; MaxScrollY: -1; AddedCount: -1; RemovedCount: -1; ParcelableData: null ]; recordCount: 0
01-07 08:47:19.511 I/SpeechToTextAccessibili( 2999): accessibilityEvent: EventType: TYPE_WINDOW_CONTENT_CHANGED; EventTime: 502697390; PackageName: com.android.chrome; MovementGranularity: 0; Action: 0; ContentChangeTypes: []; WindowChangeTypes: [] [ ClassName: android.widget.FrameLayout; Text: []; ContentDescription: Web View; ItemCount: -1; CurrentItemIndex: -1; Enabled: true; Password: false; Checked: false; FullScreen: false; Scrollable: false; BeforeText: null; FromIndex: -1; ToIndex: -1; ScrollX: -1; ScrollY: -1; MaxScrollX: -1; MaxScrollY: -1; AddedCount: -1; RemovedCount: -1; ParcelableData: null ]; recordCount: 0
01-07 08:47:19.511 I/SpeechToTextAccessibili( 2999): accessibilityEvent: EventType: TYPE_VIEW_FOCUSED; EventTime: 502697391; PackageName: com.android.chrome; MovementGranularity: 0; Action: 0; ContentChangeTypes: []; WindowChangeTypes: [] [ ClassName: android.webkit.WebView; Text: []; ContentDescription: null; ItemCount: 0; CurrentItemIndex: 0; Enabled: true; Password: false; Checked: false; FullScreen: false; Scrollable: true; BeforeText: null; FromIndex: -1; ToIndex: -1; ScrollX: 0; ScrollY: 0; MaxScrollX: 0; MaxScrollY: 112; AddedCount: -1; RemovedCount: -1; ParcelableData: null ]; recordCount: 0
01-07 08:47:19.516 I/SpeechToTextAccessibili( 2999): accessibilityEvent: EventType: TYPE_VIEW_ACCESSIBILITY_FOCUSED; EventTime: 502697392; PackageName: com.android.chrome; MovementGranularity: 0; Action: 0; ContentChangeTypes: []; WindowChangeTypes: [] [ ClassName: android.webkit.WebView; Text: []; ContentDescription: null; ItemCount: 0; CurrentItemIndex: 0; Enabled: true; Password: false; Checked: false; FullScreen: false; Scrollable: true; BeforeText: null; FromIndex: -1; ToIndex: -1; ScrollX: 0; ScrollY: 0; MaxScrollX: 0; MaxScrollY: 112; AddedCount: -1; RemovedCount: -1; ParcelableData: null ]; recordCount: 0
01-07 08:47:19.516 I/SpeechToTextAccessibili( 2999): accessibilityEvent: EventType: TYPE_WINDOW_CONTENT_CHANGED; EventTime: 502697392; PackageName: com.android.chrome; MovementGranularity: 0; Action: 0; ContentChangeTypes: [CONTENT_CHANGE_TYPE_SUBTREE]; WindowChangeTypes: [] [ ClassName: android.webkit.WebView; Text: []; ContentDescription: null; ItemCount: 0; CurrentItemIndex: 0; Enabled: true; Password: false; Checked: false; FullScreen: false; Scrollable: true; BeforeText: null; FromIndex: -1; ToIndex: -1; ScrollX: 0; ScrollY: 0; MaxScrollX: 0; MaxScrollY: 112; AddedCount: -1; RemovedCount: -1; ParcelableData: null ]; recordCount: 0
01-07 08:47:19.519 I/SpeechToTextAccessibili( 2999): accessibilityEvent: EventType: TYPE_WINDOWS_CHANGED; EventTime: 502697392; PackageName: null; MovementGranularity: 0; Action: 0; ContentChangeTypes: []; WindowChangeTypes: [WINDOWS_CHANGE_ACCESSIBILITY_FOCUSED] [ ClassName: null; Text: []; ContentDescription: null; ItemCount: -1; CurrentItemIndex: -1; Enabled: false; Password: false; Checked: false; FullScreen: false; Scrollable: false; BeforeText: null; FromIndex: -1; ToIndex: -1; ScrollX: -1; ScrollY: -1; MaxScrollX: -1; MaxScrollY: -1; AddedCount: -1; RemovedCount: -1; ParcelableData: null ]; recordCount: 0
01-07 08:47:19.528 D/BoundBrokerSvc( 4093): onRebind: Intent { act=com.google.android.gms.libs.gmscorelogger.service.START dat=chimera-action: cmp=com.google.android.gms/.chimera.PersistentDirectBootAwareApiService }
01-07 08:47:19.535 I/SpeechToTextAccessibili( 2999): accessibilityEvent: EventType: TYPE_VIEW_SELECTED; EventTime: 502697414; PackageName: com.android.chrome; MovementGranularity: 0; Action: 0; ContentChangeTypes: []; WindowChangeTypes: [] [ ClassName: android.widget.ProgressBar; Text: []; ContentDescription: null; ItemCount: 100; CurrentItemIndex: 80; Enabled: true; Password: false; Checked: false; FullScreen: false; Scrollable: false; BeforeText: null; FromIndex: -1; ToIndex: -1; ScrollX: -1; ScrollY: -1; MaxScrollX: -1; MaxScrollY: -1; AddedCount: -1; RemovedCount: -1; ParcelableData: null ]; recordCount: 0
01-07 08:47:19.557 D/AAL     (  658): 01-07 08:47:19.489 BL= 936,ESS= 256, 01-07 08:47:19.506 BL= 935,ESS= 256, 01-07 08:47:19.525 BL= 934,ESS= 256, 01-07 08:47:19.540 BL= 933,ESS= 256, 01-07 08:47:19.557 BL= 932,ESS= 256, 
01-07 08:47:19.611 I/SpeechToTextAccessibili( 2999): accessibilityEvent: EventType: TYPE_VIEW_SELECTED; EventTime: 502697490; PackageName: com.android.chrome; MovementGranularity: 0; Action: 0; ContentChangeTypes: []; WindowChangeTypes: [] [ ClassName: android.widget.ProgressBar; Text: []; ContentDescription: null; ItemCount: 100; CurrentItemIndex: 100; Enabled: true; Password: false; Checked: false; FullScreen: false; Scrollable: false; BeforeText: null; FromIndex: -1; ToIndex: -1; ScrollX: -1; ScrollY: -1; MaxScrollX: -1; MaxScrollY: -1; AddedCount: -1; RemovedCount: -1; ParcelableData: null ]; recordCount: 0
01-07 08:47:19.612 I/SpeechToTextAccessibili( 2999): accessibilityEvent: EventType: TYPE_WINDOW_CONTENT_CHANGED; EventTime: 502697491; PackageName: com.android.chrome; MovementGranularity: 0; Action: 0; ContentChangeTypes: [CONTENT_CHANGE_TYPE_SUBTREE]; WindowChangeTypes: [] [ ClassName: android.widget.ImageView; Text: []; ContentDescription: null; ItemCount: -1; CurrentItemIndex: -1; Enabled: true; Password: false; Checked: false; FullScreen: false; Scrollable: false; BeforeText: null; FromIndex: -1; ToIndex: -1; ScrollX: -1; ScrollY: -1; MaxScrollX: -1; MaxScrollY: -1; AddedCount: -1; RemovedCount: -1; ParcelableData: null ]; recordCount: 0
01-07 08:47:19.622 I/TranWmsFloatExt( 1223): getTbFloatWMExt sFloatWindowManagerExt: com.transsion.server.wm.TranWmsTbFloatWindowManagerExtImpl@4387ca6
01-07 08:47:19.628 I/BufferQueueProducer(  537): [com.android.chrome/org.chromium.chrome.browser.customtabs.CustomTabActivity#0](this:0x72d498f800,id:29831,api:1,p:20647,c:537) queueBuffer: fps=59.92 dur=1001.38 max=22.68 min=5.85
01-07 08:47:19.631 I/SpeechToTextAccessibili( 2999): accessibilityEvent: EventType: TYPE_WINDOW_CONTENT_CHANGED; EventTime: 502697508; PackageName: com.android.chrome; MovementGranularity: 0; Action: 0; ContentChangeTypes: [CONTENT_CHANGE_TYPE_SUBTREE]; WindowChangeTypes: [] [ ClassName: android.view.View; Text: []; ContentDescription: null; ItemCount: 0; CurrentItemIndex: 0; Enabled: true; Password: false; Checked: false; FullScreen: false; Scrollable: false; BeforeText: null; FromIndex: -1; ToIndex: -1; ScrollX: 0; ScrollY: 0; MaxScrollX: 0; MaxScrollY: 0; AddedCount: -1; RemovedCount: -1; ParcelableData: null ]; recordCount: 0
01-07 08:47:19.632 I/SpeechToTextAccessibili( 2999): accessibilityEvent: EventType: TYPE_WINDOW_CONTENT_CHANGED; EventTime: 502697509; PackageName: com.android.chrome; MovementGranularity: 0; Action: 0; ContentChangeTypes: [CONTENT_CHANGE_TYPE_SUBTREE]; WindowChangeTypes: [] [ ClassName: android.view.View; Text: []; ContentDescription: null; ItemCount: 0; CurrentItemIndex: 0; Enabled: true; Password: false; Checked: false; FullScreen: false; Scrollable: false; BeforeText: null; FromIndex: -1; ToIndex: -1; ScrollX: 0; ScrollY: 0; MaxScrollX: 0; MaxScrollY: 0; AddedCount: -1; RemovedCount: -1; ParcelableData: null ]; recordCount: 0
01-07 08:47:19.633 I/SpeechToTextAccessibili( 2999): accessibilityEvent: EventType: TYPE_WINDOW_CONTENT_CHANGED; EventTime: 502697509; PackageName: com.android.chrome; MovementGranularity: 0; Action: 0; ContentChangeTypes: [CONTENT_CHANGE_TYPE_SUBTREE]; WindowChangeTypes: [] [ ClassName: android.widget.Spinner; Text: []; ContentDescription: null; ItemCount: 0; CurrentItemIndex: 0; Enabled: true; Password: false; Checked: false; FullScreen: false; Scrollable: false; BeforeText: null; FromIndex: -1; ToIndex: -1; ScrollX: 0; ScrollY: 0; MaxScrollX: 0; MaxScrollY: 0; AddedCount: -1; RemovedCount: -1; ParcelableData: null ]; recordCount: 0
01-07 08:47:19.652 I/hwcomposer(  506): [HWCDisplay] [Display_0 (type:1)] fps:59.206882,dur:1013.40,max:18.10,min:15.26  
01-07 08:47:19.659 D/AAL     (  658): 01-07 08:47:19.574 BL= 931,ESS= 256, 01-07 08:47:19.591 BL= 930,ESS= 256, 01-07 08:47:19.608 BL= 929,ESS= 256, 01-07 08:47:19.625 BL= 928,ESS= 256, 01-07 08:47:19.659 BL= 927,ESS= 256, 
01-07 08:47:19.743 D/AAL     (  658): 01-07 08:47:19.675 BL= 926,ESS= 256, 01-07 08:47:19.692 BL= 925,ESS= 256, 01-07 08:47:19.709 BL= 924,ESS= 256, 01-07 08:47:19.726 BL= 923,ESS= 256, 01-07 08:47:19.743 BL= 922,ESS= 256, 
01-07 08:47:19.746 I/TranPhoneSwitcher( 1607): mDefaultsign:4subid :1
01-07 08:47:19.748 I/MWN     ( 1223): Write 0 to node. type=4G mSimExist=true mFlightMode=false
01-07 08:47:19.758 I/cr_Bluetooth(20647): ChromeBluetoothAdapter created with provided adapterWrapper.
01-07 08:47:19.769 D/BoundBrokerSvc( 4285): onBind: Intent { act=com.google.android.gms.fido.fido2.privileged.START pkg=com.google.android.gms }
01-07 08:47:19.769 D/BoundBrokerSvc( 4285): Loading bound service for intent: Intent { act=com.google.android.gms.fido.fido2.privileged.START pkg=com.google.android.gms }
01-07 08:47:19.822 I/SpeechToTextAccessibili( 2999): accessibilityEvent: EventType: TYPE_WINDOW_CONTENT_CHANGED; EventTime: 502697702; PackageName: com.android.chrome; MovementGranularity: 0; Action: 0; ContentChangeTypes: [CONTENT_CHANGE_TYPE_SUBTREE]; WindowChangeTypes: [] [ ClassName: android.widget.Spinner; Text: []; ContentDescription: null; ItemCount: 0; CurrentItemIndex: 0; Enabled: true; Password: false; Checked: false; FullScreen: false; Scrollable: false; BeforeText: null; FromIndex: -1; ToIndex: -1; ScrollX: 0; ScrollY: 0; MaxScrollX: 0; MaxScrollY: 0; AddedCount: -1; RemovedCount: -1; ParcelableData: null ]; recordCount: 0
01-07 08:47:19.827 D/AAL     (  658): 01-07 08:47:19.760 BL= 921,ESS= 256, 01-07 08:47:19.777 BL= 920,ESS= 256, 01-07 08:47:19.793 BL= 919,ESS= 256, 01-07 08:47:19.810 BL= 918,ESS= 256, 01-07 08:47:19.827 BL= 917,ESS= 256, 
01-07 08:47:19.888 D/Zygote  (20739): Forked child process 8687
01-07 08:47:19.891 I/ActivityManager( 1223): Start proc 8687:com.android.chrome:sandboxed_process0:org.chromium.content.app.SandboxedProcessService0:11/u0ai11 for  {com.android.chrome/org.chromium.content.app.SandboxedProcessService0:11}
01-07 08:47:19.901 E/cessService0:1( 8687): Not starting debugger since process cannot load the jdwp agent.
01-07 08:47:19.908 V/ActivityManager( 1223): New death recipient com.android.server.am.ActivityManagerService$AppDeathRecipient@48c94d8 for thread android.os.BinderProxy@c456031, pid:8687,mApp:null
01-07 08:47:19.909 D/os.ActivityManagerServiceLice( 1223): make process active com.android.chrome:sandboxed_process0:org.chromium.content.app.SandboxedProcessService0:11(8687)
01-07 08:47:19.916 E/libc    ( 8687): Access denied finding property "persist.vendor.sys.os.typeface.defaultfont.hash"
01-07 08:47:19.916 D/os.typeface( 8687): Already set agent. fontPath:null fontHash:
01-07 08:47:19.913 W/cessService0:11( 8687): type=1400 audit(0.0:205737): avc: denied { getattr } for path="/dev/__properties__/u:object_r:persist_transsion_os_typeface_support_prop:s0" dev="tmpfs" ino=339 scontext=u:r:isolated_app:s0:c512,c768 tcontext=u:object_r:persist_transsion_os_typeface_support_prop:s0 tclass=file permissive=0
01-07 08:47:19.913 W/cessService0:11( 8687): type=1400 audit(0.0:205738): avc: denied { getattr } for path="/dev/__properties__/u:object_r:persist_transsion_os_typeface_support_prop:s0" dev="tmpfs" ino=339 scontext=u:r:isolated_app:s0:c512,c768 tcontext=u:object_r:persist_transsion_os_typeface_support_prop:s0 tclass=file permissive=0
01-07 08:47:19.918 E/libc    ( 8687): Access denied finding property "persist.vendor.sys.os.typeface.defaultfont.hash"
01-07 08:47:19.918 D/os.typeface( 8687): Already set agent. fontPath:null fontHash:
01-07 08:47:19.926 E/libc    ( 8687): Access denied finding property "persist.vendor.sys.os.typeface.defaultfont.hash"
01-07 08:47:19.926 D/os.typeface( 8687): Already set agent. fontPath:null fontHash:
01-07 08:47:19.921 W/cessService0:11( 8687): type=1400 audit(0.0:205739): avc: denied { getattr } for path="/dev/__properties__/u:object_r:persist_transsion_os_typeface_support_prop:s0" dev="tmpfs" ino=339 scontext=u:r:isolated_app:s0:c512,c768 tcontext=u:object_r:persist_transsion_os_typeface_support_prop:s0 tclass=file permissive=0
01-07 08:47:19.929 D/AAL     (  658): 01-07 08:47:19.844 BL= 916,ESS= 256, 01-07 08:47:19.878 BL= 915,ESS= 256, 01-07 08:47:19.895 BL= 914,ESS= 256, 01-07 08:47:19.912 BL= 913,ESS= 256, 01-07 08:47:19.929 BL= 912,ESS= 256, 
01-07 08:47:19.933 I/cr_SplitCompatApp( 8687): version=143.0.7499.146 (749914633) minSdkVersion=29 processName=com.android.chrome:sandboxed_process0:org.chromium.content.app.SandboxedProcessService0:11 isIsolatedProcess=true splits=chrome,config.en,dev_ui,on_demand,stack_unwinder,test_dummy
01-07 08:47:19.940 I/LoadedApk( 8687): No resource references to update in package com.google.android.trichromelibrary
01-07 08:47:19.941 I/LoadedApk( 8687): No resource references to update in package com.transsion.theme.icon
01-07 08:47:19.944 I/cr_ChildProcessService( 8687): Creating new ChildProcessService pid=8687
01-07 08:47:19.952 W/linker  ( 8687): Warning: "/data/app/com.android.chrome-3mEotG93tfxkDBUl4FQgQQ==/base.apk!/lib/arm64-v8a/libchromium_android_linker.so" unused DT entry: unknown processor-specific (type 0x70000001 arg 0x0) (ignoring)
01-07 08:47:19.953 E/cr_ChromiumAndroidLinker( 8687): ReserveAddressWithHint: Address range starting at 0x7a8782d000 was not free to use
01-07 08:47:19.955 I/cr_LibraryLoader( 8687): Successfully loaded native library
01-07 08:47:19.957 I/cr_CachingUmaRecorder( 8687): Flushed 2 samples from 2 histograms, 0 samples were dropped.
01-07 08:47:19.958 W/chromium( 8687): [WARNING:content/app/android/content_main_android.cc:82] android_setCpu already initialized
01-07 08:47:20.014 D/AAL     (  658): 01-07 08:47:19.945 BL= 911,ESS= 256, 01-07 08:47:19.962 BL= 910,ESS= 256, 01-07 08:47:19.979 BL= 909,ESS= 256, 01-07 08:47:20.013 BL= 908,ESS= 256, 01-07 08:47:20.014 BL= 907,ESS= 256, 
01-07 08:47:20.115 D/AAL     (  658): 01-07 08:47:20.030 BL= 906,ESS= 256, 01-07 08:47:20.047 BL= 905,ESS= 256, 01-07 08:47:20.064 BL= 904,ESS= 256, 01-07 08:47:20.098 BL= 903,ESS= 256, 01-07 08:47:20.115 BL= 902,ESS= 256, 
01-07 08:47:20.199 D/AAL     (  658): 01-07 08:47:20.132 BL= 901,ESS= 256, 01-07 08:47:20.148 BL= 900,ESS= 256, 01-07 08:47:20.165 BL= 899,ESS= 256, 01-07 08:47:20.182 BL= 898,ESS= 256, 01-07 08:47:20.199 BL= 897,ESS= 256, 
01-07 08:47:20.283 D/AAL     (  658): 01-07 08:47:20.216 BL= 896,ESS= 256, 01-07 08:47:20.233 BL= 895,ESS= 256, 01-07 08:47:20.250 BL= 894,ESS= 256, 01-07 08:47:20.267 BL= 893,ESS= 256, 01-07 08:47:20.283 BL= 892,ESS= 256, 
01-07 08:47:20.385 D/AAL     (  658): 01-07 08:47:20.300 BL= 891,ESS= 256, 01-07 08:47:20.334 BL= 890,ESS= 256, 01-07 08:47:20.351 BL= 889,ESS= 256, 01-07 08:47:20.368 BL= 888,ESS= 256, 01-07 08:47:20.385 BL= 887,ESS= 256, 
01-07 08:47:20.429 I/SpeechToTextAccessibili( 2999): accessibilityEvent: EventType: TYPE_WINDOW_CONTENT_CHANGED; EventTime: 502698308; PackageName: com.android.chrome; MovementGranularity: 0; Action: 0; ContentChangeTypes: [CONTENT_CHANGE_TYPE_SUBTREE]; WindowChangeTypes: [] [ ClassName: android.view.View; Text: []; ContentDescription: null; ItemCount: 0; CurrentItemIndex: 0; Enabled: true; Password: false; Checked: false; FullScreen: false; Scrollable: false; BeforeText: null; FromIndex: -1; ToIndex: -1; ScrollX: 0; ScrollY: 0; MaxScrollX: 0; MaxScrollY: 0; AddedCount: -1; RemovedCount: -1; ParcelableData: null ]; recordCount: 0
01-07 08:47:20.439 W/chromium(20647): [WARNING:chrome/browser/media/prefs/capture_device_ranking.h:255] Can't initialize the value of media.audio_input.user_preference_ranking because media.default_audio_capture_device isn't registered or is empty
01-07 08:47:20.439 W/chromium(20647): [WARNING:chrome/browser/media/prefs/capture_device_ranking.h:255] Can't initialize the value of media.video_input.user_preference_ranking because media.default_video_capture_Device isn't registered or is empty
01-07 08:47:20.468 I/OtherSimPSListener( 1607): mOthersign:3subid :2
01-07 08:47:20.469 D/AAL     (  658): 01-07 08:47:20.402 BL= 886,ESS= 256, 01-07 08:47:20.419 BL= 885,ESS= 256, 01-07 08:47:20.436 BL= 884,ESS= 256, 01-07 08:47:20.452 BL= 883,ESS= 256, 01-07 08:47:20.469 BL= 882,ESS= 256, 
01-07 08:47:20.571 D/AAL     (  658): 01-07 08:47:20.486 BL= 881,ESS= 256, 01-07 08:47:20.503 BL= 880,ESS= 256, 01-07 08:47:20.520 BL= 879,ESS= 256, 01-07 08:47:20.554 BL= 878,ESS= 256, 01-07 08:47:20.571 BL= 877,ESS= 256, 
01-07 08:47:20.591 W/chromium(20647): [WARNING:chrome/browser/media/prefs/capture_device_ranking.h:255] Can't initialize the value of media.audio_input.user_preference_ranking because media.default_audio_capture_device isn't registered or is empty
01-07 08:47:20.592 W/chromium(20647): [WARNING:chrome/browser/media/prefs/capture_device_ranking.h:255] Can't initialize the value of media.video_input.user_preference_ranking because media.default_video_capture_Device isn't registered or is empty
01-07 08:47:20.618 E/libc    ( 8687): Access denied finding property "ro.vendor.api_level"
01-07 08:47:20.613 W/CrRendererMain( 8687): type=1400 audit(0.0:205740): avc: denied { read } for name="u:object_r:vendor_default_prop:s0" dev="tmpfs" ino=393 scontext=u:r:isolated_app:s0:c512,c768 tcontext=u:object_r:vendor_default_prop:s0 tclass=file permissive=0
01-07 08:47:20.655 D/AAL     (  658): 01-07 08:47:20.588 BL= 876,ESS= 256, 01-07 08:47:20.605 BL= 875,ESS= 256, 01-07 08:47:20.621 BL= 874,ESS= 256, 01-07 08:47:20.638 BL= 873,ESS= 256, 01-07 08:47:20.655 BL= 872,ESS= 256, 
01-07 08:47:20.705 E/libc    (20647): Access denied finding property "ro.vendor.transsion.xml.support"
01-07 08:47:20.701 W/ThreadPoolForeg(20647): type=1400 audit(0.0:205741): avc: denied { read } for name="u:object_r:vendor_default_prop:s0" dev="tmpfs" ino=393 scontext=u:r:untrusted_app:s0:c168,c256,c512,c768 tcontext=u:object_r:vendor_default_prop:s0 tclass=file permissive=0
01-07 08:47:20.714 I/SpeechToTextAccessibili( 2999): accessibilityEvent: EventType: TYPE_WINDOW_CONTENT_CHANGED; EventTime: 502698593; PackageName: com.android.chrome; MovementGranularity: 0; Action: 0; ContentChangeTypes: [CONTENT_CHANGE_TYPE_SUBTREE]; WindowChangeTypes: [] [ ClassName: android.webkit.WebView; Text: []; ContentDescription: null; ItemCount: 0; CurrentItemIndex: 0; Enabled: true; Password: false; Checked: false; FullScreen: false; Scrollable: true; BeforeText: null; FromIndex: -1; ToIndex: -1; ScrollX: 0; ScrollY: 0; MaxScrollX: 0; MaxScrollY: 112; AddedCount: -1; RemovedCount: -1; ParcelableData: null ]; recordCount: 0
01-07 08:47:20.740 D/AAL     (  658): 01-07 08:47:20.672 BL= 871,ESS= 256, 01-07 08:47:20.689 BL= 870,ESS= 256, 01-07 08:47:20.723 BL= 869,ESS= 256, 01-07 08:47:20.724 BL= 868,ESS= 256, 01-07 08:47:20.740 BL= 867,ESS= 256, 
01-07 08:47:20.751 I/hwcomposer(  506): [HWCDisplay] [Display_0 (type:1)] fps:15.469522,dur:1098.94,max:728.28,min:16.26  
01-07 08:47:20.804 I/cr_CustomTab(20647): To create AuxiliarySearchController on deferred startup.
01-07 08:47:20.814 I/SpeechToTextAccessibili( 2999): accessibilityEvent: EventType: TYPE_WINDOW_CONTENT_CHANGED; EventTime: 502698694; PackageName: com.android.chrome; MovementGranularity: 0; Action: 0; ContentChangeTypes: [CONTENT_CHANGE_TYPE_SUBTREE]; WindowChangeTypes: [] [ ClassName: android.webkit.WebView; Text: []; ContentDescription: null; ItemCount: 0; CurrentItemIndex: 0; Enabled: true; Password: false; Checked: false; FullScreen: false; Scrollable: true; BeforeText: null; FromIndex: -1; ToIndex: -1; ScrollX: 0; ScrollY: 0; MaxScrollX: 0; MaxScrollY: 112; AddedCount: -1; RemovedCount: -1; ParcelableData: null ]; recordCount: 0
01-07 08:47:20.842 D/AAL     (  658): 01-07 08:47:20.774 BL= 866,ESS= 256, 01-07 08:47:20.791 BL= 865,ESS= 256, 01-07 08:47:20.807 BL= 864,ESS= 256, 01-07 08:47:20.842 BL= 863,ESS= 256, 01-07 08:47:20.842 BL= 862,ESS= 256, 
01-07 08:47:20.926 D/AAL     (  658): 01-07 08:47:20.858 BL= 861,ESS= 256, 01-07 08:47:20.875 BL= 860,ESS= 256, 01-07 08:47:20.892 BL= 859,ESS= 256, 01-07 08:47:20.909 BL= 858,ESS= 256, 01-07 08:47:20.926 BL= 857,ESS= 256, 
01-07 08:47:21.027 D/AAL     (  658): 01-07 08:47:20.943 BL= 856,ESS= 256, 01-07 08:47:20.960 BL= 855,ESS= 256, 01-07 08:47:20.977 BL= 854,ESS= 256, 01-07 08:47:21.010 BL= 853,ESS= 256, 01-07 08:47:21.027 BL= 852,ESS= 256, 
01-07 08:47:21.094 I/BufferQueueProducer(  537): [StatusBar#0](this:0x72b7896800,id:6,api:1,p:1430,c:537) queueBuffer: fps=0.20 dur=4999.77 max=4999.77 min=4999.77
01-07 08:47:21.112 D/AAL     (  658): 01-07 08:47:21.044 BL= 851,ESS= 256, 01-07 08:47:21.061 BL= 850,ESS= 256, 01-07 08:47:21.078 BL= 849,ESS= 256, 01-07 08:47:21.096 BL= 848,ESS= 256, 01-07 08:47:21.112 BL= 847,ESS= 256, 
01-07 08:47:21.196 D/AAL     (  658): 01-07 08:47:21.129 BL= 846,ESS= 256, 01-07 08:47:21.146 BL= 845,ESS= 256, 01-07 08:47:21.180 BL= 844,ESS= 256, 01-07 08:47:21.180 BL= 843,ESS= 256, 01-07 08:47:21.196 BL= 842,ESS= 256, 
01-07 08:47:21.298 D/AAL     (  658): 01-07 08:47:21.230 BL= 841,ESS= 256, 01-07 08:47:21.247 BL= 840,ESS= 256, 01-07 08:47:21.264 BL= 839,ESS= 256, 01-07 08:47:21.281 BL= 838,ESS= 256, 01-07 08:47:21.297 BL= 837,ESS= 256, 
01-07 08:47:21.382 D/AAL     (  658): 01-07 08:47:21.314 BL= 836,ESS= 256, 01-07 08:47:21.331 BL= 835,ESS= 256, 01-07 08:47:21.348 BL= 834,ESS= 256, 01-07 08:47:21.365 BL= 833,ESS= 256, 01-07 08:47:21.382 BL= 832,ESS= 256, 
01-07 08:47:21.484 D/AAL     (  658): 01-07 08:47:21.399 BL= 831,ESS= 256, 01-07 08:47:21.416 BL= 830,ESS= 256, 01-07 08:47:21.450 BL= 829,ESS= 256, 01-07 08:47:21.467 BL= 828,ESS= 256, 01-07 08:47:21.484 BL= 827,ESS= 256, 
01-07 08:47:21.568 D/AAL     (  658): 01-07 08:47:21.500 BL= 826,ESS= 256, 01-07 08:47:21.517 BL= 825,ESS= 256, 01-07 08:47:21.534 BL= 824,ESS= 256, 01-07 08:47:21.551 BL= 823,ESS= 256, 01-07 08:47:21.568 BL= 822,ESS= 256, 
01-07 08:47:21.594 W/cr_BotControlsStacker(20647): Using mTotalHeight before initialization
01-07 08:47:21.635 D/BoundBrokerSvc( 4285): onUnbind: Intent { act=com.google.android.gms.measurement.START pkg=com.google.android.gms }
01-07 08:47:21.652 D/AAL     (  658): 01-07 08:47:21.585 BL= 821,ESS= 256, 01-07 08:47:21.602 BL= 820,ESS= 256, 01-07 08:47:21.618 BL= 819,ESS= 256, 01-07 08:47:21.636 BL= 818,ESS= 256, 01-07 08:47:21.652 BL= 817,ESS= 256, 
01-07 08:47:21.754 D/AAL     (  658): 01-07 08:47:21.704 BL= 816,ESS= 256, 01-07 08:47:21.704 BL= 815,ESS= 256, 01-07 08:47:21.720 BL= 814,ESS= 256, 01-07 08:47:21.737 BL= 813,ESS= 256, 01-07 08:47:21.754 BL= 812,ESS= 256, 
01-07 08:47:21.767 I/dnsmasq (31104): writepipe 9, pipepath pipe:[40627246]
01-07 08:47:21.767 I/dnsmasq (31104): writepipe 9, pipepath pipe:[40627246]
01-07 08:47:21.768 I/dnsmasq (31104): readpipe 8, pipepath pipe:[40627246]
01-07 08:47:21.768 I/dnsmasq (31104): readpipe 8, pipepath pipe:[40627246]
01-07 08:47:21.838 D/AAL     (  658): 01-07 08:47:21.771 BL= 811,ESS= 256, 01-07 08:47:21.788 BL= 810,ESS= 256, 01-07 08:47:21.805 BL= 809,ESS= 256, 01-07 08:47:21.821 BL= 808,ESS= 256, 01-07 08:47:21.838 BL= 807,ESS= 256, 
01-07 08:47:21.940 D/AAL     (  658): 01-07 08:47:21.855 BL= 806,ESS= 256, 01-07 08:47:21.872 BL= 805,ESS= 256, 01-07 08:47:21.906 BL= 804,ESS= 256, 01-07 08:47:21.923 BL= 803,ESS= 256, 01-07 08:47:21.940 BL= 802,ESS= 256, 
01-07 08:47:22.024 D/AAL     (  658): 01-07 08:47:21.957 BL= 801,ESS= 256, 01-07 08:47:21.974 BL= 800,ESS= 256, 01-07 08:47:21.990 BL= 799,ESS= 256, 01-07 08:47:22.007 BL= 798,ESS= 256, 01-07 08:47:22.024 BL= 797,ESS= 256, 
01-07 08:47:22.126 D/AAL     (  658): 01-07 08:47:22.041 BL= 796,ESS= 256, 01-07 08:47:22.058 BL= 795,ESS= 256, 01-07 08:47:22.075 BL= 794,ESS= 256, 01-07 08:47:22.092 BL= 793,ESS= 256, 01-07 08:47:22.126 BL= 792,ESS= 256, 
01-07 08:47:22.210 D/AAL     (  658): 01-07 08:47:22.143 BL= 791,ESS= 256, 01-07 08:47:22.159 BL= 790,ESS= 256, 01-07 08:47:22.176 BL= 789,ESS= 256, 01-07 08:47:22.193 BL= 788,ESS= 256, 01-07 08:47:22.210 BL= 787,ESS= 256, 
01-07 08:47:22.295 D/AAL     (  658): 01-07 08:47:22.227 BL= 786,ESS= 256, 01-07 08:47:22.244 BL= 785,ESS= 256, 01-07 08:47:22.261 BL= 784,ESS= 256, 01-07 08:47:22.278 BL= 783,ESS= 256, 01-07 08:47:22.295 BL= 782,ESS= 256, 
01-07 08:47:22.396 D/AAL     (  658): 01-07 08:47:22.311 BL= 781,ESS= 256, 01-07 08:47:22.328 BL= 780,ESS= 256, 01-07 08:47:22.362 BL= 779,ESS= 256, 01-07 08:47:22.379 BL= 778,ESS= 256, 01-07 08:47:22.396 BL= 777,ESS= 256, 
01-07 08:47:22.447 I/TranPhoneSwitcher( 1607): mDefaultsign:4subid :1
01-07 08:47:22.451 I/MWN     ( 1223): Write 0 to node. type=4G mSimExist=true mFlightMode=false
01-07 08:47:22.481 D/AAL     (  658): 01-07 08:47:22.413 BL= 776,ESS= 256, 01-07 08:47:22.430 BL= 775,ESS= 256, 01-07 08:47:22.447 BL= 774,ESS= 256, 01-07 08:47:22.464 BL= 773,ESS= 256, 01-07 08:47:22.480 BL= 772,ESS= 256, 
01-07 08:47:22.516 D/NetworkMonitor(14200): isNetworkConnected : true,  isFakeNetwork : false
01-07 08:47:22.523 I/CarrierServices( 2192): [100] csk.onConnectivityChange: FiST: Wifi connectivity status false
01-07 08:47:22.523 D/WM-NetworkStateTracker(10285): Network capabilities changed: [ Transports: CELLULAR Capabilities: SUPL&INTERNET&NOT_RESTRICTED&TRUSTED&NOT_VPN&VALIDATED&NOT_ROAMING&FOREGROUND&NOT_CONGESTED&NOT_SUSPENDED&VSIM LinkDnBandwidth>=7150Kbps Specifier: <1>]
01-07 08:47:22.525 I/CarrierServices( 2192): [177] dag.c: (PEv2-SM): DisabledState: event Connectivity event [null]
01-07 08:47:22.525 I/CarrierServices( 2192): [100] ctc.d: Connected state: [1], networkType: [MOBILE]
01-07 08:47:22.533 I/CarrierServices( 2192): [128] dfx.d: RCS Configuration storage in Bugle is disabled by p/h flag, using ProvisioningEngineStateCacheUtil.getProvisioningConfigurationForGivenSim()
01-07 08:47:22.582 D/AAL     (  658): 01-07 08:47:22.497 BL= 771,ESS= 256, 01-07 08:47:22.514 BL= 770,ESS= 256, 01-07 08:47:22.531 BL= 769,ESS= 256, 01-07 08:47:22.548 BL= 768,ESS= 256, 01-07 08:47:22.582 BL= 767,ESS= 256, 
01-07 08:47:22.626 I/hwcomposer(  506): [HWCDisplay] [Display_0 (type:1)] fps:1.599914,dur:1875.10,max:996.35,min:354.28  
01-07 08:47:22.666 D/AAL     (  658): 01-07 08:47:22.599 BL= 766,ESS= 256, 01-07 08:47:22.615 BL= 765,ESS= 256, 01-07 08:47:22.633 BL= 764,ESS= 256, 01-07 08:47:22.649 BL= 763,ESS= 256, 01-07 08:47:22.666 BL= 762,ESS= 256, 
01-07 08:47:22.751 D/AAL     (  658): 01-07 08:47:22.701 BL= 761,ESS= 256, 01-07 08:47:22.701 BL= 760,ESS= 256, 01-07 08:47:22.717 BL= 759,ESS= 256, 01-07 08:47:22.734 BL= 758,ESS= 256, 01-07 08:47:22.751 BL= 757,ESS= 256, 
01-07 08:47:22.852 D/AAL     (  658): 01-07 08:47:22.768 BL= 756,ESS= 256, 01-07 08:47:22.802 BL= 755,ESS= 256, 01-07 08:47:22.818 BL= 754,ESS= 256, 01-07 08:47:22.835 BL= 753,ESS= 256, 01-07 08:47:22.852 BL= 752,ESS= 256, 
01-07 08:47:22.937 D/AAL     (  658): 01-07 08:47:22.869 BL= 751,ESS= 256, 01-07 08:47:22.886 BL= 750,ESS= 256, 01-07 08:47:22.903 BL= 749,ESS= 256, 01-07 08:47:22.920 BL= 748,ESS= 256, 01-07 08:47:22.937 BL= 747,ESS= 256, 
01-07 08:47:22.943 I/libPowerHal(  523): 36: cpu_ctrl set freq: 1800000 -1 2000000 -1
01-07 08:47:23.038 D/AAL     (  658): 01-07 08:47:22.953 BL= 746,ESS= 256, 01-07 08:47:22.970 BL= 745,ESS= 256, 01-07 08:47:22.987 BL= 744,ESS= 256, 01-07 08:47:23.004 BL= 743,ESS= 256, 01-07 08:47:23.038 BL= 742,ESS= 256, 
01-07 08:47:23.039 W/DevicePolicyManager( 1223): Package com.transsion.phonemaster (uid=10080, pid=5472) cannot access Device IDs
01-07 08:47:23.039 W/TelephonyPermissions( 1607): reportAccessDeniedToReadIdentifiers:com.transsion.phonemaster:getSubscriptionInfoList:isPreinstalled=true:isPrivApp=false
01-07 08:47:23.045 W/DevicePolicyManager( 1223): Package com.transsion.phonemaster (uid=10080, pid=5472) cannot access Device IDs
01-07 08:47:23.045 W/TelephonyPermissions( 1607): reportAccessDeniedToReadIdentifiers:com.transsion.phonemaster:getSubscriptionInfoList:isPreinstalled=true:isPrivApp=false
01-07 08:47:23.050 W/DevicePolicyManager( 1223): Package com.transsion.phonemaster (uid=10080, pid=5472) cannot access Device IDs
01-07 08:47:23.050 W/TelephonyPermissions( 1607): reportAccessDeniedToReadIdentifiers:com.transsion.phonemaster:getSubscriptionInfoList:isPreinstalled=true:isPrivApp=false
01-07 08:47:23.053 D/AppOps  ( 1223): checkOperation: reject #3 for code 24 uid 10080 package com.transsion.phonemaster
01-07 08:47:23.055 W/DevicePolicyManager( 1223): Package com.transsion.phonemaster (uid=10080, pid=5472) cannot access Device IDs
01-07 08:47:23.056 W/TelephonyPermissions( 1607): reportAccessDeniedToReadIdentifiers:com.transsion.phonemaster:getSubscriptionInfoList:isPreinstalled=true:isPrivApp=false
01-07 08:47:23.062 W/DevicePolicyManager( 1223): Package com.transsion.phonemaster (uid=10080, pid=5472) cannot access Device IDs
01-07 08:47:23.063 W/TelephonyPermissions( 1607): reportAccessDeniedToReadIdentifiers:com.transsion.phonemaster:getSubscriptionInfoList:isPreinstalled=true:isPrivApp=false
01-07 08:47:23.068 W/DevicePolicyManager( 1223): Package com.transsion.phonemaster (uid=10080, pid=5472) cannot access Device IDs
01-07 08:47:23.068 W/TelephonyPermissions( 1607): reportAccessDeniedToReadIdentifiers:com.transsion.phonemaster:getSubscriptionInfoList:isPreinstalled=true:isPrivApp=false
01-07 08:47:23.074 W/DevicePolicyManager( 1223): Package com.transsion.phonemaster (uid=10080, pid=5472) cannot access Device IDs
01-07 08:47:23.074 W/TelephonyPermissions( 1607): reportAccessDeniedToReadIdentifiers:com.transsion.phonemaster:getSubscriptionInfoList:isPreinstalled=true:isPrivApp=false
01-07 08:47:23.079 W/DevicePolicyManager( 1223): Package com.transsion.phonemaster (uid=10080, pid=5472) cannot access Device IDs
01-07 08:47:23.080 W/TelephonyPermissions( 1607): reportAccessDeniedToReadIdentifiers:com.transsion.phonemaster:getSubscriptionInfoList:isPreinstalled=true:isPrivApp=false
01-07 08:47:23.084 I/netd    (  491): trafficSwapActiveStatsMap() <0.26ms>
01-07 08:47:23.089 I/netd    (  491): tetherGetStats() <2.76ms>
01-07 08:47:23.102 W/DevicePolicyManager( 1223): Package com.transsion.phonemaster (uid=10080, pid=5472) cannot access Device IDs
01-07 08:47:23.102 W/TelephonyPermissions( 1607): reportAccessDeniedToReadIdentifiers:com.transsion.phonemaster:getSubscriptionInfoList:isPreinstalled=true:isPrivApp=false
